Archive member included to satisfy reference by file (symbol)

.\CortexM3\ARM_GCC_541\Debug\7Seg_Display.a(Dis_A.o)
                              .\CortexM3\ARM_GCC_541\Debug\main.o (Dis_A_Write)
.\CortexM3\ARM_GCC_541\Debug\7Seg_Display.a(Dis_B.o)
                              .\CortexM3\ARM_GCC_541\Debug\main.o (Dis_B_Write)
.\CortexM3\ARM_GCC_541\Debug\7Seg_Display.a(Dis_C.o)
                              .\CortexM3\ARM_GCC_541\Debug\main.o (Dis_C_Write)
.\CortexM3\ARM_GCC_541\Debug\7Seg_Display.a(Dis_D.o)
                              .\CortexM3\ARM_GCC_541\Debug\main.o (Dis_D_Write)
.\CortexM3\ARM_GCC_541\Debug\7Seg_Display.a(Dis_E.o)
                              .\CortexM3\ARM_GCC_541\Debug\main.o (Dis_E_Write)
.\CortexM3\ARM_GCC_541\Debug\7Seg_Display.a(Dis_F.o)
                              .\CortexM3\ARM_GCC_541\Debug\main.o (Dis_F_Write)
.\CortexM3\ARM_GCC_541\Debug\7Seg_Display.a(Dis_G.o)
                              .\CortexM3\ARM_GCC_541\Debug\main.o (Dis_G_Write)
.\CortexM3\ARM_GCC_541\Debug\7Seg_Display.a(Dis_DP.o)
                              .\CortexM3\ARM_GCC_541\Debug\main.o (Dis_DP_Write)
.\CortexM3\ARM_GCC_541\Debug\7Seg_Display.a(Dis_D1.o)
                              .\CortexM3\ARM_GCC_541\Debug\main.o (Dis_D1_Write)
.\CortexM3\ARM_GCC_541\Debug\7Seg_Display.a(Dis_D2.o)
                              .\CortexM3\ARM_GCC_541\Debug\main.o (Dis_D2_Write)
.\CortexM3\ARM_GCC_541\Debug\7Seg_Display.a(Dis_D3.o)
                              .\CortexM3\ARM_GCC_541\Debug\main.o (Dis_D3_Write)
.\CortexM3\ARM_GCC_541\Debug\7Seg_Display.a(Dis_D4.o)
                              .\CortexM3\ARM_GCC_541\Debug\main.o (Dis_D4_Write)
.\CortexM3\ARM_GCC_541\Debug\7Seg_Display.a(CyLib.o)
                              .\CortexM3\ARM_GCC_541\Debug\Cm3Start.o (CyHalt)
.\CortexM3\ARM_GCC_541\Debug\7Seg_Display.a(cyPm.o)
                              .\CortexM3\ARM_GCC_541\Debug\7Seg_Display.a(CyLib.o) (CyPmReadStatus)
.\CortexM3\ARM_GCC_541\Debug\7Seg_Display.a(isr_1.o)
                              .\CortexM3\ARM_GCC_541\Debug\main.o (isr_1_StartEx)
.\CortexM3\ARM_GCC_541\Debug\7Seg_Display.a(isr_2.o)
                              .\CortexM3\ARM_GCC_541\Debug\main.o (isr_2_StartEx)
.\CortexM3\ARM_GCC_541\Debug\7Seg_Display.a(isr_7Seg.o)
                              .\CortexM3\ARM_GCC_541\Debug\main.o (isr_7Seg_StartEx)
.\CortexM3\ARM_GCC_541\Debug\7Seg_Display.a(PGA_1.o)
                              .\CortexM3\ARM_GCC_541\Debug\main.o (PGA_1_Start)
.\CortexM3\ARM_GCC_541\Debug\7Seg_Display.a(Opamp_1.o)
                              .\CortexM3\ARM_GCC_541\Debug\main.o (Opamp_1_Start)
.\CortexM3\ARM_GCC_541\Debug\7Seg_Display.a(Comp_1.o)
                              .\CortexM3\ARM_GCC_541\Debug\main.o (Comp_1_Start)
.\CortexM3\ARM_GCC_541\Debug\7Seg_Display.a(VDAC8_1.o)
                              .\CortexM3\ARM_GCC_541\Debug\main.o (VDAC8_1_Start)
.\CortexM3\ARM_GCC_541\Debug\7Seg_Display.a(Timer_1.o)
                              .\CortexM3\ARM_GCC_541\Debug\main.o (Timer_1_Stop)
.\CortexM3\ARM_GCC_541\Debug\7Seg_Display.a(Count7_1.o)
                              .\CortexM3\ARM_GCC_541\Debug\main.o (Count7_1_Start)
.\CortexM3\ARM_GCC_541\Debug\7Seg_Display.a(Control_Reg_1.o)
                              .\CortexM3\ARM_GCC_541\Debug\main.o (Control_Reg_1_Write)
.\CortexM3\ARM_GCC_541\Debug\7Seg_Display.a(isr_3.o)
                              .\CortexM3\ARM_GCC_541\Debug\main.o (isr_3_StartEx)
.\CortexM3\ARM_GCC_541\Debug\7Seg_Display.a(UART_1.o)
                              .\CortexM3\ARM_GCC_541\Debug\main.o (UART_1_Start)
.\CortexM3\ARM_GCC_541\Debug\7Seg_Display.a(UART_1_IntClock.o)
                              .\CortexM3\ARM_GCC_541\Debug\7Seg_Display.a(UART_1.o) (UART_1_IntClock_Start)
.\CortexM3\ARM_GCC_541\Debug\7Seg_Display.a(Timer_2.o)
                              .\CortexM3\ARM_GCC_541\Debug\main.o (Timer_2_SetInterruptMode)
.\CortexM3\ARM_GCC_541\Debug\7Seg_Display.a(Buzzer.o)
                              .\CortexM3\ARM_GCC_541\Debug\main.o (Buzzer_Write)
.\CortexM3\ARM_GCC_541\Debug\7Seg_Display.a(EEPROM.o)
                              .\CortexM3\ARM_GCC_541\Debug\main.o (EEPROM_Start)
.\CortexM3\ARM_GCC_541\Debug\7Seg_Display.a(CyBootAsmGnu.o)
                              .\CortexM3\ARM_GCC_541\Debug\cyfitter_cfg.o (CyDelayCycles)
.\CortexM3\ARM_GCC_541\Debug\7Seg_Display.a(CyFlash.o)
                              .\CortexM3\ARM_GCC_541\Debug\7Seg_Display.a(EEPROM.o) (dieTemperature)
.\CortexM3\ARM_GCC_541\Debug\7Seg_Display.a(CySpc.o)
                              .\CortexM3\ARM_GCC_541\Debug\7Seg_Display.a(EEPROM.o) (CySpcStart)
d:/monash_apps/psoc creator/4.4/psoc creator/import/gnu/arm/5.4.1/bin/../lib/gcc/arm-none-eabi/5.4.1/armv7-m\libgcc.a(_arm_addsubdf3.o)
                              .\CortexM3\ARM_GCC_541\Debug\main.o (__aeabi_dsub)
d:/monash_apps/psoc creator/4.4/psoc creator/import/gnu/arm/5.4.1/bin/../lib/gcc/arm-none-eabi/5.4.1/armv7-m\libgcc.a(_arm_muldivdf3.o)
[...]
Memory Configuration

Name             Origin             Length             Attributes
rom              0x00000000         0x00040000         xr
ram              0x1fff8000         0x00010000         xrw
*default*        0x00000000         0xffffffff

Linker script and memory map

LOAD d:/monash_apps/psoc creator/4.4/psoc creator/import/gnu/arm/5.4.1/bin/../lib/gcc/arm-none-eabi/5.4.1/armv7-m/crti.o
LOAD d:/monash_apps/psoc creator/4.4/psoc creator/import/gnu/arm/5.4.1/bin/../lib/gcc/arm-none-eabi/5.4.1/armv7-m/crtbegin.o
LOAD d:/monash_apps/psoc creator/4.4/psoc creator/import/gnu/arm/5.4.1/bin/../lib/gcc/arm-none-eabi/5.4.1/../../../../arm-none-eabi/lib/armv7-m/crt0.o
START GROUP
LOAD .\CortexM3\ARM_GCC_541\Debug\main.o
LOAD .\CortexM3\ARM_GCC_541\Debug\cyfitter_cfg.o
LOAD .\CortexM3\ARM_GCC_541\Debug\cymetadata.o
LOAD .\CortexM3\ARM_GCC_541\Debug\Cm3Start.o
LOAD .\CortexM3\ARM_GCC_541\Debug\7Seg_Display.a
LOAD D:\Monash_Apps\PSoC Creator\4.4\PSoC Creator\psoc\content\cycomponentlibrary\CyComponentLibrary.cylib\CortexM3\ARM_GCC_541\Debug\CyComponentLibrary.a
END GROUP
START GROUP
LOAD d:/monash_apps/psoc creator/4.4/psoc creator/import/gnu/arm/5.4.1/bin/../lib/gcc/arm-none-eabi/5.4.1/armv7-m\libgcc.a
LOAD d:/monash_apps/psoc creator/4.4/psoc creator/import/gnu/arm/5.4.1/bin/../lib/gcc/arm-none-eabi/5.4.1/../../../../arm-none-eabi/lib/armv7-m\libg_nano.a
LOAD d:/monash_apps/psoc creator/4.4/psoc creator/import/gnu/arm/5.4.1/bin/../lib/gcc/arm-none-eabi/5.4.1/../../../../arm-none-eabi/lib/armv7-m\libc_nano.a
END GROUP
START GROUP
LOAD d:/monash_apps/psoc creator/4.4/psoc creator/import/gnu/arm/5.4.1/bin/../lib/gcc/arm-none-eabi/5.4.1/armv7-m\libgcc.a
LOAD d:/monash_apps/psoc creator/4.4/psoc creator/import/gnu/arm/5.4.1/bin/../lib/gcc/arm-none-eabi/5.4.1/../../../../arm-none-eabi/lib/armv7-m\libc_nano.a
END GROUP
LOAD d:/monash_apps/psoc creator/4.4/psoc creator/import/gnu/arm/5.4.1/bin/../lib/gcc/arm-none-eabi/5.4.1/armv7-m/crtend.o
LOAD d:/monash_apps/psoc creator/4.4/psoc creator/import/gnu/arm/5.4.1/bin/../lib/gcc/arm-none-eabi/5.4.1/armv7-m/crtn.o
START GROUP
LOAD d:/monash_apps/psoc creator/4.4/psoc creator/import/gnu/arm/5.4.1/bin/../lib/gcc/arm-none-eabi/5.4.1/armv7-m\libgcc.a
LOAD d:/monash_apps/psoc creator/4.4/psoc creator/import/gnu/arm/5.4.1/bin/../lib/gcc/arm-none-eabi/5.4.1/../../../../arm-none-eabi/lib/armv7-m\libc.a
LOAD d:/monash_apps/psoc creator/4.4/psoc creator/import/gnu/arm/5.4.1/bin/../lib/gcc/arm-none-eabi/5.4.1/../../../../arm-none-eabi/lib/armv7-m\libnosys.a
END GROUP
                0x00000000                CY_APPL_ORIGIN = 0x0
                0x00000100                CY_FLASH_ROW_SIZE = 0x100
                0x00000020                CY_ECC_ROW_SIZE = 0x20
                0x00000000                CY_EE_IN_BTLDR = 0x0
                0x00000000                CY_APPL_LOADABLE = 0x0
                0x00000800                CY_EE_SIZE = 0x800
                0x00000001                CY_APPL_NUM = 0x1
                0x00000001                CY_APPL_MAX = 0x1
                0x00000040                CY_METADATA_SIZE = 0x40
                0x00000000                CY_APPL_LOADABLE = 0x0
                0x00000000                CY_CHECKSUM_EXCLUDE_SIZE = ALIGN (0x0, CY_FLASH_ROW_SIZE)
                [!provide]                PROVIDE (__cy_heap_start, _end)
                0x00000001                PROVIDE (__cy_region_num, ((__cy_regions_end - __cy_regions) / 0x10))
                0x20008000                PROVIDE (__cy_stack, (ORIGIN (ram) + LENGTH (ram)))
                [!provide]                PROVIDE (__cy_heap_end, (__cy_stack - 0x800))

.cybootloader   0x00000000        0x0
 *(.cybootloader)
                0x00000000                appl1_start = CY_APPL_ORIGIN?CY_APPL_ORIGIN:ALIGN (CY_FLASH_ROW_SIZE)
                0x0001ff00                appl2_start = (appl1_start + ALIGN ((((LENGTH (rom) - appl1_start) - (0x2 * CY_FLASH_ROW_SIZE)) / 0x2), CY_FLASH_ROW_SIZE))
                0x00000000                appl_start = (CY_APPL_NUM == 0x1)?appl1_start:appl2_start
                0x00000000                ecc_offset = ((appl_start / CY_FLASH_ROW_SIZE) * CY_ECC_ROW_SIZE)
                0x00000000                ee_offset = (CY_APPL_LOADABLE && ! (CY_EE_IN_BTLDR))?((CY_EE_SIZE / CY_APPL_MAX) * (CY_APPL_NUM - 0x1)):0x0
                0x00000800                ee_size = (CY_APPL_LOADABLE && ! (CY_EE_IN_BTLDR))?(CY_EE_SIZE / CY_APPL_MAX):CY_EE_SIZE
                [!provide]                PROVIDE (CY_ECC_OFFSET, ecc_offset)

.text           0x00000000     0x1efa
 CREATE_OBJECT_SYMBOLS
                0x00000000                PROVIDE (__cy_interrupt_vector, RomVectors)
 *(.romvectors)
 .romvectors    0x00000000       0x10 .\CortexM3\ARM_GCC_541\Debug\Cm3Start.o
                0x00000000                RomVectors
                0x00000001                ASSERT ((. != __cy_interrupt_vector), No interrupt vector)
                0x00000001                ASSERT (CY_APPL_ORIGIN?(SIZEOF (.cybootloader) <= CY_APPL_ORIGIN):0x1, Wrong image location)
                0x00000010                PROVIDE (__cy_reset, Reset)
 *(.text.Reset)
 .text.Reset    0x00000010       0x18 .\CortexM3\ARM_GCC_541\Debug\Cm3Start.o
                0x00000010                Reset
                0x00000001                ASSERT ((. != __cy_reset), No reset code)
 *(.dma_init)
                0x00000001                ASSERT ((((appl_start + .) <= 0x10000) || 0x1), DMA Init must be within the first 64k of flash)
 *(.text .text.* .gnu.linkonce.t.*)
 .text          0x00000028       0x5c d:/monash_apps/psoc creator/4.4/psoc creator/import/gnu/arm/5.4.1/bin/../lib/gcc/arm-none-eabi/5.4.1/armv7-m/crtbegin.o
 .text.seg7_ISR
                0x00000084        0xc .\CortexM3\ARM_GCC_541\Debug\main.o
                0x00000084                seg7_ISR
 .text.Receive_Ultra
                0x00000090       0x1c .\CortexM3\ARM_GCC_541\Debug\main.o
                0x00000090                Receive_Ultra
 .text.current_second
                0x000000ac       0x20 .\CortexM3\ARM_GCC_541\Debug\main.o
                0x000000ac                current_second
 .text.BuzzerSound
                0x000000cc       0x1c .\CortexM3\ARM_GCC_541\Debug\main.o
                0x000000cc                BuzzerSound
 .text.MyCustomISR2
                0x000000e8       0x34 .\CortexM3\ARM_GCC_541\Debug\main.o
                0x000000e8                MyCustomISR2
 .text.BuzzerRuntime
                0x0000011c       0x34 .\CortexM3\ARM_GCC_541\Debug\main.o
                0x0000011c                BuzzerRuntime
 .text.send_ultra_pulse
                0x00000150       0x14 .\CortexM3\ARM_GCC_541\Debug\main.o
                0x00000150                send_ultra_pulse
 .text.MyCustomISR1
                0x00000164        0x8 .\CortexM3\ARM_GCC_541\Debug\main.o
                0x00000164                MyCustomISR1
 .text.display_num
                0x0000016c        0xc .\CortexM3\ARM_GCC_541\Debug\main.o
                0x0000016c                display_num
 .text.draw_7Seg
                0x00000178       0x88 .\CortexM3\ARM_GCC_541\Debug\main.o
                0x00000178                draw_7Seg
 .text.seg_runtime
                0x00000200      0x300 .\CortexM3\ARM_GCC_541\Debug\main.o
                0x00000200                seg_runtime
 .text.runtime  0x00000500       0x1c .\CortexM3\ARM_GCC_541\Debug\main.o
                0x00000500                runtime
 .text.main     0x0000051c      0x12c .\CortexM3\ARM_GCC_541\Debug\main.o
                0x0000051c                main
 .text.CyClockStartupError
                0x00000648        0x4 .\CortexM3\ARM_GCC_541\Debug\cyfitter_cfg.o
 .text.cfg_write_bytes32
                0x0000064c       0x34 .\CortexM3\ARM_GCC_541\Debug\cyfitter_cfg.o
 .text.AnalogSetDefault
                0x00000680       0x94 .\CortexM3\ARM_GCC_541\Debug\cyfitter_cfg.o
 .text.CYMEMZERO
                0x00000714        0xc .\CortexM3\ARM_GCC_541\Debug\cyfitter_cfg.o
 .text.ClockSetup
                0x00000720       0xf0 .\CortexM3\ARM_GCC_541\Debug\cyfitter_cfg.o
 .text.CYCONFIGCPY
                0x00000810        0x8 .\CortexM3\ARM_GCC_541\Debug\cyfitter_cfg.o
 .text.cyfitter_cfg
                0x00000818      0x14c .\CortexM3\ARM_GCC_541\Debug\cyfitter_cfg.o
                0x00000818                cyfitter_cfg
 .text.IntDefaultHandler
                0x00000964       0x10 .\CortexM3\ARM_GCC_541\Debug\Cm3Start.o
                0x00000964                IntDefaultHandler
 .text.Start_c  0x00000974       0x4c .\CortexM3\ARM_GCC_541\Debug\Cm3Start.o
                0x00000974                Start_c
 .text.initialize_psoc
                0x000009c0       0x68 .\CortexM3\ARM_GCC_541\Debug\Cm3Start.o
                0x000009c0                initialize_psoc
 .text.Dis_A_Write
                0x00000a28       0x18 .\CortexM3\ARM_GCC_541\Debug\7Seg_Display.a(Dis_A.o)
                0x00000a28                Dis_A_Write
 .text.Dis_B_Write
                0x00000a40       0x18 .\CortexM3\ARM_GCC_541\Debug\7Seg_Display.a(Dis_B.o)
                0x00000a40                Dis_B_Write
 .text.Dis_C_Write
                0x00000a58       0x18 .\CortexM3\ARM_GCC_541\Debug\7Seg_Display.a(Dis_C.o)
                0x00000a58                Dis_C_Write
 .text.Dis_D_Write
                0x00000a70       0x18 .\CortexM3\ARM_GCC_541\Debug\7Seg_Display.a(Dis_D.o)
                0x00000a70                Dis_D_Write
 .text.Dis_E_Write
                0x00000a88       0x18 .\CortexM3\ARM_GCC_541\Debug\7Seg_Display.a(Dis_E.o)
                0x00000a88                Dis_E_Write
 .text.Dis_F_Write
                0x00000aa0       0x18 .\CortexM3\ARM_GCC_541\Debug\7Seg_Display.a(Dis_F.o)
                0x00000aa0                Dis_F_Write
 .text.Dis_G_Write
                0x00000ab8       0x18 .\CortexM3\ARM_GCC_541\Debug\7Seg_Display.a(Dis_G.o)
                0x00000ab8                Dis_G_Write
 .text.Dis_DP_Write
                0x00000ad0       0x18 .\CortexM3\ARM_GCC_541\Debug\7Seg_Display.a(Dis_DP.o)
                0x00000ad0                Dis_DP_Write
 .text.Dis_D1_Write
                0x00000ae8       0x18 .\CortexM3\ARM_GCC_541\Debug\7Seg_Display.a(Dis_D1.o)
                0x00000ae8                Dis_D1_Write
 .text.Dis_D2_Write
                0x00000b00       0x18 .\CortexM3\ARM_GCC_541\Debug\7Seg_Display.a(Dis_D2.o)
                0x00000b00                Dis_D2_Write
 .text.Dis_D3_Write
                0x00000b18       0x18 .\CortexM3\ARM_GCC_541\Debug\7Seg_Display.a(Dis_D3.o)
                0x00000b18                Dis_D3_Write
 .text.Dis_D4_Write
                0x00000b30       0x18 .\CortexM3\ARM_GCC_541\Debug\7Seg_Display.a(Dis_D4.o)
                0x00000b30                Dis_D4_Write
 .text.CyDelayUs
                0x00000b48       0x14 .\CortexM3\ARM_GCC_541\Debug\7Seg_Display.a(CyLib.o)
                0x00000b48                CyDelayUs
 .text.isr_1_SetVector
                0x00000b5c        0xc .\CortexM3\ARM_GCC_541\Debug\7Seg_Display.a(isr_1.o)
                0x00000b5c                isr_1_SetVector
 .text.isr_1_SetPriority
                0x00000b68       0x10 .\CortexM3\ARM_GCC_541\Debug\7Seg_Display.a(isr_1.o)
                0x00000b68                isr_1_SetPriority
 .text.isr_1_Enable
                0x00000b78        0xc .\CortexM3\ARM_GCC_541\Debug\7Seg_Display.a(isr_1.o)
                0x00000b78                isr_1_Enable
 .text.isr_1_Disable
                0x00000b84        0xc .\CortexM3\ARM_GCC_541\Debug\7Seg_Display.a(isr_1.o)
                0x00000b84                isr_1_Disable
 .text.isr_1_StartEx
                0x00000b90       0x1c .\CortexM3\ARM_GCC_541\Debug\7Seg_Display.a(isr_1.o)
                0x00000b90                isr_1_StartEx
 .text.isr_1_ClearPending
                0x00000bac        0xc .\CortexM3\ARM_GCC_541\Debug\7Seg_Display.a(isr_1.o)
                0x00000bac                isr_1_ClearPending
 .text.isr_2_SetVector
                0x00000bb8        0xc .\CortexM3\ARM_GCC_541\Debug\7Seg_Display.a(isr_2.o)
                0x00000bb8                isr_2_SetVector
 .text.isr_2_SetPriority
                0x00000bc4       0x10 .\CortexM3\ARM_GCC_541\Debug\7Seg_Display.a(isr_2.o)
                0x00000bc4                isr_2_SetPriority
 .text.isr_2_Enable
                0x00000bd4        0xc .\CortexM3\ARM_GCC_541\Debug\7Seg_Display.a(isr_2.o)
                0x00000bd4                isr_2_Enable
 .text.isr_2_Disable
                0x00000be0        0xc .\CortexM3\ARM_GCC_541\Debug\7Seg_Display.a(isr_2.o)
                0x00000be0                isr_2_Disable
 .text.isr_2_StartEx
                0x00000bec       0x1c .\CortexM3\ARM_GCC_541\Debug\7Seg_Display.a(isr_2.o)
                0x00000bec                isr_2_StartEx
 .text.isr_2_ClearPending
                0x00000c08        0xc .\CortexM3\ARM_GCC_541\Debug\7Seg_Display.a(isr_2.o)
                0x00000c08                isr_2_ClearPending
 .text.isr_7Seg_SetVector
                0x00000c14        0xc .\CortexM3\ARM_GCC_541\Debug\7Seg_Display.a(isr_7Seg.o)
                0x00000c14                isr_7Seg_SetVector
 .text.isr_7Seg_SetPriority
                0x00000c20       0x10 .\CortexM3\ARM_GCC_541\Debug\7Seg_Display.a(isr_7Seg.o)
                0x00000c20                isr_7Seg_SetPriority
 .text.isr_7Seg_Enable
                0x00000c30        0xc .\CortexM3\ARM_GCC_541\Debug\7Seg_Display.a(isr_7Seg.o)
                0x00000c30                isr_7Seg_Enable
 .text.isr_7Seg_Disable
                0x00000c3c        0xc .\CortexM3\ARM_GCC_541\Debug\7Seg_Display.a(isr_7Seg.o)
                0x00000c3c                isr_7Seg_Disable
 .text.isr_7Seg_StartEx
                0x00000c48       0x1c .\CortexM3\ARM_GCC_541\Debug\7Seg_Display.a(isr_7Seg.o)
                0x00000c48                isr_7Seg_StartEx
 .text.isr_7Seg_ClearPending
                0x00000c64        0xc .\CortexM3\ARM_GCC_541\Debug\7Seg_Display.a(isr_7Seg.o)
                0x00000c64                isr_7Seg_ClearPending
 .text.PGA_1_Enable
                0x00000c70       0x28 .\CortexM3\ARM_GCC_541\Debug\7Seg_Display.a(PGA_1.o)
                0x00000c70                PGA_1_Enable
 .text.PGA_1_SetPower
                0x00000c98       0x18 .\CortexM3\ARM_GCC_541\Debug\7Seg_Display.a(PGA_1.o)
                0x00000c98                PGA_1_SetPower
 .text.PGA_1_SetGain
                0x00000cb0       0x78 .\CortexM3\ARM_GCC_541\Debug\7Seg_Display.a(PGA_1.o)
                0x00000cb0                PGA_1_SetGain
 .text.PGA_1_Init
                0x00000d28       0x34 .\CortexM3\ARM_GCC_541\Debug\7Seg_Display.a(PGA_1.o)
                0x00000d28                PGA_1_Init
 .text.PGA_1_Start
                0x00000d5c       0x1c .\CortexM3\ARM_GCC_541\Debug\7Seg_Display.a(PGA_1.o)
                0x00000d5c                PGA_1_Start
 .text.Opamp_1_Enable
                0x00000d78       0x28 .\CortexM3\ARM_GCC_541\Debug\7Seg_Display.a(Opamp_1.o)
                0x00000d78                Opamp_1_Enable
 .text.Opamp_1_SetPower
                0x00000da0       0x1c .\CortexM3\ARM_GCC_541\Debug\7Seg_Display.a(Opamp_1.o)
                0x00000da0                Opamp_1_SetPower
 .text.Opamp_1_Init
                0x00000dbc        0xc .\CortexM3\ARM_GCC_541\Debug\7Seg_Display.a(Opamp_1.o)
                0x00000dbc                Opamp_1_Init
 .text.Opamp_1_Start
                0x00000dc8       0x1c .\CortexM3\ARM_GCC_541\Debug\7Seg_Display.a(Opamp_1.o)
                0x00000dc8                Opamp_1_Start
 .text.Comp_1_Enable
                0x00000de4       0x1c .\CortexM3\ARM_GCC_541\Debug\7Seg_Display.a(Comp_1.o)
                0x00000de4                Comp_1_Enable
 .text.Comp_1_SetSpeed
                0x00000e00       0x58 .\CortexM3\ARM_GCC_541\Debug\7Seg_Display.a(Comp_1.o)
                0x00000e00                Comp_1_SetSpeed
 .text.Comp_1_Init
                0x00000e58       0x3c .\CortexM3\ARM_GCC_541\Debug\7Seg_Display.a(Comp_1.o)
                0x00000e58                Comp_1_Init
 .text.Comp_1_Start
                0x00000e94       0x1c .\CortexM3\ARM_GCC_541\Debug\7Seg_Display.a(Comp_1.o)
                0x00000e94                Comp_1_Start
 .text.VDAC8_1_Enable
                0x00000eb0       0x1c .\CortexM3\ARM_GCC_541\Debug\7Seg_Display.a(VDAC8_1.o)
                0x00000eb0                VDAC8_1_Enable
 .text.VDAC8_1_SetSpeed
                0x00000ecc       0x1c .\CortexM3\ARM_GCC_541\Debug\7Seg_Display.a(VDAC8_1.o)
                0x00000ecc                VDAC8_1_SetSpeed
 .text.VDAC8_1_SetValue
                0x00000ee8        0xc .\CortexM3\ARM_GCC_541\Debug\7Seg_Display.a(VDAC8_1.o)
                0x00000ee8                VDAC8_1_SetValue
 .text.VDAC8_1_DacTrim
                0x00000ef4       0x24 .\CortexM3\ARM_GCC_541\Debug\7Seg_Display.a(VDAC8_1.o)
                0x00000ef4                VDAC8_1_DacTrim
 .text.VDAC8_1_SetRange
                0x00000f18       0x20 .\CortexM3\ARM_GCC_541\Debug\7Seg_Display.a(VDAC8_1.o)
                0x00000f18                VDAC8_1_SetRange
 .text.VDAC8_1_Init
                0x00000f38       0x20 .\CortexM3\ARM_GCC_541\Debug\7Seg_Display.a(VDAC8_1.o)
                0x00000f38                VDAC8_1_Init
 .text.VDAC8_1_Start
                0x00000f58       0x24 .\CortexM3\ARM_GCC_541\Debug\7Seg_Display.a(VDAC8_1.o)
                0x00000f58                VDAC8_1_Start
 .text.Timer_1_Enable
                0x00000f7c       0x10 .\CortexM3\ARM_GCC_541\Debug\7Seg_Display.a(Timer_1.o)
                0x00000f7c                Timer_1_Enable
 .text.Timer_1_Stop
                0x00000f8c       0x10 .\CortexM3\ARM_GCC_541\Debug\7Seg_Display.a(Timer_1.o)
                0x00000f8c                Timer_1_Stop
 .text.Timer_1_SetInterruptMode
                0x00000f9c        0xc .\CortexM3\ARM_GCC_541\Debug\7Seg_Display.a(Timer_1.o)
                0x00000f9c                Timer_1_SetInterruptMode
 .text.Timer_1_ReadStatusRegister
                0x00000fa8        0xc .\CortexM3\ARM_GCC_541\Debug\7Seg_Display.a(Timer_1.o)
                0x00000fa8                Timer_1_ReadStatusRegister
 .text.Timer_1_ReadPeriod
                0x00000fb4        0xc .\CortexM3\ARM_GCC_541\Debug\7Seg_Display.a(Timer_1.o)
                0x00000fb4                Timer_1_ReadPeriod
 .text.Timer_1_WritePeriod
                0x00000fc0        0xc .\CortexM3\ARM_GCC_541\Debug\7Seg_Display.a(Timer_1.o)
                0x00000fc0                Timer_1_WritePeriod
 .text.Timer_1_ReadCapture
                0x00000fcc        0xc .\CortexM3\ARM_GCC_541\Debug\7Seg_Display.a(Timer_1.o)
                0x00000fcc                Timer_1_ReadCapture
 .text.Timer_1_WriteCounter
                0x00000fd8        0xc .\CortexM3\ARM_GCC_541\Debug\7Seg_Display.a(Timer_1.o)
                0x00000fd8                Timer_1_WriteCounter
 .text.Timer_1_ReadCounter
                0x00000fe4       0x14 .\CortexM3\ARM_GCC_541\Debug\7Seg_Display.a(Timer_1.o)
                0x00000fe4                Timer_1_ReadCounter
 .text.Timer_1_SetInterruptCount
                0x00000ff8       0x1c .\CortexM3\ARM_GCC_541\Debug\7Seg_Display.a(Timer_1.o)
                0x00000ff8                Timer_1_SetInterruptCount
 .text.Timer_1_ClearFIFO
                0x00001014       0x14 .\CortexM3\ARM_GCC_541\Debug\7Seg_Display.a(Timer_1.o)
                0x00001014                Timer_1_ClearFIFO
 .text.Timer_1_Init
                0x00001028       0x3c .\CortexM3\ARM_GCC_541\Debug\7Seg_Display.a(Timer_1.o)
                0x00001028                Timer_1_Init
 .text.Timer_1_Start
                0x00001064       0x1c .\CortexM3\ARM_GCC_541\Debug\7Seg_Display.a(Timer_1.o)
                0x00001064                Timer_1_Start
 .text.Count7_1_Init
                0x00001080        0xc .\CortexM3\ARM_GCC_541\Debug\7Seg_Display.a(Count7_1.o)
                0x00001080                Count7_1_Init
 .text.Count7_1_Enable
                0x0000108c       0x1c .\CortexM3\ARM_GCC_541\Debug\7Seg_Display.a(Count7_1.o)
                0x0000108c                Count7_1_Enable
 .text.Count7_1_Start
                0x000010a8       0x1c .\CortexM3\ARM_GCC_541\Debug\7Seg_Display.a(Count7_1.o)
                0x000010a8                Count7_1_Start
 .text.Control_Reg_1_Write
                0x000010c4        0xc .\CortexM3\ARM_GCC_541\Debug\7Seg_Display.a(Control_Reg_1.o)
                0x000010c4                Control_Reg_1_Write
 .text.isr_3_SetVector
                0x000010d0        0xc .\CortexM3\ARM_GCC_541\Debug\7Seg_Display.a(isr_3.o)
                0x000010d0                isr_3_SetVector
 .text.isr_3_SetPriority
                0x000010dc       0x10 .\CortexM3\ARM_GCC_541\Debug\7Seg_Display.a(isr_3.o)
                0x000010dc                isr_3_SetPriority
 .text.isr_3_Enable
                0x000010ec        0xc .\CortexM3\ARM_GCC_541\Debug\7Seg_Display.a(isr_3.o)
                0x000010ec                isr_3_Enable
 .text.isr_3_Disable
                0x000010f8        0xc .\CortexM3\ARM_GCC_541\Debug\7Seg_Display.a(isr_3.o)
                0x000010f8                isr_3_Disable
 .text.isr_3_StartEx
                0x00001104       0x1c .\CortexM3\ARM_GCC_541\Debug\7Seg_Display.a(isr_3.o)
                0x00001104                isr_3_StartEx
 .text.isr_3_ClearPending
                0x00001120        0xc .\CortexM3\ARM_GCC_541\Debug\7Seg_Display.a(isr_3.o)
                0x00001120                isr_3_ClearPending
 .text.UART_1_Init
                0x0000112c       0x24 .\CortexM3\ARM_GCC_541\Debug\7Seg_Display.a(UART_1.o)
                0x0000112c                UART_1_Init
 .text.UART_1_Enable
                0x00001150       0x38 .\CortexM3\ARM_GCC_541\Debug\7Seg_Display.a(UART_1.o)
                0x00001150                UART_1_Enable
 .text.UART_1_Start
                0x00001188       0x1c .\CortexM3\ARM_GCC_541\Debug\7Seg_Display.a(UART_1.o)
                0x00001188                UART_1_Start
 .text.UART_1_IntClock_Start
                0x000011a4       0x1c .\CortexM3\ARM_GCC_541\Debug\7Seg_Display.a(UART_1_IntClock.o)
                0x000011a4                UART_1_IntClock_Start
 .text.Timer_2_Enable
                0x000011c0       0x10 .\CortexM3\ARM_GCC_541\Debug\7Seg_Display.a(Timer_2.o)
                0x000011c0                Timer_2_Enable
 .text.Timer_2_SetInterruptMode
                0x000011d0        0xc .\CortexM3\ARM_GCC_541\Debug\7Seg_Display.a(Timer_2.o)
                0x000011d0                Timer_2_SetInterruptMode
 .text.Timer_2_ReadStatusRegister
                0x000011dc        0xc .\CortexM3\ARM_GCC_541\Debug\7Seg_Display.a(Timer_2.o)
                0x000011dc                Timer_2_ReadStatusRegister
 .text.Timer_2_ReadPeriod
                0x000011e8        0xc .\CortexM3\ARM_GCC_541\Debug\7Seg_Display.a(Timer_2.o)
                0x000011e8                Timer_2_ReadPeriod
 .text.Timer_2_WritePeriod
                0x000011f4        0xc .\CortexM3\ARM_GCC_541\Debug\7Seg_Display.a(Timer_2.o)
                0x000011f4                Timer_2_WritePeriod
 .text.Timer_2_ReadCapture
                0x00001200        0xc .\CortexM3\ARM_GCC_541\Debug\7Seg_Display.a(Timer_2.o)
                0x00001200                Timer_2_ReadCapture
 .text.Timer_2_WriteCounter
                0x0000120c        0xc .\CortexM3\ARM_GCC_541\Debug\7Seg_Display.a(Timer_2.o)
                0x0000120c                Timer_2_WriteCounter
 .text.Timer_2_ReadCounter
                0x00001218       0x14 .\CortexM3\ARM_GCC_541\Debug\7Seg_Display.a(Timer_2.o)
                0x00001218                Timer_2_ReadCounter
 .text.Timer_2_ClearFIFO
                0x0000122c       0x14 .\CortexM3\ARM_GCC_541\Debug\7Seg_Display.a(Timer_2.o)
                0x0000122c                Timer_2_ClearFIFO
 .text.Timer_2_Init
                0x00001240       0x34 .\CortexM3\ARM_GCC_541\Debug\7Seg_Display.a(Timer_2.o)
                0x00001240                Timer_2_Init
 .text.Timer_2_Start
                0x00001274       0x1c .\CortexM3\ARM_GCC_541\Debug\7Seg_Display.a(Timer_2.o)
                0x00001274                Timer_2_Start
 .text.Buzzer_Write
                0x00001290       0x18 .\CortexM3\ARM_GCC_541\Debug\7Seg_Display.a(Buzzer.o)
                0x00001290                Buzzer_Write
 .text.EEPROM_Enable
                0x000012a8        0xc .\CortexM3\ARM_GCC_541\Debug\7Seg_Display.a(EEPROM.o)
                0x000012a8                EEPROM_Enable
 .text.EEPROM_Start
                0x000012b4        0x8 .\CortexM3\ARM_GCC_541\Debug\7Seg_Display.a(EEPROM.o)
                0x000012b4                EEPROM_Start
 .text.EEPROM_ReadByte
                0x000012bc       0x28 .\CortexM3\ARM_GCC_541\Debug\7Seg_Display.a(EEPROM.o)
                0x000012bc                EEPROM_ReadByte
 *fill*         0x000012e4        0x4 
 .text          0x000012e8       0x20 .\CortexM3\ARM_GCC_541\Debug\7Seg_Display.a(CyBootAsmGnu.o)
                0x000012e8                CyDelayCycles
                0x000012f8                CyEnterCriticalSection
                0x00001300                CyExitCriticalSection
 .text.CySetTempInt
                0x00001308       0x60 .\CortexM3\ARM_GCC_541\Debug\7Seg_Display.a(CyFlash.o)
 .text.CyFlashGetSpcAlgorithm
                0x00001368       0x4c .\CortexM3\ARM_GCC_541\Debug\7Seg_Display.a(CyFlash.o)
                0x00001368                CyFlashGetSpcAlgorithm
 .text.CySetTemp
                0x000013b4       0x14 .\CortexM3\ARM_GCC_541\Debug\7Seg_Display.a(CyFlash.o)
                0x000013b4                CySetTemp
 .text.CyEEPROM_Start
                0x000013c8       0x54 .\CortexM3\ARM_GCC_541\Debug\7Seg_Display.a(CyFlash.o)
                0x000013c8                CyEEPROM_Start
 .text.CyEEPROM_ReadReserve
                0x0000141c       0x1c .\CortexM3\ARM_GCC_541\Debug\7Seg_Display.a(CyFlash.o)
                0x0000141c                CyEEPROM_ReadReserve
 .text.CyEEPROM_ReadRelease
                0x00001438       0x10 .\CortexM3\ARM_GCC_541\Debug\7Seg_Display.a(CyFlash.o)
                0x00001438                CyEEPROM_ReadRelease
 .text.CySpcStart
                0x00001448       0x24 .\CortexM3\ARM_GCC_541\Debug\7Seg_Display.a(CySpc.o)
                0x00001448                CySpcStart
 .text.CySpcReadData
                0x0000146c       0x34 .\CortexM3\ARM_GCC_541\Debug\7Seg_Display.a(CySpc.o)
                0x0000146c                CySpcReadData
 .text.CySpcGetTemp
                0x000014a0       0x3c .\CortexM3\ARM_GCC_541\Debug\7Seg_Display.a(CySpc.o)
                0x000014a0                CySpcGetTemp
 .text.CySpcLock
                0x000014dc       0x4c .\CortexM3\ARM_GCC_541\Debug\7Seg_Display.a(CySpc.o)
                0x000014dc                CySpcLock
 .text.CySpcUnlock
                0x00001528       0x38 .\CortexM3\ARM_GCC_541\Debug\7Seg_Display.a(CySpc.o)
                0x00001528                CySpcUnlock
 .text.CySpcGetAlgorithm
                0x00001560       0x28 .\CortexM3\ARM_GCC_541\Debug\7Seg_Display.a(CySpc.o)
                0x00001560                CySpcGetAlgorithm
 .text          0x00001588      0x370 d:/monash_apps/psoc creator/4.4/psoc creator/import/gnu/arm/5.4.1/bin/../lib/gcc/arm-none-eabi/5.4.1/armv7-m\libgcc.a(_arm_addsubdf3.o)
                0x00001588                __aeabi_drsub
                0x00001590                __aeabi_dsub
                0x00001590                __subdf3
                0x00001594                __aeabi_dadd
                0x00001594                __adddf3
                0x0000180c                __floatunsidf
                0x0000180c                __aeabi_ui2d
                0x0000182c                __floatsidf
                0x0000182c                __aeabi_i2d
                0x00001850                __aeabi_f2d
                0x00001850                __extendsfdf2
                0x0000188c                __floatundidf
                0x0000188c                __aeabi_ul2d
                0x0000189c                __floatdidf
                0x0000189c                __aeabi_l2d
 .text          0x000018f8      0x424 d:/monash_apps/psoc creator/4.4/psoc creator/import/gnu/arm/5.4.1/bin/../lib/gcc/arm-none-eabi/5.4.1/armv7-m\libgcc.a(_arm_muldivdf3.o)
                0x000018f8                __aeabi_dmul
                0x000018f8                __muldf3
                0x00001b4c                __divdf3
                0x00001b4c                __aeabi_ddiv
 .text          0x00001d1c      0x110 d:/monash_apps/psoc creator/4.4/psoc creator/import/gnu/arm/5.4.1/bin/../lib/gcc/arm-none-eabi/5.4.1/armv7-m\libgcc.a(_arm_cmpdf2.o)
                0x00001d1c                __gtdf2
                0x00001d1c                __gedf2
                0x00001d24                __ltdf2
                0x00001d24                __ledf2
                0x00001d2c                __nedf2
                0x00001d2c                __eqdf2
                0x00001d2c                __cmpdf2
                0x00001da8                __aeabi_cdrcmple
                0x00001db8                __aeabi_cdcmpeq
                0x00001db8                __aeabi_cdcmple
                0x00001dc8                __aeabi_dcmpeq
                0x00001ddc                __aeabi_dcmplt
                0x00001df0                __aeabi_dcmple
                0x00001e04                __aeabi_dcmpge
                0x00001e18                __aeabi_dcmpgt
 .text          0x00001e2c       0x50 d:/monash_apps/psoc creator/4.4/psoc creator/import/gnu/arm/5.4.1/bin/../lib/gcc/arm-none-eabi/5.4.1/armv7-m\libgcc.a(_arm_fixdfsi.o)
                0x00001e2c                __aeabi_d2iz
                0x00001e2c                __fixdfsi
 .text.__errno  0x00001e7c        0xc d:/monash_apps/psoc creator/4.4/psoc creator/import/gnu/arm/5.4.1/bin/../lib/gcc/arm-none-eabi/5.4.1/../../../../arm-none-eabi/lib/armv7-m\libg_nano.a(lib_a-errno.o)
                0x00001e7c                __errno
 .text.__libc_init_array
                0x00001e88       0x4c d:/monash_apps/psoc creator/4.4/psoc creator/import/gnu/arm/5.4.1/bin/../lib/gcc/arm-none-eabi/5.4.1/../../../../arm-none-eabi/lib/armv7-m\libg_nano.a(lib_a-init.o)
                0x00001e88                __libc_init_array
 .text.memcpy   0x00001ed4       0x16 d:/monash_apps/psoc creator/4.4/psoc creator/import/gnu/arm/5.4.1/bin/../lib/gcc/arm-none-eabi/5.4.1/../../../../arm-none-eabi/lib/armv7-m\libg_nano.a(lib_a-memcpy-stub.o)
                0x00001ed4                memcpy
 .text.memset   0x00001eea       0x10 d:/monash_apps/psoc creator/4.4/psoc creator/import/gnu/arm/5.4.1/bin/../lib/gcc/arm-none-eabi/5.4.1/../../../../arm-none-eabi/lib/armv7-m\libg_nano.a(lib_a-memset.o)
                0x00001eea                memset
 *(.plt)
 *(.gnu.warning)
 *(.glue_7t)
 .glue_7t       0x00001efa        0x0 linker stubs
 *(.glue_7)
 .glue_7        0x00001efa        0x0 linker stubs
 *(.vfp11_veneer)
 .vfp11_veneer  0x00001efa        0x0 linker stubs
 *(.bootloader)
 *(.ARM.extab* .gnu.linkonce.armextab.*)
 *(.gcc_except_table)

.v4_bx          0x00001efc        0x0
 .v4_bx         0x00001efc        0x0 linker stubs

.iplt           0x00001efc        0x0
 .iplt          0x00001efc        0x0 d:/monash_apps/psoc creator/4.4/psoc creator/import/gnu/arm/5.4.1/bin/../lib/gcc/arm-none-eabi/5.4.1/armv7-m/crtbegin.o

.eh_frame_hdr
 *(.eh_frame_hdr)

.eh_frame       0x00001efc        0x4
 *(.eh_frame)
 .eh_frame      0x00001efc        0x0 d:/monash_apps/psoc creator/4.4/psoc creator/import/gnu/arm/5.4.1/bin/../lib/gcc/arm-none-eabi/5.4.1/armv7-m/crtbegin.o
 .eh_frame      0x00001efc        0x4 d:/monash_apps/psoc creator/4.4/psoc creator/import/gnu/arm/5.4.1/bin/../lib/gcc/arm-none-eabi/5.4.1/armv7-m/crtend.o
                [!provide]                PROVIDE (__exidx_start, .)

.ARM.exidx
 *(.ARM.exidx* .gnu.linkonce.armexidx.*)
                0x00001f00                __exidx_end = .

.rodata         0x00001f00      0x128
 *(.rodata .rodata.* .gnu.linkonce.r.*)
 .rodata        0x00001f00       0x98 .\CortexM3\ARM_GCC_541\Debug\main.o
                0x00001f00                charLookup
 .rodata        0x00001f98       0x44 .\CortexM3\ARM_GCC_541\Debug\cyfitter_cfg.o
 .rodata        0x00001fdc       0x15 .\CortexM3\ARM_GCC_541\Debug\7Seg_Display.a(PGA_1.o)
 .rodata.str1.1
                0x00001ff1        0x2 d:/monash_apps/psoc creator/4.4/psoc creator/import/gnu/arm/5.4.1/bin/../lib/gcc/arm-none-eabi/5.4.1/../../../../arm-none-eabi/lib/armv7-m\libg_nano.a(lib_a-impure.o)
                0x00001ff4                . = ALIGN (0x4)
 *fill*         0x00001ff3        0x1 
 *(.init)
 .init          0x00001ff4        0x4 d:/monash_apps/psoc creator/4.4/psoc creator/import/gnu/arm/5.4.1/bin/../lib/gcc/arm-none-eabi/5.4.1/armv7-m/crti.o
                0x00001ff4                _init
 .init          0x00001ff8        0x8 d:/monash_apps/psoc creator/4.4/psoc creator/import/gnu/arm/5.4.1/bin/../lib/gcc/arm-none-eabi/5.4.1/armv7-m/crtn.o
                0x00002000                . = ALIGN (0x4)
                0x00002000                __preinit_array_start = .
 *(.preinit_array)
                0x00002000                __preinit_array_end = .
                0x00002000                . = ALIGN (0x4)
                0x00002000                __init_array_start = .
 *(SORT(.init_array.*))
 *(.init_array)
 .init_array    0x00002000        0x4 d:/monash_apps/psoc creator/4.4/psoc creator/import/gnu/arm/5.4.1/bin/../lib/gcc/arm-none-eabi/5.4.1/armv7-m/crtbegin.o
 .init_array    0x00002004        0x4 .\CortexM3\ARM_GCC_541\Debug\Cm3Start.o
                0x00002008                __init_array_end = .
                0x00002008                . = ALIGN (0x4)
 *(.fini)
 .fini          0x00002008        0x4 d:/monash_apps/psoc creator/4.4/psoc creator/import/gnu/arm/5.4.1/bin/../lib/gcc/arm-none-eabi/5.4.1/armv7-m/crti.o
                0x00002008                _fini
 .fini          0x0000200c        0x8 d:/monash_apps/psoc creator/4.4/psoc creator/import/gnu/arm/5.4.1/bin/../lib/gcc/arm-none-eabi/5.4.1/armv7-m/crtn.o
                0x00002014                . = ALIGN (0x4)
                0x00002014                __fini_array_start = .
 *(.fini_array)
 .fini_array    0x00002014        0x4 d:/monash_apps/psoc creator/4.4/psoc creator/import/gnu/arm/5.4.1/bin/../lib/gcc/arm-none-eabi/5.4.1/armv7-m/crtbegin.o
 *(SORT(.fini_array.*))
                0x00002018                __fini_array_end = .
                0x00002018                . = ALIGN (0x4)
 *crtbegin.o(.ctors)
 *(EXCLUDE_FILE(*crtend.o) .ctors)
 *(SORT(.ctors.*))
 *crtend.o(.ctors)
                0x00002018                . = ALIGN (0x4)
 *crtbegin.o(.dtors)
 *(EXCLUDE_FILE(*crtend.o) .dtors)
 *(SORT(.dtors.*))
 *crtend.o(.dtors)
                0x00002018                . = ALIGN (0x4)
                0x00002018                __cy_regions = .
                0x00002018        0x4 LONG 0x2028 __cy_region_init_ram
                0x0000201c        0x4 LONG 0x1fff80c8 __cy_region_start_data
                0x00002020        0x4 LONG 0x78 __cy_region_init_size_ram
                0x00002024        0x4 LONG 0xd0 __cy_region_zero_size_ram
                0x00002028                __cy_regions_end = .
                0x00002028                . = ALIGN (0x8)
                0x00002028                _etext = .

.cy_checksum_exclude
                0x00002028        0x0
 *(.cy_checksum_exclude)

.ramvectors     0x1fff8000       0xc0
                0x1fff8000                __cy_region_start_ram = .
 *(.ramvectors)
 .ramvectors    0x1fff8000       0xc0 .\CortexM3\ARM_GCC_541\Debug\Cm3Start.o
                0x1fff8000                CyRamVectors

.noinit         0x1fff80c0        0x1
 *(.noinit)
 .noinit        0x1fff80c0        0x1 .\CortexM3\ARM_GCC_541\Debug\7Seg_Display.a(CyLib.o)
                0x1fff80c0                CyResetStatus

.data           0x1fff80c8       0x78 load address 0x00002028
                0x1fff80c8                __cy_region_start_data = .
 *(.jcr)
 .jcr           0x1fff80c8        0x0 d:/monash_apps/psoc creator/4.4/psoc creator/import/gnu/arm/5.4.1/bin/../lib/gcc/arm-none-eabi/5.4.1/armv7-m/crtbegin.o
 .jcr           0x1fff80c8        0x4 d:/monash_apps/psoc creator/4.4/psoc creator/import/gnu/arm/5.4.1/bin/../lib/gcc/arm-none-eabi/5.4.1/armv7-m/crtend.o
 *(.got.plt)
 *(.got)
 *(.shdata)
 *(.data .data.* .gnu.linkonce.d.*)
 .data          0x1fff80cc       0x10 .\CortexM3\ARM_GCC_541\Debug\7Seg_Display.a(CyLib.o)
                0x1fff80cc                cydelay_32k_ms
                0x1fff80d0                cydelay_freq_khz
                0x1fff80d4                cydelay_freq_mhz
                0x1fff80d8                cydelay_freq_hz
 .data.impure_data
                0x1fff80dc       0x60 d:/monash_apps/psoc creator/4.4/psoc creator/import/gnu/arm/5.4.1/bin/../lib/gcc/arm-none-eabi/5.4.1/../../../../arm-none-eabi/lib/armv7-m\libg_nano.a(lib_a-impure.o)
 .data._impure_ptr
                0x1fff813c        0x4 d:/monash_apps/psoc creator/4.4/psoc creator/import/gnu/arm/5.4.1/bin/../lib/gcc/arm-none-eabi/5.4.1/../../../../arm-none-eabi/lib/armv7-m\libg_nano.a(lib_a-impure.o)
                0x1fff813c                _impure_ptr
                0x1fff8140                . = ALIGN (0x8)
 *(.ram)
                0x1fff8140                _edata = .

.igot.plt       0x1fff8140        0x0 load address 0x000020a0
 .igot.plt      0x1fff8140        0x0 d:/monash_apps/psoc creator/4.4/psoc creator/import/gnu/arm/5.4.1/bin/../lib/gcc/arm-none-eabi/5.4.1/armv7-m/crtbegin.o

.bss            0x1fff8140       0xd0 load address 0x000020a0
                0x1fff8140                PROVIDE (__bss_start__, .)
 *(.shbss)
 *(.bss .bss.* .gnu.linkonce.b.*)
 .bss           0x1fff8140       0x1c d:/monash_apps/psoc creator/4.4/psoc creator/import/gnu/arm/5.4.1/bin/../lib/gcc/arm-none-eabi/5.4.1/armv7-m/crtbegin.o
 *fill*         0x1fff815c        0x4 
 .bss           0x1fff8160       0x68 .\CortexM3\ARM_GCC_541\Debug\main.o
                0x1fff8160                run_7_Seg
                0x1fff8164                time_passed_step
                0x1fff8168                previous_buzz
                0x1fff8170                buzz_duration
                0x1fff8178                value
                0x1fff8180                distance
                0x1fff8188                seg_num
                0x1fff8190                old_dis_val
                0x1fff8198                D
                0x1fff81a8                dp
                0x1fff81b8                count
                0x1fff81c0                counter
 .bss           0x1fff81c8        0x1 .\CortexM3\ARM_GCC_541\Debug\7Seg_Display.a(PGA_1.o)
                0x1fff81c8                PGA_1_initVar
 .bss           0x1fff81c9        0x1 .\CortexM3\ARM_GCC_541\Debug\7Seg_Display.a(Opamp_1.o)
                0x1fff81c9                Opamp_1_initVar
 .bss           0x1fff81ca        0x1 .\CortexM3\ARM_GCC_541\Debug\7Seg_Display.a(Comp_1.o)
                0x1fff81ca                Comp_1_initVar
 .bss           0x1fff81cb        0x1 .\CortexM3\ARM_GCC_541\Debug\7Seg_Display.a(VDAC8_1.o)
                0x1fff81cb                VDAC8_1_initVar
 .bss           0x1fff81cc        0x1 .\CortexM3\ARM_GCC_541\Debug\7Seg_Display.a(Timer_1.o)
                0x1fff81cc                Timer_1_initVar
 .bss           0x1fff81cd        0x1 .\CortexM3\ARM_GCC_541\Debug\7Seg_Display.a(Count7_1.o)
                0x1fff81cd                Count7_1_initVar
 .bss           0x1fff81ce        0x2 .\CortexM3\ARM_GCC_541\Debug\7Seg_Display.a(UART_1.o)
                0x1fff81ce                UART_1_initVar
 .bss           0x1fff81d0        0x1 .\CortexM3\ARM_GCC_541\Debug\7Seg_Display.a(Timer_2.o)
                0x1fff81d0                Timer_2_initVar
 *fill*         0x1fff81d1        0x3 
 .bss           0x1fff81d4        0x8 .\CortexM3\ARM_GCC_541\Debug\7Seg_Display.a(CySpc.o)
                0x1fff81d4                SpcLockState
 *(COMMON)
 COMMON         0x1fff81dc       0x30 .\CortexM3\ARM_GCC_541\Debug\main.o
                0x1fff81dc                InterruptCnt
                0x1fff81e0                value_text
                0x1fff81f0                segmentPattern_array
 COMMON         0x1fff820c        0x2 .\CortexM3\ARM_GCC_541\Debug\7Seg_Display.a(CyFlash.o)
                0x1fff820c                dieTemperature
                0x1fff8210                . = ALIGN (0x8)
 *fill*         0x1fff820e        0x2 
 *(.ram.b)
                0x1fff8210                _end = .
                0x1fff8210                __end = .
                0x1fff8210                PROVIDE (end, .)
                0x1fff8210                PROVIDE (__bss_end__, .)
                0x00002028                __cy_region_init_ram = LOADADDR (.data)
                0x00000078                __cy_region_init_size_ram = (_edata - ADDR (.data))
                0x000000d0                __cy_region_zero_size_ram = (_end - _edata)

.heap           0x1fff8210       0x80 load address 0x000020a0
                0x1fff8210                . = _end
                0x1fff8290                . = (. + 0x80)
 *fill*         0x1fff8210       0x80 
                0x1fff8290                __cy_heap_limit = .

.stack          0x20007800      0x800
                0x20007800                __cy_stack_limit = .
                0x20008000                . = (. + 0x800)
 *fill*         0x20007800      0x800 
                0x00000001                ASSERT ((__cy_stack_limit >= __cy_heap_limit), region RAM overflowed with stack)
                0x00000000                cy_checksum_exclude_size = (CY_APPL_LOADABLE == 0x1)?SIZEOF (.cy_checksum_exclude):0x0
                0x00000001                ASSERT ((cy_checksum_exclude_size <= CY_CHECKSUM_EXCLUDE_SIZE), CY_BOOT: Section .cy_checksum_exclude size exceedes specified limit.)

.cyloadermeta
 *(.cyloadermeta)

.cyloadablemeta
 *(.cyloadablemeta)

.cyconfigecc    0x80000000      0x7d4
 *(.cyconfigecc)
 .cyconfigecc   0x80000000      0x7d4 .\CortexM3\ARM_GCC_541\Debug\cymetadata.o
                0x80000000                cy_meta_configecc

.cycustnvl      0x90000000        0x4
 *(.cycustnvl)
 .cycustnvl     0x90000000        0x4 .\CortexM3\ARM_GCC_541\Debug\cymetadata.o
                0x90000000                cy_meta_custnvl

.cywolatch      0x90100000        0x4
 *(.cywolatch)
 .cywolatch     0x90100000        0x4 .\CortexM3\ARM_GCC_541\Debug\cymetadata.o
                0x90100000                cy_meta_wonvl

.cyeeprom       0x90200000        0x0
 *(.cyeeprom)
                0x00000001                ASSERT ((. <= ((0x90200000 + ee_offset) + ee_size)), .cyeeprom data will not fit in EEPROM)

.cyflashprotect
                0x90400000      0x100
 *(.cyflashprotect)
 .cyflashprotect
                0x90400000      0x100 .\CortexM3\ARM_GCC_541\Debug\cymetadata.o
                0x90400000                cy_meta_flashprotect

.cymeta         0x90500000        0xc
 *(.cymeta)
 .cymeta        0x90500000        0xc .\CortexM3\ARM_GCC_541\Debug\cymetadata.o
                0x90500000                cy_metadata

.rel.dyn        0x000020a0        0x0 load address 0x9050000c
 .rel.iplt      0x000020a0        0x0 d:/monash_apps/psoc creator/4.4/psoc creator/import/gnu/arm/5.4.1/bin/../lib/gcc/arm-none-eabi/5.4.1/armv7-m/crtbegin.o

.stab
 *(.stab)

.stabstr
 *(.stabstr)

.debug
 *(.debug)

.line
 *(.line)

.debug_srcinfo
 *(.debug_srcinfo)

.debug_sfnames
 *(.debug_sfnames)

.debug_aranges  0x00000000      0xf50
 *(.debug_aranges)
 .debug_aranges
                0x00000000       0x90 .\CortexM3\ARM_GCC_541\Debug\main.o
 .debug_aranges
                0x00000090       0x58 .\CortexM3\ARM_GCC_541\Debug\cyfitter_cfg.o
 .debug_aranges
                0x000000e8       0x18 .\CortexM3\ARM_GCC_541\Debug\cymetadata.o
 .debug_aranges
                0x00000100       0x48 .\CortexM3\ARM_GCC_541\Debug\Cm3Start.o
 .debug_aranges
                0x00000148       0x38 .\CortexM3\ARM_GCC_541\Debug\7Seg_Display.a(Dis_A.o)
 .debug_aranges
                0x00000180       0x38 .\CortexM3\ARM_GCC_541\Debug\7Seg_Display.a(Dis_B.o)
 .debug_aranges
                0x000001b8       0x38 .\CortexM3\ARM_GCC_541\Debug\7Seg_Display.a(Dis_C.o)
 .debug_aranges
                0x000001f0       0x38 .\CortexM3\ARM_GCC_541\Debug\7Seg_Display.a(Dis_D.o)
 .debug_aranges
                0x00000228       0x38 .\CortexM3\ARM_GCC_541\Debug\7Seg_Display.a(Dis_E.o)
 .debug_aranges
                0x00000260       0x38 .\CortexM3\ARM_GCC_541\Debug\7Seg_Display.a(Dis_F.o)
 .debug_aranges
                0x00000298       0x38 .\CortexM3\ARM_GCC_541\Debug\7Seg_Display.a(Dis_G.o)
 .debug_aranges
                0x000002d0       0x38 .\CortexM3\ARM_GCC_541\Debug\7Seg_Display.a(Dis_DP.o)
 .debug_aranges
                0x00000308       0x38 .\CortexM3\ARM_GCC_541\Debug\7Seg_Display.a(Dis_D1.o)
 .debug_aranges
                0x00000340       0x38 .\CortexM3\ARM_GCC_541\Debug\7Seg_Display.a(Dis_D2.o)
 .debug_aranges
                0x00000378       0x38 .\CortexM3\ARM_GCC_541\Debug\7Seg_Display.a(Dis_D3.o)
 .debug_aranges
                0x000003b0       0x38 .\CortexM3\ARM_GCC_541\Debug\7Seg_Display.a(Dis_D4.o)
 .debug_aranges
                0x000003e8      0x2a0 .\CortexM3\ARM_GCC_541\Debug\7Seg_Display.a(CyLib.o)
 .debug_aranges
                0x00000688       0x98 .\CortexM3\ARM_GCC_541\Debug\7Seg_Display.a(cyPm.o)
 .debug_aranges
                0x00000720       0x80 .\CortexM3\ARM_GCC_541\Debug\7Seg_Display.a(isr_1.o)
 .debug_aranges
                0x000007a0       0x80 .\CortexM3\ARM_GCC_541\Debug\7Seg_Display.a(isr_2.o)
 .debug_aranges
                0x00000820       0x80 .\CortexM3\ARM_GCC_541\Debug\7Seg_Display.a(isr_7Seg.o)
 .debug_aranges
                0x000008a0       0x48 .\CortexM3\ARM_GCC_541\Debug\7Seg_Display.a(PGA_1.o)
 .debug_aranges
                0x000008e8       0x40 .\CortexM3\ARM_GCC_541\Debug\7Seg_Display.a(Opamp_1.o)
 .debug_aranges
                0x00000928       0x70 .\CortexM3\ARM_GCC_541\Debug\7Seg_Display.a(Comp_1.o)
 .debug_aranges
                0x00000998       0x58 .\CortexM3\ARM_GCC_541\Debug\7Seg_Display.a(VDAC8_1.o)
 .debug_aranges
                0x000009f0       0x98 .\CortexM3\ARM_GCC_541\Debug\7Seg_Display.a(Timer_1.o)
 .debug_aranges
                0x00000a88       0x58 .\CortexM3\ARM_GCC_541\Debug\7Seg_Display.a(Count7_1.o)
 .debug_aranges
                0x00000ae0       0x28 .\CortexM3\ARM_GCC_541\Debug\7Seg_Display.a(Control_Reg_1.o)
 .debug_aranges
                0x00000b08       0x80 .\CortexM3\ARM_GCC_541\Debug\7Seg_Display.a(isr_3.o)
 .debug_aranges
                0x00000b88       0xf0 .\CortexM3\ARM_GCC_541\Debug\7Seg_Display.a(UART_1.o)
 .debug_aranges
                0x00000c78       0x70 .\CortexM3\ARM_GCC_541\Debug\7Seg_Display.a(UART_1_IntClock.o)
 .debug_aranges
                0x00000ce8       0x90 .\CortexM3\ARM_GCC_541\Debug\7Seg_Display.a(Timer_2.o)
 .debug_aranges
                0x00000d78       0x38 .\CortexM3\ARM_GCC_541\Debug\7Seg_Display.a(Buzzer.o)
 .debug_aranges
                0x00000db0       0x78 .\CortexM3\ARM_GCC_541\Debug\7Seg_Display.a(EEPROM.o)
 .debug_aranges
                0x00000e28       0x20 .\CortexM3\ARM_GCC_541\Debug\7Seg_Display.a(CyBootAsmGnu.o)
 .debug_aranges
                0x00000e48       0x88 .\CortexM3\ARM_GCC_541\Debug\7Seg_Display.a(CyFlash.o)
 .debug_aranges
                0x00000ed0       0x80 .\CortexM3\ARM_GCC_541\Debug\7Seg_Display.a(CySpc.o)

.debug_pubnames
 *(.debug_pubnames)

.debug_info     0x00000000     0x786a
 *(.debug_info .gnu.linkonce.wi.*)
 .debug_info    0x00000000      0xa34 .\CortexM3\ARM_GCC_541\Debug\main.o
 .debug_info    0x00000a34      0x603 .\CortexM3\ARM_GCC_541\Debug\cyfitter_cfg.o
 .debug_info    0x00001037      0x139 .\CortexM3\ARM_GCC_541\Debug\cymetadata.o
 .debug_info    0x00001170      0x3bb .\CortexM3\ARM_GCC_541\Debug\Cm3Start.o
 .debug_info    0x0000152b      0x11f .\CortexM3\ARM_GCC_541\Debug\7Seg_Display.a(Dis_A.o)
 .debug_info    0x0000164a      0x11f .\CortexM3\ARM_GCC_541\Debug\7Seg_Display.a(Dis_B.o)
 .debug_info    0x00001769      0x11f .\CortexM3\ARM_GCC_541\Debug\7Seg_Display.a(Dis_C.o)
 .debug_info    0x00001888      0x11f .\CortexM3\ARM_GCC_541\Debug\7Seg_Display.a(Dis_D.o)
 .debug_info    0x000019a7      0x11f .\CortexM3\ARM_GCC_541\Debug\7Seg_Display.a(Dis_E.o)
 .debug_info    0x00001ac6      0x11f .\CortexM3\ARM_GCC_541\Debug\7Seg_Display.a(Dis_F.o)
 .debug_info    0x00001be5      0x11f .\CortexM3\ARM_GCC_541\Debug\7Seg_Display.a(Dis_G.o)
 .debug_info    0x00001d04      0x11f .\CortexM3\ARM_GCC_541\Debug\7Seg_Display.a(Dis_DP.o)
 .debug_info    0x00001e23      0x11f .\CortexM3\ARM_GCC_541\Debug\7Seg_Display.a(Dis_D1.o)
 .debug_info    0x00001f42      0x11f .\CortexM3\ARM_GCC_541\Debug\7Seg_Display.a(Dis_D2.o)
 .debug_info    0x00002061      0x11f .\CortexM3\ARM_GCC_541\Debug\7Seg_Display.a(Dis_D3.o)
 .debug_info    0x00002180      0x11f .\CortexM3\ARM_GCC_541\Debug\7Seg_Display.a(Dis_D4.o)
 .debug_info    0x0000229f     0x1374 .\CortexM3\ARM_GCC_541\Debug\7Seg_Display.a(CyLib.o)
 .debug_info    0x00003613      0xa2a .\CortexM3\ARM_GCC_541\Debug\7Seg_Display.a(cyPm.o)
 .debug_info    0x0000403d      0x2d2 .\CortexM3\ARM_GCC_541\Debug\7Seg_Display.a(isr_1.o)
 .debug_info    0x0000430f      0x2d2 .\CortexM3\ARM_GCC_541\Debug\7Seg_Display.a(isr_2.o)
 .debug_info    0x000045e1      0x2d2 .\CortexM3\ARM_GCC_541\Debug\7Seg_Display.a(isr_7Seg.o)
 .debug_info    0x000048b3      0x1d3 .\CortexM3\ARM_GCC_541\Debug\7Seg_Display.a(PGA_1.o)
 .debug_info    0x00004a86      0x151 .\CortexM3\ARM_GCC_541\Debug\7Seg_Display.a(Opamp_1.o)
 .debug_info    0x00004bd7      0x2c8 .\CortexM3\ARM_GCC_541\Debug\7Seg_Display.a(Comp_1.o)
 .debug_info    0x00004e9f      0x1df .\CortexM3\ARM_GCC_541\Debug\7Seg_Display.a(VDAC8_1.o)
 .debug_info    0x0000507e      0x32a .\CortexM3\ARM_GCC_541\Debug\7Seg_Display.a(Timer_1.o)
 .debug_info    0x000053a8      0x1ec .\CortexM3\ARM_GCC_541\Debug\7Seg_Display.a(Count7_1.o)
 .debug_info    0x00005594       0xd6 .\CortexM3\ARM_GCC_541\Debug\7Seg_Display.a(Control_Reg_1.o)
 .debug_info    0x0000566a      0x2d2 .\CortexM3\ARM_GCC_541\Debug\7Seg_Display.a(isr_3.o)
 .debug_info    0x0000593c      0x60c .\CortexM3\ARM_GCC_541\Debug\7Seg_Display.a(UART_1.o)
 .debug_info    0x00005f48      0x283 .\CortexM3\ARM_GCC_541\Debug\7Seg_Display.a(UART_1_IntClock.o)
 .debug_info    0x000061cb      0x2ee .\CortexM3\ARM_GCC_541\Debug\7Seg_Display.a(Timer_2.o)
 .debug_info    0x000064b9      0x11f .\CortexM3\ARM_GCC_541\Debug\7Seg_Display.a(Buzzer.o)
 .debug_info    0x000065d8      0x630 .\CortexM3\ARM_GCC_541\Debug\7Seg_Display.a(EEPROM.o)
 .debug_info    0x00006c08       0xc5 .\CortexM3\ARM_GCC_541\Debug\7Seg_Display.a(CyBootAsmGnu.o)
 .debug_info    0x00006ccd      0x64d .\CortexM3\ARM_GCC_541\Debug\7Seg_Display.a(CyFlash.o)
 .debug_info    0x0000731a      0x550 .\CortexM3\ARM_GCC_541\Debug\7Seg_Display.a(CySpc.o)

.debug_abbrev   0x00000000     0x2704
 *(.debug_abbrev)
 .debug_abbrev  0x00000000      0x25b .\CortexM3\ARM_GCC_541\Debug\main.o
 .debug_abbrev  0x0000025b      0x20d .\CortexM3\ARM_GCC_541\Debug\cyfitter_cfg.o
 .debug_abbrev  0x00000468       0x77 .\CortexM3\ARM_GCC_541\Debug\cymetadata.o
 .debug_abbrev  0x000004df      0x1e8 .\CortexM3\ARM_GCC_541\Debug\Cm3Start.o
 .debug_abbrev  0x000006c7       0x90 .\CortexM3\ARM_GCC_541\Debug\7Seg_Display.a(Dis_A.o)
 .debug_abbrev  0x00000757       0x90 .\CortexM3\ARM_GCC_541\Debug\7Seg_Display.a(Dis_B.o)
 .debug_abbrev  0x000007e7       0x90 .\CortexM3\ARM_GCC_541\Debug\7Seg_Display.a(Dis_C.o)
 .debug_abbrev  0x00000877       0x90 .\CortexM3\ARM_GCC_541\Debug\7Seg_Display.a(Dis_D.o)
 .debug_abbrev  0x00000907       0x90 .\CortexM3\ARM_GCC_541\Debug\7Seg_Display.a(Dis_E.o)
 .debug_abbrev  0x00000997       0x90 .\CortexM3\ARM_GCC_541\Debug\7Seg_Display.a(Dis_F.o)
 .debug_abbrev  0x00000a27       0x90 .\CortexM3\ARM_GCC_541\Debug\7Seg_Display.a(Dis_G.o)
 .debug_abbrev  0x00000ab7       0x90 .\CortexM3\ARM_GCC_541\Debug\7Seg_Display.a(Dis_DP.o)
 .debug_abbrev  0x00000b47       0x90 .\CortexM3\ARM_GCC_541\Debug\7Seg_Display.a(Dis_D1.o)
 .debug_abbrev  0x00000bd7       0x90 .\CortexM3\ARM_GCC_541\Debug\7Seg_Display.a(Dis_D2.o)
 .debug_abbrev  0x00000c67       0x90 .\CortexM3\ARM_GCC_541\Debug\7Seg_Display.a(Dis_D3.o)
 .debug_abbrev  0x00000cf7       0x90 .\CortexM3\ARM_GCC_541\Debug\7Seg_Display.a(Dis_D4.o)
 .debug_abbrev  0x00000d87      0x254 .\CortexM3\ARM_GCC_541\Debug\7Seg_Display.a(CyLib.o)
 .debug_abbrev  0x00000fdb      0x1ab .\CortexM3\ARM_GCC_541\Debug\7Seg_Display.a(cyPm.o)
 .debug_abbrev  0x00001186      0x173 .\CortexM3\ARM_GCC_541\Debug\7Seg_Display.a(isr_1.o)
 .debug_abbrev  0x000012f9      0x173 .\CortexM3\ARM_GCC_541\Debug\7Seg_Display.a(isr_2.o)
 .debug_abbrev  0x0000146c      0x173 .\CortexM3\ARM_GCC_541\Debug\7Seg_Display.a(isr_7Seg.o)
 .debug_abbrev  0x000015df       0xf6 .\CortexM3\ARM_GCC_541\Debug\7Seg_Display.a(PGA_1.o)
 .debug_abbrev  0x000016d5       0xb2 .\CortexM3\ARM_GCC_541\Debug\7Seg_Display.a(Opamp_1.o)
 .debug_abbrev  0x00001787      0x16e .\CortexM3\ARM_GCC_541\Debug\7Seg_Display.a(Comp_1.o)
 .debug_abbrev  0x000018f5       0xf7 .\CortexM3\ARM_GCC_541\Debug\7Seg_Display.a(VDAC8_1.o)
 .debug_abbrev  0x000019ec      0x13a .\CortexM3\ARM_GCC_541\Debug\7Seg_Display.a(Timer_1.o)
 .debug_abbrev  0x00001b26       0xe4 .\CortexM3\ARM_GCC_541\Debug\7Seg_Display.a(Count7_1.o)
 .debug_abbrev  0x00001c0a       0x81 .\CortexM3\ARM_GCC_541\Debug\7Seg_Display.a(Control_Reg_1.o)
 .debug_abbrev  0x00001c8b      0x173 .\CortexM3\ARM_GCC_541\Debug\7Seg_Display.a(isr_3.o)
 .debug_abbrev  0x00001dfe      0x175 .\CortexM3\ARM_GCC_541\Debug\7Seg_Display.a(UART_1.o)
 .debug_abbrev  0x00001f73      0x139 .\CortexM3\ARM_GCC_541\Debug\7Seg_Display.a(UART_1_IntClock.o)
 .debug_abbrev  0x000020ac      0x12b .\CortexM3\ARM_GCC_541\Debug\7Seg_Display.a(Timer_2.o)
 .debug_abbrev  0x000021d7       0x90 .\CortexM3\ARM_GCC_541\Debug\7Seg_Display.a(Buzzer.o)
 .debug_abbrev  0x00002267      0x14e .\CortexM3\ARM_GCC_541\Debug\7Seg_Display.a(EEPROM.o)
 .debug_abbrev  0x000023b5       0x14 .\CortexM3\ARM_GCC_541\Debug\7Seg_Display.a(CyBootAsmGnu.o)
 .debug_abbrev  0x000023c9      0x1a7 .\CortexM3\ARM_GCC_541\Debug\7Seg_Display.a(CyFlash.o)
 .debug_abbrev  0x00002570      0x194 .\CortexM3\ARM_GCC_541\Debug\7Seg_Display.a(CySpc.o)

.debug_line     0x00000000     0x3536
 *(.debug_line)
 .debug_line    0x00000000      0x4b5 .\CortexM3\ARM_GCC_541\Debug\main.o
 .debug_line    0x000004b5      0x1fe .\CortexM3\ARM_GCC_541\Debug\cyfitter_cfg.o
 .debug_line    0x000006b3      0x121 .\CortexM3\ARM_GCC_541\Debug\cymetadata.o
 .debug_line    0x000007d4      0x214 .\CortexM3\ARM_GCC_541\Debug\Cm3Start.o
 .debug_line    0x000009e8       0x92 .\CortexM3\ARM_GCC_541\Debug\7Seg_Display.a(Dis_A.o)
 .debug_line    0x00000a7a       0x92 .\CortexM3\ARM_GCC_541\Debug\7Seg_Display.a(Dis_B.o)
 .debug_line    0x00000b0c       0x92 .\CortexM3\ARM_GCC_541\Debug\7Seg_Display.a(Dis_C.o)
 .debug_line    0x00000b9e       0x92 .\CortexM3\ARM_GCC_541\Debug\7Seg_Display.a(Dis_D.o)
 .debug_line    0x00000c30       0x92 .\CortexM3\ARM_GCC_541\Debug\7Seg_Display.a(Dis_E.o)
 .debug_line    0x00000cc2       0x92 .\CortexM3\ARM_GCC_541\Debug\7Seg_Display.a(Dis_F.o)
 .debug_line    0x00000d54       0x92 .\CortexM3\ARM_GCC_541\Debug\7Seg_Display.a(Dis_G.o)
 .debug_line    0x00000de6       0x93 .\CortexM3\ARM_GCC_541\Debug\7Seg_Display.a(Dis_DP.o)
 .debug_line    0x00000e79       0x93 .\CortexM3\ARM_GCC_541\Debug\7Seg_Display.a(Dis_D1.o)
 .debug_line    0x00000f0c       0x93 .\CortexM3\ARM_GCC_541\Debug\7Seg_Display.a(Dis_D2.o)
 .debug_line    0x00000f9f       0x93 .\CortexM3\ARM_GCC_541\Debug\7Seg_Display.a(Dis_D3.o)
 .debug_line    0x00001032       0x93 .\CortexM3\ARM_GCC_541\Debug\7Seg_Display.a(Dis_D4.o)
 .debug_line    0x000010c5      0x816 .\CortexM3\ARM_GCC_541\Debug\7Seg_Display.a(CyLib.o)
 .debug_line    0x000018db      0x367 .\CortexM3\ARM_GCC_541\Debug\7Seg_Display.a(cyPm.o)
 .debug_line    0x00001c42      0x132 .\CortexM3\ARM_GCC_541\Debug\7Seg_Display.a(isr_1.o)
 .debug_line    0x00001d74      0x132 .\CortexM3\ARM_GCC_541\Debug\7Seg_Display.a(isr_2.o)
 .debug_line    0x00001ea6      0x135 .\CortexM3\ARM_GCC_541\Debug\7Seg_Display.a(isr_7Seg.o)
 .debug_line    0x00001fdb       0xcc .\CortexM3\ARM_GCC_541\Debug\7Seg_Display.a(PGA_1.o)
 .debug_line    0x000020a7       0xaa .\CortexM3\ARM_GCC_541\Debug\7Seg_Display.a(Opamp_1.o)
 .debug_line    0x00002151      0x165 .\CortexM3\ARM_GCC_541\Debug\7Seg_Display.a(Comp_1.o)
 .debug_line    0x000022b6       0xe4 .\CortexM3\ARM_GCC_541\Debug\7Seg_Display.a(VDAC8_1.o)
 .debug_line    0x0000239a      0x184 .\CortexM3\ARM_GCC_541\Debug\7Seg_Display.a(Timer_1.o)
 .debug_line    0x0000251e       0xea .\CortexM3\ARM_GCC_541\Debug\7Seg_Display.a(Count7_1.o)
 .debug_line    0x00002608       0x75 .\CortexM3\ARM_GCC_541\Debug\7Seg_Display.a(Control_Reg_1.o)
 .debug_line    0x0000267d      0x132 .\CortexM3\ARM_GCC_541\Debug\7Seg_Display.a(isr_3.o)
 .debug_line    0x000027af      0x2c0 .\CortexM3\ARM_GCC_541\Debug\7Seg_Display.a(UART_1.o)
 .debug_line    0x00002a6f      0x17e .\CortexM3\ARM_GCC_541\Debug\7Seg_Display.a(UART_1_IntClock.o)
 .debug_line    0x00002bed      0x172 .\CortexM3\ARM_GCC_541\Debug\7Seg_Display.a(Timer_2.o)
 .debug_line    0x00002d5f       0x93 .\CortexM3\ARM_GCC_541\Debug\7Seg_Display.a(Buzzer.o)
 .debug_line    0x00002df2      0x264 .\CortexM3\ARM_GCC_541\Debug\7Seg_Display.a(EEPROM.o)
 .debug_line    0x00003056       0x66 .\CortexM3\ARM_GCC_541\Debug\7Seg_Display.a(CyBootAsmGnu.o)
 .debug_line    0x000030bc      0x21a .\CortexM3\ARM_GCC_541\Debug\7Seg_Display.a(CyFlash.o)
 .debug_line    0x000032d6      0x260 .\CortexM3\ARM_GCC_541\Debug\7Seg_Display.a(CySpc.o)

.debug_frame    0x00000000     0x233c
 *(.debug_frame)
 .debug_frame   0x00000000      0x1bc .\CortexM3\ARM_GCC_541\Debug\main.o
 .debug_frame   0x000001bc       0xf0 .\CortexM3\ARM_GCC_541\Debug\cyfitter_cfg.o
 .debug_frame   0x000002ac       0xb8 .\CortexM3\ARM_GCC_541\Debug\Cm3Start.o
 .debug_frame   0x00000364       0x50 .\CortexM3\ARM_GCC_541\Debug\7Seg_Display.a(Dis_A.o)
 .debug_frame   0x000003b4       0x50 .\CortexM3\ARM_GCC_541\Debug\7Seg_Display.a(Dis_B.o)
 .debug_frame   0x00000404       0x50 .\CortexM3\ARM_GCC_541\Debug\7Seg_Display.a(Dis_C.o)
 .debug_frame   0x00000454       0x50 .\CortexM3\ARM_GCC_541\Debug\7Seg_Display.a(Dis_D.o)
 .debug_frame   0x000004a4       0x50 .\CortexM3\ARM_GCC_541\Debug\7Seg_Display.a(Dis_E.o)
 .debug_frame   0x000004f4       0x50 .\CortexM3\ARM_GCC_541\Debug\7Seg_Display.a(Dis_F.o)
 .debug_frame   0x00000544       0x50 .\CortexM3\ARM_GCC_541\Debug\7Seg_Display.a(Dis_G.o)
 .debug_frame   0x00000594       0x50 .\CortexM3\ARM_GCC_541\Debug\7Seg_Display.a(Dis_DP.o)
 .debug_frame   0x000005e4       0x50 .\CortexM3\ARM_GCC_541\Debug\7Seg_Display.a(Dis_D1.o)
 .debug_frame   0x00000634       0x50 .\CortexM3\ARM_GCC_541\Debug\7Seg_Display.a(Dis_D2.o)
 .debug_frame   0x00000684       0x50 .\CortexM3\ARM_GCC_541\Debug\7Seg_Display.a(Dis_D3.o)
 .debug_frame   0x000006d4       0x50 .\CortexM3\ARM_GCC_541\Debug\7Seg_Display.a(Dis_D4.o)
 .debug_frame   0x00000724      0x738 .\CortexM3\ARM_GCC_541\Debug\7Seg_Display.a(CyLib.o)
 .debug_frame   0x00000e5c      0x1f8 .\CortexM3\ARM_GCC_541\Debug\7Seg_Display.a(cyPm.o)
 .debug_frame   0x00001054      0x104 .\CortexM3\ARM_GCC_541\Debug\7Seg_Display.a(isr_1.o)
 .debug_frame   0x00001158      0x104 .\CortexM3\ARM_GCC_541\Debug\7Seg_Display.a(isr_2.o)
 .debug_frame   0x0000125c      0x104 .\CortexM3\ARM_GCC_541\Debug\7Seg_Display.a(isr_7Seg.o)
 .debug_frame   0x00001360       0x9c .\CortexM3\ARM_GCC_541\Debug\7Seg_Display.a(PGA_1.o)
 .debug_frame   0x000013fc       0x78 .\CortexM3\ARM_GCC_541\Debug\7Seg_Display.a(Opamp_1.o)
 .debug_frame   0x00001474      0x108 .\CortexM3\ARM_GCC_541\Debug\7Seg_Display.a(Comp_1.o)
 .debug_frame   0x0000157c       0xb4 .\CortexM3\ARM_GCC_541\Debug\7Seg_Display.a(VDAC8_1.o)
 .debug_frame   0x00001630      0x134 .\CortexM3\ARM_GCC_541\Debug\7Seg_Display.a(Timer_1.o)
 .debug_frame   0x00001764       0xb4 .\CortexM3\ARM_GCC_541\Debug\7Seg_Display.a(Count7_1.o)
 .debug_frame   0x00001818       0x30 .\CortexM3\ARM_GCC_541\Debug\7Seg_Display.a(Control_Reg_1.o)
 .debug_frame   0x00001848      0x104 .\CortexM3\ARM_GCC_541\Debug\7Seg_Display.a(isr_3.o)
 .debug_frame   0x0000194c      0x250 .\CortexM3\ARM_GCC_541\Debug\7Seg_Display.a(UART_1.o)
 .debug_frame   0x00001b9c       0xe0 .\CortexM3\ARM_GCC_541\Debug\7Seg_Display.a(UART_1_IntClock.o)
 .debug_frame   0x00001c7c      0x124 .\CortexM3\ARM_GCC_541\Debug\7Seg_Display.a(Timer_2.o)
 .debug_frame   0x00001da0       0x50 .\CortexM3\ARM_GCC_541\Debug\7Seg_Display.a(Buzzer.o)
 .debug_frame   0x00001df0      0x17c .\CortexM3\ARM_GCC_541\Debug\7Seg_Display.a(EEPROM.o)
 .debug_frame   0x00001f6c      0x194 .\CortexM3\ARM_GCC_541\Debug\7Seg_Display.a(CyFlash.o)
 .debug_frame   0x00002100      0x180 .\CortexM3\ARM_GCC_541\Debug\7Seg_Display.a(CySpc.o)
 .debug_frame   0x00002280       0x20 d:/monash_apps/psoc creator/4.4/psoc creator/import/gnu/arm/5.4.1/bin/../lib/gcc/arm-none-eabi/5.4.1/../../../../arm-none-eabi/lib/armv7-m\libg_nano.a(lib_a-errno.o)
 .debug_frame   0x000022a0       0x28 d:/monash_apps/psoc creator/4.4/psoc creator/import/gnu/arm/5.4.1/bin/../lib/gcc/arm-none-eabi/5.4.1/../../../../arm-none-eabi/lib/armv7-m\libg_nano.a(lib_a-exit.o)
 .debug_frame   0x000022c8       0x2c d:/monash_apps/psoc creator/4.4/psoc creator/import/gnu/arm/5.4.1/bin/../lib/gcc/arm-none-eabi/5.4.1/../../../../arm-none-eabi/lib/armv7-m\libg_nano.a(lib_a-init.o)
 .debug_frame   0x000022f4       0x28 d:/monash_apps/psoc creator/4.4/psoc creator/import/gnu/arm/5.4.1/bin/../lib/gcc/arm-none-eabi/5.4.1/../../../../arm-none-eabi/lib/armv7-m\libg_nano.a(lib_a-memcpy-stub.o)
 .debug_frame   0x0000231c       0x20 d:/monash_apps/psoc creator/4.4/psoc creator/import/gnu/arm/5.4.1/bin/../lib/gcc/arm-none-eabi/5.4.1/../../../../arm-none-eabi/lib/armv7-m\libg_nano.a(lib_a-memset.o)

.debug_str      0x00000000     0x29e3
 *(.debug_str)
 .debug_str     0x00000000      0x599 .\CortexM3\ARM_GCC_541\Debug\main.o
                                0x60b (size before relaxing)
 .debug_str     0x00000599      0x1b0 .\CortexM3\ARM_GCC_541\Debug\cyfitter_cfg.o
                                0x37f (size before relaxing)
 .debug_str     0x00000749       0x7f .\CortexM3\ARM_GCC_541\Debug\cymetadata.o
                                0x219 (size before relaxing)
 .debug_str     0x000007c8      0x13e .\CortexM3\ARM_GCC_541\Debug\Cm3Start.o
                                0x33f (size before relaxing)
 .debug_str     0x00000906       0x5f .\CortexM3\ARM_GCC_541\Debug\7Seg_Display.a(Dis_A.o)
                                0x217 (size before relaxing)
 .debug_str     0x00000965       0x4f .\CortexM3\ARM_GCC_541\Debug\7Seg_Display.a(Dis_B.o)
                                0x217 (size before relaxing)
 .debug_str     0x000009b4       0x4f .\CortexM3\ARM_GCC_541\Debug\7Seg_Display.a(Dis_C.o)
                                0x217 (size before relaxing)
 .debug_str     0x00000a03       0x4f .\CortexM3\ARM_GCC_541\Debug\7Seg_Display.a(Dis_D.o)
                                0x217 (size before relaxing)
 .debug_str     0x00000a52       0x4f .\CortexM3\ARM_GCC_541\Debug\7Seg_Display.a(Dis_E.o)
                                0x217 (size before relaxing)
 .debug_str     0x00000aa1       0x4f .\CortexM3\ARM_GCC_541\Debug\7Seg_Display.a(Dis_F.o)
                                0x217 (size before relaxing)
 .debug_str     0x00000af0       0x4f .\CortexM3\ARM_GCC_541\Debug\7Seg_Display.a(Dis_G.o)
                                0x217 (size before relaxing)
 .debug_str     0x00000b3f       0x53 .\CortexM3\ARM_GCC_541\Debug\7Seg_Display.a(Dis_DP.o)
                                0x21c (size before relaxing)
 .debug_str     0x00000b92       0x53 .\CortexM3\ARM_GCC_541\Debug\7Seg_Display.a(Dis_D1.o)
                                0x21c (size before relaxing)
 .debug_str     0x00000be5       0x53 .\CortexM3\ARM_GCC_541\Debug\7Seg_Display.a(Dis_D2.o)
                                0x21c (size before relaxing)
 .debug_str     0x00000c38       0x53 .\CortexM3\ARM_GCC_541\Debug\7Seg_Display.a(Dis_D3.o)
                                0x21c (size before relaxing)
 .debug_str     0x00000c8b       0x53 .\CortexM3\ARM_GCC_541\Debug\7Seg_Display.a(Dis_D4.o)
                                0x21c (size before relaxing)
 .debug_str     0x00000cde      0x831 .\CortexM3\ARM_GCC_541\Debug\7Seg_Display.a(CyLib.o)
                                0xa7c (size before relaxing)
 .debug_str     0x0000150f      0x365 .\CortexM3\ARM_GCC_541\Debug\7Seg_Display.a(cyPm.o)
                                0x768 (size before relaxing)
 .debug_str     0x00001874       0xc5 .\CortexM3\ARM_GCC_541\Debug\7Seg_Display.a(isr_1.o)
                                0x2db (size before relaxing)
 .debug_str     0x00001939       0xc5 .\CortexM3\ARM_GCC_541\Debug\7Seg_Display.a(isr_2.o)
                                0x2db (size before relaxing)
 .debug_str     0x000019fe       0xe9 .\CortexM3\ARM_GCC_541\Debug\7Seg_Display.a(isr_7Seg.o)
                                0x305 (size before relaxing)
 .debug_str     0x00001ae7       0x9d .\CortexM3\ARM_GCC_541\Debug\7Seg_Display.a(PGA_1.o)
                                0x264 (size before relaxing)
 .debug_str     0x00001b84       0x6b .\CortexM3\ARM_GCC_541\Debug\7Seg_Display.a(Opamp_1.o)
                                0x23a (size before relaxing)
 .debug_str     0x00001bef      0x127 .\CortexM3\ARM_GCC_541\Debug\7Seg_Display.a(Comp_1.o)
                                0x30d (size before relaxing)
 .debug_str     0x00001d16       0xa3 .\CortexM3\ARM_GCC_541\Debug\7Seg_Display.a(VDAC8_1.o)
                                0x268 (size before relaxing)
 .debug_str     0x00001db9      0x165 .\CortexM3\ARM_GCC_541\Debug\7Seg_Display.a(Timer_1.o)
                                0x3bd (size before relaxing)
 .debug_str     0x00001f1e       0xb3 .\CortexM3\ARM_GCC_541\Debug\7Seg_Display.a(Count7_1.o)
                                0x2c6 (size before relaxing)
 .debug_str     0x00001fd1       0x3a .\CortexM3\ARM_GCC_541\Debug\7Seg_Display.a(Control_Reg_1.o)
                                0x1fc (size before relaxing)
 .debug_str     0x0000200b       0xc5 .\CortexM3\ARM_GCC_541\Debug\7Seg_Display.a(isr_3.o)
                                0x2db (size before relaxing)
 .debug_str     0x000020d0      0x2bd .\CortexM3\ARM_GCC_541\Debug\7Seg_Display.a(UART_1.o)
                                0x4e8 (size before relaxing)
 .debug_str     0x0000238d      0x197 .\CortexM3\ARM_GCC_541\Debug\7Seg_Display.a(UART_1_IntClock.o)
                                0x383 (size before relaxing)
 .debug_str     0x00002524      0x12c .\CortexM3\ARM_GCC_541\Debug\7Seg_Display.a(Timer_2.o)
                                0x394 (size before relaxing)
 .debug_str     0x00002650       0x53 .\CortexM3\ARM_GCC_541\Debug\7Seg_Display.a(Buzzer.o)
                                0x21c (size before relaxing)
 .debug_str     0x000026a3      0x1b8 .\CortexM3\ARM_GCC_541\Debug\7Seg_Display.a(EEPROM.o)
                                0x3f7 (size before relaxing)
 .debug_str     0x0000285b      0x11a .\CortexM3\ARM_GCC_541\Debug\7Seg_Display.a(CyFlash.o)
                                0x3f5 (size before relaxing)
 .debug_str     0x00002975       0x6e .\CortexM3\ARM_GCC_541\Debug\7Seg_Display.a(CySpc.o)
                                0x36d (size before relaxing)

.debug_loc      0x00000000     0x2cae
 *(.debug_loc)
 .debug_loc     0x00000000      0x2f3 .\CortexM3\ARM_GCC_541\Debug\main.o
 .debug_loc     0x000002f3      0x288 .\CortexM3\ARM_GCC_541\Debug\cyfitter_cfg.o
 .debug_loc     0x0000057b      0x144 .\CortexM3\ARM_GCC_541\Debug\Cm3Start.o
 .debug_loc     0x000006bf       0x42 .\CortexM3\ARM_GCC_541\Debug\7Seg_Display.a(Dis_A.o)
 .debug_loc     0x00000701       0x42 .\CortexM3\ARM_GCC_541\Debug\7Seg_Display.a(Dis_B.o)
 .debug_loc     0x00000743       0x42 .\CortexM3\ARM_GCC_541\Debug\7Seg_Display.a(Dis_C.o)
 .debug_loc     0x00000785       0x42 .\CortexM3\ARM_GCC_541\Debug\7Seg_Display.a(Dis_D.o)
 .debug_loc     0x000007c7       0x42 .\CortexM3\ARM_GCC_541\Debug\7Seg_Display.a(Dis_E.o)
 .debug_loc     0x00000809       0x42 .\CortexM3\ARM_GCC_541\Debug\7Seg_Display.a(Dis_F.o)
 .debug_loc     0x0000084b       0x42 .\CortexM3\ARM_GCC_541\Debug\7Seg_Display.a(Dis_G.o)
 .debug_loc     0x0000088d       0x42 .\CortexM3\ARM_GCC_541\Debug\7Seg_Display.a(Dis_DP.o)
 .debug_loc     0x000008cf       0x42 .\CortexM3\ARM_GCC_541\Debug\7Seg_Display.a(Dis_D1.o)
 .debug_loc     0x00000911       0x42 .\CortexM3\ARM_GCC_541\Debug\7Seg_Display.a(Dis_D2.o)
 .debug_loc     0x00000953       0x42 .\CortexM3\ARM_GCC_541\Debug\7Seg_Display.a(Dis_D3.o)
 .debug_loc     0x00000995       0x42 .\CortexM3\ARM_GCC_541\Debug\7Seg_Display.a(Dis_D4.o)
 .debug_loc     0x000009d7      0xa11 .\CortexM3\ARM_GCC_541\Debug\7Seg_Display.a(CyLib.o)
 .debug_loc     0x000013e8      0x1e4 .\CortexM3\ARM_GCC_541\Debug\7Seg_Display.a(cyPm.o)
 .debug_loc     0x000015cc       0x56 .\CortexM3\ARM_GCC_541\Debug\7Seg_Display.a(isr_1.o)
 .debug_loc     0x00001622       0x56 .\CortexM3\ARM_GCC_541\Debug\7Seg_Display.a(isr_2.o)
 .debug_loc     0x00001678       0x56 .\CortexM3\ARM_GCC_541\Debug\7Seg_Display.a(isr_7Seg.o)
 .debug_loc     0x000016ce       0x60 .\CortexM3\ARM_GCC_541\Debug\7Seg_Display.a(PGA_1.o)
 .debug_loc     0x0000172e       0x21 .\CortexM3\ARM_GCC_541\Debug\7Seg_Display.a(Opamp_1.o)
 .debug_loc     0x0000174f       0xed .\CortexM3\ARM_GCC_541\Debug\7Seg_Display.a(Comp_1.o)
 .debug_loc     0x0000183c       0x79 .\CortexM3\ARM_GCC_541\Debug\7Seg_Display.a(VDAC8_1.o)
 .debug_loc     0x000018b5       0x31 .\CortexM3\ARM_GCC_541\Debug\7Seg_Display.a(Timer_1.o)
 .debug_loc     0x000018e6       0x47 .\CortexM3\ARM_GCC_541\Debug\7Seg_Display.a(Count7_1.o)
 .debug_loc     0x0000192d       0x56 .\CortexM3\ARM_GCC_541\Debug\7Seg_Display.a(isr_3.o)
 .debug_loc     0x00001983      0x258 .\CortexM3\ARM_GCC_541\Debug\7Seg_Display.a(UART_1.o)
 .debug_loc     0x00001bdb      0x128 .\CortexM3\ARM_GCC_541\Debug\7Seg_Display.a(UART_1_IntClock.o)
 .debug_loc     0x00001d03       0x13 .\CortexM3\ARM_GCC_541\Debug\7Seg_Display.a(Timer_2.o)
 .debug_loc     0x00001d16       0x42 .\CortexM3\ARM_GCC_541\Debug\7Seg_Display.a(Buzzer.o)
 .debug_loc     0x00001d58      0x49f .\CortexM3\ARM_GCC_541\Debug\7Seg_Display.a(EEPROM.o)
 .debug_loc     0x000021f7      0x3b2 .\CortexM3\ARM_GCC_541\Debug\7Seg_Display.a(CyFlash.o)
 .debug_loc     0x000025a9      0x705 .\CortexM3\ARM_GCC_541\Debug\7Seg_Display.a(CySpc.o)

.debug_macinfo
 *(.debug_macinfo)

.debug_ranges   0x00000000      0xd00
 *(.debug_ranges)
 .debug_ranges  0x00000000       0x98 .\CortexM3\ARM_GCC_541\Debug\main.o
 .debug_ranges  0x00000098       0x48 .\CortexM3\ARM_GCC_541\Debug\cyfitter_cfg.o
 .debug_ranges  0x000000e0       0x38 .\CortexM3\ARM_GCC_541\Debug\Cm3Start.o
 .debug_ranges  0x00000118       0x28 .\CortexM3\ARM_GCC_541\Debug\7Seg_Display.a(Dis_A.o)
 .debug_ranges  0x00000140       0x28 .\CortexM3\ARM_GCC_541\Debug\7Seg_Display.a(Dis_B.o)
 .debug_ranges  0x00000168       0x28 .\CortexM3\ARM_GCC_541\Debug\7Seg_Display.a(Dis_C.o)
 .debug_ranges  0x00000190       0x28 .\CortexM3\ARM_GCC_541\Debug\7Seg_Display.a(Dis_D.o)
 .debug_ranges  0x000001b8       0x28 .\CortexM3\ARM_GCC_541\Debug\7Seg_Display.a(Dis_E.o)
 .debug_ranges  0x000001e0       0x28 .\CortexM3\ARM_GCC_541\Debug\7Seg_Display.a(Dis_F.o)
 .debug_ranges  0x00000208       0x28 .\CortexM3\ARM_GCC_541\Debug\7Seg_Display.a(Dis_G.o)
 .debug_ranges  0x00000230       0x28 .\CortexM3\ARM_GCC_541\Debug\7Seg_Display.a(Dis_DP.o)
 .debug_ranges  0x00000258       0x28 .\CortexM3\ARM_GCC_541\Debug\7Seg_Display.a(Dis_D1.o)
 .debug_ranges  0x00000280       0x28 .\CortexM3\ARM_GCC_541\Debug\7Seg_Display.a(Dis_D2.o)
 .debug_ranges  0x000002a8       0x28 .\CortexM3\ARM_GCC_541\Debug\7Seg_Display.a(Dis_D3.o)
 .debug_ranges  0x000002d0       0x28 .\CortexM3\ARM_GCC_541\Debug\7Seg_Display.a(Dis_D4.o)
 .debug_ranges  0x000002f8      0x290 .\CortexM3\ARM_GCC_541\Debug\7Seg_Display.a(CyLib.o)
 .debug_ranges  0x00000588       0x88 .\CortexM3\ARM_GCC_541\Debug\7Seg_Display.a(cyPm.o)
 .debug_ranges  0x00000610       0x70 .\CortexM3\ARM_GCC_541\Debug\7Seg_Display.a(isr_1.o)
 .debug_ranges  0x00000680       0x70 .\CortexM3\ARM_GCC_541\Debug\7Seg_Display.a(isr_2.o)
 .debug_ranges  0x000006f0       0x70 .\CortexM3\ARM_GCC_541\Debug\7Seg_Display.a(isr_7Seg.o)
 .debug_ranges  0x00000760       0x38 .\CortexM3\ARM_GCC_541\Debug\7Seg_Display.a(PGA_1.o)
 .debug_ranges  0x00000798       0x30 .\CortexM3\ARM_GCC_541\Debug\7Seg_Display.a(Opamp_1.o)
 .debug_ranges  0x000007c8       0x60 .\CortexM3\ARM_GCC_541\Debug\7Seg_Display.a(Comp_1.o)
 .debug_ranges  0x00000828       0x48 .\CortexM3\ARM_GCC_541\Debug\7Seg_Display.a(VDAC8_1.o)
 .debug_ranges  0x00000870       0x88 .\CortexM3\ARM_GCC_541\Debug\7Seg_Display.a(Timer_1.o)
 .debug_ranges  0x000008f8       0x48 .\CortexM3\ARM_GCC_541\Debug\7Seg_Display.a(Count7_1.o)
 .debug_ranges  0x00000940       0x18 .\CortexM3\ARM_GCC_541\Debug\7Seg_Display.a(Control_Reg_1.o)
 .debug_ranges  0x00000958       0x70 .\CortexM3\ARM_GCC_541\Debug\7Seg_Display.a(isr_3.o)
 .debug_ranges  0x000009c8       0xe0 .\CortexM3\ARM_GCC_541\Debug\7Seg_Display.a(UART_1.o)
 .debug_ranges  0x00000aa8       0x60 .\CortexM3\ARM_GCC_541\Debug\7Seg_Display.a(UART_1_IntClock.o)
 .debug_ranges  0x00000b08       0x80 .\CortexM3\ARM_GCC_541\Debug\7Seg_Display.a(Timer_2.o)
 .debug_ranges  0x00000b88       0x28 .\CortexM3\ARM_GCC_541\Debug\7Seg_Display.a(Buzzer.o)
 .debug_ranges  0x00000bb0       0x68 .\CortexM3\ARM_GCC_541\Debug\7Seg_Display.a(EEPROM.o)
 .debug_ranges  0x00000c18       0x78 .\CortexM3\ARM_GCC_541\Debug\7Seg_Display.a(CyFlash.o)
 .debug_ranges  0x00000c90       0x70 .\CortexM3\ARM_GCC_541\Debug\7Seg_Display.a(CySpc.o)

.comment        0x00000000       0x6e
 .comment       0x00000000       0x6e .\CortexM3\ARM_GCC_541\Debug\main.o
                                 0x6f (size before relaxing)
 .comment       0x0000006e       0x6f .\CortexM3\ARM_GCC_541\Debug\cyfitter_cfg.o
 .comment       0x0000006e       0x6f .\CortexM3\ARM_GCC_541\Debug\cymetadata.o
 .comment       0x0000006e       0x6f .\CortexM3\ARM_GCC_541\Debug\Cm3Start.o
 .comment       0x0000006e       0x6f .\CortexM3\ARM_GCC_541\Debug\7Seg_Display.a(Dis_A.o)
 .comment       0x0000006e       0x6f .\CortexM3\ARM_GCC_541\Debug\7Seg_Display.a(Dis_B.o)
 .comment       0x0000006e       0x6f .\CortexM3\ARM_GCC_541\Debug\7Seg_Display.a(Dis_C.o)
 .comment       0x0000006e       0x6f .\CortexM3\ARM_GCC_541\Debug\7Seg_Display.a(Dis_D.o)
 .comment       0x0000006e       0x6f .\CortexM3\ARM_GCC_541\Debug\7Seg_Display.a(Dis_E.o)
 .comment       0x0000006e       0x6f .\CortexM3\ARM_GCC_541\Debug\7Seg_Display.a(Dis_F.o)
 .comment       0x0000006e       0x6f .\CortexM3\ARM_GCC_541\Debug\7Seg_Display.a(Dis_G.o)
 .comment       0x0000006e       0x6f .\CortexM3\ARM_GCC_541\Debug\7Seg_Display.a(Dis_DP.o)
 .comment       0x0000006e       0x6f .\CortexM3\ARM_GCC_541\Debug\7Seg_Display.a(Dis_D1.o)
 .comment       0x0000006e       0x6f .\CortexM3\ARM_GCC_541\Debug\7Seg_Display.a(Dis_D2.o)
 .comment       0x0000006e       0x6f .\CortexM3\ARM_GCC_541\Debug\7Seg_Display.a(Dis_D3.o)
 .comment       0x0000006e       0x6f .\CortexM3\ARM_GCC_541\Debug\7Seg_Display.a(Dis_D4.o)
 .comment       0x0000006e       0x6f .\CortexM3\ARM_GCC_541\Debug\7Seg_Display.a(CyLib.o)
 .comment       0x0000006e       0x6f .\CortexM3\ARM_GCC_541\Debug\7Seg_Display.a(cyPm.o)
 .comment       0x0000006e       0x6f .\CortexM3\ARM_GCC_541\Debug\7Seg_Display.a(isr_1.o)
 .comment       0x0000006e       0x6f .\CortexM3\ARM_GCC_541\Debug\7Seg_Display.a(isr_2.o)
 .comment       0x0000006e       0x6f .\CortexM3\ARM_GCC_541\Debug\7Seg_Display.a(isr_7Seg.o)
 .comment       0x0000006e       0x6f .\CortexM3\ARM_GCC_541\Debug\7Seg_Display.a(PGA_1.o)
 .comment       0x0000006e       0x6f .\CortexM3\ARM_GCC_541\Debug\7Seg_Display.a(Opamp_1.o)
 .comment       0x0000006e       0x6f .\CortexM3\ARM_GCC_541\Debug\7Seg_Display.a(Comp_1.o)
 .comment       0x0000006e       0x6f .\CortexM3\ARM_GCC_541\Debug\7Seg_Display.a(VDAC8_1.o)
 .comment       0x0000006e       0x6f .\CortexM3\ARM_GCC_541\Debug\7Seg_Display.a(Timer_1.o)
 .comment       0x0000006e       0x6f .\CortexM3\ARM_GCC_541\Debug\7Seg_Display.a(Count7_1.o)
 .comment       0x0000006e       0x6f .\CortexM3\ARM_GCC_541\Debug\7Seg_Display.a(Control_Reg_1.o)
 .comment       0x0000006e       0x6f .\CortexM3\ARM_GCC_541\Debug\7Seg_Display.a(isr_3.o)
 .comment       0x0000006e       0x6f .\CortexM3\ARM_GCC_541\Debug\7Seg_Display.a(UART_1.o)
 .comment       0x0000006e       0x6f .\CortexM3\ARM_GCC_541\Debug\7Seg_Display.a(UART_1_IntClock.o)
 .comment       0x0000006e       0x6f .\CortexM3\ARM_GCC_541\Debug\7Seg_Display.a(Timer_2.o)
 .comment       0x0000006e       0x6f .\CortexM3\ARM_GCC_541\Debug\7Seg_Display.a(Buzzer.o)
 .comment       0x0000006e       0x6f .\CortexM3\ARM_GCC_541\Debug\7Seg_Display.a(EEPROM.o)
 .comment       0x0000006e       0x6f .\CortexM3\ARM_GCC_541\Debug\7Seg_Display.a(CyFlash.o)
 .comment       0x0000006e       0x6f .\CortexM3\ARM_GCC_541\Debug\7Seg_Display.a(CySpc.o)

.debug_weaknames
 *(.debug_weaknames)

.debug_funcnames
 *(.debug_funcnames)

.debug_typenames
 *(.debug_typenames)

.debug_varnames
 *(.debug_varnames)

.note.gnu.arm.ident
 *(.note.gnu.arm.ident)

.ARM.attributes
                0x00000000       0x29
 *(.ARM.attributes)
 .ARM.attributes
                0x00000000       0x1d d:/monash_apps/psoc creator/4.4/psoc creator/import/gnu/arm/5.4.1/bin/../lib/gcc/arm-none-eabi/5.4.1/armv7-m/crti.o
 .ARM.attributes
                0x0000001d       0x2d d:/monash_apps/psoc creator/4.4/psoc creator/import/gnu/arm/5.4.1/bin/../lib/gcc/arm-none-eabi/5.4.1/armv7-m/crtbegin.o
 .ARM.attributes
                0x0000004a       0x1b d:/monash_apps/psoc creator/4.4/psoc creator/import/gnu/arm/5.4.1/bin/../lib/gcc/arm-none-eabi/5.4.1/../../../../arm-none-eabi/lib/armv7-m/crt0.o
 .ARM.attributes
                0x00000065       0x33 .\CortexM3\ARM_GCC_541\Debug\main.o
 .ARM.attributes
                0x00000098       0x33 .\CortexM3\ARM_GCC_541\Debug\cyfitter_cfg.o
 .ARM.attributes
                0x000000cb       0x33 .\CortexM3\ARM_GCC_541\Debug\cymetadata.o
 .ARM.attributes
                0x000000fe       0x33 .\CortexM3\ARM_GCC_541\Debug\Cm3Start.o
 .ARM.attributes
                0x00000131       0x33 .\CortexM3\ARM_GCC_541\Debug\7Seg_Display.a(Dis_A.o)
 .ARM.attributes
                0x00000164       0x33 .\CortexM3\ARM_GCC_541\Debug\7Seg_Display.a(Dis_B.o)
 .ARM.attributes
                0x00000197       0x33 .\CortexM3\ARM_GCC_541\Debug\7Seg_Display.a(Dis_C.o)
 .ARM.attributes
                0x000001ca       0x33 .\CortexM3\ARM_GCC_541\Debug\7Seg_Display.a(Dis_D.o)
 .ARM.attributes
                0x000001fd       0x33 .\CortexM3\ARM_GCC_541\Debug\7Seg_Display.a(Dis_E.o)
 .ARM.attributes
                0x00000230       0x33 .\CortexM3\ARM_GCC_541\Debug\7Seg_Display.a(Dis_F.o)
 .ARM.attributes
                0x00000263       0x33 .\CortexM3\ARM_GCC_541\Debug\7Seg_Display.a(Dis_G.o)
 .ARM.attributes
                0x00000296       0x33 .\CortexM3\ARM_GCC_541\Debug\7Seg_Display.a(Dis_DP.o)
 .ARM.attributes
                0x000002c9       0x33 .\CortexM3\ARM_GCC_541\Debug\7Seg_Display.a(Dis_D1.o)
 .ARM.attributes
                0x000002fc       0x33 .\CortexM3\ARM_GCC_541\Debug\7Seg_Display.a(Dis_D2.o)
 .ARM.attributes
                0x0000032f       0x33 .\CortexM3\ARM_GCC_541\Debug\7Seg_Display.a(Dis_D3.o)
 .ARM.attributes
                0x00000362       0x33 .\CortexM3\ARM_GCC_541\Debug\7Seg_Display.a(Dis_D4.o)
 .ARM.attributes
                0x00000395       0x33 .\CortexM3\ARM_GCC_541\Debug\7Seg_Display.a(CyLib.o)
 .ARM.attributes
                0x000003c8       0x33 .\CortexM3\ARM_GCC_541\Debug\7Seg_Display.a(cyPm.o)
 .ARM.attributes
                0x000003fb       0x33 .\CortexM3\ARM_GCC_541\Debug\7Seg_Display.a(isr_1.o)
 .ARM.attributes
                0x0000042e       0x33 .\CortexM3\ARM_GCC_541\Debug\7Seg_Display.a(isr_2.o)
 .ARM.attributes
                0x00000461       0x33 .\CortexM3\ARM_GCC_541\Debug\7Seg_Display.a(isr_7Seg.o)
 .ARM.attributes
                0x00000494       0x33 .\CortexM3\ARM_GCC_541\Debug\7Seg_Display.a(PGA_1.o)
 .ARM.attributes
                0x000004c7       0x33 .\CortexM3\ARM_GCC_541\Debug\7Seg_Display.a(Opamp_1.o)
 .ARM.attributes
                0x000004fa       0x33 .\CortexM3\ARM_GCC_541\Debug\7Seg_Display.a(Comp_1.o)
 .ARM.attributes
                0x0000052d       0x33 .\CortexM3\ARM_GCC_541\Debug\7Seg_Display.a(VDAC8_1.o)
 .ARM.attributes
                0x00000560       0x33 .\CortexM3\ARM_GCC_541\Debug\7Seg_Display.a(Timer_1.o)
 .ARM.attributes
                0x00000593       0x33 .\CortexM3\ARM_GCC_541\Debug\7Seg_Display.a(Count7_1.o)
 .ARM.attributes
                0x000005c6       0x33 .\CortexM3\ARM_GCC_541\Debug\7Seg_Display.a(Control_Reg_1.o)
 .ARM.attributes
                0x000005f9       0x33 .\CortexM3\ARM_GCC_541\Debug\7Seg_Display.a(isr_3.o)
 .ARM.attributes
                0x0000062c       0x33 .\CortexM3\ARM_GCC_541\Debug\7Seg_Display.a(UART_1.o)
 .ARM.attributes
                0x0000065f       0x33 .\CortexM3\ARM_GCC_541\Debug\7Seg_Display.a(UART_1_IntClock.o)
 .ARM.attributes
                0x00000692       0x33 .\CortexM3\ARM_GCC_541\Debug\7Seg_Display.a(Timer_2.o)
 .ARM.attributes
                0x000006c5       0x33 .\CortexM3\ARM_GCC_541\Debug\7Seg_Display.a(Buzzer.o)
 .ARM.attributes
                0x000006f8       0x33 .\CortexM3\ARM_GCC_541\Debug\7Seg_Display.a(EEPROM.o)
 .ARM.attributes
                0x0000072b       0x21 .\CortexM3\ARM_GCC_541\Debug\7Seg_Display.a(CyBootAsmGnu.o)
 .ARM.attributes
                0x0000074c       0x33 .\CortexM3\ARM_GCC_541\Debug\7Seg_Display.a(CyFlash.o)
 .ARM.attributes
                0x0000077f       0x33 .\CortexM3\ARM_GCC_541\Debug\7Seg_Display.a(CySpc.o)
 .ARM.attributes
                0x000007b2       0x1d d:/monash_apps/psoc creator/4.4/psoc creator/import/gnu/arm/5.4.1/bin/../lib/gcc/arm-none-eabi/5.4.1/armv7-m\libgcc.a(_arm_addsubdf3.o)
 .ARM.attributes
                0x000007cf       0x1d d:/monash_apps/psoc creator/4.4/psoc creator/import/gnu/arm/5.4.1/bin/../lib/gcc/arm-none-eabi/5.4.1/armv7-m\libgcc.a(_arm_muldivdf3.o)
 .ARM.attributes
                0x000007ec       0x1d d:/monash_apps/psoc creator/4.4/psoc creator/import/gnu/arm/5.4.1/bin/../lib/gcc/arm-none-eabi/5.4.1/armv7-m\libgcc.a(_arm_cmpdf2.o)
 .ARM.attributes
                0x00000809       0x1d d:/monash_apps/psoc creator/4.4/psoc creator/import/gnu/arm/5.4.1/bin/../lib/gcc/arm-none-eabi/5.4.1/armv7-m\libgcc.a(_arm_fixdfsi.o)
 .ARM.attributes
                0x00000826       0x2d d:/monash_apps/psoc creator/4.4/psoc creator/import/gnu/arm/5.4.1/bin/../lib/gcc/arm-none-eabi/5.4.1/../../../../arm-none-eabi/lib/armv7-m\libg_nano.a(lib_a-errno.o)
 .ARM.attributes
                0x00000853       0x2d d:/monash_apps/psoc creator/4.4/psoc creator/import/gnu/arm/5.4.1/bin/../lib/gcc/arm-none-eabi/5.4.1/../../../../arm-none-eabi/lib/armv7-m\libg_nano.a(lib_a-exit.o)
 .ARM.attributes
                0x00000880       0x2d d:/monash_apps/psoc creator/4.4/psoc creator/import/gnu/arm/5.4.1/bin/../lib/gcc/arm-none-eabi/5.4.1/../../../../arm-none-eabi/lib/armv7-m\libg_nano.a(lib_a-impure.o)
 .ARM.attributes
                0x000008ad       0x2d d:/monash_apps/psoc creator/4.4/psoc creator/import/gnu/arm/5.4.1/bin/../lib/gcc/arm-none-eabi/5.4.1/../../../../arm-none-eabi/lib/armv7-m\libg_nano.a(lib_a-init.o)
 .ARM.attributes
                0x000008da       0x2d d:/monash_apps/psoc creator/4.4/psoc creator/import/gnu/arm/5.4.1/bin/../lib/gcc/arm-none-eabi/5.4.1/../../../../arm-none-eabi/lib/armv7-m\libg_nano.a(lib_a-memcpy-stub.o)
 .ARM.attributes
                0x00000907       0x2d d:/monash_apps/psoc creator/4.4/psoc creator/import/gnu/arm/5.4.1/bin/../lib/gcc/arm-none-eabi/5.4.1/../../../../arm-none-eabi/lib/armv7-m\libg_nano.a(lib_a-memset.o)
 .ARM.attributes
                0x00000934       0x2d d:/monash_apps/psoc creator/4.4/psoc creator/import/gnu/arm/5.4.1/bin/../lib/gcc/arm-none-eabi/5.4.1/armv7-m/crtend.o
 .ARM.attributes
                0x00000961       0x1d d:/monash_apps/psoc creator/4.4/psoc creator/import/gnu/arm/5.4.1/bin/../lib/gcc/arm-none-eabi/5.4.1/armv7-m/crtn.o

/DISCARD/
 *(.note.GNU-stack)
OUTPUT(D:\Monash\Y3S2\TRC3500\TRC3500-Lab\Project 3 Ultrasonic Distance Meter-20240427\Project3_Ultrasonic\7Seg_Display.cydsn\CortexM3\ARM_GCC_541\Debug\7Seg_Display.elf elf32-littlearm)
