Archive member included to satisfy reference by file (symbol)

.\CortexM3\ARM_GCC_541\Debug\7Seg_Display.a(Dis_A.o)
                              .\CortexM3\ARM_GCC_541\Debug\main.o (Dis_A_Write)
.\CortexM3\ARM_GCC_541\Debug\7Seg_Display.a(Dis_B.o)
                              .\CortexM3\ARM_GCC_541\Debug\main.o (Dis_B_Write)
.\CortexM3\ARM_GCC_541\Debug\7Seg_Display.a(Dis_C.o)
                              .\CortexM3\ARM_GCC_541\Debug\main.o (Dis_C_Write)
.\CortexM3\ARM_GCC_541\Debug\7Seg_Display.a(Dis_D.o)
                              .\CortexM3\ARM_GCC_541\Debug\main.o (Dis_D_Write)
.\CortexM3\ARM_GCC_541\Debug\7Seg_Display.a(Dis_E.o)
                              .\CortexM3\ARM_GCC_541\Debug\main.o (Dis_E_Write)
.\CortexM3\ARM_GCC_541\Debug\7Seg_Display.a(Dis_F.o)
                              .\CortexM3\ARM_GCC_541\Debug\main.o (Dis_F_Write)
.\CortexM3\ARM_GCC_541\Debug\7Seg_Display.a(Dis_G.o)
                              .\CortexM3\ARM_GCC_541\Debug\main.o (Dis_G_Write)
.\CortexM3\ARM_GCC_541\Debug\7Seg_Display.a(Dis_DP.o)
                              .\CortexM3\ARM_GCC_541\Debug\main.o (Dis_DP_Write)
.\CortexM3\ARM_GCC_541\Debug\7Seg_Display.a(Dis_D1.o)
                              .\CortexM3\ARM_GCC_541\Debug\main.o (Dis_D1_Write)
.\CortexM3\ARM_GCC_541\Debug\7Seg_Display.a(Dis_D2.o)
                              .\CortexM3\ARM_GCC_541\Debug\main.o (Dis_D2_Write)
.\CortexM3\ARM_GCC_541\Debug\7Seg_Display.a(Dis_D3.o)
                              .\CortexM3\ARM_GCC_541\Debug\main.o (Dis_D3_Write)
.\CortexM3\ARM_GCC_541\Debug\7Seg_Display.a(Dis_D4.o)
                              .\CortexM3\ARM_GCC_541\Debug\main.o (Dis_D4_Write)
.\CortexM3\ARM_GCC_541\Debug\7Seg_Display.a(CyLib.o)
                              .\CortexM3\ARM_GCC_541\Debug\Cm3Start.o (CyHalt)
.\CortexM3\ARM_GCC_541\Debug\7Seg_Display.a(cyPm.o)
                              .\CortexM3\ARM_GCC_541\Debug\7Seg_Display.a(CyLib.o) (CyPmReadStatus)
.\CortexM3\ARM_GCC_541\Debug\7Seg_Display.a(isr_7Seg.o)
                              .\CortexM3\ARM_GCC_541\Debug\main.o (isr_7Seg_StartEx)
.\CortexM3\ARM_GCC_541\Debug\7Seg_Display.a(LED1_Red.o)
                              .\CortexM3\ARM_GCC_541\Debug\main.o (LED1_Red_Write)
.\CortexM3\ARM_GCC_541\Debug\7Seg_Display.a(LED3_Green.o)
                              .\CortexM3\ARM_GCC_541\Debug\main.o (LED3_Green_Write)
.\CortexM3\ARM_GCC_541\Debug\7Seg_Display.a(Button_S4_Right.o)
                              .\CortexM3\ARM_GCC_541\Debug\main.o (Button_S4_Right_Read)
.\CortexM3\ARM_GCC_541\Debug\7Seg_Display.a(Button_S5_Select.o)
                              .\CortexM3\ARM_GCC_541\Debug\main.o (Button_S5_Select_Read)
.\CortexM3\ARM_GCC_541\Debug\7Seg_Display.a(LED2_Yellow.o)
                              .\CortexM3\ARM_GCC_541\Debug\main.o (LED2_Yellow_Write)
.\CortexM3\ARM_GCC_541\Debug\7Seg_Display.a(Button_S2_Left.o)
                              .\CortexM3\ARM_GCC_541\Debug\main.o (Button_S2_Left_Read)
.\CortexM3\ARM_GCC_541\Debug\7Seg_Display.a(PGA_1.o)
                              .\CortexM3\ARM_GCC_541\Debug\main.o (PGA_1_Start)
.\CortexM3\ARM_GCC_541\Debug\7Seg_Display.a(Opamp_1.o)
                              .\CortexM3\ARM_GCC_541\Debug\main.o (Opamp_1_Start)
.\CortexM3\ARM_GCC_541\Debug\7Seg_Display.a(Comp_1.o)
                              .\CortexM3\ARM_GCC_541\Debug\main.o (Comp_1_Start)
.\CortexM3\ARM_GCC_541\Debug\7Seg_Display.a(VDAC8_1.o)
                              .\CortexM3\ARM_GCC_541\Debug\main.o (VDAC8_1_Start)
.\CortexM3\ARM_GCC_541\Debug\7Seg_Display.a(Timer_1.o)
                              .\CortexM3\ARM_GCC_541\Debug\main.o (Timer_1_Stop)
.\CortexM3\ARM_GCC_541\Debug\7Seg_Display.a(Count7_1.o)
                              .\CortexM3\ARM_GCC_541\Debug\main.o (Count7_1_Start)
.\CortexM3\ARM_GCC_541\Debug\7Seg_Display.a(Control_Reg_1.o)
                              .\CortexM3\ARM_GCC_541\Debug\main.o (Control_Reg_1_Write)
.\CortexM3\ARM_GCC_541\Debug\7Seg_Display.a(UART_1.o)
                              .\CortexM3\ARM_GCC_541\Debug\main.o (UART_1_Start)
.\CortexM3\ARM_GCC_541\Debug\7Seg_Display.a(UART_1_IntClock.o)
                              .\CortexM3\ARM_GCC_541\Debug\7Seg_Display.a(UART_1.o) (UART_1_IntClock_Start)
.\CortexM3\ARM_GCC_541\Debug\7Seg_Display.a(Timer_2.o)
                              .\CortexM3\ARM_GCC_541\Debug\main.o (Timer_2_SetInterruptMode)
.\CortexM3\ARM_GCC_541\Debug\7Seg_Display.a(Buzzer.o)
                              .\CortexM3\ARM_GCC_541\Debug\main.o (Buzzer_Write)
.\CortexM3\ARM_GCC_541\Debug\7Seg_Display.a(EEPROM.o)
                              .\CortexM3\ARM_GCC_541\Debug\main.o (EEPROM_Start)
.\CortexM3\ARM_GCC_541\Debug\7Seg_Display.a(isr_6.o)
                              .\CortexM3\ARM_GCC_541\Debug\main.o (isr_6_StartEx)
.\CortexM3\ARM_GCC_541\Debug\7Seg_Display.a(Button_S5_Select_State.o)
                              .\CortexM3\ARM_GCC_541\Debug\main.o (Button_S5_Select_State_Read)
[...]
Memory Configuration

Name             Origin             Length             Attributes
rom              0x00000000         0x00040000         xr
ram              0x1fff8000         0x00010000         xrw
*default*        0x00000000         0xffffffff

Linker script and memory map

LOAD d:/monash_apps/psoc creator/4.4/psoc creator/import/gnu/arm/5.4.1/bin/../lib/gcc/arm-none-eabi/5.4.1/armv7-m/crti.o
LOAD d:/monash_apps/psoc creator/4.4/psoc creator/import/gnu/arm/5.4.1/bin/../lib/gcc/arm-none-eabi/5.4.1/armv7-m/crtbegin.o
LOAD d:/monash_apps/psoc creator/4.4/psoc creator/import/gnu/arm/5.4.1/bin/../lib/gcc/arm-none-eabi/5.4.1/../../../../arm-none-eabi/lib/armv7-m/crt0.o
START GROUP
LOAD .\CortexM3\ARM_GCC_541\Debug\main.o
LOAD .\CortexM3\ARM_GCC_541\Debug\cyfitter_cfg.o
LOAD .\CortexM3\ARM_GCC_541\Debug\cymetadata.o
LOAD .\CortexM3\ARM_GCC_541\Debug\Cm3Start.o
LOAD .\CortexM3\ARM_GCC_541\Debug\7Seg_Display.a
LOAD D:\Monash_Apps\PSoC Creator\4.4\PSoC Creator\psoc\content\cycomponentlibrary\CyComponentLibrary.cylib\CortexM3\ARM_GCC_541\Debug\CyComponentLibrary.a
END GROUP
START GROUP
LOAD d:/monash_apps/psoc creator/4.4/psoc creator/import/gnu/arm/5.4.1/bin/../lib/gcc/arm-none-eabi/5.4.1/armv7-m\libgcc.a
LOAD d:/monash_apps/psoc creator/4.4/psoc creator/import/gnu/arm/5.4.1/bin/../lib/gcc/arm-none-eabi/5.4.1/../../../../arm-none-eabi/lib/armv7-m\libg_nano.a
LOAD d:/monash_apps/psoc creator/4.4/psoc creator/import/gnu/arm/5.4.1/bin/../lib/gcc/arm-none-eabi/5.4.1/../../../../arm-none-eabi/lib/armv7-m\libc_nano.a
END GROUP
START GROUP
LOAD d:/monash_apps/psoc creator/4.4/psoc creator/import/gnu/arm/5.4.1/bin/../lib/gcc/arm-none-eabi/5.4.1/armv7-m\libgcc.a
LOAD d:/monash_apps/psoc creator/4.4/psoc creator/import/gnu/arm/5.4.1/bin/../lib/gcc/arm-none-eabi/5.4.1/../../../../arm-none-eabi/lib/armv7-m\libc_nano.a
END GROUP
LOAD d:/monash_apps/psoc creator/4.4/psoc creator/import/gnu/arm/5.4.1/bin/../lib/gcc/arm-none-eabi/5.4.1/armv7-m/crtend.o
LOAD d:/monash_apps/psoc creator/4.4/psoc creator/import/gnu/arm/5.4.1/bin/../lib/gcc/arm-none-eabi/5.4.1/armv7-m/crtn.o
START GROUP
LOAD d:/monash_apps/psoc creator/4.4/psoc creator/import/gnu/arm/5.4.1/bin/../lib/gcc/arm-none-eabi/5.4.1/armv7-m\libgcc.a
LOAD d:/monash_apps/psoc creator/4.4/psoc creator/import/gnu/arm/5.4.1/bin/../lib/gcc/arm-none-eabi/5.4.1/../../../../arm-none-eabi/lib/armv7-m\libc.a
LOAD d:/monash_apps/psoc creator/4.4/psoc creator/import/gnu/arm/5.4.1/bin/../lib/gcc/arm-none-eabi/5.4.1/../../../../arm-none-eabi/lib/armv7-m\libnosys.a
END GROUP
                0x00000000                CY_APPL_ORIGIN = 0x0
                0x00000100                CY_FLASH_ROW_SIZE = 0x100
                0x00000020                CY_ECC_ROW_SIZE = 0x20
                0x00000000                CY_EE_IN_BTLDR = 0x0
                0x00000000                CY_APPL_LOADABLE = 0x0
                0x00000800                CY_EE_SIZE = 0x800
                0x00000001                CY_APPL_NUM = 0x1
                0x00000001                CY_APPL_MAX = 0x1
                0x00000040                CY_METADATA_SIZE = 0x40
                0x00000000                CY_APPL_LOADABLE = 0x0
                0x00000000                CY_CHECKSUM_EXCLUDE_SIZE = ALIGN (0x0, CY_FLASH_ROW_SIZE)
                [!provide]                PROVIDE (__cy_heap_start, _end)
                0x00000001                PROVIDE (__cy_region_num, ((__cy_regions_end - __cy_regions) / 0x10))
                0x20008000                PROVIDE (__cy_stack, (ORIGIN (ram) + LENGTH (ram)))
                [!provide]                PROVIDE (__cy_heap_end, (__cy_stack - 0x800))

.cybootloader   0x00000000        0x0
 *(.cybootloader)
                0x00000000                appl1_start = CY_APPL_ORIGIN?CY_APPL_ORIGIN:ALIGN (CY_FLASH_ROW_SIZE)
                0x0001ff00                appl2_start = (appl1_start + ALIGN ((((LENGTH (rom) - appl1_start) - (0x2 * CY_FLASH_ROW_SIZE)) / 0x2), CY_FLASH_ROW_SIZE))
                0x00000000                appl_start = (CY_APPL_NUM == 0x1)?appl1_start:appl2_start
                0x00000000                ecc_offset = ((appl_start / CY_FLASH_ROW_SIZE) * CY_ECC_ROW_SIZE)
                0x00000000                ee_offset = (CY_APPL_LOADABLE && ! (CY_EE_IN_BTLDR))?((CY_EE_SIZE / CY_APPL_MAX) * (CY_APPL_NUM - 0x1)):0x0
                0x00000800                ee_size = (CY_APPL_LOADABLE && ! (CY_EE_IN_BTLDR))?(CY_EE_SIZE / CY_APPL_MAX):CY_EE_SIZE
                [!provide]                PROVIDE (CY_ECC_OFFSET, ecc_offset)

.text           0x00000000     0x26f0
 CREATE_OBJECT_SYMBOLS
                0x00000000                PROVIDE (__cy_interrupt_vector, RomVectors)
 *(.romvectors)
 .romvectors    0x00000000       0x10 .\CortexM3\ARM_GCC_541\Debug\Cm3Start.o
                0x00000000                RomVectors
                0x00000001                ASSERT ((. != __cy_interrupt_vector), No interrupt vector)
                0x00000001                ASSERT (CY_APPL_ORIGIN?(SIZEOF (.cybootloader) <= CY_APPL_ORIGIN):0x1, Wrong image location)
                0x00000010                PROVIDE (__cy_reset, Reset)
 *(.text.Reset)
 .text.Reset    0x00000010       0x18 .\CortexM3\ARM_GCC_541\Debug\Cm3Start.o
                0x00000010                Reset
                0x00000001                ASSERT ((. != __cy_reset), No reset code)
 *(.dma_init)
                0x00000001                ASSERT ((((appl_start + .) <= 0x10000) || 0x1), DMA Init must be within the first 64k of flash)
 *(.text .text.* .gnu.linkonce.t.*)
 .text          0x00000028       0x5c d:/monash_apps/psoc creator/4.4/psoc creator/import/gnu/arm/5.4.1/bin/../lib/gcc/arm-none-eabi/5.4.1/armv7-m/crtbegin.o
 .text.compare_qsort
                0x00000084        0x8 .\CortexM3\ARM_GCC_541\Debug\main.o
                0x00000084                compare_qsort
 .text.seg7_ISR
                0x0000008c        0xc .\CortexM3\ARM_GCC_541\Debug\main.o
                0x0000008c                seg7_ISR
 .text.find_median
                0x00000098       0xc8 .\CortexM3\ARM_GCC_541\Debug\main.o
                0x00000098                find_median
 .text.current_second
                0x00000160       0x20 .\CortexM3\ARM_GCC_541\Debug\main.o
                0x00000160                current_second
 .text.print_uart
                0x00000180       0x68 .\CortexM3\ARM_GCC_541\Debug\main.o
                0x00000180                print_uart
 .text.Receive_Ultra
                0x000001e8       0x24 .\CortexM3\ARM_GCC_541\Debug\main.o
                0x000001e8                Receive_Ultra
 .text.BuzzerRuntime
                0x0000020c       0x34 .\CortexM3\ARM_GCC_541\Debug\main.o
                0x0000020c                BuzzerRuntime
 .text.send_ultra_pulse
                0x00000240       0x24 .\CortexM3\ARM_GCC_541\Debug\main.o
                0x00000240                send_ultra_pulse
 *fill*         0x00000264        0x4 
 .text.ultra_reading
                0x00000268       0x60 .\CortexM3\ARM_GCC_541\Debug\main.o
                0x00000268                ultra_reading
 .text.ultra_avg
                0x000002c8       0x60 .\CortexM3\ARM_GCC_541\Debug\main.o
                0x000002c8                ultra_avg
 .text.display_num
                0x00000328        0xc .\CortexM3\ARM_GCC_541\Debug\main.o
                0x00000328                display_num
 .text.draw_7Seg
                0x00000334       0x88 .\CortexM3\ARM_GCC_541\Debug\main.o
                0x00000334                draw_7Seg
 .text.seg_runtime
                0x000003bc      0x340 .\CortexM3\ARM_GCC_541\Debug\main.o
                0x000003bc                seg_runtime
 .text.runtime  0x000006fc       0x68 .\CortexM3\ARM_GCC_541\Debug\main.o
                0x000006fc                runtime
 .text.main     0x00000764      0x138 .\CortexM3\ARM_GCC_541\Debug\main.o
                0x00000764                main
 .text.CyClockStartupError
                0x0000089c        0x4 .\CortexM3\ARM_GCC_541\Debug\cyfitter_cfg.o
 .text.cfg_write_bytes32
                0x000008a0       0x34 .\CortexM3\ARM_GCC_541\Debug\cyfitter_cfg.o
 .text.AnalogSetDefault
                0x000008d4       0x84 .\CortexM3\ARM_GCC_541\Debug\cyfitter_cfg.o
 .text.CYMEMZERO
                0x00000958        0xc .\CortexM3\ARM_GCC_541\Debug\cyfitter_cfg.o
 .text.ClockSetup
                0x00000964       0xe4 .\CortexM3\ARM_GCC_541\Debug\cyfitter_cfg.o
 .text.CYCONFIGCPY
                0x00000a48        0x8 .\CortexM3\ARM_GCC_541\Debug\cyfitter_cfg.o
 .text.cyfitter_cfg
                0x00000a50      0x150 .\CortexM3\ARM_GCC_541\Debug\cyfitter_cfg.o
                0x00000a50                cyfitter_cfg
 .text.IntDefaultHandler
                0x00000ba0       0x10 .\CortexM3\ARM_GCC_541\Debug\Cm3Start.o
                0x00000ba0                IntDefaultHandler
 .text.Start_c  0x00000bb0       0x4c .\CortexM3\ARM_GCC_541\Debug\Cm3Start.o
                0x00000bb0                Start_c
 .text.initialize_psoc
                0x00000bfc       0x68 .\CortexM3\ARM_GCC_541\Debug\Cm3Start.o
                0x00000bfc                initialize_psoc
 .text.Dis_A_Write
                0x00000c64       0x18 .\CortexM3\ARM_GCC_541\Debug\7Seg_Display.a(Dis_A.o)
                0x00000c64                Dis_A_Write
 .text.Dis_B_Write
                0x00000c7c       0x18 .\CortexM3\ARM_GCC_541\Debug\7Seg_Display.a(Dis_B.o)
                0x00000c7c                Dis_B_Write
 .text.Dis_C_Write
                0x00000c94       0x18 .\CortexM3\ARM_GCC_541\Debug\7Seg_Display.a(Dis_C.o)
                0x00000c94                Dis_C_Write
 .text.Dis_D_Write
                0x00000cac       0x18 .\CortexM3\ARM_GCC_541\Debug\7Seg_Display.a(Dis_D.o)
                0x00000cac                Dis_D_Write
 .text.Dis_E_Write
                0x00000cc4       0x18 .\CortexM3\ARM_GCC_541\Debug\7Seg_Display.a(Dis_E.o)
                0x00000cc4                Dis_E_Write
 .text.Dis_F_Write
                0x00000cdc       0x18 .\CortexM3\ARM_GCC_541\Debug\7Seg_Display.a(Dis_F.o)
                0x00000cdc                Dis_F_Write
 .text.Dis_G_Write
                0x00000cf4       0x18 .\CortexM3\ARM_GCC_541\Debug\7Seg_Display.a(Dis_G.o)
                0x00000cf4                Dis_G_Write
 .text.Dis_DP_Write
                0x00000d0c       0x18 .\CortexM3\ARM_GCC_541\Debug\7Seg_Display.a(Dis_DP.o)
                0x00000d0c                Dis_DP_Write
 .text.Dis_D1_Write
                0x00000d24       0x18 .\CortexM3\ARM_GCC_541\Debug\7Seg_Display.a(Dis_D1.o)
                0x00000d24                Dis_D1_Write
 .text.Dis_D2_Write
                0x00000d3c       0x18 .\CortexM3\ARM_GCC_541\Debug\7Seg_Display.a(Dis_D2.o)
                0x00000d3c                Dis_D2_Write
 .text.Dis_D3_Write
                0x00000d54       0x18 .\CortexM3\ARM_GCC_541\Debug\7Seg_Display.a(Dis_D3.o)
                0x00000d54                Dis_D3_Write
 .text.Dis_D4_Write
                0x00000d6c       0x18 .\CortexM3\ARM_GCC_541\Debug\7Seg_Display.a(Dis_D4.o)
                0x00000d6c                Dis_D4_Write
 .text.CyDelay  0x00000d84       0x2c .\CortexM3\ARM_GCC_541\Debug\7Seg_Display.a(CyLib.o)
                0x00000d84                CyDelay
 .text.CyDelayUs
                0x00000db0       0x14 .\CortexM3\ARM_GCC_541\Debug\7Seg_Display.a(CyLib.o)
                0x00000db0                CyDelayUs
 .text.isr_7Seg_SetVector
                0x00000dc4        0xc .\CortexM3\ARM_GCC_541\Debug\7Seg_Display.a(isr_7Seg.o)
                0x00000dc4                isr_7Seg_SetVector
 .text.isr_7Seg_SetPriority
                0x00000dd0       0x10 .\CortexM3\ARM_GCC_541\Debug\7Seg_Display.a(isr_7Seg.o)
                0x00000dd0                isr_7Seg_SetPriority
 .text.isr_7Seg_Enable
                0x00000de0        0xc .\CortexM3\ARM_GCC_541\Debug\7Seg_Display.a(isr_7Seg.o)
                0x00000de0                isr_7Seg_Enable
 .text.isr_7Seg_Disable
                0x00000dec        0xc .\CortexM3\ARM_GCC_541\Debug\7Seg_Display.a(isr_7Seg.o)
                0x00000dec                isr_7Seg_Disable
 .text.isr_7Seg_StartEx
                0x00000df8       0x1c .\CortexM3\ARM_GCC_541\Debug\7Seg_Display.a(isr_7Seg.o)
                0x00000df8                isr_7Seg_StartEx
 .text.isr_7Seg_ClearPending
                0x00000e14        0xc .\CortexM3\ARM_GCC_541\Debug\7Seg_Display.a(isr_7Seg.o)
                0x00000e14                isr_7Seg_ClearPending
 .text.LED1_Red_Write
                0x00000e20       0x18 .\CortexM3\ARM_GCC_541\Debug\7Seg_Display.a(LED1_Red.o)
                0x00000e20                LED1_Red_Write
 .text.LED3_Green_Write
                0x00000e38       0x18 .\CortexM3\ARM_GCC_541\Debug\7Seg_Display.a(LED3_Green.o)
                0x00000e38                LED3_Green_Write
 .text.LED2_Yellow_Write
                0x00000e50       0x18 .\CortexM3\ARM_GCC_541\Debug\7Seg_Display.a(LED2_Yellow.o)
                0x00000e50                LED2_Yellow_Write
 .text.PGA_1_Enable
                0x00000e68       0x28 .\CortexM3\ARM_GCC_541\Debug\7Seg_Display.a(PGA_1.o)
                0x00000e68                PGA_1_Enable
 .text.PGA_1_SetPower
                0x00000e90       0x18 .\CortexM3\ARM_GCC_541\Debug\7Seg_Display.a(PGA_1.o)
                0x00000e90                PGA_1_SetPower
 .text.PGA_1_SetGain
                0x00000ea8       0x78 .\CortexM3\ARM_GCC_541\Debug\7Seg_Display.a(PGA_1.o)
                0x00000ea8                PGA_1_SetGain
 .text.PGA_1_Init
                0x00000f20       0x34 .\CortexM3\ARM_GCC_541\Debug\7Seg_Display.a(PGA_1.o)
                0x00000f20                PGA_1_Init
 .text.PGA_1_Start
                0x00000f54       0x1c .\CortexM3\ARM_GCC_541\Debug\7Seg_Display.a(PGA_1.o)
                0x00000f54                PGA_1_Start
 .text.Opamp_1_Enable
                0x00000f70       0x28 .\CortexM3\ARM_GCC_541\Debug\7Seg_Display.a(Opamp_1.o)
                0x00000f70                Opamp_1_Enable
 .text.Opamp_1_SetPower
                0x00000f98       0x1c .\CortexM3\ARM_GCC_541\Debug\7Seg_Display.a(Opamp_1.o)
                0x00000f98                Opamp_1_SetPower
 .text.Opamp_1_Init
                0x00000fb4        0xc .\CortexM3\ARM_GCC_541\Debug\7Seg_Display.a(Opamp_1.o)
                0x00000fb4                Opamp_1_Init
 .text.Opamp_1_Start
                0x00000fc0       0x1c .\CortexM3\ARM_GCC_541\Debug\7Seg_Display.a(Opamp_1.o)
                0x00000fc0                Opamp_1_Start
 .text.Comp_1_Enable
                0x00000fdc       0x1c .\CortexM3\ARM_GCC_541\Debug\7Seg_Display.a(Comp_1.o)
                0x00000fdc                Comp_1_Enable
 .text.Comp_1_SetSpeed
                0x00000ff8       0x58 .\CortexM3\ARM_GCC_541\Debug\7Seg_Display.a(Comp_1.o)
                0x00000ff8                Comp_1_SetSpeed
 .text.Comp_1_Init
                0x00001050       0x3c .\CortexM3\ARM_GCC_541\Debug\7Seg_Display.a(Comp_1.o)
                0x00001050                Comp_1_Init
 .text.Comp_1_Start
                0x0000108c       0x1c .\CortexM3\ARM_GCC_541\Debug\7Seg_Display.a(Comp_1.o)
                0x0000108c                Comp_1_Start
 .text.VDAC8_1_Enable
                0x000010a8       0x1c .\CortexM3\ARM_GCC_541\Debug\7Seg_Display.a(VDAC8_1.o)
                0x000010a8                VDAC8_1_Enable
 .text.VDAC8_1_SetSpeed
                0x000010c4       0x1c .\CortexM3\ARM_GCC_541\Debug\7Seg_Display.a(VDAC8_1.o)
                0x000010c4                VDAC8_1_SetSpeed
 .text.VDAC8_1_SetValue
                0x000010e0        0xc .\CortexM3\ARM_GCC_541\Debug\7Seg_Display.a(VDAC8_1.o)
                0x000010e0                VDAC8_1_SetValue
 .text.VDAC8_1_DacTrim
                0x000010ec       0x24 .\CortexM3\ARM_GCC_541\Debug\7Seg_Display.a(VDAC8_1.o)
                0x000010ec                VDAC8_1_DacTrim
 .text.VDAC8_1_SetRange
                0x00001110       0x20 .\CortexM3\ARM_GCC_541\Debug\7Seg_Display.a(VDAC8_1.o)
                0x00001110                VDAC8_1_SetRange
 .text.VDAC8_1_Init
                0x00001130       0x20 .\CortexM3\ARM_GCC_541\Debug\7Seg_Display.a(VDAC8_1.o)
                0x00001130                VDAC8_1_Init
 .text.VDAC8_1_Start
                0x00001150       0x24 .\CortexM3\ARM_GCC_541\Debug\7Seg_Display.a(VDAC8_1.o)
                0x00001150                VDAC8_1_Start
 .text.Timer_1_Enable
                0x00001174       0x10 .\CortexM3\ARM_GCC_541\Debug\7Seg_Display.a(Timer_1.o)
                0x00001174                Timer_1_Enable
 .text.Timer_1_Stop
                0x00001184       0x10 .\CortexM3\ARM_GCC_541\Debug\7Seg_Display.a(Timer_1.o)
                0x00001184                Timer_1_Stop
 .text.Timer_1_SetInterruptMode
                0x00001194        0xc .\CortexM3\ARM_GCC_541\Debug\7Seg_Display.a(Timer_1.o)
                0x00001194                Timer_1_SetInterruptMode
 .text.Timer_1_ReadStatusRegister
                0x000011a0        0xc .\CortexM3\ARM_GCC_541\Debug\7Seg_Display.a(Timer_1.o)
                0x000011a0                Timer_1_ReadStatusRegister
 .text.Timer_1_ReadPeriod
                0x000011ac        0xc .\CortexM3\ARM_GCC_541\Debug\7Seg_Display.a(Timer_1.o)
                0x000011ac                Timer_1_ReadPeriod
 .text.Timer_1_WritePeriod
                0x000011b8        0xc .\CortexM3\ARM_GCC_541\Debug\7Seg_Display.a(Timer_1.o)
                0x000011b8                Timer_1_WritePeriod
 .text.Timer_1_ReadCapture
                0x000011c4        0xc .\CortexM3\ARM_GCC_541\Debug\7Seg_Display.a(Timer_1.o)
                0x000011c4                Timer_1_ReadCapture
 .text.Timer_1_WriteCounter
                0x000011d0        0xc .\CortexM3\ARM_GCC_541\Debug\7Seg_Display.a(Timer_1.o)
                0x000011d0                Timer_1_WriteCounter
 .text.Timer_1_ReadCounter
                0x000011dc       0x14 .\CortexM3\ARM_GCC_541\Debug\7Seg_Display.a(Timer_1.o)
                0x000011dc                Timer_1_ReadCounter
 .text.Timer_1_SetInterruptCount
                0x000011f0       0x1c .\CortexM3\ARM_GCC_541\Debug\7Seg_Display.a(Timer_1.o)
                0x000011f0                Timer_1_SetInterruptCount
 .text.Timer_1_ClearFIFO
                0x0000120c       0x14 .\CortexM3\ARM_GCC_541\Debug\7Seg_Display.a(Timer_1.o)
                0x0000120c                Timer_1_ClearFIFO
 .text.Timer_1_Init
                0x00001220       0x3c .\CortexM3\ARM_GCC_541\Debug\7Seg_Display.a(Timer_1.o)
                0x00001220                Timer_1_Init
 .text.Timer_1_Start
                0x0000125c       0x1c .\CortexM3\ARM_GCC_541\Debug\7Seg_Display.a(Timer_1.o)
                0x0000125c                Timer_1_Start
 .text.Count7_1_Init
                0x00001278        0xc .\CortexM3\ARM_GCC_541\Debug\7Seg_Display.a(Count7_1.o)
                0x00001278                Count7_1_Init
 .text.Count7_1_Enable
                0x00001284       0x1c .\CortexM3\ARM_GCC_541\Debug\7Seg_Display.a(Count7_1.o)
                0x00001284                Count7_1_Enable
 .text.Count7_1_Start
                0x000012a0       0x1c .\CortexM3\ARM_GCC_541\Debug\7Seg_Display.a(Count7_1.o)
                0x000012a0                Count7_1_Start
 .text.Control_Reg_1_Write
                0x000012bc        0xc .\CortexM3\ARM_GCC_541\Debug\7Seg_Display.a(Control_Reg_1.o)
                0x000012bc                Control_Reg_1_Write
 .text.UART_1_Init
                0x000012c8       0x24 .\CortexM3\ARM_GCC_541\Debug\7Seg_Display.a(UART_1.o)
                0x000012c8                UART_1_Init
 .text.UART_1_Enable
                0x000012ec       0x38 .\CortexM3\ARM_GCC_541\Debug\7Seg_Display.a(UART_1.o)
                0x000012ec                UART_1_Enable
 .text.UART_1_Start
                0x00001324       0x1c .\CortexM3\ARM_GCC_541\Debug\7Seg_Display.a(UART_1.o)
                0x00001324                UART_1_Start
 .text.UART_1_WriteTxData
                0x00001340       0x14 .\CortexM3\ARM_GCC_541\Debug\7Seg_Display.a(UART_1.o)
                0x00001340                UART_1_WriteTxData
 .text.UART_1_PutChar
                0x00001354       0x18 .\CortexM3\ARM_GCC_541\Debug\7Seg_Display.a(UART_1.o)
                0x00001354                UART_1_PutChar
 .text.UART_1_PutString
                0x0000136c       0x24 .\CortexM3\ARM_GCC_541\Debug\7Seg_Display.a(UART_1.o)
                0x0000136c                UART_1_PutString
 .text.UART_1_IntClock_Start
                0x00001390       0x1c .\CortexM3\ARM_GCC_541\Debug\7Seg_Display.a(UART_1_IntClock.o)
                0x00001390                UART_1_IntClock_Start
 .text.Timer_2_Enable
                0x000013ac       0x10 .\CortexM3\ARM_GCC_541\Debug\7Seg_Display.a(Timer_2.o)
                0x000013ac                Timer_2_Enable
 .text.Timer_2_SetInterruptMode
                0x000013bc        0xc .\CortexM3\ARM_GCC_541\Debug\7Seg_Display.a(Timer_2.o)
                0x000013bc                Timer_2_SetInterruptMode
 .text.Timer_2_ReadStatusRegister
                0x000013c8        0xc .\CortexM3\ARM_GCC_541\Debug\7Seg_Display.a(Timer_2.o)
                0x000013c8                Timer_2_ReadStatusRegister
 .text.Timer_2_ReadPeriod
                0x000013d4        0xc .\CortexM3\ARM_GCC_541\Debug\7Seg_Display.a(Timer_2.o)
                0x000013d4                Timer_2_ReadPeriod
 .text.Timer_2_WritePeriod
                0x000013e0        0xc .\CortexM3\ARM_GCC_541\Debug\7Seg_Display.a(Timer_2.o)
                0x000013e0                Timer_2_WritePeriod
 .text.Timer_2_ReadCapture
                0x000013ec        0xc .\CortexM3\ARM_GCC_541\Debug\7Seg_Display.a(Timer_2.o)
                0x000013ec                Timer_2_ReadCapture
 .text.Timer_2_WriteCounter
                0x000013f8        0xc .\CortexM3\ARM_GCC_541\Debug\7Seg_Display.a(Timer_2.o)
                0x000013f8                Timer_2_WriteCounter
 .text.Timer_2_ReadCounter
                0x00001404       0x14 .\CortexM3\ARM_GCC_541\Debug\7Seg_Display.a(Timer_2.o)
                0x00001404                Timer_2_ReadCounter
 .text.Timer_2_ClearFIFO
                0x00001418       0x14 .\CortexM3\ARM_GCC_541\Debug\7Seg_Display.a(Timer_2.o)
                0x00001418                Timer_2_ClearFIFO
 .text.Timer_2_Init
                0x0000142c       0x34 .\CortexM3\ARM_GCC_541\Debug\7Seg_Display.a(Timer_2.o)
                0x0000142c                Timer_2_Init
 .text.Timer_2_Start
                0x00001460       0x1c .\CortexM3\ARM_GCC_541\Debug\7Seg_Display.a(Timer_2.o)
                0x00001460                Timer_2_Start
 .text.Buzzer_Write
                0x0000147c       0x18 .\CortexM3\ARM_GCC_541\Debug\7Seg_Display.a(Buzzer.o)
                0x0000147c                Buzzer_Write
 .text.EEPROM_Enable
                0x00001494        0xc .\CortexM3\ARM_GCC_541\Debug\7Seg_Display.a(EEPROM.o)
                0x00001494                EEPROM_Enable
 .text.EEPROM_Start
                0x000014a0        0x8 .\CortexM3\ARM_GCC_541\Debug\7Seg_Display.a(EEPROM.o)
                0x000014a0                EEPROM_Start
 .text.EEPROM_ReadByte
                0x000014a8       0x28 .\CortexM3\ARM_GCC_541\Debug\7Seg_Display.a(EEPROM.o)
                0x000014a8                EEPROM_ReadByte
 .text.isr_6_SetVector
                0x000014d0        0xc .\CortexM3\ARM_GCC_541\Debug\7Seg_Display.a(isr_6.o)
                0x000014d0                isr_6_SetVector
 .text.isr_6_SetPriority
                0x000014dc       0x10 .\CortexM3\ARM_GCC_541\Debug\7Seg_Display.a(isr_6.o)
                0x000014dc                isr_6_SetPriority
 .text.isr_6_Enable
                0x000014ec        0xc .\CortexM3\ARM_GCC_541\Debug\7Seg_Display.a(isr_6.o)
                0x000014ec                isr_6_Enable
 .text.isr_6_Disable
                0x000014f8        0xc .\CortexM3\ARM_GCC_541\Debug\7Seg_Display.a(isr_6.o)
                0x000014f8                isr_6_Disable
 .text.isr_6_StartEx
                0x00001504       0x1c .\CortexM3\ARM_GCC_541\Debug\7Seg_Display.a(isr_6.o)
                0x00001504                isr_6_StartEx
 .text.isr_6_ClearPending
                0x00001520        0xc .\CortexM3\ARM_GCC_541\Debug\7Seg_Display.a(isr_6.o)
                0x00001520                isr_6_ClearPending
 .text.Button_S5_Select_State_Read
                0x0000152c       0x10 .\CortexM3\ARM_GCC_541\Debug\7Seg_Display.a(Button_S5_Select_State.o)
                0x0000152c                Button_S5_Select_State_Read
 *fill*         0x0000153c        0x4 
 .text          0x00001540       0x20 .\CortexM3\ARM_GCC_541\Debug\7Seg_Display.a(CyBootAsmGnu.o)
                0x00001540                CyDelayCycles
                0x00001550                CyEnterCriticalSection
                0x00001558                CyExitCriticalSection
 .text.CySetTempInt
                0x00001560       0x60 .\CortexM3\ARM_GCC_541\Debug\7Seg_Display.a(CyFlash.o)
 .text.CyFlashGetSpcAlgorithm
                0x000015c0       0x4c .\CortexM3\ARM_GCC_541\Debug\7Seg_Display.a(CyFlash.o)
                0x000015c0                CyFlashGetSpcAlgorithm
 .text.CySetTemp
                0x0000160c       0x14 .\CortexM3\ARM_GCC_541\Debug\7Seg_Display.a(CyFlash.o)
                0x0000160c                CySetTemp
 .text.CyEEPROM_Start
                0x00001620       0x54 .\CortexM3\ARM_GCC_541\Debug\7Seg_Display.a(CyFlash.o)
                0x00001620                CyEEPROM_Start
 .text.CyEEPROM_ReadReserve
                0x00001674       0x1c .\CortexM3\ARM_GCC_541\Debug\7Seg_Display.a(CyFlash.o)
                0x00001674                CyEEPROM_ReadReserve
 .text.CyEEPROM_ReadRelease
                0x00001690       0x10 .\CortexM3\ARM_GCC_541\Debug\7Seg_Display.a(CyFlash.o)
                0x00001690                CyEEPROM_ReadRelease
 .text.CySpcStart
                0x000016a0       0x24 .\CortexM3\ARM_GCC_541\Debug\7Seg_Display.a(CySpc.o)
                0x000016a0                CySpcStart
 .text.CySpcReadData
                0x000016c4       0x34 .\CortexM3\ARM_GCC_541\Debug\7Seg_Display.a(CySpc.o)
                0x000016c4                CySpcReadData
 .text.CySpcGetTemp
                0x000016f8       0x3c .\CortexM3\ARM_GCC_541\Debug\7Seg_Display.a(CySpc.o)
                0x000016f8                CySpcGetTemp
 .text.CySpcLock
                0x00001734       0x4c .\CortexM3\ARM_GCC_541\Debug\7Seg_Display.a(CySpc.o)
                0x00001734                CySpcLock
 .text.CySpcUnlock
                0x00001780       0x38 .\CortexM3\ARM_GCC_541\Debug\7Seg_Display.a(CySpc.o)
                0x00001780                CySpcUnlock
 .text.CySpcGetAlgorithm
                0x000017b8       0x28 .\CortexM3\ARM_GCC_541\Debug\7Seg_Display.a(CySpc.o)
                0x000017b8                CySpcGetAlgorithm
 .text          0x000017e0      0x370 d:/monash_apps/psoc creator/4.4/psoc creator/import/gnu/arm/5.4.1/bin/../lib/gcc/arm-none-eabi/5.4.1/armv7-m\libgcc.a(_arm_addsubdf3.o)
                0x000017e0                __aeabi_drsub
                0x000017e8                __aeabi_dsub
                0x000017e8                __subdf3
                0x000017ec                __aeabi_dadd
                0x000017ec                __adddf3
                0x00001a64                __floatunsidf
                0x00001a64                __aeabi_ui2d
                0x00001a84                __floatsidf
                0x00001a84                __aeabi_i2d
                0x00001aa8                __aeabi_f2d
                0x00001aa8                __extendsfdf2
                0x00001ae4                __floatundidf
                0x00001ae4                __aeabi_ul2d
                0x00001af4                __floatdidf
                0x00001af4                __aeabi_l2d
 .text          0x00001b50      0x424 d:/monash_apps/psoc creator/4.4/psoc creator/import/gnu/arm/5.4.1/bin/../lib/gcc/arm-none-eabi/5.4.1/armv7-m\libgcc.a(_arm_muldivdf3.o)
                0x00001b50                __aeabi_dmul
                0x00001b50                __muldf3
                0x00001da4                __divdf3
                0x00001da4                __aeabi_ddiv
 .text          0x00001f74      0x110 d:/monash_apps/psoc creator/4.4/psoc creator/import/gnu/arm/5.4.1/bin/../lib/gcc/arm-none-eabi/5.4.1/armv7-m\libgcc.a(_arm_cmpdf2.o)
                0x00001f74                __gtdf2
                0x00001f74                __gedf2
                0x00001f7c                __ltdf2
                0x00001f7c                __ledf2
                0x00001f84                __nedf2
                0x00001f84                __eqdf2
                0x00001f84                __cmpdf2
                0x00002000                __aeabi_cdrcmple
                0x00002010                __aeabi_cdcmpeq
                0x00002010                __aeabi_cdcmple
                0x00002020                __aeabi_dcmpeq
                0x00002034                __aeabi_dcmplt
                0x00002048                __aeabi_dcmple
                0x0000205c                __aeabi_dcmpge
                0x00002070                __aeabi_dcmpgt
 .text          0x00002084       0x50 d:/monash_apps/psoc creator/4.4/psoc creator/import/gnu/arm/5.4.1/bin/../lib/gcc/arm-none-eabi/5.4.1/armv7-m\libgcc.a(_arm_fixdfsi.o)
                0x00002084                __aeabi_d2iz
                0x00002084                __fixdfsi
 .text          0x000020d4       0xa0 d:/monash_apps/psoc creator/4.4/psoc creator/import/gnu/arm/5.4.1/bin/../lib/gcc/arm-none-eabi/5.4.1/armv7-m\libgcc.a(_arm_truncdfsf2.o)
                0x000020d4                __truncdfsf2
                0x000020d4                __aeabi_d2f
 .text          0x00002174      0x21c d:/monash_apps/psoc creator/4.4/psoc creator/import/gnu/arm/5.4.1/bin/../lib/gcc/arm-none-eabi/5.4.1/armv7-m\libgcc.a(_arm_addsubsf3.o)
                0x00002174                __aeabi_frsub
                0x0000217c                __subsf3
                0x0000217c                __aeabi_fsub
                0x00002180                __aeabi_fadd
                0x00002180                __addsf3
                0x000022e0                __aeabi_ui2f
                0x000022e0                __floatunsisf
                0x000022e8                __aeabi_i2f
                0x000022e8                __floatsisf
                0x00002304                __aeabi_ul2f
                0x00002304                __floatundisf
                0x00002314                __aeabi_l2f
                0x00002314                __floatdisf
 .text.__errno  0x00002390        0xc d:/monash_apps/psoc creator/4.4/psoc creator/import/gnu/arm/5.4.1/bin/../lib/gcc/arm-none-eabi/5.4.1/../../../../arm-none-eabi/lib/armv7-m\libg_nano.a(lib_a-errno.o)
                0x00002390                __errno
 .text.__libc_init_array
                0x0000239c       0x4c d:/monash_apps/psoc creator/4.4/psoc creator/import/gnu/arm/5.4.1/bin/../lib/gcc/arm-none-eabi/5.4.1/../../../../arm-none-eabi/lib/armv7-m\libg_nano.a(lib_a-init.o)
                0x0000239c                __libc_init_array
 .text.memcpy   0x000023e8       0x16 d:/monash_apps/psoc creator/4.4/psoc creator/import/gnu/arm/5.4.1/bin/../lib/gcc/arm-none-eabi/5.4.1/../../../../arm-none-eabi/lib/armv7-m\libg_nano.a(lib_a-memcpy-stub.o)
                0x000023e8                memcpy
 .text.memset   0x000023fe       0x10 d:/monash_apps/psoc creator/4.4/psoc creator/import/gnu/arm/5.4.1/bin/../lib/gcc/arm-none-eabi/5.4.1/../../../../arm-none-eabi/lib/armv7-m\libg_nano.a(lib_a-memset.o)
                0x000023fe                memset
 .text.swapfunc
                0x0000240e       0x34 d:/monash_apps/psoc creator/4.4/psoc creator/import/gnu/arm/5.4.1/bin/../lib/gcc/arm-none-eabi/5.4.1/../../../../arm-none-eabi/lib/armv7-m\libg_nano.a(lib_a-qsort.o)
 .text.med3.isra.1
                0x00002442       0x40 d:/monash_apps/psoc creator/4.4/psoc creator/import/gnu/arm/5.4.1/bin/../lib/gcc/arm-none-eabi/5.4.1/../../../../arm-none-eabi/lib/armv7-m\libg_nano.a(lib_a-qsort.o)
 .text.qsort    0x00002482      0x26e d:/monash_apps/psoc creator/4.4/psoc creator/import/gnu/arm/5.4.1/bin/../lib/gcc/arm-none-eabi/5.4.1/../../../../arm-none-eabi/lib/armv7-m\libg_nano.a(lib_a-qsort.o)
                0x00002482                qsort
 *(.plt)
 *(.gnu.warning)
 *(.glue_7t)
 .glue_7t       0x000026f0        0x0 linker stubs
 *(.glue_7)
 .glue_7        0x000026f0        0x0 linker stubs
 *(.vfp11_veneer)
 .vfp11_veneer  0x000026f0        0x0 linker stubs
 *(.bootloader)
 *(.ARM.extab* .gnu.linkonce.armextab.*)
 *(.gcc_except_table)

.v4_bx          0x000026f0        0x0
 .v4_bx         0x000026f0        0x0 linker stubs

.iplt           0x000026f0        0x0
 .iplt          0x000026f0        0x0 d:/monash_apps/psoc creator/4.4/psoc creator/import/gnu/arm/5.4.1/bin/../lib/gcc/arm-none-eabi/5.4.1/armv7-m/crtbegin.o

.eh_frame_hdr
 *(.eh_frame_hdr)

.eh_frame       0x000026f0        0x4
 *(.eh_frame)
 .eh_frame      0x000026f0        0x0 d:/monash_apps/psoc creator/4.4/psoc creator/import/gnu/arm/5.4.1/bin/../lib/gcc/arm-none-eabi/5.4.1/armv7-m/crtbegin.o
 .eh_frame      0x000026f0        0x4 d:/monash_apps/psoc creator/4.4/psoc creator/import/gnu/arm/5.4.1/bin/../lib/gcc/arm-none-eabi/5.4.1/armv7-m/crtend.o
                [!provide]                PROVIDE (__exidx_start, .)

.ARM.exidx
 *(.ARM.exidx* .gnu.linkonce.armexidx.*)
                0x000026f4                __exidx_end = .

.rodata         0x000026f4      0x134
 *(.rodata .rodata.* .gnu.linkonce.r.*)
 .rodata        0x000026f4       0x98 .\CortexM3\ARM_GCC_541\Debug\main.o
                0x000026f4                charLookup
 .rodata.str1.4
                0x0000278c        0xc .\CortexM3\ARM_GCC_541\Debug\main.o
                                  0xb (size before relaxing)
 .rodata        0x00002798       0x40 .\CortexM3\ARM_GCC_541\Debug\cyfitter_cfg.o
 .rodata        0x000027d8       0x15 .\CortexM3\ARM_GCC_541\Debug\7Seg_Display.a(PGA_1.o)
 .rodata.str1.1
                0x000027ed        0x2 d:/monash_apps/psoc creator/4.4/psoc creator/import/gnu/arm/5.4.1/bin/../lib/gcc/arm-none-eabi/5.4.1/../../../../arm-none-eabi/lib/armv7-m\libg_nano.a(lib_a-impure.o)
                0x000027f0                . = ALIGN (0x4)
 *fill*         0x000027ef        0x1 
 *(.init)
 .init          0x000027f0        0x4 d:/monash_apps/psoc creator/4.4/psoc creator/import/gnu/arm/5.4.1/bin/../lib/gcc/arm-none-eabi/5.4.1/armv7-m/crti.o
                0x000027f0                _init
 .init          0x000027f4        0x8 d:/monash_apps/psoc creator/4.4/psoc creator/import/gnu/arm/5.4.1/bin/../lib/gcc/arm-none-eabi/5.4.1/armv7-m/crtn.o
                0x000027fc                . = ALIGN (0x4)
                0x000027fc                __preinit_array_start = .
 *(.preinit_array)
                0x000027fc                __preinit_array_end = .
                0x000027fc                . = ALIGN (0x4)
                0x000027fc                __init_array_start = .
 *(SORT(.init_array.*))
 *(.init_array)
 .init_array    0x000027fc        0x4 d:/monash_apps/psoc creator/4.4/psoc creator/import/gnu/arm/5.4.1/bin/../lib/gcc/arm-none-eabi/5.4.1/armv7-m/crtbegin.o
 .init_array    0x00002800        0x4 .\CortexM3\ARM_GCC_541\Debug\Cm3Start.o
                0x00002804                __init_array_end = .
                0x00002804                . = ALIGN (0x4)
 *(.fini)
 .fini          0x00002804        0x4 d:/monash_apps/psoc creator/4.4/psoc creator/import/gnu/arm/5.4.1/bin/../lib/gcc/arm-none-eabi/5.4.1/armv7-m/crti.o
                0x00002804                _fini
 .fini          0x00002808        0x8 d:/monash_apps/psoc creator/4.4/psoc creator/import/gnu/arm/5.4.1/bin/../lib/gcc/arm-none-eabi/5.4.1/armv7-m/crtn.o
                0x00002810                . = ALIGN (0x4)
                0x00002810                __fini_array_start = .
 *(.fini_array)
 .fini_array    0x00002810        0x4 d:/monash_apps/psoc creator/4.4/psoc creator/import/gnu/arm/5.4.1/bin/../lib/gcc/arm-none-eabi/5.4.1/armv7-m/crtbegin.o
 *(SORT(.fini_array.*))
                0x00002814                __fini_array_end = .
                0x00002814                . = ALIGN (0x4)
 *crtbegin.o(.ctors)
 *(EXCLUDE_FILE(*crtend.o) .ctors)
 *(SORT(.ctors.*))
 *crtend.o(.ctors)
                0x00002814                . = ALIGN (0x4)
 *crtbegin.o(.dtors)
 *(EXCLUDE_FILE(*crtend.o) .dtors)
 *(SORT(.dtors.*))
 *crtend.o(.dtors)
                0x00002814                . = ALIGN (0x4)
                0x00002814                __cy_regions = .
                0x00002814        0x4 LONG 0x2828 __cy_region_init_ram
                0x00002818        0x4 LONG 0x1fff80c8 __cy_region_start_data
                0x0000281c        0x4 LONG 0x78 __cy_region_init_size_ram
                0x00002820        0x4 LONG 0xe8 __cy_region_zero_size_ram
                0x00002824                __cy_regions_end = .
                0x00002828                . = ALIGN (0x8)
 *fill*         0x00002824        0x4 
                0x00002828                _etext = .

.cy_checksum_exclude
                0x00002828        0x0
 *(.cy_checksum_exclude)

.ramvectors     0x1fff8000       0xc0
                0x1fff8000                __cy_region_start_ram = .
 *(.ramvectors)
 .ramvectors    0x1fff8000       0xc0 .\CortexM3\ARM_GCC_541\Debug\Cm3Start.o
                0x1fff8000                CyRamVectors

.noinit         0x1fff80c0        0x1
 *(.noinit)
 .noinit        0x1fff80c0        0x1 .\CortexM3\ARM_GCC_541\Debug\7Seg_Display.a(CyLib.o)
                0x1fff80c0                CyResetStatus

.data           0x1fff80c8       0x78 load address 0x00002828
                0x1fff80c8                __cy_region_start_data = .
 *(.jcr)
 .jcr           0x1fff80c8        0x0 d:/monash_apps/psoc creator/4.4/psoc creator/import/gnu/arm/5.4.1/bin/../lib/gcc/arm-none-eabi/5.4.1/armv7-m/crtbegin.o
 .jcr           0x1fff80c8        0x4 d:/monash_apps/psoc creator/4.4/psoc creator/import/gnu/arm/5.4.1/bin/../lib/gcc/arm-none-eabi/5.4.1/armv7-m/crtend.o
 *(.got.plt)
 *(.got)
 *(.shdata)
 *(.data .data.* .gnu.linkonce.d.*)
 .data          0x1fff80cc       0x10 .\CortexM3\ARM_GCC_541\Debug\7Seg_Display.a(CyLib.o)
                0x1fff80cc                cydelay_32k_ms
                0x1fff80d0                cydelay_freq_khz
                0x1fff80d4                cydelay_freq_mhz
                0x1fff80d8                cydelay_freq_hz
 .data.impure_data
                0x1fff80dc       0x60 d:/monash_apps/psoc creator/4.4/psoc creator/import/gnu/arm/5.4.1/bin/../lib/gcc/arm-none-eabi/5.4.1/../../../../arm-none-eabi/lib/armv7-m\libg_nano.a(lib_a-impure.o)
 .data._impure_ptr
                0x1fff813c        0x4 d:/monash_apps/psoc creator/4.4/psoc creator/import/gnu/arm/5.4.1/bin/../lib/gcc/arm-none-eabi/5.4.1/../../../../arm-none-eabi/lib/armv7-m\libg_nano.a(lib_a-impure.o)
                0x1fff813c                _impure_ptr
                0x1fff8140                . = ALIGN (0x8)
 *(.ram)
                0x1fff8140                _edata = .

.igot.plt       0x1fff8140        0x0 load address 0x000028a0
 .igot.plt      0x1fff8140        0x0 d:/monash_apps/psoc creator/4.4/psoc creator/import/gnu/arm/5.4.1/bin/../lib/gcc/arm-none-eabi/5.4.1/armv7-m/crtbegin.o

.bss            0x1fff8140       0xe8 load address 0x000028a0
                0x1fff8140                PROVIDE (__bss_start__, .)
 *(.shbss)
 *(.bss .bss.* .gnu.linkonce.b.*)
 .bss           0x1fff8140       0x1c d:/monash_apps/psoc creator/4.4/psoc creator/import/gnu/arm/5.4.1/bin/../lib/gcc/arm-none-eabi/5.4.1/armv7-m/crtbegin.o
 *fill*         0x1fff815c        0x4 
 .bss           0x1fff8160       0x78 .\CortexM3\ARM_GCC_541\Debug\main.o
                0x1fff8160                run_7_Seg
                0x1fff8164                time_passed_step
                0x1fff8168                waiting_ultra
                0x1fff8170                previous_buzz
                0x1fff8178                buzz_duration
                0x1fff8180                value
                0x1fff8188                distance
                0x1fff8190                seg_num
                0x1fff8198                dp
                0x1fff81a8                old_dis_val
                0x1fff81b0                D
                0x1fff81c0                count
                0x1fff81c4                mode
                0x1fff81c8                group_num
                0x1fff81d0                counter
 .bss           0x1fff81d8        0x1 .\CortexM3\ARM_GCC_541\Debug\7Seg_Display.a(PGA_1.o)
                0x1fff81d8                PGA_1_initVar
 .bss           0x1fff81d9        0x1 .\CortexM3\ARM_GCC_541\Debug\7Seg_Display.a(Opamp_1.o)
                0x1fff81d9                Opamp_1_initVar
 .bss           0x1fff81da        0x1 .\CortexM3\ARM_GCC_541\Debug\7Seg_Display.a(Comp_1.o)
                0x1fff81da                Comp_1_initVar
 .bss           0x1fff81db        0x1 .\CortexM3\ARM_GCC_541\Debug\7Seg_Display.a(VDAC8_1.o)
                0x1fff81db                VDAC8_1_initVar
 .bss           0x1fff81dc        0x1 .\CortexM3\ARM_GCC_541\Debug\7Seg_Display.a(Timer_1.o)
                0x1fff81dc                Timer_1_initVar
 .bss           0x1fff81dd        0x1 .\CortexM3\ARM_GCC_541\Debug\7Seg_Display.a(Count7_1.o)
                0x1fff81dd                Count7_1_initVar
 .bss           0x1fff81de        0x2 .\CortexM3\ARM_GCC_541\Debug\7Seg_Display.a(UART_1.o)
                0x1fff81de                UART_1_initVar
 .bss           0x1fff81e0        0x1 .\CortexM3\ARM_GCC_541\Debug\7Seg_Display.a(Timer_2.o)
                0x1fff81e0                Timer_2_initVar
 *fill*         0x1fff81e1        0x3 
 .bss           0x1fff81e4        0x8 .\CortexM3\ARM_GCC_541\Debug\7Seg_Display.a(CySpc.o)
                0x1fff81e4                SpcLockState
 *(COMMON)
 COMMON         0x1fff81ec       0x31 .\CortexM3\ARM_GCC_541\Debug\main.o
                0x1fff81ec                InterruptCnt
                0x1fff81f0                value_text
                0x1fff8200                segmentPattern_array
                0x1fff821c                cm_or_inch
 *fill*         0x1fff821d        0x3 
 COMMON         0x1fff8220        0x2 .\CortexM3\ARM_GCC_541\Debug\7Seg_Display.a(CyFlash.o)
                0x1fff8220                dieTemperature
                0x1fff8228                . = ALIGN (0x8)
 *fill*         0x1fff8222        0x6 
 *(.ram.b)
                0x1fff8228                _end = .
                0x1fff8228                __end = .
                0x1fff8228                PROVIDE (end, .)
                0x1fff8228                PROVIDE (__bss_end__, .)
                0x00002828                __cy_region_init_ram = LOADADDR (.data)
                0x00000078                __cy_region_init_size_ram = (_edata - ADDR (.data))
                0x000000e8                __cy_region_zero_size_ram = (_end - _edata)

.heap           0x1fff8228       0x80 load address 0x000028a0
                0x1fff8228                . = _end
                0x1fff82a8                . = (. + 0x80)
 *fill*         0x1fff8228       0x80 
                0x1fff82a8                __cy_heap_limit = .

.stack          0x20007800      0x800
                0x20007800                __cy_stack_limit = .
                0x20008000                . = (. + 0x800)
 *fill*         0x20007800      0x800 
                0x00000001                ASSERT ((__cy_stack_limit >= __cy_heap_limit), region RAM overflowed with stack)
                0x00000000                cy_checksum_exclude_size = (CY_APPL_LOADABLE == 0x1)?SIZEOF (.cy_checksum_exclude):0x0
                0x00000001                ASSERT ((cy_checksum_exclude_size <= CY_CHECKSUM_EXCLUDE_SIZE), CY_BOOT: Section .cy_checksum_exclude size exceedes specified limit.)

.cyloadermeta
 *(.cyloadermeta)

.cyloadablemeta
 *(.cyloadablemeta)

.cyconfigecc    0x80000000      0x808
 *(.cyconfigecc)
 .cyconfigecc   0x80000000      0x808 .\CortexM3\ARM_GCC_541\Debug\cymetadata.o
                0x80000000                cy_meta_configecc

.cycustnvl      0x90000000        0x4
 *(.cycustnvl)
 .cycustnvl     0x90000000        0x4 .\CortexM3\ARM_GCC_541\Debug\cymetadata.o
                0x90000000                cy_meta_custnvl

.cywolatch      0x90100000        0x4
 *(.cywolatch)
 .cywolatch     0x90100000        0x4 .\CortexM3\ARM_GCC_541\Debug\cymetadata.o
                0x90100000                cy_meta_wonvl

.cyeeprom       0x90200000        0x0
 *(.cyeeprom)
                0x00000001                ASSERT ((. <= ((0x90200000 + ee_offset) + ee_size)), .cyeeprom data will not fit in EEPROM)

.cyflashprotect
                0x90400000      0x100
 *(.cyflashprotect)
 .cyflashprotect
                0x90400000      0x100 .\CortexM3\ARM_GCC_541\Debug\cymetadata.o
                0x90400000                cy_meta_flashprotect

.cymeta         0x90500000        0xc
 *(.cymeta)
 .cymeta        0x90500000        0xc .\CortexM3\ARM_GCC_541\Debug\cymetadata.o
                0x90500000                cy_metadata

.rel.dyn        0x000028a0        0x0 load address 0x9050000c
 .rel.iplt      0x000028a0        0x0 d:/monash_apps/psoc creator/4.4/psoc creator/import/gnu/arm/5.4.1/bin/../lib/gcc/arm-none-eabi/5.4.1/armv7-m/crtbegin.o

.stab
 *(.stab)

.stabstr
 *(.stabstr)

.debug
 *(.debug)

.line
 *(.line)

.debug_srcinfo
 *(.debug_srcinfo)

.debug_sfnames
 *(.debug_sfnames)

.debug_aranges  0x00000000     0x1020
 *(.debug_aranges)
 .debug_aranges
                0x00000000       0xd8 .\CortexM3\ARM_GCC_541\Debug\main.o
 .debug_aranges
                0x000000d8       0x58 .\CortexM3\ARM_GCC_541\Debug\cyfitter_cfg.o
 .debug_aranges
                0x00000130       0x18 .\CortexM3\ARM_GCC_541\Debug\cymetadata.o
 .debug_aranges
                0x00000148       0x48 .\CortexM3\ARM_GCC_541\Debug\Cm3Start.o
 .debug_aranges
                0x00000190       0x38 .\CortexM3\ARM_GCC_541\Debug\7Seg_Display.a(Dis_A.o)
 .debug_aranges
                0x000001c8       0x38 .\CortexM3\ARM_GCC_541\Debug\7Seg_Display.a(Dis_B.o)
 .debug_aranges
                0x00000200       0x38 .\CortexM3\ARM_GCC_541\Debug\7Seg_Display.a(Dis_C.o)
 .debug_aranges
                0x00000238       0x38 .\CortexM3\ARM_GCC_541\Debug\7Seg_Display.a(Dis_D.o)
 .debug_aranges
                0x00000270       0x38 .\CortexM3\ARM_GCC_541\Debug\7Seg_Display.a(Dis_E.o)
 .debug_aranges
                0x000002a8       0x38 .\CortexM3\ARM_GCC_541\Debug\7Seg_Display.a(Dis_F.o)
 .debug_aranges
                0x000002e0       0x38 .\CortexM3\ARM_GCC_541\Debug\7Seg_Display.a(Dis_G.o)
 .debug_aranges
                0x00000318       0x38 .\CortexM3\ARM_GCC_541\Debug\7Seg_Display.a(Dis_DP.o)
 .debug_aranges
                0x00000350       0x38 .\CortexM3\ARM_GCC_541\Debug\7Seg_Display.a(Dis_D1.o)
 .debug_aranges
                0x00000388       0x38 .\CortexM3\ARM_GCC_541\Debug\7Seg_Display.a(Dis_D2.o)
 .debug_aranges
                0x000003c0       0x38 .\CortexM3\ARM_GCC_541\Debug\7Seg_Display.a(Dis_D3.o)
 .debug_aranges
                0x000003f8       0x38 .\CortexM3\ARM_GCC_541\Debug\7Seg_Display.a(Dis_D4.o)
 .debug_aranges
                0x00000430      0x2a0 .\CortexM3\ARM_GCC_541\Debug\7Seg_Display.a(CyLib.o)
 .debug_aranges
                0x000006d0       0x98 .\CortexM3\ARM_GCC_541\Debug\7Seg_Display.a(cyPm.o)
 .debug_aranges
                0x00000768       0x80 .\CortexM3\ARM_GCC_541\Debug\7Seg_Display.a(isr_7Seg.o)
 .debug_aranges
                0x000007e8       0x38 .\CortexM3\ARM_GCC_541\Debug\7Seg_Display.a(LED1_Red.o)
 .debug_aranges
                0x00000820       0x38 .\CortexM3\ARM_GCC_541\Debug\7Seg_Display.a(LED3_Green.o)
 .debug_aranges
                0x00000858       0x38 .\CortexM3\ARM_GCC_541\Debug\7Seg_Display.a(Button_S4_Right.o)
 .debug_aranges
                0x00000890       0x38 .\CortexM3\ARM_GCC_541\Debug\7Seg_Display.a(Button_S5_Select.o)
 .debug_aranges
                0x000008c8       0x38 .\CortexM3\ARM_GCC_541\Debug\7Seg_Display.a(LED2_Yellow.o)
 .debug_aranges
                0x00000900       0x38 .\CortexM3\ARM_GCC_541\Debug\7Seg_Display.a(Button_S2_Left.o)
 .debug_aranges
                0x00000938       0x48 .\CortexM3\ARM_GCC_541\Debug\7Seg_Display.a(PGA_1.o)
 .debug_aranges
                0x00000980       0x40 .\CortexM3\ARM_GCC_541\Debug\7Seg_Display.a(Opamp_1.o)
 .debug_aranges
                0x000009c0       0x70 .\CortexM3\ARM_GCC_541\Debug\7Seg_Display.a(Comp_1.o)
 .debug_aranges
                0x00000a30       0x58 .\CortexM3\ARM_GCC_541\Debug\7Seg_Display.a(VDAC8_1.o)
 .debug_aranges
                0x00000a88       0x98 .\CortexM3\ARM_GCC_541\Debug\7Seg_Display.a(Timer_1.o)
 .debug_aranges
                0x00000b20       0x58 .\CortexM3\ARM_GCC_541\Debug\7Seg_Display.a(Count7_1.o)
 .debug_aranges
                0x00000b78       0x28 .\CortexM3\ARM_GCC_541\Debug\7Seg_Display.a(Control_Reg_1.o)
 .debug_aranges
                0x00000ba0       0xf0 .\CortexM3\ARM_GCC_541\Debug\7Seg_Display.a(UART_1.o)
 .debug_aranges
                0x00000c90       0x70 .\CortexM3\ARM_GCC_541\Debug\7Seg_Display.a(UART_1_IntClock.o)
 .debug_aranges
                0x00000d00       0x90 .\CortexM3\ARM_GCC_541\Debug\7Seg_Display.a(Timer_2.o)
 .debug_aranges
                0x00000d90       0x38 .\CortexM3\ARM_GCC_541\Debug\7Seg_Display.a(Buzzer.o)
 .debug_aranges
                0x00000dc8       0x78 .\CortexM3\ARM_GCC_541\Debug\7Seg_Display.a(EEPROM.o)
 .debug_aranges
                0x00000e40       0x80 .\CortexM3\ARM_GCC_541\Debug\7Seg_Display.a(isr_6.o)
 .debug_aranges
                0x00000ec0       0x38 .\CortexM3\ARM_GCC_541\Debug\7Seg_Display.a(Button_S5_Select_State.o)
 .debug_aranges
                0x00000ef8       0x20 .\CortexM3\ARM_GCC_541\Debug\7Seg_Display.a(CyBootAsmGnu.o)
 .debug_aranges
                0x00000f18       0x88 .\CortexM3\ARM_GCC_541\Debug\7Seg_Display.a(CyFlash.o)
 .debug_aranges
                0x00000fa0       0x80 .\CortexM3\ARM_GCC_541\Debug\7Seg_Display.a(CySpc.o)

.debug_pubnames
 *(.debug_pubnames)

.debug_info     0x00000000     0x81ee
 *(.debug_info .gnu.linkonce.wi.*)
 .debug_info    0x00000000     0x116f .\CortexM3\ARM_GCC_541\Debug\main.o
 .debug_info    0x0000116f      0x617 .\CortexM3\ARM_GCC_541\Debug\cyfitter_cfg.o
 .debug_info    0x00001786      0x139 .\CortexM3\ARM_GCC_541\Debug\cymetadata.o
 .debug_info    0x000018bf      0x3bb .\CortexM3\ARM_GCC_541\Debug\Cm3Start.o
 .debug_info    0x00001c7a      0x11f .\CortexM3\ARM_GCC_541\Debug\7Seg_Display.a(Dis_A.o)
 .debug_info    0x00001d99      0x11f .\CortexM3\ARM_GCC_541\Debug\7Seg_Display.a(Dis_B.o)
 .debug_info    0x00001eb8      0x11f .\CortexM3\ARM_GCC_541\Debug\7Seg_Display.a(Dis_C.o)
 .debug_info    0x00001fd7      0x11f .\CortexM3\ARM_GCC_541\Debug\7Seg_Display.a(Dis_D.o)
 .debug_info    0x000020f6      0x11f .\CortexM3\ARM_GCC_541\Debug\7Seg_Display.a(Dis_E.o)
 .debug_info    0x00002215      0x11f .\CortexM3\ARM_GCC_541\Debug\7Seg_Display.a(Dis_F.o)
 .debug_info    0x00002334      0x11f .\CortexM3\ARM_GCC_541\Debug\7Seg_Display.a(Dis_G.o)
 .debug_info    0x00002453      0x11f .\CortexM3\ARM_GCC_541\Debug\7Seg_Display.a(Dis_DP.o)
 .debug_info    0x00002572      0x11f .\CortexM3\ARM_GCC_541\Debug\7Seg_Display.a(Dis_D1.o)
 .debug_info    0x00002691      0x11f .\CortexM3\ARM_GCC_541\Debug\7Seg_Display.a(Dis_D2.o)
 .debug_info    0x000027b0      0x11f .\CortexM3\ARM_GCC_541\Debug\7Seg_Display.a(Dis_D3.o)
 .debug_info    0x000028cf      0x11f .\CortexM3\ARM_GCC_541\Debug\7Seg_Display.a(Dis_D4.o)
 .debug_info    0x000029ee     0x1374 .\CortexM3\ARM_GCC_541\Debug\7Seg_Display.a(CyLib.o)
 .debug_info    0x00003d62      0xa2a .\CortexM3\ARM_GCC_541\Debug\7Seg_Display.a(cyPm.o)
 .debug_info    0x0000478c      0x2d2 .\CortexM3\ARM_GCC_541\Debug\7Seg_Display.a(isr_7Seg.o)
 .debug_info    0x00004a5e      0x11f .\CortexM3\ARM_GCC_541\Debug\7Seg_Display.a(LED1_Red.o)
 .debug_info    0x00004b7d      0x11f .\CortexM3\ARM_GCC_541\Debug\7Seg_Display.a(LED3_Green.o)
 .debug_info    0x00004c9c      0x11f .\CortexM3\ARM_GCC_541\Debug\7Seg_Display.a(Button_S4_Right.o)
 .debug_info    0x00004dbb      0x11f .\CortexM3\ARM_GCC_541\Debug\7Seg_Display.a(Button_S5_Select.o)
 .debug_info    0x00004eda      0x11f .\CortexM3\ARM_GCC_541\Debug\7Seg_Display.a(LED2_Yellow.o)
 .debug_info    0x00004ff9      0x11f .\CortexM3\ARM_GCC_541\Debug\7Seg_Display.a(Button_S2_Left.o)
 .debug_info    0x00005118      0x1d3 .\CortexM3\ARM_GCC_541\Debug\7Seg_Display.a(PGA_1.o)
 .debug_info    0x000052eb      0x151 .\CortexM3\ARM_GCC_541\Debug\7Seg_Display.a(Opamp_1.o)
 .debug_info    0x0000543c      0x2c8 .\CortexM3\ARM_GCC_541\Debug\7Seg_Display.a(Comp_1.o)
 .debug_info    0x00005704      0x1df .\CortexM3\ARM_GCC_541\Debug\7Seg_Display.a(VDAC8_1.o)
 .debug_info    0x000058e3      0x32a .\CortexM3\ARM_GCC_541\Debug\7Seg_Display.a(Timer_1.o)
 .debug_info    0x00005c0d      0x1ec .\CortexM3\ARM_GCC_541\Debug\7Seg_Display.a(Count7_1.o)
 .debug_info    0x00005df9       0xd6 .\CortexM3\ARM_GCC_541\Debug\7Seg_Display.a(Control_Reg_1.o)
 .debug_info    0x00005ecf      0x60c .\CortexM3\ARM_GCC_541\Debug\7Seg_Display.a(UART_1.o)
 .debug_info    0x000064db      0x283 .\CortexM3\ARM_GCC_541\Debug\7Seg_Display.a(UART_1_IntClock.o)
 .debug_info    0x0000675e      0x2ee .\CortexM3\ARM_GCC_541\Debug\7Seg_Display.a(Timer_2.o)
 .debug_info    0x00006a4c      0x11f .\CortexM3\ARM_GCC_541\Debug\7Seg_Display.a(Buzzer.o)
 .debug_info    0x00006b6b      0x630 .\CortexM3\ARM_GCC_541\Debug\7Seg_Display.a(EEPROM.o)
 .debug_info    0x0000719b      0x2d2 .\CortexM3\ARM_GCC_541\Debug\7Seg_Display.a(isr_6.o)
 .debug_info    0x0000746d      0x11f .\CortexM3\ARM_GCC_541\Debug\7Seg_Display.a(Button_S5_Select_State.o)
 .debug_info    0x0000758c       0xc5 .\CortexM3\ARM_GCC_541\Debug\7Seg_Display.a(CyBootAsmGnu.o)
 .debug_info    0x00007651      0x64d .\CortexM3\ARM_GCC_541\Debug\7Seg_Display.a(CyFlash.o)
 .debug_info    0x00007c9e      0x550 .\CortexM3\ARM_GCC_541\Debug\7Seg_Display.a(CySpc.o)

.debug_abbrev   0x00000000     0x2874
 *(.debug_abbrev)
 .debug_abbrev  0x00000000      0x2c1 .\CortexM3\ARM_GCC_541\Debug\main.o
 .debug_abbrev  0x000002c1      0x20d .\CortexM3\ARM_GCC_541\Debug\cyfitter_cfg.o
 .debug_abbrev  0x000004ce       0x77 .\CortexM3\ARM_GCC_541\Debug\cymetadata.o
 .debug_abbrev  0x00000545      0x1e8 .\CortexM3\ARM_GCC_541\Debug\Cm3Start.o
 .debug_abbrev  0x0000072d       0x90 .\CortexM3\ARM_GCC_541\Debug\7Seg_Display.a(Dis_A.o)
 .debug_abbrev  0x000007bd       0x90 .\CortexM3\ARM_GCC_541\Debug\7Seg_Display.a(Dis_B.o)
 .debug_abbrev  0x0000084d       0x90 .\CortexM3\ARM_GCC_541\Debug\7Seg_Display.a(Dis_C.o)
 .debug_abbrev  0x000008dd       0x90 .\CortexM3\ARM_GCC_541\Debug\7Seg_Display.a(Dis_D.o)
 .debug_abbrev  0x0000096d       0x90 .\CortexM3\ARM_GCC_541\Debug\7Seg_Display.a(Dis_E.o)
 .debug_abbrev  0x000009fd       0x90 .\CortexM3\ARM_GCC_541\Debug\7Seg_Display.a(Dis_F.o)
 .debug_abbrev  0x00000a8d       0x90 .\CortexM3\ARM_GCC_541\Debug\7Seg_Display.a(Dis_G.o)
 .debug_abbrev  0x00000b1d       0x90 .\CortexM3\ARM_GCC_541\Debug\7Seg_Display.a(Dis_DP.o)
 .debug_abbrev  0x00000bad       0x90 .\CortexM3\ARM_GCC_541\Debug\7Seg_Display.a(Dis_D1.o)
 .debug_abbrev  0x00000c3d       0x90 .\CortexM3\ARM_GCC_541\Debug\7Seg_Display.a(Dis_D2.o)
 .debug_abbrev  0x00000ccd       0x90 .\CortexM3\ARM_GCC_541\Debug\7Seg_Display.a(Dis_D3.o)
 .debug_abbrev  0x00000d5d       0x90 .\CortexM3\ARM_GCC_541\Debug\7Seg_Display.a(Dis_D4.o)
 .debug_abbrev  0x00000ded      0x254 .\CortexM3\ARM_GCC_541\Debug\7Seg_Display.a(CyLib.o)
 .debug_abbrev  0x00001041      0x1ab .\CortexM3\ARM_GCC_541\Debug\7Seg_Display.a(cyPm.o)
 .debug_abbrev  0x000011ec      0x173 .\CortexM3\ARM_GCC_541\Debug\7Seg_Display.a(isr_7Seg.o)
 .debug_abbrev  0x0000135f       0x90 .\CortexM3\ARM_GCC_541\Debug\7Seg_Display.a(LED1_Red.o)
 .debug_abbrev  0x000013ef       0x90 .\CortexM3\ARM_GCC_541\Debug\7Seg_Display.a(LED3_Green.o)
 .debug_abbrev  0x0000147f       0x90 .\CortexM3\ARM_GCC_541\Debug\7Seg_Display.a(Button_S4_Right.o)
 .debug_abbrev  0x0000150f       0x90 .\CortexM3\ARM_GCC_541\Debug\7Seg_Display.a(Button_S5_Select.o)
 .debug_abbrev  0x0000159f       0x90 .\CortexM3\ARM_GCC_541\Debug\7Seg_Display.a(LED2_Yellow.o)
 .debug_abbrev  0x0000162f       0x90 .\CortexM3\ARM_GCC_541\Debug\7Seg_Display.a(Button_S2_Left.o)
 .debug_abbrev  0x000016bf       0xf6 .\CortexM3\ARM_GCC_541\Debug\7Seg_Display.a(PGA_1.o)
 .debug_abbrev  0x000017b5       0xb2 .\CortexM3\ARM_GCC_541\Debug\7Seg_Display.a(Opamp_1.o)
 .debug_abbrev  0x00001867      0x16e .\CortexM3\ARM_GCC_541\Debug\7Seg_Display.a(Comp_1.o)
 .debug_abbrev  0x000019d5       0xf7 .\CortexM3\ARM_GCC_541\Debug\7Seg_Display.a(VDAC8_1.o)
 .debug_abbrev  0x00001acc      0x13a .\CortexM3\ARM_GCC_541\Debug\7Seg_Display.a(Timer_1.o)
 .debug_abbrev  0x00001c06       0xe4 .\CortexM3\ARM_GCC_541\Debug\7Seg_Display.a(Count7_1.o)
 .debug_abbrev  0x00001cea       0x81 .\CortexM3\ARM_GCC_541\Debug\7Seg_Display.a(Control_Reg_1.o)
 .debug_abbrev  0x00001d6b      0x175 .\CortexM3\ARM_GCC_541\Debug\7Seg_Display.a(UART_1.o)
 .debug_abbrev  0x00001ee0      0x139 .\CortexM3\ARM_GCC_541\Debug\7Seg_Display.a(UART_1_IntClock.o)
 .debug_abbrev  0x00002019      0x12b .\CortexM3\ARM_GCC_541\Debug\7Seg_Display.a(Timer_2.o)
 .debug_abbrev  0x00002144       0x90 .\CortexM3\ARM_GCC_541\Debug\7Seg_Display.a(Buzzer.o)
 .debug_abbrev  0x000021d4      0x14e .\CortexM3\ARM_GCC_541\Debug\7Seg_Display.a(EEPROM.o)
 .debug_abbrev  0x00002322      0x173 .\CortexM3\ARM_GCC_541\Debug\7Seg_Display.a(isr_6.o)
 .debug_abbrev  0x00002495       0x90 .\CortexM3\ARM_GCC_541\Debug\7Seg_Display.a(Button_S5_Select_State.o)
 .debug_abbrev  0x00002525       0x14 .\CortexM3\ARM_GCC_541\Debug\7Seg_Display.a(CyBootAsmGnu.o)
 .debug_abbrev  0x00002539      0x1a7 .\CortexM3\ARM_GCC_541\Debug\7Seg_Display.a(CyFlash.o)
 .debug_abbrev  0x000026e0      0x194 .\CortexM3\ARM_GCC_541\Debug\7Seg_Display.a(CySpc.o)

.debug_line     0x00000000     0x3999
 *(.debug_line)
 .debug_line    0x00000000      0x744 .\CortexM3\ARM_GCC_541\Debug\main.o
 .debug_line    0x00000744      0x1fb .\CortexM3\ARM_GCC_541\Debug\cyfitter_cfg.o
 .debug_line    0x0000093f      0x121 .\CortexM3\ARM_GCC_541\Debug\cymetadata.o
 .debug_line    0x00000a60      0x214 .\CortexM3\ARM_GCC_541\Debug\Cm3Start.o
 .debug_line    0x00000c74       0x92 .\CortexM3\ARM_GCC_541\Debug\7Seg_Display.a(Dis_A.o)
 .debug_line    0x00000d06       0x92 .\CortexM3\ARM_GCC_541\Debug\7Seg_Display.a(Dis_B.o)
 .debug_line    0x00000d98       0x92 .\CortexM3\ARM_GCC_541\Debug\7Seg_Display.a(Dis_C.o)
 .debug_line    0x00000e2a       0x92 .\CortexM3\ARM_GCC_541\Debug\7Seg_Display.a(Dis_D.o)
 .debug_line    0x00000ebc       0x92 .\CortexM3\ARM_GCC_541\Debug\7Seg_Display.a(Dis_E.o)
 .debug_line    0x00000f4e       0x92 .\CortexM3\ARM_GCC_541\Debug\7Seg_Display.a(Dis_F.o)
 .debug_line    0x00000fe0       0x92 .\CortexM3\ARM_GCC_541\Debug\7Seg_Display.a(Dis_G.o)
 .debug_line    0x00001072       0x93 .\CortexM3\ARM_GCC_541\Debug\7Seg_Display.a(Dis_DP.o)
 .debug_line    0x00001105       0x93 .\CortexM3\ARM_GCC_541\Debug\7Seg_Display.a(Dis_D1.o)
 .debug_line    0x00001198       0x93 .\CortexM3\ARM_GCC_541\Debug\7Seg_Display.a(Dis_D2.o)
 .debug_line    0x0000122b       0x93 .\CortexM3\ARM_GCC_541\Debug\7Seg_Display.a(Dis_D3.o)
 .debug_line    0x000012be       0x93 .\CortexM3\ARM_GCC_541\Debug\7Seg_Display.a(Dis_D4.o)
 .debug_line    0x00001351      0x816 .\CortexM3\ARM_GCC_541\Debug\7Seg_Display.a(CyLib.o)
 .debug_line    0x00001b67      0x367 .\CortexM3\ARM_GCC_541\Debug\7Seg_Display.a(cyPm.o)
 .debug_line    0x00001ece      0x135 .\CortexM3\ARM_GCC_541\Debug\7Seg_Display.a(isr_7Seg.o)
 .debug_line    0x00002003       0x95 .\CortexM3\ARM_GCC_541\Debug\7Seg_Display.a(LED1_Red.o)
 .debug_line    0x00002098       0x97 .\CortexM3\ARM_GCC_541\Debug\7Seg_Display.a(LED3_Green.o)
 .debug_line    0x0000212f       0x9c .\CortexM3\ARM_GCC_541\Debug\7Seg_Display.a(Button_S4_Right.o)
 .debug_line    0x000021cb       0x9d .\CortexM3\ARM_GCC_541\Debug\7Seg_Display.a(Button_S5_Select.o)
 .debug_line    0x00002268       0x98 .\CortexM3\ARM_GCC_541\Debug\7Seg_Display.a(LED2_Yellow.o)
 .debug_line    0x00002300       0x9b .\CortexM3\ARM_GCC_541\Debug\7Seg_Display.a(Button_S2_Left.o)
 .debug_line    0x0000239b       0xcc .\CortexM3\ARM_GCC_541\Debug\7Seg_Display.a(PGA_1.o)
 .debug_line    0x00002467       0xaa .\CortexM3\ARM_GCC_541\Debug\7Seg_Display.a(Opamp_1.o)
 .debug_line    0x00002511      0x165 .\CortexM3\ARM_GCC_541\Debug\7Seg_Display.a(Comp_1.o)
 .debug_line    0x00002676       0xe4 .\CortexM3\ARM_GCC_541\Debug\7Seg_Display.a(VDAC8_1.o)
 .debug_line    0x0000275a      0x184 .\CortexM3\ARM_GCC_541\Debug\7Seg_Display.a(Timer_1.o)
 .debug_line    0x000028de       0xea .\CortexM3\ARM_GCC_541\Debug\7Seg_Display.a(Count7_1.o)
 .debug_line    0x000029c8       0x75 .\CortexM3\ARM_GCC_541\Debug\7Seg_Display.a(Control_Reg_1.o)
 .debug_line    0x00002a3d      0x2c0 .\CortexM3\ARM_GCC_541\Debug\7Seg_Display.a(UART_1.o)
 .debug_line    0x00002cfd      0x17e .\CortexM3\ARM_GCC_541\Debug\7Seg_Display.a(UART_1_IntClock.o)
 .debug_line    0x00002e7b      0x172 .\CortexM3\ARM_GCC_541\Debug\7Seg_Display.a(Timer_2.o)
 .debug_line    0x00002fed       0x93 .\CortexM3\ARM_GCC_541\Debug\7Seg_Display.a(Buzzer.o)
 .debug_line    0x00003080      0x264 .\CortexM3\ARM_GCC_541\Debug\7Seg_Display.a(EEPROM.o)
 .debug_line    0x000032e4      0x132 .\CortexM3\ARM_GCC_541\Debug\7Seg_Display.a(isr_6.o)
 .debug_line    0x00003416       0xa3 .\CortexM3\ARM_GCC_541\Debug\7Seg_Display.a(Button_S5_Select_State.o)
 .debug_line    0x000034b9       0x66 .\CortexM3\ARM_GCC_541\Debug\7Seg_Display.a(CyBootAsmGnu.o)
 .debug_line    0x0000351f      0x21a .\CortexM3\ARM_GCC_541\Debug\7Seg_Display.a(CyFlash.o)
 .debug_line    0x00003739      0x260 .\CortexM3\ARM_GCC_541\Debug\7Seg_Display.a(CySpc.o)

.debug_frame    0x00000000     0x24d8
 *(.debug_frame)
 .debug_frame   0x00000000      0x2c0 .\CortexM3\ARM_GCC_541\Debug\main.o
 .debug_frame   0x000002c0       0xe4 .\CortexM3\ARM_GCC_541\Debug\cyfitter_cfg.o
 .debug_frame   0x000003a4       0xb8 .\CortexM3\ARM_GCC_541\Debug\Cm3Start.o
 .debug_frame   0x0000045c       0x50 .\CortexM3\ARM_GCC_541\Debug\7Seg_Display.a(Dis_A.o)
 .debug_frame   0x000004ac       0x50 .\CortexM3\ARM_GCC_541\Debug\7Seg_Display.a(Dis_B.o)
 .debug_frame   0x000004fc       0x50 .\CortexM3\ARM_GCC_541\Debug\7Seg_Display.a(Dis_C.o)
 .debug_frame   0x0000054c       0x50 .\CortexM3\ARM_GCC_541\Debug\7Seg_Display.a(Dis_D.o)
 .debug_frame   0x0000059c       0x50 .\CortexM3\ARM_GCC_541\Debug\7Seg_Display.a(Dis_E.o)
 .debug_frame   0x000005ec       0x50 .\CortexM3\ARM_GCC_541\Debug\7Seg_Display.a(Dis_F.o)
 .debug_frame   0x0000063c       0x50 .\CortexM3\ARM_GCC_541\Debug\7Seg_Display.a(Dis_G.o)
 .debug_frame   0x0000068c       0x50 .\CortexM3\ARM_GCC_541\Debug\7Seg_Display.a(Dis_DP.o)
 .debug_frame   0x000006dc       0x50 .\CortexM3\ARM_GCC_541\Debug\7Seg_Display.a(Dis_D1.o)
 .debug_frame   0x0000072c       0x50 .\CortexM3\ARM_GCC_541\Debug\7Seg_Display.a(Dis_D2.o)
 .debug_frame   0x0000077c       0x50 .\CortexM3\ARM_GCC_541\Debug\7Seg_Display.a(Dis_D3.o)
 .debug_frame   0x000007cc       0x50 .\CortexM3\ARM_GCC_541\Debug\7Seg_Display.a(Dis_D4.o)
 .debug_frame   0x0000081c      0x738 .\CortexM3\ARM_GCC_541\Debug\7Seg_Display.a(CyLib.o)
 .debug_frame   0x00000f54      0x1f8 .\CortexM3\ARM_GCC_541\Debug\7Seg_Display.a(cyPm.o)
 .debug_frame   0x0000114c      0x104 .\CortexM3\ARM_GCC_541\Debug\7Seg_Display.a(isr_7Seg.o)
 .debug_frame   0x00001250       0x50 .\CortexM3\ARM_GCC_541\Debug\7Seg_Display.a(LED1_Red.o)
 .debug_frame   0x000012a0       0x50 .\CortexM3\ARM_GCC_541\Debug\7Seg_Display.a(LED3_Green.o)
 .debug_frame   0x000012f0       0x50 .\CortexM3\ARM_GCC_541\Debug\7Seg_Display.a(Button_S4_Right.o)
 .debug_frame   0x00001340       0x50 .\CortexM3\ARM_GCC_541\Debug\7Seg_Display.a(Button_S5_Select.o)
 .debug_frame   0x00001390       0x50 .\CortexM3\ARM_GCC_541\Debug\7Seg_Display.a(LED2_Yellow.o)
 .debug_frame   0x000013e0       0x50 .\CortexM3\ARM_GCC_541\Debug\7Seg_Display.a(Button_S2_Left.o)
 .debug_frame   0x00001430       0x9c .\CortexM3\ARM_GCC_541\Debug\7Seg_Display.a(PGA_1.o)
 .debug_frame   0x000014cc       0x78 .\CortexM3\ARM_GCC_541\Debug\7Seg_Display.a(Opamp_1.o)
 .debug_frame   0x00001544      0x108 .\CortexM3\ARM_GCC_541\Debug\7Seg_Display.a(Comp_1.o)
 .debug_frame   0x0000164c       0xb4 .\CortexM3\ARM_GCC_541\Debug\7Seg_Display.a(VDAC8_1.o)
 .debug_frame   0x00001700      0x134 .\CortexM3\ARM_GCC_541\Debug\7Seg_Display.a(Timer_1.o)
 .debug_frame   0x00001834       0xb4 .\CortexM3\ARM_GCC_541\Debug\7Seg_Display.a(Count7_1.o)
 .debug_frame   0x000018e8       0x30 .\CortexM3\ARM_GCC_541\Debug\7Seg_Display.a(Control_Reg_1.o)
 .debug_frame   0x00001918      0x250 .\CortexM3\ARM_GCC_541\Debug\7Seg_Display.a(UART_1.o)
 .debug_frame   0x00001b68       0xe0 .\CortexM3\ARM_GCC_541\Debug\7Seg_Display.a(UART_1_IntClock.o)
 .debug_frame   0x00001c48      0x124 .\CortexM3\ARM_GCC_541\Debug\7Seg_Display.a(Timer_2.o)
 .debug_frame   0x00001d6c       0x50 .\CortexM3\ARM_GCC_541\Debug\7Seg_Display.a(Buzzer.o)
 .debug_frame   0x00001dbc      0x17c .\CortexM3\ARM_GCC_541\Debug\7Seg_Display.a(EEPROM.o)
 .debug_frame   0x00001f38      0x104 .\CortexM3\ARM_GCC_541\Debug\7Seg_Display.a(isr_6.o)
 .debug_frame   0x0000203c       0x50 .\CortexM3\ARM_GCC_541\Debug\7Seg_Display.a(Button_S5_Select_State.o)
 .debug_frame   0x0000208c      0x194 .\CortexM3\ARM_GCC_541\Debug\7Seg_Display.a(CyFlash.o)
 .debug_frame   0x00002220      0x180 .\CortexM3\ARM_GCC_541\Debug\7Seg_Display.a(CySpc.o)
 .debug_frame   0x000023a0       0x20 d:/monash_apps/psoc creator/4.4/psoc creator/import/gnu/arm/5.4.1/bin/../lib/gcc/arm-none-eabi/5.4.1/../../../../arm-none-eabi/lib/armv7-m\libg_nano.a(lib_a-errno.o)
 .debug_frame   0x000023c0       0x28 d:/monash_apps/psoc creator/4.4/psoc creator/import/gnu/arm/5.4.1/bin/../lib/gcc/arm-none-eabi/5.4.1/../../../../arm-none-eabi/lib/armv7-m\libg_nano.a(lib_a-exit.o)
 .debug_frame   0x000023e8       0x2c d:/monash_apps/psoc creator/4.4/psoc creator/import/gnu/arm/5.4.1/bin/../lib/gcc/arm-none-eabi/5.4.1/../../../../arm-none-eabi/lib/armv7-m\libg_nano.a(lib_a-init.o)
 .debug_frame   0x00002414       0x28 d:/monash_apps/psoc creator/4.4/psoc creator/import/gnu/arm/5.4.1/bin/../lib/gcc/arm-none-eabi/5.4.1/../../../../arm-none-eabi/lib/armv7-m\libg_nano.a(lib_a-memcpy-stub.o)
 .debug_frame   0x0000243c       0x20 d:/monash_apps/psoc creator/4.4/psoc creator/import/gnu/arm/5.4.1/bin/../lib/gcc/arm-none-eabi/5.4.1/../../../../arm-none-eabi/lib/armv7-m\libg_nano.a(lib_a-memset.o)
 .debug_frame   0x0000245c       0x7c d:/monash_apps/psoc creator/4.4/psoc creator/import/gnu/arm/5.4.1/bin/../lib/gcc/arm-none-eabi/5.4.1/../../../../arm-none-eabi/lib/armv7-m\libg_nano.a(lib_a-qsort.o)

.debug_str      0x00000000     0x2c84
 *(.debug_str)
 .debug_str     0x00000000      0x6db .\CortexM3\ARM_GCC_541\Debug\main.o
                                0x75f (size before relaxing)
 .debug_str     0x000006db      0x1a3 .\CortexM3\ARM_GCC_541\Debug\cyfitter_cfg.o
                                0x379 (size before relaxing)
 .debug_str     0x0000087e       0x7f .\CortexM3\ARM_GCC_541\Debug\cymetadata.o
                                0x219 (size before relaxing)
 .debug_str     0x000008fd      0x144 .\CortexM3\ARM_GCC_541\Debug\Cm3Start.o
                                0x33f (size before relaxing)
 .debug_str     0x00000a41       0x5a .\CortexM3\ARM_GCC_541\Debug\7Seg_Display.a(Dis_A.o)
                                0x217 (size before relaxing)
 .debug_str     0x00000a9b       0x4f .\CortexM3\ARM_GCC_541\Debug\7Seg_Display.a(Dis_B.o)
                                0x217 (size before relaxing)
 .debug_str     0x00000aea       0x4f .\CortexM3\ARM_GCC_541\Debug\7Seg_Display.a(Dis_C.o)
                                0x217 (size before relaxing)
 .debug_str     0x00000b39       0x4f .\CortexM3\ARM_GCC_541\Debug\7Seg_Display.a(Dis_D.o)
                                0x217 (size before relaxing)
 .debug_str     0x00000b88       0x4f .\CortexM3\ARM_GCC_541\Debug\7Seg_Display.a(Dis_E.o)
                                0x217 (size before relaxing)
 .debug_str     0x00000bd7       0x4f .\CortexM3\ARM_GCC_541\Debug\7Seg_Display.a(Dis_F.o)
                                0x217 (size before relaxing)
 .debug_str     0x00000c26       0x4f .\CortexM3\ARM_GCC_541\Debug\7Seg_Display.a(Dis_G.o)
                                0x217 (size before relaxing)
 .debug_str     0x00000c75       0x53 .\CortexM3\ARM_GCC_541\Debug\7Seg_Display.a(Dis_DP.o)
                                0x21c (size before relaxing)
 .debug_str     0x00000cc8       0x53 .\CortexM3\ARM_GCC_541\Debug\7Seg_Display.a(Dis_D1.o)
                                0x21c (size before relaxing)
 .debug_str     0x00000d1b       0x53 .\CortexM3\ARM_GCC_541\Debug\7Seg_Display.a(Dis_D2.o)
                                0x21c (size before relaxing)
 .debug_str     0x00000d6e       0x53 .\CortexM3\ARM_GCC_541\Debug\7Seg_Display.a(Dis_D3.o)
                                0x21c (size before relaxing)
 .debug_str     0x00000dc1       0x53 .\CortexM3\ARM_GCC_541\Debug\7Seg_Display.a(Dis_D4.o)
                                0x21c (size before relaxing)
 .debug_str     0x00000e14      0x827 .\CortexM3\ARM_GCC_541\Debug\7Seg_Display.a(CyLib.o)
                                0xa7c (size before relaxing)
 .debug_str     0x0000163b      0x365 .\CortexM3\ARM_GCC_541\Debug\7Seg_Display.a(cyPm.o)
                                0x768 (size before relaxing)
 .debug_str     0x000019a0       0xe9 .\CortexM3\ARM_GCC_541\Debug\7Seg_Display.a(isr_7Seg.o)
                                0x305 (size before relaxing)
 .debug_str     0x00001a89       0x5b .\CortexM3\ARM_GCC_541\Debug\7Seg_Display.a(LED1_Red.o)
                                0x226 (size before relaxing)
 .debug_str     0x00001ae4       0x63 .\CortexM3\ARM_GCC_541\Debug\7Seg_Display.a(LED3_Green.o)
                                0x230 (size before relaxing)
 .debug_str     0x00001b47       0x78 .\CortexM3\ARM_GCC_541\Debug\7Seg_Display.a(Button_S4_Right.o)
                                0x249 (size before relaxing)
 .debug_str     0x00001bbf       0x7c .\CortexM3\ARM_GCC_541\Debug\7Seg_Display.a(Button_S5_Select.o)
                                0x24e (size before relaxing)
 .debug_str     0x00001c3b       0x67 .\CortexM3\ARM_GCC_541\Debug\7Seg_Display.a(LED2_Yellow.o)
                                0x235 (size before relaxing)
 .debug_str     0x00001ca2       0x74 .\CortexM3\ARM_GCC_541\Debug\7Seg_Display.a(Button_S2_Left.o)
                                0x244 (size before relaxing)
 .debug_str     0x00001d16       0x9d .\CortexM3\ARM_GCC_541\Debug\7Seg_Display.a(PGA_1.o)
                                0x264 (size before relaxing)
 .debug_str     0x00001db3       0x6b .\CortexM3\ARM_GCC_541\Debug\7Seg_Display.a(Opamp_1.o)
                                0x23a (size before relaxing)
 .debug_str     0x00001e1e      0x127 .\CortexM3\ARM_GCC_541\Debug\7Seg_Display.a(Comp_1.o)
                                0x30d (size before relaxing)
 .debug_str     0x00001f45       0xa3 .\CortexM3\ARM_GCC_541\Debug\7Seg_Display.a(VDAC8_1.o)
                                0x268 (size before relaxing)
 .debug_str     0x00001fe8      0x165 .\CortexM3\ARM_GCC_541\Debug\7Seg_Display.a(Timer_1.o)
                                0x3bd (size before relaxing)
 .debug_str     0x0000214d       0xb3 .\CortexM3\ARM_GCC_541\Debug\7Seg_Display.a(Count7_1.o)
                                0x2c6 (size before relaxing)
 .debug_str     0x00002200       0x3a .\CortexM3\ARM_GCC_541\Debug\7Seg_Display.a(Control_Reg_1.o)
                                0x1fc (size before relaxing)
 .debug_str     0x0000223a      0x2ac .\CortexM3\ARM_GCC_541\Debug\7Seg_Display.a(UART_1.o)
                                0x4e8 (size before relaxing)
 .debug_str     0x000024e6      0x197 .\CortexM3\ARM_GCC_541\Debug\7Seg_Display.a(UART_1_IntClock.o)
                                0x383 (size before relaxing)
 .debug_str     0x0000267d      0x12c .\CortexM3\ARM_GCC_541\Debug\7Seg_Display.a(Timer_2.o)
                                0x394 (size before relaxing)
 .debug_str     0x000027a9       0x53 .\CortexM3\ARM_GCC_541\Debug\7Seg_Display.a(Buzzer.o)
                                0x21c (size before relaxing)
 .debug_str     0x000027fc      0x1a7 .\CortexM3\ARM_GCC_541\Debug\7Seg_Display.a(EEPROM.o)
                                0x3f7 (size before relaxing)
 .debug_str     0x000029a3       0xc5 .\CortexM3\ARM_GCC_541\Debug\7Seg_Display.a(isr_6.o)
                                0x2db (size before relaxing)
 .debug_str     0x00002a68       0x94 .\CortexM3\ARM_GCC_541\Debug\7Seg_Display.a(Button_S5_Select_State.o)
                                0x26c (size before relaxing)
 .debug_str     0x00002afc      0x11a .\CortexM3\ARM_GCC_541\Debug\7Seg_Display.a(CyFlash.o)
                                0x3f5 (size before relaxing)
 .debug_str     0x00002c16       0x6e .\CortexM3\ARM_GCC_541\Debug\7Seg_Display.a(CySpc.o)
                                0x36d (size before relaxing)

.debug_loc      0x00000000     0x3000
 *(.debug_loc)
 .debug_loc     0x00000000      0x523 .\CortexM3\ARM_GCC_541\Debug\main.o
 .debug_loc     0x00000523      0x288 .\CortexM3\ARM_GCC_541\Debug\cyfitter_cfg.o
 .debug_loc     0x000007ab      0x144 .\CortexM3\ARM_GCC_541\Debug\Cm3Start.o
 .debug_loc     0x000008ef       0x42 .\CortexM3\ARM_GCC_541\Debug\7Seg_Display.a(Dis_A.o)
 .debug_loc     0x00000931       0x42 .\CortexM3\ARM_GCC_541\Debug\7Seg_Display.a(Dis_B.o)
 .debug_loc     0x00000973       0x42 .\CortexM3\ARM_GCC_541\Debug\7Seg_Display.a(Dis_C.o)
 .debug_loc     0x000009b5       0x42 .\CortexM3\ARM_GCC_541\Debug\7Seg_Display.a(Dis_D.o)
 .debug_loc     0x000009f7       0x42 .\CortexM3\ARM_GCC_541\Debug\7Seg_Display.a(Dis_E.o)
 .debug_loc     0x00000a39       0x42 .\CortexM3\ARM_GCC_541\Debug\7Seg_Display.a(Dis_F.o)
 .debug_loc     0x00000a7b       0x42 .\CortexM3\ARM_GCC_541\Debug\7Seg_Display.a(Dis_G.o)
 .debug_loc     0x00000abd       0x42 .\CortexM3\ARM_GCC_541\Debug\7Seg_Display.a(Dis_DP.o)
 .debug_loc     0x00000aff       0x42 .\CortexM3\ARM_GCC_541\Debug\7Seg_Display.a(Dis_D1.o)
 .debug_loc     0x00000b41       0x42 .\CortexM3\ARM_GCC_541\Debug\7Seg_Display.a(Dis_D2.o)
 .debug_loc     0x00000b83       0x42 .\CortexM3\ARM_GCC_541\Debug\7Seg_Display.a(Dis_D3.o)
 .debug_loc     0x00000bc5       0x42 .\CortexM3\ARM_GCC_541\Debug\7Seg_Display.a(Dis_D4.o)
 .debug_loc     0x00000c07      0xa11 .\CortexM3\ARM_GCC_541\Debug\7Seg_Display.a(CyLib.o)
 .debug_loc     0x00001618      0x1e4 .\CortexM3\ARM_GCC_541\Debug\7Seg_Display.a(cyPm.o)
 .debug_loc     0x000017fc       0x56 .\CortexM3\ARM_GCC_541\Debug\7Seg_Display.a(isr_7Seg.o)
 .debug_loc     0x00001852       0x42 .\CortexM3\ARM_GCC_541\Debug\7Seg_Display.a(LED1_Red.o)
 .debug_loc     0x00001894       0x42 .\CortexM3\ARM_GCC_541\Debug\7Seg_Display.a(LED3_Green.o)
 .debug_loc     0x000018d6       0x42 .\CortexM3\ARM_GCC_541\Debug\7Seg_Display.a(Button_S4_Right.o)
 .debug_loc     0x00001918       0x42 .\CortexM3\ARM_GCC_541\Debug\7Seg_Display.a(Button_S5_Select.o)
 .debug_loc     0x0000195a       0x42 .\CortexM3\ARM_GCC_541\Debug\7Seg_Display.a(LED2_Yellow.o)
 .debug_loc     0x0000199c       0x42 .\CortexM3\ARM_GCC_541\Debug\7Seg_Display.a(Button_S2_Left.o)
 .debug_loc     0x000019de       0x60 .\CortexM3\ARM_GCC_541\Debug\7Seg_Display.a(PGA_1.o)
 .debug_loc     0x00001a3e       0x21 .\CortexM3\ARM_GCC_541\Debug\7Seg_Display.a(Opamp_1.o)
 .debug_loc     0x00001a5f       0xed .\CortexM3\ARM_GCC_541\Debug\7Seg_Display.a(Comp_1.o)
 .debug_loc     0x00001b4c       0x79 .\CortexM3\ARM_GCC_541\Debug\7Seg_Display.a(VDAC8_1.o)
 .debug_loc     0x00001bc5       0x31 .\CortexM3\ARM_GCC_541\Debug\7Seg_Display.a(Timer_1.o)
 .debug_loc     0x00001bf6       0x47 .\CortexM3\ARM_GCC_541\Debug\7Seg_Display.a(Count7_1.o)
 .debug_loc     0x00001c3d      0x258 .\CortexM3\ARM_GCC_541\Debug\7Seg_Display.a(UART_1.o)
 .debug_loc     0x00001e95      0x128 .\CortexM3\ARM_GCC_541\Debug\7Seg_Display.a(UART_1_IntClock.o)
 .debug_loc     0x00001fbd       0x13 .\CortexM3\ARM_GCC_541\Debug\7Seg_Display.a(Timer_2.o)
 .debug_loc     0x00001fd0       0x42 .\CortexM3\ARM_GCC_541\Debug\7Seg_Display.a(Buzzer.o)
 .debug_loc     0x00002012      0x49f .\CortexM3\ARM_GCC_541\Debug\7Seg_Display.a(EEPROM.o)
 .debug_loc     0x000024b1       0x56 .\CortexM3\ARM_GCC_541\Debug\7Seg_Display.a(isr_6.o)
 .debug_loc     0x00002507       0x42 .\CortexM3\ARM_GCC_541\Debug\7Seg_Display.a(Button_S5_Select_State.o)
 .debug_loc     0x00002549      0x3b2 .\CortexM3\ARM_GCC_541\Debug\7Seg_Display.a(CyFlash.o)
 .debug_loc     0x000028fb      0x705 .\CortexM3\ARM_GCC_541\Debug\7Seg_Display.a(CySpc.o)

.debug_macinfo
 *(.debug_macinfo)

.debug_ranges   0x00000000      0xd98
 *(.debug_ranges)
 .debug_ranges  0x00000000       0xf8 .\CortexM3\ARM_GCC_541\Debug\main.o
 .debug_ranges  0x000000f8       0x48 .\CortexM3\ARM_GCC_541\Debug\cyfitter_cfg.o
 .debug_ranges  0x00000140       0x38 .\CortexM3\ARM_GCC_541\Debug\Cm3Start.o
 .debug_ranges  0x00000178       0x28 .\CortexM3\ARM_GCC_541\Debug\7Seg_Display.a(Dis_A.o)
 .debug_ranges  0x000001a0       0x28 .\CortexM3\ARM_GCC_541\Debug\7Seg_Display.a(Dis_B.o)
 .debug_ranges  0x000001c8       0x28 .\CortexM3\ARM_GCC_541\Debug\7Seg_Display.a(Dis_C.o)
 .debug_ranges  0x000001f0       0x28 .\CortexM3\ARM_GCC_541\Debug\7Seg_Display.a(Dis_D.o)
 .debug_ranges  0x00000218       0x28 .\CortexM3\ARM_GCC_541\Debug\7Seg_Display.a(Dis_E.o)
 .debug_ranges  0x00000240       0x28 .\CortexM3\ARM_GCC_541\Debug\7Seg_Display.a(Dis_F.o)
 .debug_ranges  0x00000268       0x28 .\CortexM3\ARM_GCC_541\Debug\7Seg_Display.a(Dis_G.o)
 .debug_ranges  0x00000290       0x28 .\CortexM3\ARM_GCC_541\Debug\7Seg_Display.a(Dis_DP.o)
 .debug_ranges  0x000002b8       0x28 .\CortexM3\ARM_GCC_541\Debug\7Seg_Display.a(Dis_D1.o)
 .debug_ranges  0x000002e0       0x28 .\CortexM3\ARM_GCC_541\Debug\7Seg_Display.a(Dis_D2.o)
 .debug_ranges  0x00000308       0x28 .\CortexM3\ARM_GCC_541\Debug\7Seg_Display.a(Dis_D3.o)
 .debug_ranges  0x00000330       0x28 .\CortexM3\ARM_GCC_541\Debug\7Seg_Display.a(Dis_D4.o)
 .debug_ranges  0x00000358      0x290 .\CortexM3\ARM_GCC_541\Debug\7Seg_Display.a(CyLib.o)
 .debug_ranges  0x000005e8       0x88 .\CortexM3\ARM_GCC_541\Debug\7Seg_Display.a(cyPm.o)
 .debug_ranges  0x00000670       0x70 .\CortexM3\ARM_GCC_541\Debug\7Seg_Display.a(isr_7Seg.o)
 .debug_ranges  0x000006e0       0x28 .\CortexM3\ARM_GCC_541\Debug\7Seg_Display.a(LED1_Red.o)
 .debug_ranges  0x00000708       0x28 .\CortexM3\ARM_GCC_541\Debug\7Seg_Display.a(LED3_Green.o)
 .debug_ranges  0x00000730       0x28 .\CortexM3\ARM_GCC_541\Debug\7Seg_Display.a(Button_S4_Right.o)
 .debug_ranges  0x00000758       0x28 .\CortexM3\ARM_GCC_541\Debug\7Seg_Display.a(Button_S5_Select.o)
 .debug_ranges  0x00000780       0x28 .\CortexM3\ARM_GCC_541\Debug\7Seg_Display.a(LED2_Yellow.o)
 .debug_ranges  0x000007a8       0x28 .\CortexM3\ARM_GCC_541\Debug\7Seg_Display.a(Button_S2_Left.o)
 .debug_ranges  0x000007d0       0x38 .\CortexM3\ARM_GCC_541\Debug\7Seg_Display.a(PGA_1.o)
 .debug_ranges  0x00000808       0x30 .\CortexM3\ARM_GCC_541\Debug\7Seg_Display.a(Opamp_1.o)
 .debug_ranges  0x00000838       0x60 .\CortexM3\ARM_GCC_541\Debug\7Seg_Display.a(Comp_1.o)
 .debug_ranges  0x00000898       0x48 .\CortexM3\ARM_GCC_541\Debug\7Seg_Display.a(VDAC8_1.o)
 .debug_ranges  0x000008e0       0x88 .\CortexM3\ARM_GCC_541\Debug\7Seg_Display.a(Timer_1.o)
 .debug_ranges  0x00000968       0x48 .\CortexM3\ARM_GCC_541\Debug\7Seg_Display.a(Count7_1.o)
 .debug_ranges  0x000009b0       0x18 .\CortexM3\ARM_GCC_541\Debug\7Seg_Display.a(Control_Reg_1.o)
 .debug_ranges  0x000009c8       0xe0 .\CortexM3\ARM_GCC_541\Debug\7Seg_Display.a(UART_1.o)
 .debug_ranges  0x00000aa8       0x60 .\CortexM3\ARM_GCC_541\Debug\7Seg_Display.a(UART_1_IntClock.o)
 .debug_ranges  0x00000b08       0x80 .\CortexM3\ARM_GCC_541\Debug\7Seg_Display.a(Timer_2.o)
 .debug_ranges  0x00000b88       0x28 .\CortexM3\ARM_GCC_541\Debug\7Seg_Display.a(Buzzer.o)
 .debug_ranges  0x00000bb0       0x68 .\CortexM3\ARM_GCC_541\Debug\7Seg_Display.a(EEPROM.o)
 .debug_ranges  0x00000c18       0x70 .\CortexM3\ARM_GCC_541\Debug\7Seg_Display.a(isr_6.o)
 .debug_ranges  0x00000c88       0x28 .\CortexM3\ARM_GCC_541\Debug\7Seg_Display.a(Button_S5_Select_State.o)
 .debug_ranges  0x00000cb0       0x78 .\CortexM3\ARM_GCC_541\Debug\7Seg_Display.a(CyFlash.o)
 .debug_ranges  0x00000d28       0x70 .\CortexM3\ARM_GCC_541\Debug\7Seg_Display.a(CySpc.o)

.comment        0x00000000       0x6e
 .comment       0x00000000       0x6e .\CortexM3\ARM_GCC_541\Debug\main.o
                                 0x6f (size before relaxing)
 .comment       0x0000006e       0x6f .\CortexM3\ARM_GCC_541\Debug\cyfitter_cfg.o
 .comment       0x0000006e       0x6f .\CortexM3\ARM_GCC_541\Debug\cymetadata.o
 .comment       0x0000006e       0x6f .\CortexM3\ARM_GCC_541\Debug\Cm3Start.o
 .comment       0x0000006e       0x6f .\CortexM3\ARM_GCC_541\Debug\7Seg_Display.a(Dis_A.o)
 .comment       0x0000006e       0x6f .\CortexM3\ARM_GCC_541\Debug\7Seg_Display.a(Dis_B.o)
 .comment       0x0000006e       0x6f .\CortexM3\ARM_GCC_541\Debug\7Seg_Display.a(Dis_C.o)
 .comment       0x0000006e       0x6f .\CortexM3\ARM_GCC_541\Debug\7Seg_Display.a(Dis_D.o)
 .comment       0x0000006e       0x6f .\CortexM3\ARM_GCC_541\Debug\7Seg_Display.a(Dis_E.o)
 .comment       0x0000006e       0x6f .\CortexM3\ARM_GCC_541\Debug\7Seg_Display.a(Dis_F.o)
 .comment       0x0000006e       0x6f .\CortexM3\ARM_GCC_541\Debug\7Seg_Display.a(Dis_G.o)
 .comment       0x0000006e       0x6f .\CortexM3\ARM_GCC_541\Debug\7Seg_Display.a(Dis_DP.o)
 .comment       0x0000006e       0x6f .\CortexM3\ARM_GCC_541\Debug\7Seg_Display.a(Dis_D1.o)
 .comment       0x0000006e       0x6f .\CortexM3\ARM_GCC_541\Debug\7Seg_Display.a(Dis_D2.o)
 .comment       0x0000006e       0x6f .\CortexM3\ARM_GCC_541\Debug\7Seg_Display.a(Dis_D3.o)
 .comment       0x0000006e       0x6f .\CortexM3\ARM_GCC_541\Debug\7Seg_Display.a(Dis_D4.o)
 .comment       0x0000006e       0x6f .\CortexM3\ARM_GCC_541\Debug\7Seg_Display.a(CyLib.o)
 .comment       0x0000006e       0x6f .\CortexM3\ARM_GCC_541\Debug\7Seg_Display.a(cyPm.o)
 .comment       0x0000006e       0x6f .\CortexM3\ARM_GCC_541\Debug\7Seg_Display.a(isr_7Seg.o)
 .comment       0x0000006e       0x6f .\CortexM3\ARM_GCC_541\Debug\7Seg_Display.a(LED1_Red.o)
 .comment       0x0000006e       0x6f .\CortexM3\ARM_GCC_541\Debug\7Seg_Display.a(LED3_Green.o)
 .comment       0x0000006e       0x6f .\CortexM3\ARM_GCC_541\Debug\7Seg_Display.a(Button_S4_Right.o)
 .comment       0x0000006e       0x6f .\CortexM3\ARM_GCC_541\Debug\7Seg_Display.a(Button_S5_Select.o)
 .comment       0x0000006e       0x6f .\CortexM3\ARM_GCC_541\Debug\7Seg_Display.a(LED2_Yellow.o)
 .comment       0x0000006e       0x6f .\CortexM3\ARM_GCC_541\Debug\7Seg_Display.a(Button_S2_Left.o)
 .comment       0x0000006e       0x6f .\CortexM3\ARM_GCC_541\Debug\7Seg_Display.a(PGA_1.o)
 .comment       0x0000006e       0x6f .\CortexM3\ARM_GCC_541\Debug\7Seg_Display.a(Opamp_1.o)
 .comment       0x0000006e       0x6f .\CortexM3\ARM_GCC_541\Debug\7Seg_Display.a(Comp_1.o)
 .comment       0x0000006e       0x6f .\CortexM3\ARM_GCC_541\Debug\7Seg_Display.a(VDAC8_1.o)
 .comment       0x0000006e       0x6f .\CortexM3\ARM_GCC_541\Debug\7Seg_Display.a(Timer_1.o)
 .comment       0x0000006e       0x6f .\CortexM3\ARM_GCC_541\Debug\7Seg_Display.a(Count7_1.o)
 .comment       0x0000006e       0x6f .\CortexM3\ARM_GCC_541\Debug\7Seg_Display.a(Control_Reg_1.o)
 .comment       0x0000006e       0x6f .\CortexM3\ARM_GCC_541\Debug\7Seg_Display.a(UART_1.o)
 .comment       0x0000006e       0x6f .\CortexM3\ARM_GCC_541\Debug\7Seg_Display.a(UART_1_IntClock.o)
 .comment       0x0000006e       0x6f .\CortexM3\ARM_GCC_541\Debug\7Seg_Display.a(Timer_2.o)
 .comment       0x0000006e       0x6f .\CortexM3\ARM_GCC_541\Debug\7Seg_Display.a(Buzzer.o)
 .comment       0x0000006e       0x6f .\CortexM3\ARM_GCC_541\Debug\7Seg_Display.a(EEPROM.o)
 .comment       0x0000006e       0x6f .\CortexM3\ARM_GCC_541\Debug\7Seg_Display.a(isr_6.o)
 .comment       0x0000006e       0x6f .\CortexM3\ARM_GCC_541\Debug\7Seg_Display.a(Button_S5_Select_State.o)
 .comment       0x0000006e       0x6f .\CortexM3\ARM_GCC_541\Debug\7Seg_Display.a(CyFlash.o)
 .comment       0x0000006e       0x6f .\CortexM3\ARM_GCC_541\Debug\7Seg_Display.a(CySpc.o)

.debug_weaknames
 *(.debug_weaknames)

.debug_funcnames
 *(.debug_funcnames)

.debug_typenames
 *(.debug_typenames)

.debug_varnames
 *(.debug_varnames)

.note.gnu.arm.ident
 *(.note.gnu.arm.ident)

.ARM.attributes
                0x00000000       0x29
 *(.ARM.attributes)
 .ARM.attributes
                0x00000000       0x1d d:/monash_apps/psoc creator/4.4/psoc creator/import/gnu/arm/5.4.1/bin/../lib/gcc/arm-none-eabi/5.4.1/armv7-m/crti.o
 .ARM.attributes
                0x0000001d       0x2d d:/monash_apps/psoc creator/4.4/psoc creator/import/gnu/arm/5.4.1/bin/../lib/gcc/arm-none-eabi/5.4.1/armv7-m/crtbegin.o
 .ARM.attributes
                0x0000004a       0x1b d:/monash_apps/psoc creator/4.4/psoc creator/import/gnu/arm/5.4.1/bin/../lib/gcc/arm-none-eabi/5.4.1/../../../../arm-none-eabi/lib/armv7-m/crt0.o
 .ARM.attributes
                0x00000065       0x33 .\CortexM3\ARM_GCC_541\Debug\main.o
 .ARM.attributes
                0x00000098       0x33 .\CortexM3\ARM_GCC_541\Debug\cyfitter_cfg.o
 .ARM.attributes
                0x000000cb       0x33 .\CortexM3\ARM_GCC_541\Debug\cymetadata.o
 .ARM.attributes
                0x000000fe       0x33 .\CortexM3\ARM_GCC_541\Debug\Cm3Start.o
 .ARM.attributes
                0x00000131       0x33 .\CortexM3\ARM_GCC_541\Debug\7Seg_Display.a(Dis_A.o)
 .ARM.attributes
                0x00000164       0x33 .\CortexM3\ARM_GCC_541\Debug\7Seg_Display.a(Dis_B.o)
 .ARM.attributes
                0x00000197       0x33 .\CortexM3\ARM_GCC_541\Debug\7Seg_Display.a(Dis_C.o)
 .ARM.attributes
                0x000001ca       0x33 .\CortexM3\ARM_GCC_541\Debug\7Seg_Display.a(Dis_D.o)
 .ARM.attributes
                0x000001fd       0x33 .\CortexM3\ARM_GCC_541\Debug\7Seg_Display.a(Dis_E.o)
 .ARM.attributes
                0x00000230       0x33 .\CortexM3\ARM_GCC_541\Debug\7Seg_Display.a(Dis_F.o)
 .ARM.attributes
                0x00000263       0x33 .\CortexM3\ARM_GCC_541\Debug\7Seg_Display.a(Dis_G.o)
 .ARM.attributes
                0x00000296       0x33 .\CortexM3\ARM_GCC_541\Debug\7Seg_Display.a(Dis_DP.o)
 .ARM.attributes
                0x000002c9       0x33 .\CortexM3\ARM_GCC_541\Debug\7Seg_Display.a(Dis_D1.o)
 .ARM.attributes
                0x000002fc       0x33 .\CortexM3\ARM_GCC_541\Debug\7Seg_Display.a(Dis_D2.o)
 .ARM.attributes
                0x0000032f       0x33 .\CortexM3\ARM_GCC_541\Debug\7Seg_Display.a(Dis_D3.o)
 .ARM.attributes
                0x00000362       0x33 .\CortexM3\ARM_GCC_541\Debug\7Seg_Display.a(Dis_D4.o)
 .ARM.attributes
                0x00000395       0x33 .\CortexM3\ARM_GCC_541\Debug\7Seg_Display.a(CyLib.o)
 .ARM.attributes
                0x000003c8       0x33 .\CortexM3\ARM_GCC_541\Debug\7Seg_Display.a(cyPm.o)
 .ARM.attributes
                0x000003fb       0x33 .\CortexM3\ARM_GCC_541\Debug\7Seg_Display.a(isr_7Seg.o)
 .ARM.attributes
                0x0000042e       0x33 .\CortexM3\ARM_GCC_541\Debug\7Seg_Display.a(LED1_Red.o)
 .ARM.attributes
                0x00000461       0x33 .\CortexM3\ARM_GCC_541\Debug\7Seg_Display.a(LED3_Green.o)
 .ARM.attributes
                0x00000494       0x33 .\CortexM3\ARM_GCC_541\Debug\7Seg_Display.a(Button_S4_Right.o)
 .ARM.attributes
                0x000004c7       0x33 .\CortexM3\ARM_GCC_541\Debug\7Seg_Display.a(Button_S5_Select.o)
 .ARM.attributes
                0x000004fa       0x33 .\CortexM3\ARM_GCC_541\Debug\7Seg_Display.a(LED2_Yellow.o)
 .ARM.attributes
                0x0000052d       0x33 .\CortexM3\ARM_GCC_541\Debug\7Seg_Display.a(Button_S2_Left.o)
 .ARM.attributes
                0x00000560       0x33 .\CortexM3\ARM_GCC_541\Debug\7Seg_Display.a(PGA_1.o)
 .ARM.attributes
                0x00000593       0x33 .\CortexM3\ARM_GCC_541\Debug\7Seg_Display.a(Opamp_1.o)
 .ARM.attributes
                0x000005c6       0x33 .\CortexM3\ARM_GCC_541\Debug\7Seg_Display.a(Comp_1.o)
 .ARM.attributes
                0x000005f9       0x33 .\CortexM3\ARM_GCC_541\Debug\7Seg_Display.a(VDAC8_1.o)
 .ARM.attributes
                0x0000062c       0x33 .\CortexM3\ARM_GCC_541\Debug\7Seg_Display.a(Timer_1.o)
 .ARM.attributes
                0x0000065f       0x33 .\CortexM3\ARM_GCC_541\Debug\7Seg_Display.a(Count7_1.o)
 .ARM.attributes
                0x00000692       0x33 .\CortexM3\ARM_GCC_541\Debug\7Seg_Display.a(Control_Reg_1.o)
 .ARM.attributes
                0x000006c5       0x33 .\CortexM3\ARM_GCC_541\Debug\7Seg_Display.a(UART_1.o)
 .ARM.attributes
                0x000006f8       0x33 .\CortexM3\ARM_GCC_541\Debug\7Seg_Display.a(UART_1_IntClock.o)
 .ARM.attributes
                0x0000072b       0x33 .\CortexM3\ARM_GCC_541\Debug\7Seg_Display.a(Timer_2.o)
 .ARM.attributes
                0x0000075e       0x33 .\CortexM3\ARM_GCC_541\Debug\7Seg_Display.a(Buzzer.o)
 .ARM.attributes
                0x00000791       0x33 .\CortexM3\ARM_GCC_541\Debug\7Seg_Display.a(EEPROM.o)
 .ARM.attributes
                0x000007c4       0x33 .\CortexM3\ARM_GCC_541\Debug\7Seg_Display.a(isr_6.o)
 .ARM.attributes
                0x000007f7       0x33 .\CortexM3\ARM_GCC_541\Debug\7Seg_Display.a(Button_S5_Select_State.o)
 .ARM.attributes
                0x0000082a       0x21 .\CortexM3\ARM_GCC_541\Debug\7Seg_Display.a(CyBootAsmGnu.o)
 .ARM.attributes
                0x0000084b       0x33 .\CortexM3\ARM_GCC_541\Debug\7Seg_Display.a(CyFlash.o)
 .ARM.attributes
                0x0000087e       0x33 .\CortexM3\ARM_GCC_541\Debug\7Seg_Display.a(CySpc.o)
 .ARM.attributes
                0x000008b1       0x1d d:/monash_apps/psoc creator/4.4/psoc creator/import/gnu/arm/5.4.1/bin/../lib/gcc/arm-none-eabi/5.4.1/armv7-m\libgcc.a(_arm_addsubdf3.o)
 .ARM.attributes
                0x000008ce       0x1d d:/monash_apps/psoc creator/4.4/psoc creator/import/gnu/arm/5.4.1/bin/../lib/gcc/arm-none-eabi/5.4.1/armv7-m\libgcc.a(_arm_muldivdf3.o)
 .ARM.attributes
                0x000008eb       0x1d d:/monash_apps/psoc creator/4.4/psoc creator/import/gnu/arm/5.4.1/bin/../lib/gcc/arm-none-eabi/5.4.1/armv7-m\libgcc.a(_arm_cmpdf2.o)
 .ARM.attributes
                0x00000908       0x1d d:/monash_apps/psoc creator/4.4/psoc creator/import/gnu/arm/5.4.1/bin/../lib/gcc/arm-none-eabi/5.4.1/armv7-m\libgcc.a(_arm_fixdfsi.o)
 .ARM.attributes
                0x00000925       0x1d d:/monash_apps/psoc creator/4.4/psoc creator/import/gnu/arm/5.4.1/bin/../lib/gcc/arm-none-eabi/5.4.1/armv7-m\libgcc.a(_arm_truncdfsf2.o)
 .ARM.attributes
                0x00000942       0x1d d:/monash_apps/psoc creator/4.4/psoc creator/import/gnu/arm/5.4.1/bin/../lib/gcc/arm-none-eabi/5.4.1/armv7-m\libgcc.a(_arm_addsubsf3.o)
 .ARM.attributes
                0x0000095f       0x2d d:/monash_apps/psoc creator/4.4/psoc creator/import/gnu/arm/5.4.1/bin/../lib/gcc/arm-none-eabi/5.4.1/../../../../arm-none-eabi/lib/armv7-m\libg_nano.a(lib_a-errno.o)
 .ARM.attributes
                0x0000098c       0x2d d:/monash_apps/psoc creator/4.4/psoc creator/import/gnu/arm/5.4.1/bin/../lib/gcc/arm-none-eabi/5.4.1/../../../../arm-none-eabi/lib/armv7-m\libg_nano.a(lib_a-exit.o)
 .ARM.attributes
                0x000009b9       0x2d d:/monash_apps/psoc creator/4.4/psoc creator/import/gnu/arm/5.4.1/bin/../lib/gcc/arm-none-eabi/5.4.1/../../../../arm-none-eabi/lib/armv7-m\libg_nano.a(lib_a-impure.o)
 .ARM.attributes
                0x000009e6       0x2d d:/monash_apps/psoc creator/4.4/psoc creator/import/gnu/arm/5.4.1/bin/../lib/gcc/arm-none-eabi/5.4.1/../../../../arm-none-eabi/lib/armv7-m\libg_nano.a(lib_a-init.o)
 .ARM.attributes
                0x00000a13       0x2d d:/monash_apps/psoc creator/4.4/psoc creator/import/gnu/arm/5.4.1/bin/../lib/gcc/arm-none-eabi/5.4.1/../../../../arm-none-eabi/lib/armv7-m\libg_nano.a(lib_a-memcpy-stub.o)
 .ARM.attributes
                0x00000a40       0x2d d:/monash_apps/psoc creator/4.4/psoc creator/import/gnu/arm/5.4.1/bin/../lib/gcc/arm-none-eabi/5.4.1/../../../../arm-none-eabi/lib/armv7-m\libg_nano.a(lib_a-memset.o)
 .ARM.attributes
                0x00000a6d       0x2d d:/monash_apps/psoc creator/4.4/psoc creator/import/gnu/arm/5.4.1/bin/../lib/gcc/arm-none-eabi/5.4.1/../../../../arm-none-eabi/lib/armv7-m\libg_nano.a(lib_a-qsort.o)
 .ARM.attributes
                0x00000a9a       0x2d d:/monash_apps/psoc creator/4.4/psoc creator/import/gnu/arm/5.4.1/bin/../lib/gcc/arm-none-eabi/5.4.1/armv7-m/crtend.o
 .ARM.attributes
                0x00000ac7       0x1d d:/monash_apps/psoc creator/4.4/psoc creator/import/gnu/arm/5.4.1/bin/../lib/gcc/arm-none-eabi/5.4.1/armv7-m/crtn.o

/DISCARD/
 *(.note.GNU-stack)
OUTPUT(D:\Monash\Y3S2\TRC3500\TRC3500-Lab\Project 3 Ultrasonic Distance Meter-20240427\Project3_Ultrasonic\7Seg_Display.cydsn\CortexM3\ARM_GCC_541\Debug\7Seg_Display.elf elf32-littlearm)