Archive member included to satisfy reference by file (symbol)

.\CortexM3\ARM_GCC_541\Debug\7Seg_Display.a(Dis_A.o)
                              .\CortexM3\ARM_GCC_541\Debug\main.o (Dis_A_Write)
.\CortexM3\ARM_GCC_541\Debug\7Seg_Display.a(Dis_B.o)
                              .\CortexM3\ARM_GCC_541\Debug\main.o (Dis_B_Write)
.\CortexM3\ARM_GCC_541\Debug\7Seg_Display.a(Dis_C.o)
                              .\CortexM3\ARM_GCC_541\Debug\main.o (Dis_C_Write)
.\CortexM3\ARM_GCC_541\Debug\7Seg_Display.a(Dis_D.o)
                              .\CortexM3\ARM_GCC_541\Debug\main.o (Dis_D_Write)
.\CortexM3\ARM_GCC_541\Debug\7Seg_Display.a(Dis_E.o)
                              .\CortexM3\ARM_GCC_541\Debug\main.o (Dis_E_Write)
.\CortexM3\ARM_GCC_541\Debug\7Seg_Display.a(Dis_F.o)
                              .\CortexM3\ARM_GCC_541\Debug\main.o (Dis_F_Write)
.\CortexM3\ARM_GCC_541\Debug\7Seg_Display.a(Dis_G.o)
                              .\CortexM3\ARM_GCC_541\Debug\main.o (Dis_G_Write)
.\CortexM3\ARM_GCC_541\Debug\7Seg_Display.a(Dis_DP.o)
                              .\CortexM3\ARM_GCC_541\Debug\main.o (Dis_DP_Write)
.\CortexM3\ARM_GCC_541\Debug\7Seg_Display.a(Dis_D1.o)
                              .\CortexM3\ARM_GCC_541\Debug\main.o (Dis_D1_Write)
.\CortexM3\ARM_GCC_541\Debug\7Seg_Display.a(Dis_D2.o)
                              .\CortexM3\ARM_GCC_541\Debug\main.o (Dis_D2_Write)
.\CortexM3\ARM_GCC_541\Debug\7Seg_Display.a(Dis_D3.o)
                              .\CortexM3\ARM_GCC_541\Debug\main.o (Dis_D3_Write)
.\CortexM3\ARM_GCC_541\Debug\7Seg_Display.a(Dis_D4.o)
                              .\CortexM3\ARM_GCC_541\Debug\main.o (Dis_D4_Write)
.\CortexM3\ARM_GCC_541\Debug\7Seg_Display.a(CyLib.o)
                              .\CortexM3\ARM_GCC_541\Debug\Cm3Start.o (CyHalt)
.\CortexM3\ARM_GCC_541\Debug\7Seg_Display.a(cyPm.o)
                              .\CortexM3\ARM_GCC_541\Debug\7Seg_Display.a(CyLib.o) (CyPmReadStatus)
.\CortexM3\ARM_GCC_541\Debug\7Seg_Display.a(isr_7Seg.o)
                              .\CortexM3\ARM_GCC_541\Debug\main.o (isr_7Seg_StartEx)
.\CortexM3\ARM_GCC_541\Debug\7Seg_Display.a(LED3_Green.o)
                              .\CortexM3\ARM_GCC_541\Debug\main.o (LED3_Green_Write)
.\CortexM3\ARM_GCC_541\Debug\7Seg_Display.a(LED2_Yellow.o)
                              .\CortexM3\ARM_GCC_541\Debug\main.o (LED2_Yellow_Write)
.\CortexM3\ARM_GCC_541\Debug\7Seg_Display.a(PGA_1.o)
                              .\CortexM3\ARM_GCC_541\Debug\main.o (PGA_1_Start)
.\CortexM3\ARM_GCC_541\Debug\7Seg_Display.a(Opamp_1.o)
                              .\CortexM3\ARM_GCC_541\Debug\main.o (Opamp_1_Start)
.\CortexM3\ARM_GCC_541\Debug\7Seg_Display.a(Comp_1.o)
                              .\CortexM3\ARM_GCC_541\Debug\main.o (Comp_1_Start)
.\CortexM3\ARM_GCC_541\Debug\7Seg_Display.a(VDAC8_1.o)
                              .\CortexM3\ARM_GCC_541\Debug\main.o (VDAC8_1_Start)
.\CortexM3\ARM_GCC_541\Debug\7Seg_Display.a(Timer_1.o)
                              .\CortexM3\ARM_GCC_541\Debug\main.o (Timer_1_Stop)
.\CortexM3\ARM_GCC_541\Debug\7Seg_Display.a(Count7_1.o)
                              .\CortexM3\ARM_GCC_541\Debug\main.o (Count7_1_Start)
.\CortexM3\ARM_GCC_541\Debug\7Seg_Display.a(Control_Reg_1.o)
                              .\CortexM3\ARM_GCC_541\Debug\main.o (Control_Reg_1_Write)
.\CortexM3\ARM_GCC_541\Debug\7Seg_Display.a(UART_1.o)
                              .\CortexM3\ARM_GCC_541\Debug\main.o (UART_1_Start)
.\CortexM3\ARM_GCC_541\Debug\7Seg_Display.a(UART_1_IntClock.o)
                              .\CortexM3\ARM_GCC_541\Debug\7Seg_Display.a(UART_1.o) (UART_1_IntClock_Start)
.\CortexM3\ARM_GCC_541\Debug\7Seg_Display.a(Timer_2.o)
                              .\CortexM3\ARM_GCC_541\Debug\main.o (Timer_2_SetInterruptMode)
.\CortexM3\ARM_GCC_541\Debug\7Seg_Display.a(Buzzer.o)
                              .\CortexM3\ARM_GCC_541\Debug\main.o (Buzzer_Write)
.\CortexM3\ARM_GCC_541\Debug\7Seg_Display.a(EEPROM.o)
                              .\CortexM3\ARM_GCC_541\Debug\main.o (EEPROM_Start)
.\CortexM3\ARM_GCC_541\Debug\7Seg_Display.a(isr_6.o)
                              .\CortexM3\ARM_GCC_541\Debug\main.o (isr_6_StartEx)
.\CortexM3\ARM_GCC_541\Debug\7Seg_Display.a(Button_S1_Bottom_State.o)
                              .\CortexM3\ARM_GCC_541\Debug\main.o (Button_S1_Bottom_State_Read)
.\CortexM3\ARM_GCC_541\Debug\7Seg_Display.a(Button_S2_Left_State.o)
                              .\CortexM3\ARM_GCC_541\Debug\main.o (Button_S2_Left_State_Read)
.\CortexM3\ARM_GCC_541\Debug\7Seg_Display.a(Button_S3_Top_State.o)
                              .\CortexM3\ARM_GCC_541\Debug\main.o (Button_S3_Top_State_Read)
.\CortexM3\ARM_GCC_541\Debug\7Seg_Display.a(Button_S4_Right_State.o)
                              .\CortexM3\ARM_GCC_541\Debug\main.o (Button_S4_Right_State_Read)
.\CortexM3\ARM_GCC_541\Debug\7Seg_Display.a(Button_S5_Select_State.o)
[...]
Memory Configuration

Name             Origin             Length             Attributes
rom              0x00000000         0x00040000         xr
ram              0x1fff8000         0x00010000         xrw
*default*        0x00000000         0xffffffff

Linker script and memory map

LOAD d:/monash_apps/psoc creator/4.4/psoc creator/import/gnu/arm/5.4.1/bin/../lib/gcc/arm-none-eabi/5.4.1/armv7-m/crti.o
LOAD d:/monash_apps/psoc creator/4.4/psoc creator/import/gnu/arm/5.4.1/bin/../lib/gcc/arm-none-eabi/5.4.1/armv7-m/crtbegin.o
LOAD d:/monash_apps/psoc creator/4.4/psoc creator/import/gnu/arm/5.4.1/bin/../lib/gcc/arm-none-eabi/5.4.1/../../../../arm-none-eabi/lib/armv7-m/crt0.o
START GROUP
LOAD .\CortexM3\ARM_GCC_541\Debug\main.o
LOAD .\CortexM3\ARM_GCC_541\Debug\cyfitter_cfg.o
LOAD .\CortexM3\ARM_GCC_541\Debug\cymetadata.o
LOAD .\CortexM3\ARM_GCC_541\Debug\Cm3Start.o
LOAD .\CortexM3\ARM_GCC_541\Debug\7Seg_Display.a
LOAD D:\Monash_Apps\PSoC Creator\4.4\PSoC Creator\psoc\content\cycomponentlibrary\CyComponentLibrary.cylib\CortexM3\ARM_GCC_541\Debug\CyComponentLibrary.a
END GROUP
START GROUP
LOAD d:/monash_apps/psoc creator/4.4/psoc creator/import/gnu/arm/5.4.1/bin/../lib/gcc/arm-none-eabi/5.4.1/armv7-m\libgcc.a
LOAD d:/monash_apps/psoc creator/4.4/psoc creator/import/gnu/arm/5.4.1/bin/../lib/gcc/arm-none-eabi/5.4.1/../../../../arm-none-eabi/lib/armv7-m\libg_nano.a
LOAD d:/monash_apps/psoc creator/4.4/psoc creator/import/gnu/arm/5.4.1/bin/../lib/gcc/arm-none-eabi/5.4.1/../../../../arm-none-eabi/lib/armv7-m\libc_nano.a
END GROUP
START GROUP
LOAD d:/monash_apps/psoc creator/4.4/psoc creator/import/gnu/arm/5.4.1/bin/../lib/gcc/arm-none-eabi/5.4.1/armv7-m\libgcc.a
LOAD d:/monash_apps/psoc creator/4.4/psoc creator/import/gnu/arm/5.4.1/bin/../lib/gcc/arm-none-eabi/5.4.1/../../../../arm-none-eabi/lib/armv7-m\libc_nano.a
END GROUP
LOAD d:/monash_apps/psoc creator/4.4/psoc creator/import/gnu/arm/5.4.1/bin/../lib/gcc/arm-none-eabi/5.4.1/armv7-m/crtend.o
LOAD d:/monash_apps/psoc creator/4.4/psoc creator/import/gnu/arm/5.4.1/bin/../lib/gcc/arm-none-eabi/5.4.1/armv7-m/crtn.o
START GROUP
LOAD d:/monash_apps/psoc creator/4.4/psoc creator/import/gnu/arm/5.4.1/bin/../lib/gcc/arm-none-eabi/5.4.1/armv7-m\libgcc.a
LOAD d:/monash_apps/psoc creator/4.4/psoc creator/import/gnu/arm/5.4.1/bin/../lib/gcc/arm-none-eabi/5.4.1/../../../../arm-none-eabi/lib/armv7-m\libc.a
LOAD d:/monash_apps/psoc creator/4.4/psoc creator/import/gnu/arm/5.4.1/bin/../lib/gcc/arm-none-eabi/5.4.1/../../../../arm-none-eabi/lib/armv7-m\libnosys.a
END GROUP
                0x00000000                CY_APPL_ORIGIN = 0x0
                0x00000100                CY_FLASH_ROW_SIZE = 0x100
                0x00000020                CY_ECC_ROW_SIZE = 0x20
                0x00000000                CY_EE_IN_BTLDR = 0x0
                0x00000000                CY_APPL_LOADABLE = 0x0
                0x00000800                CY_EE_SIZE = 0x800
                0x00000001                CY_APPL_NUM = 0x1
                0x00000001                CY_APPL_MAX = 0x1
                0x00000040                CY_METADATA_SIZE = 0x40
                0x00000000                CY_APPL_LOADABLE = 0x0
                0x00000000                CY_CHECKSUM_EXCLUDE_SIZE = ALIGN (0x0, CY_FLASH_ROW_SIZE)
                [!provide]                PROVIDE (__cy_heap_start, _end)
                0x00000001                PROVIDE (__cy_region_num, ((__cy_regions_end - __cy_regions) / 0x10))
                0x20008000                PROVIDE (__cy_stack, (ORIGIN (ram) + LENGTH (ram)))
                [!provide]                PROVIDE (__cy_heap_end, (__cy_stack - 0x800))

.cybootloader   0x00000000        0x0
 *(.cybootloader)
                0x00000000                appl1_start = CY_APPL_ORIGIN?CY_APPL_ORIGIN:ALIGN (CY_FLASH_ROW_SIZE)
                0x0001ff00                appl2_start = (appl1_start + ALIGN ((((LENGTH (rom) - appl1_start) - (0x2 * CY_FLASH_ROW_SIZE)) / 0x2), CY_FLASH_ROW_SIZE))
                0x00000000                appl_start = (CY_APPL_NUM == 0x1)?appl1_start:appl2_start
                0x00000000                ecc_offset = ((appl_start / CY_FLASH_ROW_SIZE) * CY_ECC_ROW_SIZE)
                0x00000000                ee_offset = (CY_APPL_LOADABLE && ! (CY_EE_IN_BTLDR))?((CY_EE_SIZE / CY_APPL_MAX) * (CY_APPL_NUM - 0x1)):0x0
                0x00000800                ee_size = (CY_APPL_LOADABLE && ! (CY_EE_IN_BTLDR))?(CY_EE_SIZE / CY_APPL_MAX):CY_EE_SIZE
                [!provide]                PROVIDE (CY_ECC_OFFSET, ecc_offset)

.text           0x00000000     0x31e4
 CREATE_OBJECT_SYMBOLS
                0x00000000                PROVIDE (__cy_interrupt_vector, RomVectors)
 *(.romvectors)
 .romvectors    0x00000000       0x10 .\CortexM3\ARM_GCC_541\Debug\Cm3Start.o
                0x00000000                RomVectors
                0x00000001                ASSERT ((. != __cy_interrupt_vector), No interrupt vector)
                0x00000001                ASSERT (CY_APPL_ORIGIN?(SIZEOF (.cybootloader) <= CY_APPL_ORIGIN):0x1, Wrong image location)
                0x00000010                PROVIDE (__cy_reset, Reset)
 *(.text.Reset)
 .text.Reset    0x00000010       0x18 .\CortexM3\ARM_GCC_541\Debug\Cm3Start.o
                0x00000010                Reset
                0x00000001                ASSERT ((. != __cy_reset), No reset code)
 *(.dma_init)
                0x00000001                ASSERT ((((appl_start + .) <= 0x10000) || 0x1), DMA Init must be within the first 64k of flash)
 *(.text .text.* .gnu.linkonce.t.*)
 .text          0x00000028       0x5c d:/monash_apps/psoc creator/4.4/psoc creator/import/gnu/arm/5.4.1/bin/../lib/gcc/arm-none-eabi/5.4.1/armv7-m/crtbegin.o
 .text.compare_qsort
                0x00000084        0x8 .\CortexM3\ARM_GCC_541\Debug\main.o
                0x00000084                compare_qsort
 .text.seg7_ISR
                0x0000008c        0xc .\CortexM3\ARM_GCC_541\Debug\main.o
                0x0000008c                seg7_ISR
 .text.Receive_Ultra
                0x00000098       0x20 .\CortexM3\ARM_GCC_541\Debug\main.o
                0x00000098                Receive_Ultra
 .text.MetricLedOn
                0x000000b8       0x10 .\CortexM3\ARM_GCC_541\Debug\main.o
                0x000000b8                MetricLedOn
 .text.ImperialLedOn
                0x000000c8       0x10 .\CortexM3\ARM_GCC_541\Debug\main.o
                0x000000c8                ImperialLedOn
 .text.current_second
                0x000000d8       0x28 .\CortexM3\ARM_GCC_541\Debug\main.o
                0x000000d8                current_second
 .text.EEPROM_writeInt
                0x00000100       0x24 .\CortexM3\ARM_GCC_541\Debug\main.o
                0x00000100                EEPROM_writeInt
 .text.EEPROM_readDouble
                0x00000124       0x30 .\CortexM3\ARM_GCC_541\Debug\main.o
                0x00000124                EEPROM_readDouble
 .text.readDoubleArrayFromEEPROM
                0x00000154       0x2c .\CortexM3\ARM_GCC_541\Debug\main.o
                0x00000154                readDoubleArrayFromEEPROM
 .text.BuzzerSound
                0x00000180       0x1c .\CortexM3\ARM_GCC_541\Debug\main.o
                0x00000180                BuzzerSound
 .text.BuzzerRuntime
                0x0000019c       0x34 .\CortexM3\ARM_GCC_541\Debug\main.o
                0x0000019c                BuzzerRuntime
 .text.find_median
                0x000001d0       0xc8 .\CortexM3\ARM_GCC_541\Debug\main.o
                0x000001d0                find_median
 .text.display_num
                0x00000298        0xc .\CortexM3\ARM_GCC_541\Debug\main.o
                0x00000298                display_num
 .text.draw_7Seg
                0x000002a4       0x88 .\CortexM3\ARM_GCC_541\Debug\main.o
                0x000002a4                draw_7Seg
 .text.seg_runtime
                0x0000032c      0x364 .\CortexM3\ARM_GCC_541\Debug\main.o
                0x0000032c                seg_runtime
 .text.runtime  0x00000690       0x30 .\CortexM3\ARM_GCC_541\Debug\main.o
                0x00000690                runtime
 .text.mode_0   0x000006c0      0x134 .\CortexM3\ARM_GCC_541\Debug\main.o
                0x000006c0                mode_0
 .text.SingleButtonWait
                0x000007f4       0x24 .\CortexM3\ARM_GCC_541\Debug\main.o
                0x000007f4                SingleButtonWait
 .text.mode_1   0x00000818       0xd8 .\CortexM3\ARM_GCC_541\Debug\main.o
                0x00000818                mode_1
 .text.mode_2   0x000008f0       0xac .\CortexM3\ARM_GCC_541\Debug\main.o
                0x000008f0                mode_2
 *fill*         0x0000099c        0x4 
 .text.ultra_reading
                0x000009a0       0xa8 .\CortexM3\ARM_GCC_541\Debug\main.o
                0x000009a0                ultra_reading
 .text.ultra_avg
                0x00000a48      0x110 .\CortexM3\ARM_GCC_541\Debug\main.o
                0x00000a48                ultra_avg
 .text.mode_3   0x00000b58       0xa8 .\CortexM3\ARM_GCC_541\Debug\main.o
                0x00000b58                mode_3
 .text.main     0x00000c00      0x1d4 .\CortexM3\ARM_GCC_541\Debug\main.o
                0x00000c00                main
 .text.CyClockStartupError
                0x00000dd4        0x4 .\CortexM3\ARM_GCC_541\Debug\cyfitter_cfg.o
 .text.cfg_write_bytes32
                0x00000dd8       0x34 .\CortexM3\ARM_GCC_541\Debug\cyfitter_cfg.o
 .text.AnalogSetDefault
                0x00000e0c       0x94 .\CortexM3\ARM_GCC_541\Debug\cyfitter_cfg.o
 .text.CYMEMZERO
                0x00000ea0        0xc .\CortexM3\ARM_GCC_541\Debug\cyfitter_cfg.o
 .text.ClockSetup
                0x00000eac       0xec .\CortexM3\ARM_GCC_541\Debug\cyfitter_cfg.o
 .text.CYCONFIGCPY
                0x00000f98        0x8 .\CortexM3\ARM_GCC_541\Debug\cyfitter_cfg.o
 .text.cyfitter_cfg
                0x00000fa0      0x160 .\CortexM3\ARM_GCC_541\Debug\cyfitter_cfg.o
                0x00000fa0                cyfitter_cfg
 .text.IntDefaultHandler
                0x00001100       0x10 .\CortexM3\ARM_GCC_541\Debug\Cm3Start.o
                0x00001100                IntDefaultHandler
 .text.Start_c  0x00001110       0x4c .\CortexM3\ARM_GCC_541\Debug\Cm3Start.o
                0x00001110                Start_c
 .text.initialize_psoc
                0x0000115c       0x68 .\CortexM3\ARM_GCC_541\Debug\Cm3Start.o
                0x0000115c                initialize_psoc
 .text.Dis_A_Write
                0x000011c4       0x18 .\CortexM3\ARM_GCC_541\Debug\7Seg_Display.a(Dis_A.o)
                0x000011c4                Dis_A_Write
 .text.Dis_B_Write
                0x000011dc       0x18 .\CortexM3\ARM_GCC_541\Debug\7Seg_Display.a(Dis_B.o)
                0x000011dc                Dis_B_Write
 .text.Dis_C_Write
                0x000011f4       0x18 .\CortexM3\ARM_GCC_541\Debug\7Seg_Display.a(Dis_C.o)
                0x000011f4                Dis_C_Write
 .text.Dis_D_Write
                0x0000120c       0x18 .\CortexM3\ARM_GCC_541\Debug\7Seg_Display.a(Dis_D.o)
                0x0000120c                Dis_D_Write
 .text.Dis_E_Write
                0x00001224       0x18 .\CortexM3\ARM_GCC_541\Debug\7Seg_Display.a(Dis_E.o)
                0x00001224                Dis_E_Write
 .text.Dis_F_Write
                0x0000123c       0x18 .\CortexM3\ARM_GCC_541\Debug\7Seg_Display.a(Dis_F.o)
                0x0000123c                Dis_F_Write
 .text.Dis_G_Write
                0x00001254       0x18 .\CortexM3\ARM_GCC_541\Debug\7Seg_Display.a(Dis_G.o)
                0x00001254                Dis_G_Write
 .text.Dis_DP_Write
                0x0000126c       0x18 .\CortexM3\ARM_GCC_541\Debug\7Seg_Display.a(Dis_DP.o)
                0x0000126c                Dis_DP_Write
 .text.Dis_D1_Write
                0x00001284       0x18 .\CortexM3\ARM_GCC_541\Debug\7Seg_Display.a(Dis_D1.o)
                0x00001284                Dis_D1_Write
 .text.Dis_D2_Write
                0x0000129c       0x18 .\CortexM3\ARM_GCC_541\Debug\7Seg_Display.a(Dis_D2.o)
                0x0000129c                Dis_D2_Write
 .text.Dis_D3_Write
                0x000012b4       0x18 .\CortexM3\ARM_GCC_541\Debug\7Seg_Display.a(Dis_D3.o)
                0x000012b4                Dis_D3_Write
 .text.Dis_D4_Write
                0x000012cc       0x18 .\CortexM3\ARM_GCC_541\Debug\7Seg_Display.a(Dis_D4.o)
                0x000012cc                Dis_D4_Write
 .text.CyDelay  0x000012e4       0x2c .\CortexM3\ARM_GCC_541\Debug\7Seg_Display.a(CyLib.o)
                0x000012e4                CyDelay
 .text.CyDelayUs
                0x00001310       0x14 .\CortexM3\ARM_GCC_541\Debug\7Seg_Display.a(CyLib.o)
                0x00001310                CyDelayUs
 .text.isr_7Seg_SetVector
                0x00001324        0xc .\CortexM3\ARM_GCC_541\Debug\7Seg_Display.a(isr_7Seg.o)
                0x00001324                isr_7Seg_SetVector
 .text.isr_7Seg_SetPriority
                0x00001330       0x10 .\CortexM3\ARM_GCC_541\Debug\7Seg_Display.a(isr_7Seg.o)
                0x00001330                isr_7Seg_SetPriority
 .text.isr_7Seg_Enable
                0x00001340        0xc .\CortexM3\ARM_GCC_541\Debug\7Seg_Display.a(isr_7Seg.o)
                0x00001340                isr_7Seg_Enable
 .text.isr_7Seg_Disable
                0x0000134c        0xc .\CortexM3\ARM_GCC_541\Debug\7Seg_Display.a(isr_7Seg.o)
                0x0000134c                isr_7Seg_Disable
 .text.isr_7Seg_StartEx
                0x00001358       0x1c .\CortexM3\ARM_GCC_541\Debug\7Seg_Display.a(isr_7Seg.o)
                0x00001358                isr_7Seg_StartEx
 .text.isr_7Seg_ClearPending
                0x00001374        0xc .\CortexM3\ARM_GCC_541\Debug\7Seg_Display.a(isr_7Seg.o)
                0x00001374                isr_7Seg_ClearPending
 .text.LED3_Green_Write
                0x00001380       0x18 .\CortexM3\ARM_GCC_541\Debug\7Seg_Display.a(LED3_Green.o)
                0x00001380                LED3_Green_Write
 .text.LED2_Yellow_Write
                0x00001398       0x18 .\CortexM3\ARM_GCC_541\Debug\7Seg_Display.a(LED2_Yellow.o)
                0x00001398                LED2_Yellow_Write
 .text.PGA_1_Enable
                0x000013b0       0x28 .\CortexM3\ARM_GCC_541\Debug\7Seg_Display.a(PGA_1.o)
                0x000013b0                PGA_1_Enable
 .text.PGA_1_SetPower
                0x000013d8       0x18 .\CortexM3\ARM_GCC_541\Debug\7Seg_Display.a(PGA_1.o)
                0x000013d8                PGA_1_SetPower
 .text.PGA_1_SetGain
                0x000013f0       0x78 .\CortexM3\ARM_GCC_541\Debug\7Seg_Display.a(PGA_1.o)
                0x000013f0                PGA_1_SetGain
 .text.PGA_1_Init
                0x00001468       0x34 .\CortexM3\ARM_GCC_541\Debug\7Seg_Display.a(PGA_1.o)
                0x00001468                PGA_1_Init
 .text.PGA_1_Start
                0x0000149c       0x1c .\CortexM3\ARM_GCC_541\Debug\7Seg_Display.a(PGA_1.o)
                0x0000149c                PGA_1_Start
 .text.Opamp_1_Enable
                0x000014b8       0x28 .\CortexM3\ARM_GCC_541\Debug\7Seg_Display.a(Opamp_1.o)
                0x000014b8                Opamp_1_Enable
 .text.Opamp_1_SetPower
                0x000014e0       0x1c .\CortexM3\ARM_GCC_541\Debug\7Seg_Display.a(Opamp_1.o)
                0x000014e0                Opamp_1_SetPower
 .text.Opamp_1_Init
                0x000014fc        0xc .\CortexM3\ARM_GCC_541\Debug\7Seg_Display.a(Opamp_1.o)
                0x000014fc                Opamp_1_Init
 .text.Opamp_1_Start
                0x00001508       0x1c .\CortexM3\ARM_GCC_541\Debug\7Seg_Display.a(Opamp_1.o)
                0x00001508                Opamp_1_Start
 .text.Comp_1_Enable
                0x00001524       0x1c .\CortexM3\ARM_GCC_541\Debug\7Seg_Display.a(Comp_1.o)
                0x00001524                Comp_1_Enable
 .text.Comp_1_SetSpeed
                0x00001540       0x58 .\CortexM3\ARM_GCC_541\Debug\7Seg_Display.a(Comp_1.o)
                0x00001540                Comp_1_SetSpeed
 .text.Comp_1_Init
                0x00001598       0x3c .\CortexM3\ARM_GCC_541\Debug\7Seg_Display.a(Comp_1.o)
                0x00001598                Comp_1_Init
 .text.Comp_1_Start
                0x000015d4       0x1c .\CortexM3\ARM_GCC_541\Debug\7Seg_Display.a(Comp_1.o)
                0x000015d4                Comp_1_Start
 .text.VDAC8_1_Enable
                0x000015f0       0x1c .\CortexM3\ARM_GCC_541\Debug\7Seg_Display.a(VDAC8_1.o)
                0x000015f0                VDAC8_1_Enable
 .text.VDAC8_1_SetSpeed
                0x0000160c       0x1c .\CortexM3\ARM_GCC_541\Debug\7Seg_Display.a(VDAC8_1.o)
                0x0000160c                VDAC8_1_SetSpeed
 .text.VDAC8_1_SetValue
                0x00001628        0xc .\CortexM3\ARM_GCC_541\Debug\7Seg_Display.a(VDAC8_1.o)
                0x00001628                VDAC8_1_SetValue
 .text.VDAC8_1_DacTrim
                0x00001634       0x24 .\CortexM3\ARM_GCC_541\Debug\7Seg_Display.a(VDAC8_1.o)
                0x00001634                VDAC8_1_DacTrim
 .text.VDAC8_1_SetRange
                0x00001658       0x20 .\CortexM3\ARM_GCC_541\Debug\7Seg_Display.a(VDAC8_1.o)
                0x00001658                VDAC8_1_SetRange
 .text.VDAC8_1_Init
                0x00001678       0x20 .\CortexM3\ARM_GCC_541\Debug\7Seg_Display.a(VDAC8_1.o)
                0x00001678                VDAC8_1_Init
 .text.VDAC8_1_Start
                0x00001698       0x24 .\CortexM3\ARM_GCC_541\Debug\7Seg_Display.a(VDAC8_1.o)
                0x00001698                VDAC8_1_Start
 .text.Timer_1_Enable
                0x000016bc       0x10 .\CortexM3\ARM_GCC_541\Debug\7Seg_Display.a(Timer_1.o)
                0x000016bc                Timer_1_Enable
 .text.Timer_1_Stop
                0x000016cc       0x10 .\CortexM3\ARM_GCC_541\Debug\7Seg_Display.a(Timer_1.o)
                0x000016cc                Timer_1_Stop
 .text.Timer_1_SetInterruptMode
                0x000016dc        0xc .\CortexM3\ARM_GCC_541\Debug\7Seg_Display.a(Timer_1.o)
                0x000016dc                Timer_1_SetInterruptMode
 .text.Timer_1_ReadStatusRegister
                0x000016e8        0xc .\CortexM3\ARM_GCC_541\Debug\7Seg_Display.a(Timer_1.o)
                0x000016e8                Timer_1_ReadStatusRegister
 .text.Timer_1_ReadPeriod
                0x000016f4        0xc .\CortexM3\ARM_GCC_541\Debug\7Seg_Display.a(Timer_1.o)
                0x000016f4                Timer_1_ReadPeriod
 .text.Timer_1_WritePeriod
                0x00001700        0xc .\CortexM3\ARM_GCC_541\Debug\7Seg_Display.a(Timer_1.o)
                0x00001700                Timer_1_WritePeriod
 .text.Timer_1_ReadCapture
                0x0000170c        0xc .\CortexM3\ARM_GCC_541\Debug\7Seg_Display.a(Timer_1.o)
                0x0000170c                Timer_1_ReadCapture
 .text.Timer_1_WriteCounter
                0x00001718        0xc .\CortexM3\ARM_GCC_541\Debug\7Seg_Display.a(Timer_1.o)
                0x00001718                Timer_1_WriteCounter
 .text.Timer_1_ReadCounter
                0x00001724       0x14 .\CortexM3\ARM_GCC_541\Debug\7Seg_Display.a(Timer_1.o)
                0x00001724                Timer_1_ReadCounter
 .text.Timer_1_SetInterruptCount
                0x00001738       0x1c .\CortexM3\ARM_GCC_541\Debug\7Seg_Display.a(Timer_1.o)
                0x00001738                Timer_1_SetInterruptCount
 .text.Timer_1_ClearFIFO
                0x00001754       0x14 .\CortexM3\ARM_GCC_541\Debug\7Seg_Display.a(Timer_1.o)
                0x00001754                Timer_1_ClearFIFO
 .text.Timer_1_Init
                0x00001768       0x3c .\CortexM3\ARM_GCC_541\Debug\7Seg_Display.a(Timer_1.o)
                0x00001768                Timer_1_Init
 .text.Timer_1_Start
                0x000017a4       0x1c .\CortexM3\ARM_GCC_541\Debug\7Seg_Display.a(Timer_1.o)
                0x000017a4                Timer_1_Start
 .text.Count7_1_Init
                0x000017c0        0xc .\CortexM3\ARM_GCC_541\Debug\7Seg_Display.a(Count7_1.o)
                0x000017c0                Count7_1_Init
 .text.Count7_1_Enable
                0x000017cc       0x1c .\CortexM3\ARM_GCC_541\Debug\7Seg_Display.a(Count7_1.o)
                0x000017cc                Count7_1_Enable
 .text.Count7_1_Start
                0x000017e8       0x1c .\CortexM3\ARM_GCC_541\Debug\7Seg_Display.a(Count7_1.o)
                0x000017e8                Count7_1_Start
 .text.Control_Reg_1_Write
                0x00001804        0xc .\CortexM3\ARM_GCC_541\Debug\7Seg_Display.a(Control_Reg_1.o)
                0x00001804                Control_Reg_1_Write
 .text.UART_1_Init
                0x00001810       0x28 .\CortexM3\ARM_GCC_541\Debug\7Seg_Display.a(UART_1.o)
                0x00001810                UART_1_Init
 .text.UART_1_Enable
                0x00001838       0x38 .\CortexM3\ARM_GCC_541\Debug\7Seg_Display.a(UART_1.o)
                0x00001838                UART_1_Enable
 .text.UART_1_Start
                0x00001870       0x1c .\CortexM3\ARM_GCC_541\Debug\7Seg_Display.a(UART_1.o)
                0x00001870                UART_1_Start
 .text.UART_1_WriteTxData
                0x0000188c       0x14 .\CortexM3\ARM_GCC_541\Debug\7Seg_Display.a(UART_1.o)
                0x0000188c                UART_1_WriteTxData
 .text.UART_1_PutChar
                0x000018a0       0x18 .\CortexM3\ARM_GCC_541\Debug\7Seg_Display.a(UART_1.o)
                0x000018a0                UART_1_PutChar
 .text.UART_1_PutString
                0x000018b8       0x24 .\CortexM3\ARM_GCC_541\Debug\7Seg_Display.a(UART_1.o)
                0x000018b8                UART_1_PutString
 .text.UART_1_IntClock_Start
                0x000018dc       0x1c .\CortexM3\ARM_GCC_541\Debug\7Seg_Display.a(UART_1_IntClock.o)
                0x000018dc                UART_1_IntClock_Start
 .text.Timer_2_Enable
                0x000018f8       0x10 .\CortexM3\ARM_GCC_541\Debug\7Seg_Display.a(Timer_2.o)
                0x000018f8                Timer_2_Enable
 .text.Timer_2_SetInterruptMode
                0x00001908        0xc .\CortexM3\ARM_GCC_541\Debug\7Seg_Display.a(Timer_2.o)
                0x00001908                Timer_2_SetInterruptMode
 .text.Timer_2_ReadStatusRegister
                0x00001914        0xc .\CortexM3\ARM_GCC_541\Debug\7Seg_Display.a(Timer_2.o)
                0x00001914                Timer_2_ReadStatusRegister
 .text.Timer_2_ReadPeriod
                0x00001920        0xc .\CortexM3\ARM_GCC_541\Debug\7Seg_Display.a(Timer_2.o)
                0x00001920                Timer_2_ReadPeriod
 .text.Timer_2_WritePeriod
                0x0000192c        0xc .\CortexM3\ARM_GCC_541\Debug\7Seg_Display.a(Timer_2.o)
                0x0000192c                Timer_2_WritePeriod
 .text.Timer_2_ReadCapture
                0x00001938        0xc .\CortexM3\ARM_GCC_541\Debug\7Seg_Display.a(Timer_2.o)
                0x00001938                Timer_2_ReadCapture
 .text.Timer_2_WriteCounter
                0x00001944        0xc .\CortexM3\ARM_GCC_541\Debug\7Seg_Display.a(Timer_2.o)
                0x00001944                Timer_2_WriteCounter
 .text.Timer_2_ReadCounter
                0x00001950       0x14 .\CortexM3\ARM_GCC_541\Debug\7Seg_Display.a(Timer_2.o)
                0x00001950                Timer_2_ReadCounter
 .text.Timer_2_ClearFIFO
                0x00001964       0x14 .\CortexM3\ARM_GCC_541\Debug\7Seg_Display.a(Timer_2.o)
                0x00001964                Timer_2_ClearFIFO
 .text.Timer_2_Init
                0x00001978       0x34 .\CortexM3\ARM_GCC_541\Debug\7Seg_Display.a(Timer_2.o)
                0x00001978                Timer_2_Init
 .text.Timer_2_Start
                0x000019ac       0x1c .\CortexM3\ARM_GCC_541\Debug\7Seg_Display.a(Timer_2.o)
                0x000019ac                Timer_2_Start
 .text.Buzzer_Write
                0x000019c8       0x18 .\CortexM3\ARM_GCC_541\Debug\7Seg_Display.a(Buzzer.o)
                0x000019c8                Buzzer_Write
 .text.EEPROM_Enable
                0x000019e0        0xc .\CortexM3\ARM_GCC_541\Debug\7Seg_Display.a(EEPROM.o)
                0x000019e0                EEPROM_Enable
 .text.EEPROM_Start
                0x000019ec        0x8 .\CortexM3\ARM_GCC_541\Debug\7Seg_Display.a(EEPROM.o)
                0x000019ec                EEPROM_Start
 .text.EEPROM_WriteByte
                0x000019f4       0xd0 .\CortexM3\ARM_GCC_541\Debug\7Seg_Display.a(EEPROM.o)
                0x000019f4                EEPROM_WriteByte
 .text.EEPROM_ReadByte
                0x00001ac4       0x28 .\CortexM3\ARM_GCC_541\Debug\7Seg_Display.a(EEPROM.o)
                0x00001ac4                EEPROM_ReadByte
 .text.isr_6_SetVector
                0x00001aec        0xc .\CortexM3\ARM_GCC_541\Debug\7Seg_Display.a(isr_6.o)
                0x00001aec                isr_6_SetVector
 .text.isr_6_SetPriority
                0x00001af8       0x10 .\CortexM3\ARM_GCC_541\Debug\7Seg_Display.a(isr_6.o)
                0x00001af8                isr_6_SetPriority
 .text.isr_6_Enable
                0x00001b08        0xc .\CortexM3\ARM_GCC_541\Debug\7Seg_Display.a(isr_6.o)
                0x00001b08                isr_6_Enable
 .text.isr_6_Disable
                0x00001b14        0xc .\CortexM3\ARM_GCC_541\Debug\7Seg_Display.a(isr_6.o)
                0x00001b14                isr_6_Disable
 .text.isr_6_StartEx
                0x00001b20       0x1c .\CortexM3\ARM_GCC_541\Debug\7Seg_Display.a(isr_6.o)
                0x00001b20                isr_6_StartEx
 .text.isr_6_ClearPending
                0x00001b3c        0xc .\CortexM3\ARM_GCC_541\Debug\7Seg_Display.a(isr_6.o)
                0x00001b3c                isr_6_ClearPending
 .text.Button_S1_Bottom_State_Read
                0x00001b48       0x10 .\CortexM3\ARM_GCC_541\Debug\7Seg_Display.a(Button_S1_Bottom_State.o)
                0x00001b48                Button_S1_Bottom_State_Read
 .text.Button_S2_Left_State_Read
                0x00001b58       0x10 .\CortexM3\ARM_GCC_541\Debug\7Seg_Display.a(Button_S2_Left_State.o)
                0x00001b58                Button_S2_Left_State_Read
 .text.Button_S3_Top_State_Read
                0x00001b68       0x10 .\CortexM3\ARM_GCC_541\Debug\7Seg_Display.a(Button_S3_Top_State.o)
                0x00001b68                Button_S3_Top_State_Read
 .text.Button_S4_Right_State_Read
                0x00001b78       0x10 .\CortexM3\ARM_GCC_541\Debug\7Seg_Display.a(Button_S4_Right_State.o)
                0x00001b78                Button_S4_Right_State_Read
 .text.Button_S5_Select_State_Read
                0x00001b88       0x10 .\CortexM3\ARM_GCC_541\Debug\7Seg_Display.a(Button_S5_Select_State.o)
                0x00001b88                Button_S5_Select_State_Read
 .text          0x00001b98       0x20 .\CortexM3\ARM_GCC_541\Debug\7Seg_Display.a(CyBootAsmGnu.o)
                0x00001b98                CyDelayCycles
                0x00001ba8                CyEnterCriticalSection
                0x00001bb0                CyExitCriticalSection
 .text.CySetTempInt
                0x00001bb8       0x60 .\CortexM3\ARM_GCC_541\Debug\7Seg_Display.a(CyFlash.o)
 .text.CyFlashGetSpcAlgorithm
                0x00001c18       0x4c .\CortexM3\ARM_GCC_541\Debug\7Seg_Display.a(CyFlash.o)
                0x00001c18                CyFlashGetSpcAlgorithm
 .text.CySetTemp
                0x00001c64       0x14 .\CortexM3\ARM_GCC_541\Debug\7Seg_Display.a(CyFlash.o)
                0x00001c64                CySetTemp
 .text.CyEEPROM_Start
                0x00001c78       0x54 .\CortexM3\ARM_GCC_541\Debug\7Seg_Display.a(CyFlash.o)
                0x00001c78                CyEEPROM_Start
 .text.CyEEPROM_ReadReserve
                0x00001ccc       0x1c .\CortexM3\ARM_GCC_541\Debug\7Seg_Display.a(CyFlash.o)
                0x00001ccc                CyEEPROM_ReadReserve
 .text.CyEEPROM_ReadRelease
                0x00001ce8       0x10 .\CortexM3\ARM_GCC_541\Debug\7Seg_Display.a(CyFlash.o)
                0x00001ce8                CyEEPROM_ReadRelease
 .text.CySpcStart
                0x00001cf8       0x24 .\CortexM3\ARM_GCC_541\Debug\7Seg_Display.a(CySpc.o)
                0x00001cf8                CySpcStart
 .text.CySpcReadData
                0x00001d1c       0x34 .\CortexM3\ARM_GCC_541\Debug\7Seg_Display.a(CySpc.o)
                0x00001d1c                CySpcReadData
 .text.CySpcLoadMultiByte
                0x00001d50       0x78 .\CortexM3\ARM_GCC_541\Debug\7Seg_Display.a(CySpc.o)
                0x00001d50                CySpcLoadMultiByte
 .text.CySpcWriteRow
                0x00001dc8       0x4c .\CortexM3\ARM_GCC_541\Debug\7Seg_Display.a(CySpc.o)
                0x00001dc8                CySpcWriteRow
 .text.CySpcGetTemp
                0x00001e14       0x3c .\CortexM3\ARM_GCC_541\Debug\7Seg_Display.a(CySpc.o)
                0x00001e14                CySpcGetTemp
 .text.CySpcLock
                0x00001e50       0x4c .\CortexM3\ARM_GCC_541\Debug\7Seg_Display.a(CySpc.o)
                0x00001e50                CySpcLock
 .text.CySpcUnlock
                0x00001e9c       0x38 .\CortexM3\ARM_GCC_541\Debug\7Seg_Display.a(CySpc.o)
                0x00001e9c                CySpcUnlock
 .text.CySpcGetAlgorithm
                0x00001ed4       0x28 .\CortexM3\ARM_GCC_541\Debug\7Seg_Display.a(CySpc.o)
                0x00001ed4                CySpcGetAlgorithm
 .text          0x00001efc      0x370 d:/monash_apps/psoc creator/4.4/psoc creator/import/gnu/arm/5.4.1/bin/../lib/gcc/arm-none-eabi/5.4.1/armv7-m\libgcc.a(_arm_addsubdf3.o)
                0x00001efc                __aeabi_drsub
                0x00001f04                __aeabi_dsub
                0x00001f04                __subdf3
                0x00001f08                __aeabi_dadd
                0x00001f08                __adddf3
                0x00002180                __floatunsidf
                0x00002180                __aeabi_ui2d
                0x000021a0                __floatsidf
                0x000021a0                __aeabi_i2d
                0x000021c4                __aeabi_f2d
                0x000021c4                __extendsfdf2
                0x00002200                __floatundidf
                0x00002200                __aeabi_ul2d
                0x00002210                __floatdidf
                0x00002210                __aeabi_l2d
 .text          0x0000226c      0x424 d:/monash_apps/psoc creator/4.4/psoc creator/import/gnu/arm/5.4.1/bin/../lib/gcc/arm-none-eabi/5.4.1/armv7-m\libgcc.a(_arm_muldivdf3.o)
                0x0000226c                __aeabi_dmul
                0x0000226c                __muldf3
                0x000024c0                __divdf3
                0x000024c0                __aeabi_ddiv
 .text          0x00002690      0x110 d:/monash_apps/psoc creator/4.4/psoc creator/import/gnu/arm/5.4.1/bin/../lib/gcc/arm-none-eabi/5.4.1/armv7-m\libgcc.a(_arm_cmpdf2.o)
                0x00002690                __gtdf2
                0x00002690                __gedf2
                0x00002698                __ltdf2
                0x00002698                __ledf2
                0x000026a0                __nedf2
                0x000026a0                __eqdf2
                0x000026a0                __cmpdf2
                0x0000271c                __aeabi_cdrcmple
                0x0000272c                __aeabi_cdcmpeq
                0x0000272c                __aeabi_cdcmple
                0x0000273c                __aeabi_dcmpeq
                0x00002750                __aeabi_dcmplt
                0x00002764                __aeabi_dcmple
                0x00002778                __aeabi_dcmpge
                0x0000278c                __aeabi_dcmpgt
 .text          0x000027a0       0x50 d:/monash_apps/psoc creator/4.4/psoc creator/import/gnu/arm/5.4.1/bin/../lib/gcc/arm-none-eabi/5.4.1/armv7-m\libgcc.a(_arm_fixdfsi.o)
                0x000027a0                __aeabi_d2iz
                0x000027a0                __fixdfsi
 .text          0x000027f0       0xa0 d:/monash_apps/psoc creator/4.4/psoc creator/import/gnu/arm/5.4.1/bin/../lib/gcc/arm-none-eabi/5.4.1/armv7-m\libgcc.a(_arm_truncdfsf2.o)
                0x000027f0                __truncdfsf2
                0x000027f0                __aeabi_d2f
 .text          0x00002890      0x21c d:/monash_apps/psoc creator/4.4/psoc creator/import/gnu/arm/5.4.1/bin/../lib/gcc/arm-none-eabi/5.4.1/armv7-m\libgcc.a(_arm_addsubsf3.o)
                0x00002890                __aeabi_frsub
                0x00002898                __subsf3
                0x00002898                __aeabi_fsub
                0x0000289c                __aeabi_fadd
                0x0000289c                __addsf3
                0x000029fc                __aeabi_ui2f
                0x000029fc                __floatunsisf
                0x00002a04                __aeabi_i2f
                0x00002a04                __floatsisf
                0x00002a20                __aeabi_ul2f
                0x00002a20                __floatundisf
                0x00002a30                __aeabi_l2f
                0x00002a30                __floatdisf
 .text          0x00002aac      0x2a0 d:/monash_apps/psoc creator/4.4/psoc creator/import/gnu/arm/5.4.1/bin/../lib/gcc/arm-none-eabi/5.4.1/armv7-m\libgcc.a(_arm_muldivsf3.o)
                0x00002aac                __mulsf3
                0x00002aac                __aeabi_fmul
                0x00002c14                __aeabi_fdiv
                0x00002c14                __divsf3
 .text          0x00002d4c       0xec d:/monash_apps/psoc creator/4.4/psoc creator/import/gnu/arm/5.4.1/bin/../lib/gcc/arm-none-eabi/5.4.1/armv7-m\libgcc.a(_arm_cmpsf2.o)
                0x00002d4c                __gesf2
                0x00002d4c                __gtsf2
                0x00002d54                __lesf2
                0x00002d54                __ltsf2
                0x00002d5c                __nesf2
                0x00002d5c                __eqsf2
                0x00002d5c                __cmpsf2
                0x00002dbc                __aeabi_cfrcmple
                0x00002dc4                __aeabi_cfcmpeq
                0x00002dc4                __aeabi_cfcmple
                0x00002dd4                __aeabi_fcmpeq
                0x00002de8                __aeabi_fcmplt
                0x00002dfc                __aeabi_fcmple
                0x00002e10                __aeabi_fcmpge
                0x00002e24                __aeabi_fcmpgt
 .text          0x00002e38       0x4c d:/monash_apps/psoc creator/4.4/psoc creator/import/gnu/arm/5.4.1/bin/../lib/gcc/arm-none-eabi/5.4.1/armv7-m\libgcc.a(_arm_fixsfsi.o)
                0x00002e38                __aeabi_f2iz
                0x00002e38                __fixsfsi
 .text.__errno  0x00002e84        0xc d:/monash_apps/psoc creator/4.4/psoc creator/import/gnu/arm/5.4.1/bin/../lib/gcc/arm-none-eabi/5.4.1/../../../../arm-none-eabi/lib/armv7-m\libg_nano.a(lib_a-errno.o)
                0x00002e84                __errno
 .text.__libc_init_array
                0x00002e90       0x4c d:/monash_apps/psoc creator/4.4/psoc creator/import/gnu/arm/5.4.1/bin/../lib/gcc/arm-none-eabi/5.4.1/../../../../arm-none-eabi/lib/armv7-m\libg_nano.a(lib_a-init.o)
                0x00002e90                __libc_init_array
 .text.memcpy   0x00002edc       0x16 d:/monash_apps/psoc creator/4.4/psoc creator/import/gnu/arm/5.4.1/bin/../lib/gcc/arm-none-eabi/5.4.1/../../../../arm-none-eabi/lib/armv7-m\libg_nano.a(lib_a-memcpy-stub.o)
                0x00002edc                memcpy
 .text.memset   0x00002ef2       0x10 d:/monash_apps/psoc creator/4.4/psoc creator/import/gnu/arm/5.4.1/bin/../lib/gcc/arm-none-eabi/5.4.1/../../../../arm-none-eabi/lib/armv7-m\libg_nano.a(lib_a-memset.o)
                0x00002ef2                memset
 .text.swapfunc
                0x00002f02       0x34 d:/monash_apps/psoc creator/4.4/psoc creator/import/gnu/arm/5.4.1/bin/../lib/gcc/arm-none-eabi/5.4.1/../../../../arm-none-eabi/lib/armv7-m\libg_nano.a(lib_a-qsort.o)
 .text.med3.isra.1
                0x00002f36       0x40 d:/monash_apps/psoc creator/4.4/psoc creator/import/gnu/arm/5.4.1/bin/../lib/gcc/arm-none-eabi/5.4.1/../../../../arm-none-eabi/lib/armv7-m\libg_nano.a(lib_a-qsort.o)
 .text.qsort    0x00002f76      0x26e d:/monash_apps/psoc creator/4.4/psoc creator/import/gnu/arm/5.4.1/bin/../lib/gcc/arm-none-eabi/5.4.1/../../../../arm-none-eabi/lib/armv7-m\libg_nano.a(lib_a-qsort.o)
                0x00002f76                qsort
 *(.plt)
 *(.gnu.warning)
 *(.glue_7t)
 .glue_7t       0x000031e4        0x0 linker stubs
 *(.glue_7)
 .glue_7        0x000031e4        0x0 linker stubs
 *(.vfp11_veneer)
 .vfp11_veneer  0x000031e4        0x0 linker stubs
 *(.bootloader)
 *(.ARM.extab* .gnu.linkonce.armextab.*)
 *(.gcc_except_table)

.v4_bx          0x000031e4        0x0
 .v4_bx         0x000031e4        0x0 linker stubs

.iplt           0x000031e4        0x0
 .iplt          0x000031e4        0x0 d:/monash_apps/psoc creator/4.4/psoc creator/import/gnu/arm/5.4.1/bin/../lib/gcc/arm-none-eabi/5.4.1/armv7-m/crtbegin.o

.eh_frame_hdr
 *(.eh_frame_hdr)

.eh_frame       0x000031e4        0x4
 *(.eh_frame)
 .eh_frame      0x000031e4        0x0 d:/monash_apps/psoc creator/4.4/psoc creator/import/gnu/arm/5.4.1/bin/../lib/gcc/arm-none-eabi/5.4.1/armv7-m/crtbegin.o
 .eh_frame      0x000031e4        0x4 d:/monash_apps/psoc creator/4.4/psoc creator/import/gnu/arm/5.4.1/bin/../lib/gcc/arm-none-eabi/5.4.1/armv7-m/crtend.o
                [!provide]                PROVIDE (__exidx_start, .)

.ARM.exidx
 *(.ARM.exidx* .gnu.linkonce.armexidx.*)
                0x000031e8                __exidx_end = .

.rodata         0x000031e8      0x130
 *(.rodata .rodata.* .gnu.linkonce.r.*)
 .rodata        0x000031e8       0x98 .\CortexM3\ARM_GCC_541\Debug\main.o
                0x000031e8                charLookup
 .rodata.str1.4
                0x00003280       0x1c .\CortexM3\ARM_GCC_541\Debug\main.o
                                 0x1b (size before relaxing)
 .rodata        0x0000329c       0x2e .\CortexM3\ARM_GCC_541\Debug\cyfitter_cfg.o
 *fill*         0x000032ca        0x2 
 .rodata        0x000032cc       0x15 .\CortexM3\ARM_GCC_541\Debug\7Seg_Display.a(PGA_1.o)
 .rodata.str1.1
                0x000032e1        0x2 d:/monash_apps/psoc creator/4.4/psoc creator/import/gnu/arm/5.4.1/bin/../lib/gcc/arm-none-eabi/5.4.1/../../../../arm-none-eabi/lib/armv7-m\libg_nano.a(lib_a-impure.o)
                0x000032e4                . = ALIGN (0x4)
 *fill*         0x000032e3        0x1 
 *(.init)
 .init          0x000032e4        0x4 d:/monash_apps/psoc creator/4.4/psoc creator/import/gnu/arm/5.4.1/bin/../lib/gcc/arm-none-eabi/5.4.1/armv7-m/crti.o
                0x000032e4                _init
 .init          0x000032e8        0x8 d:/monash_apps/psoc creator/4.4/psoc creator/import/gnu/arm/5.4.1/bin/../lib/gcc/arm-none-eabi/5.4.1/armv7-m/crtn.o
                0x000032f0                . = ALIGN (0x4)
                0x000032f0                __preinit_array_start = .
 *(.preinit_array)
                0x000032f0                __preinit_array_end = .
                0x000032f0                . = ALIGN (0x4)
                0x000032f0                __init_array_start = .
 *(SORT(.init_array.*))
 *(.init_array)
 .init_array    0x000032f0        0x4 d:/monash_apps/psoc creator/4.4/psoc creator/import/gnu/arm/5.4.1/bin/../lib/gcc/arm-none-eabi/5.4.1/armv7-m/crtbegin.o
 .init_array    0x000032f4        0x4 .\CortexM3\ARM_GCC_541\Debug\Cm3Start.o
                0x000032f8                __init_array_end = .
                0x000032f8                . = ALIGN (0x4)
 *(.fini)
 .fini          0x000032f8        0x4 d:/monash_apps/psoc creator/4.4/psoc creator/import/gnu/arm/5.4.1/bin/../lib/gcc/arm-none-eabi/5.4.1/armv7-m/crti.o
                0x000032f8                _fini
 .fini          0x000032fc        0x8 d:/monash_apps/psoc creator/4.4/psoc creator/import/gnu/arm/5.4.1/bin/../lib/gcc/arm-none-eabi/5.4.1/armv7-m/crtn.o
                0x00003304                . = ALIGN (0x4)
                0x00003304                __fini_array_start = .
 *(.fini_array)
 .fini_array    0x00003304        0x4 d:/monash_apps/psoc creator/4.4/psoc creator/import/gnu/arm/5.4.1/bin/../lib/gcc/arm-none-eabi/5.4.1/armv7-m/crtbegin.o
 *(SORT(.fini_array.*))
                0x00003308                __fini_array_end = .
                0x00003308                . = ALIGN (0x4)
 *crtbegin.o(.ctors)
 *(EXCLUDE_FILE(*crtend.o) .ctors)
 *(SORT(.ctors.*))
 *crtend.o(.ctors)
                0x00003308                . = ALIGN (0x4)
 *crtbegin.o(.dtors)
 *(EXCLUDE_FILE(*crtend.o) .dtors)
 *(SORT(.dtors.*))
 *crtend.o(.dtors)
                0x00003308                . = ALIGN (0x4)
                0x00003308                __cy_regions = .
                0x00003308        0x4 LONG 0x3318 __cy_region_init_ram
                0x0000330c        0x4 LONG 0x1fff80c8 __cy_region_start_data
                0x00003310        0x4 LONG 0x78 __cy_region_init_size_ram
                0x00003314        0x4 LONG 0xe0 __cy_region_zero_size_ram
                0x00003318                __cy_regions_end = .
                0x00003318                . = ALIGN (0x8)
                0x00003318                _etext = .

.cy_checksum_exclude
                0x00003318        0x0
 *(.cy_checksum_exclude)

.ramvectors     0x1fff8000       0xc0
                0x1fff8000                __cy_region_start_ram = .
 *(.ramvectors)
 .ramvectors    0x1fff8000       0xc0 .\CortexM3\ARM_GCC_541\Debug\Cm3Start.o
                0x1fff8000                CyRamVectors

.noinit         0x1fff80c0        0x1
 *(.noinit)
 .noinit        0x1fff80c0        0x1 .\CortexM3\ARM_GCC_541\Debug\7Seg_Display.a(CyLib.o)
                0x1fff80c0                CyResetStatus

.data           0x1fff80c8       0x78 load address 0x00003318
                0x1fff80c8                __cy_region_start_data = .
 *(.jcr)
 .jcr           0x1fff80c8        0x0 d:/monash_apps/psoc creator/4.4/psoc creator/import/gnu/arm/5.4.1/bin/../lib/gcc/arm-none-eabi/5.4.1/armv7-m/crtbegin.o
 .jcr           0x1fff80c8        0x4 d:/monash_apps/psoc creator/4.4/psoc creator/import/gnu/arm/5.4.1/bin/../lib/gcc/arm-none-eabi/5.4.1/armv7-m/crtend.o
 *(.got.plt)
 *(.got)
 *(.shdata)
 *(.data .data.* .gnu.linkonce.d.*)
 .data          0x1fff80cc       0x10 .\CortexM3\ARM_GCC_541\Debug\7Seg_Display.a(CyLib.o)
                0x1fff80cc                cydelay_32k_ms
                0x1fff80d0                cydelay_freq_khz
                0x1fff80d4                cydelay_freq_mhz
                0x1fff80d8                cydelay_freq_hz
 .data.impure_data
                0x1fff80dc       0x60 d:/monash_apps/psoc creator/4.4/psoc creator/import/gnu/arm/5.4.1/bin/../lib/gcc/arm-none-eabi/5.4.1/../../../../arm-none-eabi/lib/armv7-m\libg_nano.a(lib_a-impure.o)
 .data._impure_ptr
                0x1fff813c        0x4 d:/monash_apps/psoc creator/4.4/psoc creator/import/gnu/arm/5.4.1/bin/../lib/gcc/arm-none-eabi/5.4.1/../../../../arm-none-eabi/lib/armv7-m\libg_nano.a(lib_a-impure.o)
                0x1fff813c                _impure_ptr
                0x1fff8140                . = ALIGN (0x8)
 *(.ram)
                0x1fff8140                _edata = .

.igot.plt       0x1fff8140        0x0 load address 0x00003390
 .igot.plt      0x1fff8140        0x0 d:/monash_apps/psoc creator/4.4/psoc creator/import/gnu/arm/5.4.1/bin/../lib/gcc/arm-none-eabi/5.4.1/armv7-m/crtbegin.o

.bss            0x1fff8140       0xe0 load address 0x00003390
                0x1fff8140                PROVIDE (__bss_start__, .)
 *(.shbss)
 *(.bss .bss.* .gnu.linkonce.b.*)
 .bss           0x1fff8140       0x1c d:/monash_apps/psoc creator/4.4/psoc creator/import/gnu/arm/5.4.1/bin/../lib/gcc/arm-none-eabi/5.4.1/armv7-m/crtbegin.o
 *fill*         0x1fff815c        0x4 
 .bss           0x1fff8160       0x70 .\CortexM3\ARM_GCC_541\Debug\main.o
                0x1fff8160                run_7_Seg
                0x1fff8164                time_passed_step
                0x1fff8168                waiting_ultra
                0x1fff8170                previous_buzz
                0x1fff8178                buzz_duration
                0x1fff8180                seg_num
                0x1fff8188                dp
                0x1fff8198                old_dis_val
                0x1fff81a0                D
                0x1fff81b0                count
                0x1fff81b4                mode
                0x1fff81b8                group_num
                0x1fff81c0                distance
                0x1fff81c8                counter
 .bss           0x1fff81d0        0x1 .\CortexM3\ARM_GCC_541\Debug\7Seg_Display.a(PGA_1.o)
                0x1fff81d0                PGA_1_initVar
 .bss           0x1fff81d1        0x1 .\CortexM3\ARM_GCC_541\Debug\7Seg_Display.a(Opamp_1.o)
                0x1fff81d1                Opamp_1_initVar
 .bss           0x1fff81d2        0x1 .\CortexM3\ARM_GCC_541\Debug\7Seg_Display.a(Comp_1.o)
                0x1fff81d2                Comp_1_initVar
 .bss           0x1fff81d3        0x1 .\CortexM3\ARM_GCC_541\Debug\7Seg_Display.a(VDAC8_1.o)
                0x1fff81d3                VDAC8_1_initVar
 .bss           0x1fff81d4        0x1 .\CortexM3\ARM_GCC_541\Debug\7Seg_Display.a(Timer_1.o)
                0x1fff81d4                Timer_1_initVar
 .bss           0x1fff81d5        0x1 .\CortexM3\ARM_GCC_541\Debug\7Seg_Display.a(Count7_1.o)
                0x1fff81d5                Count7_1_initVar
 .bss           0x1fff81d6        0x2 .\CortexM3\ARM_GCC_541\Debug\7Seg_Display.a(UART_1.o)
                0x1fff81d6                UART_1_initVar
 .bss           0x1fff81d8        0x1 .\CortexM3\ARM_GCC_541\Debug\7Seg_Display.a(Timer_2.o)
                0x1fff81d8                Timer_2_initVar
 *fill*         0x1fff81d9        0x3 
 .bss           0x1fff81dc        0x8 .\CortexM3\ARM_GCC_541\Debug\7Seg_Display.a(CySpc.o)
                0x1fff81dc                SpcLockState
 *(COMMON)
 COMMON         0x1fff81e4       0x31 .\CortexM3\ARM_GCC_541\Debug\main.o
                0x1fff81e4                InterruptCnt
                0x1fff81e8                value_text
                0x1fff81f8                segmentPattern_array
                0x1fff8214                cm_or_inch
 *fill*         0x1fff8215        0x3 
 COMMON         0x1fff8218        0x2 .\CortexM3\ARM_GCC_541\Debug\7Seg_Display.a(CyFlash.o)
                0x1fff8218                dieTemperature
                0x1fff8220                . = ALIGN (0x8)
 *fill*         0x1fff821a        0x6 
 *(.ram.b)
                0x1fff8220                _end = .
                0x1fff8220                __end = .
                0x1fff8220                PROVIDE (end, .)
                0x1fff8220                PROVIDE (__bss_end__, .)
                0x00003318                __cy_region_init_ram = LOADADDR (.data)
                0x00000078                __cy_region_init_size_ram = (_edata - ADDR (.data))
                0x000000e0                __cy_region_zero_size_ram = (_end - _edata)

.heap           0x1fff8220       0x80 load address 0x00003390
                0x1fff8220                . = _end
                0x1fff82a0                . = (. + 0x80)
 *fill*         0x1fff8220       0x80 
                0x1fff82a0                __cy_heap_limit = .

.stack          0x20007800      0x800
                0x20007800                __cy_stack_limit = .
                0x20008000                . = (. + 0x800)
 *fill*         0x20007800      0x800 
                0x00000001                ASSERT ((__cy_stack_limit >= __cy_heap_limit), region RAM overflowed with stack)
                0x00000000                cy_checksum_exclude_size = (CY_APPL_LOADABLE == 0x1)?SIZEOF (.cy_checksum_exclude):0x0
                0x00000001                ASSERT ((cy_checksum_exclude_size <= CY_CHECKSUM_EXCLUDE_SIZE), CY_BOOT: Section .cy_checksum_exclude size exceedes specified limit.)

.cyloadermeta
 *(.cyloadermeta)

.cyloadablemeta
 *(.cyloadablemeta)

.cyconfigecc    0x80000000      0x878
 *(.cyconfigecc)
 .cyconfigecc   0x80000000      0x878 .\CortexM3\ARM_GCC_541\Debug\cymetadata.o
                0x80000000                cy_meta_configecc

.cycustnvl      0x90000000        0x4
 *(.cycustnvl)
 .cycustnvl     0x90000000        0x4 .\CortexM3\ARM_GCC_541\Debug\cymetadata.o
                0x90000000                cy_meta_custnvl

.cywolatch      0x90100000        0x4
 *(.cywolatch)
 .cywolatch     0x90100000        0x4 .\CortexM3\ARM_GCC_541\Debug\cymetadata.o
                0x90100000                cy_meta_wonvl

.cyeeprom       0x90200000        0x0
 *(.cyeeprom)
                0x00000001                ASSERT ((. <= ((0x90200000 + ee_offset) + ee_size)), .cyeeprom data will not fit in EEPROM)

.cyflashprotect
                0x90400000      0x100
 *(.cyflashprotect)
 .cyflashprotect
                0x90400000      0x100 .\CortexM3\ARM_GCC_541\Debug\cymetadata.o
                0x90400000                cy_meta_flashprotect

.cymeta         0x90500000        0xc
 *(.cymeta)
 .cymeta        0x90500000        0xc .\CortexM3\ARM_GCC_541\Debug\cymetadata.o
                0x90500000                cy_metadata

.rel.dyn        0x00003390        0x0 load address 0x9050000c
 .rel.iplt      0x00003390        0x0 d:/monash_apps/psoc creator/4.4/psoc creator/import/gnu/arm/5.4.1/bin/../lib/gcc/arm-none-eabi/5.4.1/armv7-m/crtbegin.o

.stab
 *(.stab)

.stabstr
 *(.stabstr)

.debug
 *(.debug)

.line
 *(.line)

.debug_srcinfo
 *(.debug_srcinfo)

.debug_sfnames
 *(.debug_sfnames)

.debug_aranges  0x00000000     0x1050
 *(.debug_aranges)
 .debug_aranges
                0x00000000      0x108 .\CortexM3\ARM_GCC_541\Debug\main.o
 .debug_aranges
                0x00000108       0x58 .\CortexM3\ARM_GCC_541\Debug\cyfitter_cfg.o
 .debug_aranges
                0x00000160       0x18 .\CortexM3\ARM_GCC_541\Debug\cymetadata.o
 .debug_aranges
                0x00000178       0x48 .\CortexM3\ARM_GCC_541\Debug\Cm3Start.o
 .debug_aranges
                0x000001c0       0x38 .\CortexM3\ARM_GCC_541\Debug\7Seg_Display.a(Dis_A.o)
 .debug_aranges
                0x000001f8       0x38 .\CortexM3\ARM_GCC_541\Debug\7Seg_Display.a(Dis_B.o)
 .debug_aranges
                0x00000230       0x38 .\CortexM3\ARM_GCC_541\Debug\7Seg_Display.a(Dis_C.o)
 .debug_aranges
                0x00000268       0x38 .\CortexM3\ARM_GCC_541\Debug\7Seg_Display.a(Dis_D.o)
 .debug_aranges
                0x000002a0       0x38 .\CortexM3\ARM_GCC_541\Debug\7Seg_Display.a(Dis_E.o)
 .debug_aranges
                0x000002d8       0x38 .\CortexM3\ARM_GCC_541\Debug\7Seg_Display.a(Dis_F.o)
 .debug_aranges
                0x00000310       0x38 .\CortexM3\ARM_GCC_541\Debug\7Seg_Display.a(Dis_G.o)
 .debug_aranges
                0x00000348       0x38 .\CortexM3\ARM_GCC_541\Debug\7Seg_Display.a(Dis_DP.o)
 .debug_aranges
                0x00000380       0x38 .\CortexM3\ARM_GCC_541\Debug\7Seg_Display.a(Dis_D1.o)
 .debug_aranges
                0x000003b8       0x38 .\CortexM3\ARM_GCC_541\Debug\7Seg_Display.a(Dis_D2.o)
 .debug_aranges
                0x000003f0       0x38 .\CortexM3\ARM_GCC_541\Debug\7Seg_Display.a(Dis_D3.o)
 .debug_aranges
                0x00000428       0x38 .\CortexM3\ARM_GCC_541\Debug\7Seg_Display.a(Dis_D4.o)
 .debug_aranges
                0x00000460      0x2a0 .\CortexM3\ARM_GCC_541\Debug\7Seg_Display.a(CyLib.o)
 .debug_aranges
                0x00000700       0x98 .\CortexM3\ARM_GCC_541\Debug\7Seg_Display.a(cyPm.o)
 .debug_aranges
                0x00000798       0x80 .\CortexM3\ARM_GCC_541\Debug\7Seg_Display.a(isr_7Seg.o)
 .debug_aranges
                0x00000818       0x38 .\CortexM3\ARM_GCC_541\Debug\7Seg_Display.a(LED3_Green.o)
 .debug_aranges
                0x00000850       0x38 .\CortexM3\ARM_GCC_541\Debug\7Seg_Display.a(LED2_Yellow.o)
 .debug_aranges
                0x00000888       0x48 .\CortexM3\ARM_GCC_541\Debug\7Seg_Display.a(PGA_1.o)
 .debug_aranges
                0x000008d0       0x40 .\CortexM3\ARM_GCC_541\Debug\7Seg_Display.a(Opamp_1.o)
 .debug_aranges
                0x00000910       0x70 .\CortexM3\ARM_GCC_541\Debug\7Seg_Display.a(Comp_1.o)
 .debug_aranges
                0x00000980       0x58 .\CortexM3\ARM_GCC_541\Debug\7Seg_Display.a(VDAC8_1.o)
 .debug_aranges
                0x000009d8       0x98 .\CortexM3\ARM_GCC_541\Debug\7Seg_Display.a(Timer_1.o)
 .debug_aranges
                0x00000a70       0x58 .\CortexM3\ARM_GCC_541\Debug\7Seg_Display.a(Count7_1.o)
 .debug_aranges
                0x00000ac8       0x28 .\CortexM3\ARM_GCC_541\Debug\7Seg_Display.a(Control_Reg_1.o)
 .debug_aranges
                0x00000af0       0xf0 .\CortexM3\ARM_GCC_541\Debug\7Seg_Display.a(UART_1.o)
 .debug_aranges
                0x00000be0       0x70 .\CortexM3\ARM_GCC_541\Debug\7Seg_Display.a(UART_1_IntClock.o)
 .debug_aranges
                0x00000c50       0x90 .\CortexM3\ARM_GCC_541\Debug\7Seg_Display.a(Timer_2.o)
 .debug_aranges
                0x00000ce0       0x38 .\CortexM3\ARM_GCC_541\Debug\7Seg_Display.a(Buzzer.o)
 .debug_aranges
                0x00000d18       0x78 .\CortexM3\ARM_GCC_541\Debug\7Seg_Display.a(EEPROM.o)
 .debug_aranges
                0x00000d90       0x80 .\CortexM3\ARM_GCC_541\Debug\7Seg_Display.a(isr_6.o)
 .debug_aranges
                0x00000e10       0x38 .\CortexM3\ARM_GCC_541\Debug\7Seg_Display.a(Button_S1_Bottom_State.o)
 .debug_aranges
                0x00000e48       0x38 .\CortexM3\ARM_GCC_541\Debug\7Seg_Display.a(Button_S2_Left_State.o)
 .debug_aranges
                0x00000e80       0x38 .\CortexM3\ARM_GCC_541\Debug\7Seg_Display.a(Button_S3_Top_State.o)
 .debug_aranges
                0x00000eb8       0x38 .\CortexM3\ARM_GCC_541\Debug\7Seg_Display.a(Button_S4_Right_State.o)
 .debug_aranges
                0x00000ef0       0x38 .\CortexM3\ARM_GCC_541\Debug\7Seg_Display.a(Button_S5_Select_State.o)
 .debug_aranges
                0x00000f28       0x20 .\CortexM3\ARM_GCC_541\Debug\7Seg_Display.a(CyBootAsmGnu.o)
 .debug_aranges
                0x00000f48       0x88 .\CortexM3\ARM_GCC_541\Debug\7Seg_Display.a(CyFlash.o)
 .debug_aranges
                0x00000fd0       0x80 .\CortexM3\ARM_GCC_541\Debug\7Seg_Display.a(CySpc.o)

.debug_pubnames
 *(.debug_pubnames)

.debug_info     0x00000000     0x863b
 *(.debug_info .gnu.linkonce.wi.*)
 .debug_info    0x00000000     0x15bf .\CortexM3\ARM_GCC_541\Debug\main.o
 .debug_info    0x000015bf      0x614 .\CortexM3\ARM_GCC_541\Debug\cyfitter_cfg.o
 .debug_info    0x00001bd3      0x139 .\CortexM3\ARM_GCC_541\Debug\cymetadata.o
 .debug_info    0x00001d0c      0x3bb .\CortexM3\ARM_GCC_541\Debug\Cm3Start.o
 .debug_info    0x000020c7      0x11f .\CortexM3\ARM_GCC_541\Debug\7Seg_Display.a(Dis_A.o)
 .debug_info    0x000021e6      0x11f .\CortexM3\ARM_GCC_541\Debug\7Seg_Display.a(Dis_B.o)
 .debug_info    0x00002305      0x11f .\CortexM3\ARM_GCC_541\Debug\7Seg_Display.a(Dis_C.o)
 .debug_info    0x00002424      0x11f .\CortexM3\ARM_GCC_541\Debug\7Seg_Display.a(Dis_D.o)
 .debug_info    0x00002543      0x11f .\CortexM3\ARM_GCC_541\Debug\7Seg_Display.a(Dis_E.o)
 .debug_info    0x00002662      0x11f .\CortexM3\ARM_GCC_541\Debug\7Seg_Display.a(Dis_F.o)
 .debug_info    0x00002781      0x11f .\CortexM3\ARM_GCC_541\Debug\7Seg_Display.a(Dis_G.o)
 .debug_info    0x000028a0      0x11f .\CortexM3\ARM_GCC_541\Debug\7Seg_Display.a(Dis_DP.o)
 .debug_info    0x000029bf      0x11f .\CortexM3\ARM_GCC_541\Debug\7Seg_Display.a(Dis_D1.o)
 .debug_info    0x00002ade      0x11f .\CortexM3\ARM_GCC_541\Debug\7Seg_Display.a(Dis_D2.o)
 .debug_info    0x00002bfd      0x11f .\CortexM3\ARM_GCC_541\Debug\7Seg_Display.a(Dis_D3.o)
 .debug_info    0x00002d1c      0x11f .\CortexM3\ARM_GCC_541\Debug\7Seg_Display.a(Dis_D4.o)
 .debug_info    0x00002e3b     0x1374 .\CortexM3\ARM_GCC_541\Debug\7Seg_Display.a(CyLib.o)
 .debug_info    0x000041af      0xa2a .\CortexM3\ARM_GCC_541\Debug\7Seg_Display.a(cyPm.o)
 .debug_info    0x00004bd9      0x2d2 .\CortexM3\ARM_GCC_541\Debug\7Seg_Display.a(isr_7Seg.o)
 .debug_info    0x00004eab      0x11f .\CortexM3\ARM_GCC_541\Debug\7Seg_Display.a(LED3_Green.o)
 .debug_info    0x00004fca      0x11f .\CortexM3\ARM_GCC_541\Debug\7Seg_Display.a(LED2_Yellow.o)
 .debug_info    0x000050e9      0x1d3 .\CortexM3\ARM_GCC_541\Debug\7Seg_Display.a(PGA_1.o)
 .debug_info    0x000052bc      0x151 .\CortexM3\ARM_GCC_541\Debug\7Seg_Display.a(Opamp_1.o)
 .debug_info    0x0000540d      0x2c8 .\CortexM3\ARM_GCC_541\Debug\7Seg_Display.a(Comp_1.o)
 .debug_info    0x000056d5      0x1df .\CortexM3\ARM_GCC_541\Debug\7Seg_Display.a(VDAC8_1.o)
 .debug_info    0x000058b4      0x32a .\CortexM3\ARM_GCC_541\Debug\7Seg_Display.a(Timer_1.o)
 .debug_info    0x00005bde      0x1ec .\CortexM3\ARM_GCC_541\Debug\7Seg_Display.a(Count7_1.o)
 .debug_info    0x00005dca       0xd6 .\CortexM3\ARM_GCC_541\Debug\7Seg_Display.a(Control_Reg_1.o)
 .debug_info    0x00005ea0      0x60c .\CortexM3\ARM_GCC_541\Debug\7Seg_Display.a(UART_1.o)
 .debug_info    0x000064ac      0x283 .\CortexM3\ARM_GCC_541\Debug\7Seg_Display.a(UART_1_IntClock.o)
 .debug_info    0x0000672f      0x2ee .\CortexM3\ARM_GCC_541\Debug\7Seg_Display.a(Timer_2.o)
 .debug_info    0x00006a1d      0x11f .\CortexM3\ARM_GCC_541\Debug\7Seg_Display.a(Buzzer.o)
 .debug_info    0x00006b3c      0x630 .\CortexM3\ARM_GCC_541\Debug\7Seg_Display.a(EEPROM.o)
 .debug_info    0x0000716c      0x2d2 .\CortexM3\ARM_GCC_541\Debug\7Seg_Display.a(isr_6.o)
 .debug_info    0x0000743e      0x11f .\CortexM3\ARM_GCC_541\Debug\7Seg_Display.a(Button_S1_Bottom_State.o)
 .debug_info    0x0000755d      0x11f .\CortexM3\ARM_GCC_541\Debug\7Seg_Display.a(Button_S2_Left_State.o)
 .debug_info    0x0000767c      0x11f .\CortexM3\ARM_GCC_541\Debug\7Seg_Display.a(Button_S3_Top_State.o)
 .debug_info    0x0000779b      0x11f .\CortexM3\ARM_GCC_541\Debug\7Seg_Display.a(Button_S4_Right_State.o)
 .debug_info    0x000078ba      0x11f .\CortexM3\ARM_GCC_541\Debug\7Seg_Display.a(Button_S5_Select_State.o)
 .debug_info    0x000079d9       0xc5 .\CortexM3\ARM_GCC_541\Debug\7Seg_Display.a(CyBootAsmGnu.o)
 .debug_info    0x00007a9e      0x64d .\CortexM3\ARM_GCC_541\Debug\7Seg_Display.a(CyFlash.o)
 .debug_info    0x000080eb      0x550 .\CortexM3\ARM_GCC_541\Debug\7Seg_Display.a(CySpc.o)

.debug_abbrev   0x00000000     0x2888
 *(.debug_abbrev)
 .debug_abbrev  0x00000000      0x2d5 .\CortexM3\ARM_GCC_541\Debug\main.o
 .debug_abbrev  0x000002d5      0x20d .\CortexM3\ARM_GCC_541\Debug\cyfitter_cfg.o
 .debug_abbrev  0x000004e2       0x77 .\CortexM3\ARM_GCC_541\Debug\cymetadata.o
 .debug_abbrev  0x00000559      0x1e8 .\CortexM3\ARM_GCC_541\Debug\Cm3Start.o
 .debug_abbrev  0x00000741       0x90 .\CortexM3\ARM_GCC_541\Debug\7Seg_Display.a(Dis_A.o)
 .debug_abbrev  0x000007d1       0x90 .\CortexM3\ARM_GCC_541\Debug\7Seg_Display.a(Dis_B.o)
 .debug_abbrev  0x00000861       0x90 .\CortexM3\ARM_GCC_541\Debug\7Seg_Display.a(Dis_C.o)
 .debug_abbrev  0x000008f1       0x90 .\CortexM3\ARM_GCC_541\Debug\7Seg_Display.a(Dis_D.o)
 .debug_abbrev  0x00000981       0x90 .\CortexM3\ARM_GCC_541\Debug\7Seg_Display.a(Dis_E.o)
 .debug_abbrev  0x00000a11       0x90 .\CortexM3\ARM_GCC_541\Debug\7Seg_Display.a(Dis_F.o)
 .debug_abbrev  0x00000aa1       0x90 .\CortexM3\ARM_GCC_541\Debug\7Seg_Display.a(Dis_G.o)
 .debug_abbrev  0x00000b31       0x90 .\CortexM3\ARM_GCC_541\Debug\7Seg_Display.a(Dis_DP.o)
 .debug_abbrev  0x00000bc1       0x90 .\CortexM3\ARM_GCC_541\Debug\7Seg_Display.a(Dis_D1.o)
 .debug_abbrev  0x00000c51       0x90 .\CortexM3\ARM_GCC_541\Debug\7Seg_Display.a(Dis_D2.o)
 .debug_abbrev  0x00000ce1       0x90 .\CortexM3\ARM_GCC_541\Debug\7Seg_Display.a(Dis_D3.o)
 .debug_abbrev  0x00000d71       0x90 .\CortexM3\ARM_GCC_541\Debug\7Seg_Display.a(Dis_D4.o)
 .debug_abbrev  0x00000e01      0x254 .\CortexM3\ARM_GCC_541\Debug\7Seg_Display.a(CyLib.o)
 .debug_abbrev  0x00001055      0x1ab .\CortexM3\ARM_GCC_541\Debug\7Seg_Display.a(cyPm.o)
 .debug_abbrev  0x00001200      0x173 .\CortexM3\ARM_GCC_541\Debug\7Seg_Display.a(isr_7Seg.o)
 .debug_abbrev  0x00001373       0x90 .\CortexM3\ARM_GCC_541\Debug\7Seg_Display.a(LED3_Green.o)
 .debug_abbrev  0x00001403       0x90 .\CortexM3\ARM_GCC_541\Debug\7Seg_Display.a(LED2_Yellow.o)
 .debug_abbrev  0x00001493       0xf6 .\CortexM3\ARM_GCC_541\Debug\7Seg_Display.a(PGA_1.o)
 .debug_abbrev  0x00001589       0xb2 .\CortexM3\ARM_GCC_541\Debug\7Seg_Display.a(Opamp_1.o)
 .debug_abbrev  0x0000163b      0x16e .\CortexM3\ARM_GCC_541\Debug\7Seg_Display.a(Comp_1.o)
 .debug_abbrev  0x000017a9       0xf7 .\CortexM3\ARM_GCC_541\Debug\7Seg_Display.a(VDAC8_1.o)
 .debug_abbrev  0x000018a0      0x13a .\CortexM3\ARM_GCC_541\Debug\7Seg_Display.a(Timer_1.o)
 .debug_abbrev  0x000019da       0xe4 .\CortexM3\ARM_GCC_541\Debug\7Seg_Display.a(Count7_1.o)
 .debug_abbrev  0x00001abe       0x81 .\CortexM3\ARM_GCC_541\Debug\7Seg_Display.a(Control_Reg_1.o)
 .debug_abbrev  0x00001b3f      0x175 .\CortexM3\ARM_GCC_541\Debug\7Seg_Display.a(UART_1.o)
 .debug_abbrev  0x00001cb4      0x139 .\CortexM3\ARM_GCC_541\Debug\7Seg_Display.a(UART_1_IntClock.o)
 .debug_abbrev  0x00001ded      0x12b .\CortexM3\ARM_GCC_541\Debug\7Seg_Display.a(Timer_2.o)
 .debug_abbrev  0x00001f18       0x90 .\CortexM3\ARM_GCC_541\Debug\7Seg_Display.a(Buzzer.o)
 .debug_abbrev  0x00001fa8      0x14e .\CortexM3\ARM_GCC_541\Debug\7Seg_Display.a(EEPROM.o)
 .debug_abbrev  0x000020f6      0x173 .\CortexM3\ARM_GCC_541\Debug\7Seg_Display.a(isr_6.o)
 .debug_abbrev  0x00002269       0x90 .\CortexM3\ARM_GCC_541\Debug\7Seg_Display.a(Button_S1_Bottom_State.o)
 .debug_abbrev  0x000022f9       0x90 .\CortexM3\ARM_GCC_541\Debug\7Seg_Display.a(Button_S2_Left_State.o)
 .debug_abbrev  0x00002389       0x90 .\CortexM3\ARM_GCC_541\Debug\7Seg_Display.a(Button_S3_Top_State.o)
 .debug_abbrev  0x00002419       0x90 .\CortexM3\ARM_GCC_541\Debug\7Seg_Display.a(Button_S4_Right_State.o)
 .debug_abbrev  0x000024a9       0x90 .\CortexM3\ARM_GCC_541\Debug\7Seg_Display.a(Button_S5_Select_State.o)
 .debug_abbrev  0x00002539       0x14 .\CortexM3\ARM_GCC_541\Debug\7Seg_Display.a(CyBootAsmGnu.o)
 .debug_abbrev  0x0000254d      0x1a7 .\CortexM3\ARM_GCC_541\Debug\7Seg_Display.a(CyFlash.o)
 .debug_abbrev  0x000026f4      0x194 .\CortexM3\ARM_GCC_541\Debug\7Seg_Display.a(CySpc.o)

.debug_line     0x00000000     0x3ae9
 *(.debug_line)
 .debug_line    0x00000000      0x873 .\CortexM3\ARM_GCC_541\Debug\main.o
 .debug_line    0x00000873      0x1ff .\CortexM3\ARM_GCC_541\Debug\cyfitter_cfg.o
 .debug_line    0x00000a72      0x121 .\CortexM3\ARM_GCC_541\Debug\cymetadata.o
 .debug_line    0x00000b93      0x214 .\CortexM3\ARM_GCC_541\Debug\Cm3Start.o
 .debug_line    0x00000da7       0x92 .\CortexM3\ARM_GCC_541\Debug\7Seg_Display.a(Dis_A.o)
 .debug_line    0x00000e39       0x92 .\CortexM3\ARM_GCC_541\Debug\7Seg_Display.a(Dis_B.o)
 .debug_line    0x00000ecb       0x92 .\CortexM3\ARM_GCC_541\Debug\7Seg_Display.a(Dis_C.o)
 .debug_line    0x00000f5d       0x92 .\CortexM3\ARM_GCC_541\Debug\7Seg_Display.a(Dis_D.o)
 .debug_line    0x00000fef       0x92 .\CortexM3\ARM_GCC_541\Debug\7Seg_Display.a(Dis_E.o)
 .debug_line    0x00001081       0x92 .\CortexM3\ARM_GCC_541\Debug\7Seg_Display.a(Dis_F.o)
 .debug_line    0x00001113       0x92 .\CortexM3\ARM_GCC_541\Debug\7Seg_Display.a(Dis_G.o)
 .debug_line    0x000011a5       0x93 .\CortexM3\ARM_GCC_541\Debug\7Seg_Display.a(Dis_DP.o)
 .debug_line    0x00001238       0x93 .\CortexM3\ARM_GCC_541\Debug\7Seg_Display.a(Dis_D1.o)
 .debug_line    0x000012cb       0x93 .\CortexM3\ARM_GCC_541\Debug\7Seg_Display.a(Dis_D2.o)
 .debug_line    0x0000135e       0x93 .\CortexM3\ARM_GCC_541\Debug\7Seg_Display.a(Dis_D3.o)
 .debug_line    0x000013f1       0x93 .\CortexM3\ARM_GCC_541\Debug\7Seg_Display.a(Dis_D4.o)
 .debug_line    0x00001484      0x816 .\CortexM3\ARM_GCC_541\Debug\7Seg_Display.a(CyLib.o)
 .debug_line    0x00001c9a      0x367 .\CortexM3\ARM_GCC_541\Debug\7Seg_Display.a(cyPm.o)
 .debug_line    0x00002001      0x135 .\CortexM3\ARM_GCC_541\Debug\7Seg_Display.a(isr_7Seg.o)
 .debug_line    0x00002136       0x97 .\CortexM3\ARM_GCC_541\Debug\7Seg_Display.a(LED3_Green.o)
 .debug_line    0x000021cd       0x98 .\CortexM3\ARM_GCC_541\Debug\7Seg_Display.a(LED2_Yellow.o)
 .debug_line    0x00002265       0xcc .\CortexM3\ARM_GCC_541\Debug\7Seg_Display.a(PGA_1.o)
 .debug_line    0x00002331       0xaa .\CortexM3\ARM_GCC_541\Debug\7Seg_Display.a(Opamp_1.o)
 .debug_line    0x000023db      0x165 .\CortexM3\ARM_GCC_541\Debug\7Seg_Display.a(Comp_1.o)
 .debug_line    0x00002540       0xe4 .\CortexM3\ARM_GCC_541\Debug\7Seg_Display.a(VDAC8_1.o)
 .debug_line    0x00002624      0x184 .\CortexM3\ARM_GCC_541\Debug\7Seg_Display.a(Timer_1.o)
 .debug_line    0x000027a8       0xea .\CortexM3\ARM_GCC_541\Debug\7Seg_Display.a(Count7_1.o)
 .debug_line    0x00002892       0x75 .\CortexM3\ARM_GCC_541\Debug\7Seg_Display.a(Control_Reg_1.o)
 .debug_line    0x00002907      0x2c0 .\CortexM3\ARM_GCC_541\Debug\7Seg_Display.a(UART_1.o)
 .debug_line    0x00002bc7      0x17e .\CortexM3\ARM_GCC_541\Debug\7Seg_Display.a(UART_1_IntClock.o)
 .debug_line    0x00002d45      0x172 .\CortexM3\ARM_GCC_541\Debug\7Seg_Display.a(Timer_2.o)
 .debug_line    0x00002eb7       0x93 .\CortexM3\ARM_GCC_541\Debug\7Seg_Display.a(Buzzer.o)
 .debug_line    0x00002f4a      0x264 .\CortexM3\ARM_GCC_541\Debug\7Seg_Display.a(EEPROM.o)
 .debug_line    0x000031ae      0x132 .\CortexM3\ARM_GCC_541\Debug\7Seg_Display.a(isr_6.o)
 .debug_line    0x000032e0       0xa3 .\CortexM3\ARM_GCC_541\Debug\7Seg_Display.a(Button_S1_Bottom_State.o)
 .debug_line    0x00003383       0xa1 .\CortexM3\ARM_GCC_541\Debug\7Seg_Display.a(Button_S2_Left_State.o)
 .debug_line    0x00003424       0xa0 .\CortexM3\ARM_GCC_541\Debug\7Seg_Display.a(Button_S3_Top_State.o)
 .debug_line    0x000034c4       0xa2 .\CortexM3\ARM_GCC_541\Debug\7Seg_Display.a(Button_S4_Right_State.o)
 .debug_line    0x00003566       0xa3 .\CortexM3\ARM_GCC_541\Debug\7Seg_Display.a(Button_S5_Select_State.o)
 .debug_line    0x00003609       0x66 .\CortexM3\ARM_GCC_541\Debug\7Seg_Display.a(CyBootAsmGnu.o)
 .debug_line    0x0000366f      0x21a .\CortexM3\ARM_GCC_541\Debug\7Seg_Display.a(CyFlash.o)
 .debug_line    0x00003889      0x260 .\CortexM3\ARM_GCC_541\Debug\7Seg_Display.a(CySpc.o)

.debug_frame    0x00000000     0x25ec
 *(.debug_frame)
 .debug_frame   0x00000000      0x3c8 .\CortexM3\ARM_GCC_541\Debug\main.o
 .debug_frame   0x000003c8       0xf0 .\CortexM3\ARM_GCC_541\Debug\cyfitter_cfg.o
 .debug_frame   0x000004b8       0xb8 .\CortexM3\ARM_GCC_541\Debug\Cm3Start.o
 .debug_frame   0x00000570       0x50 .\CortexM3\ARM_GCC_541\Debug\7Seg_Display.a(Dis_A.o)
 .debug_frame   0x000005c0       0x50 .\CortexM3\ARM_GCC_541\Debug\7Seg_Display.a(Dis_B.o)
 .debug_frame   0x00000610       0x50 .\CortexM3\ARM_GCC_541\Debug\7Seg_Display.a(Dis_C.o)
 .debug_frame   0x00000660       0x50 .\CortexM3\ARM_GCC_541\Debug\7Seg_Display.a(Dis_D.o)
 .debug_frame   0x000006b0       0x50 .\CortexM3\ARM_GCC_541\Debug\7Seg_Display.a(Dis_E.o)
 .debug_frame   0x00000700       0x50 .\CortexM3\ARM_GCC_541\Debug\7Seg_Display.a(Dis_F.o)
 .debug_frame   0x00000750       0x50 .\CortexM3\ARM_GCC_541\Debug\7Seg_Display.a(Dis_G.o)
 .debug_frame   0x000007a0       0x50 .\CortexM3\ARM_GCC_541\Debug\7Seg_Display.a(Dis_DP.o)
 .debug_frame   0x000007f0       0x50 .\CortexM3\ARM_GCC_541\Debug\7Seg_Display.a(Dis_D1.o)
 .debug_frame   0x00000840       0x50 .\CortexM3\ARM_GCC_541\Debug\7Seg_Display.a(Dis_D2.o)
 .debug_frame   0x00000890       0x50 .\CortexM3\ARM_GCC_541\Debug\7Seg_Display.a(Dis_D3.o)
 .debug_frame   0x000008e0       0x50 .\CortexM3\ARM_GCC_541\Debug\7Seg_Display.a(Dis_D4.o)
 .debug_frame   0x00000930      0x738 .\CortexM3\ARM_GCC_541\Debug\7Seg_Display.a(CyLib.o)
 .debug_frame   0x00001068      0x1f8 .\CortexM3\ARM_GCC_541\Debug\7Seg_Display.a(cyPm.o)
 .debug_frame   0x00001260      0x104 .\CortexM3\ARM_GCC_541\Debug\7Seg_Display.a(isr_7Seg.o)
 .debug_frame   0x00001364       0x50 .\CortexM3\ARM_GCC_541\Debug\7Seg_Display.a(LED3_Green.o)
 .debug_frame   0x000013b4       0x50 .\CortexM3\ARM_GCC_541\Debug\7Seg_Display.a(LED2_Yellow.o)
 .debug_frame   0x00001404       0x9c .\CortexM3\ARM_GCC_541\Debug\7Seg_Display.a(PGA_1.o)
 .debug_frame   0x000014a0       0x78 .\CortexM3\ARM_GCC_541\Debug\7Seg_Display.a(Opamp_1.o)
 .debug_frame   0x00001518      0x108 .\CortexM3\ARM_GCC_541\Debug\7Seg_Display.a(Comp_1.o)
 .debug_frame   0x00001620       0xb4 .\CortexM3\ARM_GCC_541\Debug\7Seg_Display.a(VDAC8_1.o)
 .debug_frame   0x000016d4      0x134 .\CortexM3\ARM_GCC_541\Debug\7Seg_Display.a(Timer_1.o)
 .debug_frame   0x00001808       0xb4 .\CortexM3\ARM_GCC_541\Debug\7Seg_Display.a(Count7_1.o)
 .debug_frame   0x000018bc       0x30 .\CortexM3\ARM_GCC_541\Debug\7Seg_Display.a(Control_Reg_1.o)
 .debug_frame   0x000018ec      0x250 .\CortexM3\ARM_GCC_541\Debug\7Seg_Display.a(UART_1.o)
 .debug_frame   0x00001b3c       0xe0 .\CortexM3\ARM_GCC_541\Debug\7Seg_Display.a(UART_1_IntClock.o)
 .debug_frame   0x00001c1c      0x124 .\CortexM3\ARM_GCC_541\Debug\7Seg_Display.a(Timer_2.o)
 .debug_frame   0x00001d40       0x50 .\CortexM3\ARM_GCC_541\Debug\7Seg_Display.a(Buzzer.o)
 .debug_frame   0x00001d90      0x17c .\CortexM3\ARM_GCC_541\Debug\7Seg_Display.a(EEPROM.o)
 .debug_frame   0x00001f0c      0x104 .\CortexM3\ARM_GCC_541\Debug\7Seg_Display.a(isr_6.o)
 .debug_frame   0x00002010       0x50 .\CortexM3\ARM_GCC_541\Debug\7Seg_Display.a(Button_S1_Bottom_State.o)
 .debug_frame   0x00002060       0x50 .\CortexM3\ARM_GCC_541\Debug\7Seg_Display.a(Button_S2_Left_State.o)
 .debug_frame   0x000020b0       0x50 .\CortexM3\ARM_GCC_541\Debug\7Seg_Display.a(Button_S3_Top_State.o)
 .debug_frame   0x00002100       0x50 .\CortexM3\ARM_GCC_541\Debug\7Seg_Display.a(Button_S4_Right_State.o)
 .debug_frame   0x00002150       0x50 .\CortexM3\ARM_GCC_541\Debug\7Seg_Display.a(Button_S5_Select_State.o)
 .debug_frame   0x000021a0      0x194 .\CortexM3\ARM_GCC_541\Debug\7Seg_Display.a(CyFlash.o)
 .debug_frame   0x00002334      0x180 .\CortexM3\ARM_GCC_541\Debug\7Seg_Display.a(CySpc.o)
 .debug_frame   0x000024b4       0x20 d:/monash_apps/psoc creator/4.4/psoc creator/import/gnu/arm/5.4.1/bin/../lib/gcc/arm-none-eabi/5.4.1/../../../../arm-none-eabi/lib/armv7-m\libg_nano.a(lib_a-errno.o)
 .debug_frame   0x000024d4       0x28 d:/monash_apps/psoc creator/4.4/psoc creator/import/gnu/arm/5.4.1/bin/../lib/gcc/arm-none-eabi/5.4.1/../../../../arm-none-eabi/lib/armv7-m\libg_nano.a(lib_a-exit.o)
 .debug_frame   0x000024fc       0x2c d:/monash_apps/psoc creator/4.4/psoc creator/import/gnu/arm/5.4.1/bin/../lib/gcc/arm-none-eabi/5.4.1/../../../../arm-none-eabi/lib/armv7-m\libg_nano.a(lib_a-init.o)
 .debug_frame   0x00002528       0x28 d:/monash_apps/psoc creator/4.4/psoc creator/import/gnu/arm/5.4.1/bin/../lib/gcc/arm-none-eabi/5.4.1/../../../../arm-none-eabi/lib/armv7-m\libg_nano.a(lib_a-memcpy-stub.o)
 .debug_frame   0x00002550       0x20 d:/monash_apps/psoc creator/4.4/psoc creator/import/gnu/arm/5.4.1/bin/../lib/gcc/arm-none-eabi/5.4.1/../../../../arm-none-eabi/lib/armv7-m\libg_nano.a(lib_a-memset.o)
 .debug_frame   0x00002570       0x7c d:/monash_apps/psoc creator/4.4/psoc creator/import/gnu/arm/5.4.1/bin/../lib/gcc/arm-none-eabi/5.4.1/../../../../arm-none-eabi/lib/armv7-m\libg_nano.a(lib_a-qsort.o)

.debug_str      0x00000000     0x2e00
 *(.debug_str)
 .debug_str     0x00000000      0x7e9 .\CortexM3\ARM_GCC_541\Debug\main.o
                                0x885 (size before relaxing)
 .debug_str     0x000007e9      0x1a2 .\CortexM3\ARM_GCC_541\Debug\cyfitter_cfg.o
                                0x37f (size before relaxing)
 .debug_str     0x0000098b       0x7f .\CortexM3\ARM_GCC_541\Debug\cymetadata.o
                                0x219 (size before relaxing)
 .debug_str     0x00000a0a      0x13e .\CortexM3\ARM_GCC_541\Debug\Cm3Start.o
                                0x33f (size before relaxing)
 .debug_str     0x00000b48       0x5a .\CortexM3\ARM_GCC_541\Debug\7Seg_Display.a(Dis_A.o)
                                0x217 (size before relaxing)
 .debug_str     0x00000ba2       0x4f .\CortexM3\ARM_GCC_541\Debug\7Seg_Display.a(Dis_B.o)
                                0x217 (size before relaxing)
 .debug_str     0x00000bf1       0x4f .\CortexM3\ARM_GCC_541\Debug\7Seg_Display.a(Dis_C.o)
                                0x217 (size before relaxing)
 .debug_str     0x00000c40       0x4f .\CortexM3\ARM_GCC_541\Debug\7Seg_Display.a(Dis_D.o)
                                0x217 (size before relaxing)
 .debug_str     0x00000c8f       0x4f .\CortexM3\ARM_GCC_541\Debug\7Seg_Display.a(Dis_E.o)
                                0x217 (size before relaxing)
 .debug_str     0x00000cde       0x4f .\CortexM3\ARM_GCC_541\Debug\7Seg_Display.a(Dis_F.o)
                                0x217 (size before relaxing)
 .debug_str     0x00000d2d       0x4f .\CortexM3\ARM_GCC_541\Debug\7Seg_Display.a(Dis_G.o)
                                0x217 (size before relaxing)
 .debug_str     0x00000d7c       0x53 .\CortexM3\ARM_GCC_541\Debug\7Seg_Display.a(Dis_DP.o)
                                0x21c (size before relaxing)
 .debug_str     0x00000dcf       0x53 .\CortexM3\ARM_GCC_541\Debug\7Seg_Display.a(Dis_D1.o)
                                0x21c (size before relaxing)
 .debug_str     0x00000e22       0x53 .\CortexM3\ARM_GCC_541\Debug\7Seg_Display.a(Dis_D2.o)
                                0x21c (size before relaxing)
 .debug_str     0x00000e75       0x53 .\CortexM3\ARM_GCC_541\Debug\7Seg_Display.a(Dis_D3.o)
                                0x21c (size before relaxing)
 .debug_str     0x00000ec8       0x53 .\CortexM3\ARM_GCC_541\Debug\7Seg_Display.a(Dis_D4.o)
                                0x21c (size before relaxing)
 .debug_str     0x00000f1b      0x827 .\CortexM3\ARM_GCC_541\Debug\7Seg_Display.a(CyLib.o)
                                0xa7c (size before relaxing)
 .debug_str     0x00001742      0x365 .\CortexM3\ARM_GCC_541\Debug\7Seg_Display.a(cyPm.o)
                                0x768 (size before relaxing)
 .debug_str     0x00001aa7       0xe9 .\CortexM3\ARM_GCC_541\Debug\7Seg_Display.a(isr_7Seg.o)
                                0x305 (size before relaxing)
 .debug_str     0x00001b90       0x63 .\CortexM3\ARM_GCC_541\Debug\7Seg_Display.a(LED3_Green.o)
                                0x230 (size before relaxing)
 .debug_str     0x00001bf3       0x67 .\CortexM3\ARM_GCC_541\Debug\7Seg_Display.a(LED2_Yellow.o)
                                0x235 (size before relaxing)
 .debug_str     0x00001c5a       0x9d .\CortexM3\ARM_GCC_541\Debug\7Seg_Display.a(PGA_1.o)
                                0x264 (size before relaxing)
 .debug_str     0x00001cf7       0x6b .\CortexM3\ARM_GCC_541\Debug\7Seg_Display.a(Opamp_1.o)
                                0x23a (size before relaxing)
 .debug_str     0x00001d62      0x127 .\CortexM3\ARM_GCC_541\Debug\7Seg_Display.a(Comp_1.o)
                                0x30d (size before relaxing)
 .debug_str     0x00001e89       0xa3 .\CortexM3\ARM_GCC_541\Debug\7Seg_Display.a(VDAC8_1.o)
                                0x268 (size before relaxing)
 .debug_str     0x00001f2c      0x165 .\CortexM3\ARM_GCC_541\Debug\7Seg_Display.a(Timer_1.o)
                                0x3bd (size before relaxing)
 .debug_str     0x00002091       0xb3 .\CortexM3\ARM_GCC_541\Debug\7Seg_Display.a(Count7_1.o)
                                0x2c6 (size before relaxing)
 .debug_str     0x00002144       0x3a .\CortexM3\ARM_GCC_541\Debug\7Seg_Display.a(Control_Reg_1.o)
                                0x1fc (size before relaxing)
 .debug_str     0x0000217e      0x2ac .\CortexM3\ARM_GCC_541\Debug\7Seg_Display.a(UART_1.o)
                                0x4e8 (size before relaxing)
 .debug_str     0x0000242a      0x197 .\CortexM3\ARM_GCC_541\Debug\7Seg_Display.a(UART_1_IntClock.o)
                                0x383 (size before relaxing)
 .debug_str     0x000025c1      0x12c .\CortexM3\ARM_GCC_541\Debug\7Seg_Display.a(Timer_2.o)
                                0x394 (size before relaxing)
 .debug_str     0x000026ed       0x53 .\CortexM3\ARM_GCC_541\Debug\7Seg_Display.a(Buzzer.o)
                                0x21c (size before relaxing)
 .debug_str     0x00002740      0x1a7 .\CortexM3\ARM_GCC_541\Debug\7Seg_Display.a(EEPROM.o)
                                0x3f7 (size before relaxing)
 .debug_str     0x000028e7       0xc5 .\CortexM3\ARM_GCC_541\Debug\7Seg_Display.a(isr_6.o)
                                0x2db (size before relaxing)
 .debug_str     0x000029ac       0x94 .\CortexM3\ARM_GCC_541\Debug\7Seg_Display.a(Button_S1_Bottom_State.o)
                                0x26c (size before relaxing)
 .debug_str     0x00002a40       0x8c .\CortexM3\ARM_GCC_541\Debug\7Seg_Display.a(Button_S2_Left_State.o)
                                0x262 (size before relaxing)
 .debug_str     0x00002acc       0x88 .\CortexM3\ARM_GCC_541\Debug\7Seg_Display.a(Button_S3_Top_State.o)
                                0x25d (size before relaxing)
 .debug_str     0x00002b54       0x90 .\CortexM3\ARM_GCC_541\Debug\7Seg_Display.a(Button_S4_Right_State.o)
                                0x267 (size before relaxing)
 .debug_str     0x00002be4       0x94 .\CortexM3\ARM_GCC_541\Debug\7Seg_Display.a(Button_S5_Select_State.o)
                                0x26c (size before relaxing)
 .debug_str     0x00002c78      0x11a .\CortexM3\ARM_GCC_541\Debug\7Seg_Display.a(CyFlash.o)
                                0x3f5 (size before relaxing)
 .debug_str     0x00002d92       0x6e .\CortexM3\ARM_GCC_541\Debug\7Seg_Display.a(CySpc.o)
                                0x36d (size before relaxing)

.debug_loc      0x00000000     0x32c1
 *(.debug_loc)
 .debug_loc     0x00000000      0x813 .\CortexM3\ARM_GCC_541\Debug\main.o
 .debug_loc     0x00000813      0x259 .\CortexM3\ARM_GCC_541\Debug\cyfitter_cfg.o
 .debug_loc     0x00000a6c      0x144 .\CortexM3\ARM_GCC_541\Debug\Cm3Start.o
 .debug_loc     0x00000bb0       0x42 .\CortexM3\ARM_GCC_541\Debug\7Seg_Display.a(Dis_A.o)
 .debug_loc     0x00000bf2       0x42 .\CortexM3\ARM_GCC_541\Debug\7Seg_Display.a(Dis_B.o)
 .debug_loc     0x00000c34       0x42 .\CortexM3\ARM_GCC_541\Debug\7Seg_Display.a(Dis_C.o)
 .debug_loc     0x00000c76       0x42 .\CortexM3\ARM_GCC_541\Debug\7Seg_Display.a(Dis_D.o)
 .debug_loc     0x00000cb8       0x42 .\CortexM3\ARM_GCC_541\Debug\7Seg_Display.a(Dis_E.o)
 .debug_loc     0x00000cfa       0x42 .\CortexM3\ARM_GCC_541\Debug\7Seg_Display.a(Dis_F.o)
 .debug_loc     0x00000d3c       0x42 .\CortexM3\ARM_GCC_541\Debug\7Seg_Display.a(Dis_G.o)
 .debug_loc     0x00000d7e       0x42 .\CortexM3\ARM_GCC_541\Debug\7Seg_Display.a(Dis_DP.o)
 .debug_loc     0x00000dc0       0x42 .\CortexM3\ARM_GCC_541\Debug\7Seg_Display.a(Dis_D1.o)
 .debug_loc     0x00000e02       0x42 .\CortexM3\ARM_GCC_541\Debug\7Seg_Display.a(Dis_D2.o)
 .debug_loc     0x00000e44       0x42 .\CortexM3\ARM_GCC_541\Debug\7Seg_Display.a(Dis_D3.o)
 .debug_loc     0x00000e86       0x42 .\CortexM3\ARM_GCC_541\Debug\7Seg_Display.a(Dis_D4.o)
 .debug_loc     0x00000ec8      0xa11 .\CortexM3\ARM_GCC_541\Debug\7Seg_Display.a(CyLib.o)
 .debug_loc     0x000018d9      0x1e4 .\CortexM3\ARM_GCC_541\Debug\7Seg_Display.a(cyPm.o)
 .debug_loc     0x00001abd       0x56 .\CortexM3\ARM_GCC_541\Debug\7Seg_Display.a(isr_7Seg.o)
 .debug_loc     0x00001b13       0x42 .\CortexM3\ARM_GCC_541\Debug\7Seg_Display.a(LED3_Green.o)
 .debug_loc     0x00001b55       0x42 .\CortexM3\ARM_GCC_541\Debug\7Seg_Display.a(LED2_Yellow.o)
 .debug_loc     0x00001b97       0x60 .\CortexM3\ARM_GCC_541\Debug\7Seg_Display.a(PGA_1.o)
 .debug_loc     0x00001bf7       0x21 .\CortexM3\ARM_GCC_541\Debug\7Seg_Display.a(Opamp_1.o)
 .debug_loc     0x00001c18       0xed .\CortexM3\ARM_GCC_541\Debug\7Seg_Display.a(Comp_1.o)
 .debug_loc     0x00001d05       0x79 .\CortexM3\ARM_GCC_541\Debug\7Seg_Display.a(VDAC8_1.o)
 .debug_loc     0x00001d7e       0x31 .\CortexM3\ARM_GCC_541\Debug\7Seg_Display.a(Timer_1.o)
 .debug_loc     0x00001daf       0x47 .\CortexM3\ARM_GCC_541\Debug\7Seg_Display.a(Count7_1.o)
 .debug_loc     0x00001df6      0x258 .\CortexM3\ARM_GCC_541\Debug\7Seg_Display.a(UART_1.o)
 .debug_loc     0x0000204e      0x128 .\CortexM3\ARM_GCC_541\Debug\7Seg_Display.a(UART_1_IntClock.o)
 .debug_loc     0x00002176       0x13 .\CortexM3\ARM_GCC_541\Debug\7Seg_Display.a(Timer_2.o)
 .debug_loc     0x00002189       0x42 .\CortexM3\ARM_GCC_541\Debug\7Seg_Display.a(Buzzer.o)
 .debug_loc     0x000021cb      0x49f .\CortexM3\ARM_GCC_541\Debug\7Seg_Display.a(EEPROM.o)
 .debug_loc     0x0000266a       0x56 .\CortexM3\ARM_GCC_541\Debug\7Seg_Display.a(isr_6.o)
 .debug_loc     0x000026c0       0x42 .\CortexM3\ARM_GCC_541\Debug\7Seg_Display.a(Button_S1_Bottom_State.o)
 .debug_loc     0x00002702       0x42 .\CortexM3\ARM_GCC_541\Debug\7Seg_Display.a(Button_S2_Left_State.o)
 .debug_loc     0x00002744       0x42 .\CortexM3\ARM_GCC_541\Debug\7Seg_Display.a(Button_S3_Top_State.o)
 .debug_loc     0x00002786       0x42 .\CortexM3\ARM_GCC_541\Debug\7Seg_Display.a(Button_S4_Right_State.o)
 .debug_loc     0x000027c8       0x42 .\CortexM3\ARM_GCC_541\Debug\7Seg_Display.a(Button_S5_Select_State.o)
 .debug_loc     0x0000280a      0x3b2 .\CortexM3\ARM_GCC_541\Debug\7Seg_Display.a(CyFlash.o)
 .debug_loc     0x00002bbc      0x705 .\CortexM3\ARM_GCC_541\Debug\7Seg_Display.a(CySpc.o)

.debug_macinfo
 *(.debug_macinfo)

.debug_ranges   0x00000000      0xdc8
 *(.debug_ranges)
 .debug_ranges  0x00000000      0x128 .\CortexM3\ARM_GCC_541\Debug\main.o
 .debug_ranges  0x00000128       0x48 .\CortexM3\ARM_GCC_541\Debug\cyfitter_cfg.o
 .debug_ranges  0x00000170       0x38 .\CortexM3\ARM_GCC_541\Debug\Cm3Start.o
 .debug_ranges  0x000001a8       0x28 .\CortexM3\ARM_GCC_541\Debug\7Seg_Display.a(Dis_A.o)
 .debug_ranges  0x000001d0       0x28 .\CortexM3\ARM_GCC_541\Debug\7Seg_Display.a(Dis_B.o)
 .debug_ranges  0x000001f8       0x28 .\CortexM3\ARM_GCC_541\Debug\7Seg_Display.a(Dis_C.o)
 .debug_ranges  0x00000220       0x28 .\CortexM3\ARM_GCC_541\Debug\7Seg_Display.a(Dis_D.o)
 .debug_ranges  0x00000248       0x28 .\CortexM3\ARM_GCC_541\Debug\7Seg_Display.a(Dis_E.o)
 .debug_ranges  0x00000270       0x28 .\CortexM3\ARM_GCC_541\Debug\7Seg_Display.a(Dis_F.o)
 .debug_ranges  0x00000298       0x28 .\CortexM3\ARM_GCC_541\Debug\7Seg_Display.a(Dis_G.o)
 .debug_ranges  0x000002c0       0x28 .\CortexM3\ARM_GCC_541\Debug\7Seg_Display.a(Dis_DP.o)
 .debug_ranges  0x000002e8       0x28 .\CortexM3\ARM_GCC_541\Debug\7Seg_Display.a(Dis_D1.o)
 .debug_ranges  0x00000310       0x28 .\CortexM3\ARM_GCC_541\Debug\7Seg_Display.a(Dis_D2.o)
 .debug_ranges  0x00000338       0x28 .\CortexM3\ARM_GCC_541\Debug\7Seg_Display.a(Dis_D3.o)
 .debug_ranges  0x00000360       0x28 .\CortexM3\ARM_GCC_541\Debug\7Seg_Display.a(Dis_D4.o)
 .debug_ranges  0x00000388      0x290 .\CortexM3\ARM_GCC_541\Debug\7Seg_Display.a(CyLib.o)
 .debug_ranges  0x00000618       0x88 .\CortexM3\ARM_GCC_541\Debug\7Seg_Display.a(cyPm.o)
 .debug_ranges  0x000006a0       0x70 .\CortexM3\ARM_GCC_541\Debug\7Seg_Display.a(isr_7Seg.o)
 .debug_ranges  0x00000710       0x28 .\CortexM3\ARM_GCC_541\Debug\7Seg_Display.a(LED3_Green.o)
 .debug_ranges  0x00000738       0x28 .\CortexM3\ARM_GCC_541\Debug\7Seg_Display.a(LED2_Yellow.o)
 .debug_ranges  0x00000760       0x38 .\CortexM3\ARM_GCC_541\Debug\7Seg_Display.a(PGA_1.o)
 .debug_ranges  0x00000798       0x30 .\CortexM3\ARM_GCC_541\Debug\7Seg_Display.a(Opamp_1.o)
 .debug_ranges  0x000007c8       0x60 .\CortexM3\ARM_GCC_541\Debug\7Seg_Display.a(Comp_1.o)
 .debug_ranges  0x00000828       0x48 .\CortexM3\ARM_GCC_541\Debug\7Seg_Display.a(VDAC8_1.o)
 .debug_ranges  0x00000870       0x88 .\CortexM3\ARM_GCC_541\Debug\7Seg_Display.a(Timer_1.o)
 .debug_ranges  0x000008f8       0x48 .\CortexM3\ARM_GCC_541\Debug\7Seg_Display.a(Count7_1.o)
 .debug_ranges  0x00000940       0x18 .\CortexM3\ARM_GCC_541\Debug\7Seg_Display.a(Control_Reg_1.o)
 .debug_ranges  0x00000958       0xe0 .\CortexM3\ARM_GCC_541\Debug\7Seg_Display.a(UART_1.o)
 .debug_ranges  0x00000a38       0x60 .\CortexM3\ARM_GCC_541\Debug\7Seg_Display.a(UART_1_IntClock.o)
 .debug_ranges  0x00000a98       0x80 .\CortexM3\ARM_GCC_541\Debug\7Seg_Display.a(Timer_2.o)
 .debug_ranges  0x00000b18       0x28 .\CortexM3\ARM_GCC_541\Debug\7Seg_Display.a(Buzzer.o)
 .debug_ranges  0x00000b40       0x68 .\CortexM3\ARM_GCC_541\Debug\7Seg_Display.a(EEPROM.o)
 .debug_ranges  0x00000ba8       0x70 .\CortexM3\ARM_GCC_541\Debug\7Seg_Display.a(isr_6.o)
 .debug_ranges  0x00000c18       0x28 .\CortexM3\ARM_GCC_541\Debug\7Seg_Display.a(Button_S1_Bottom_State.o)
 .debug_ranges  0x00000c40       0x28 .\CortexM3\ARM_GCC_541\Debug\7Seg_Display.a(Button_S2_Left_State.o)
 .debug_ranges  0x00000c68       0x28 .\CortexM3\ARM_GCC_541\Debug\7Seg_Display.a(Button_S3_Top_State.o)
 .debug_ranges  0x00000c90       0x28 .\CortexM3\ARM_GCC_541\Debug\7Seg_Display.a(Button_S4_Right_State.o)
 .debug_ranges  0x00000cb8       0x28 .\CortexM3\ARM_GCC_541\Debug\7Seg_Display.a(Button_S5_Select_State.o)
 .debug_ranges  0x00000ce0       0x78 .\CortexM3\ARM_GCC_541\Debug\7Seg_Display.a(CyFlash.o)
 .debug_ranges  0x00000d58       0x70 .\CortexM3\ARM_GCC_541\Debug\7Seg_Display.a(CySpc.o)

.comment        0x00000000       0x6e
 .comment       0x00000000       0x6e .\CortexM3\ARM_GCC_541\Debug\main.o
                                 0x6f (size before relaxing)
 .comment       0x0000006e       0x6f .\CortexM3\ARM_GCC_541\Debug\cyfitter_cfg.o
 .comment       0x0000006e       0x6f .\CortexM3\ARM_GCC_541\Debug\cymetadata.o
 .comment       0x0000006e       0x6f .\CortexM3\ARM_GCC_541\Debug\Cm3Start.o
 .comment       0x0000006e       0x6f .\CortexM3\ARM_GCC_541\Debug\7Seg_Display.a(Dis_A.o)
 .comment       0x0000006e       0x6f .\CortexM3\ARM_GCC_541\Debug\7Seg_Display.a(Dis_B.o)
 .comment       0x0000006e       0x6f .\CortexM3\ARM_GCC_541\Debug\7Seg_Display.a(Dis_C.o)
 .comment       0x0000006e       0x6f .\CortexM3\ARM_GCC_541\Debug\7Seg_Display.a(Dis_D.o)
 .comment       0x0000006e       0x6f .\CortexM3\ARM_GCC_541\Debug\7Seg_Display.a(Dis_E.o)
 .comment       0x0000006e       0x6f .\CortexM3\ARM_GCC_541\Debug\7Seg_Display.a(Dis_F.o)
 .comment       0x0000006e       0x6f .\CortexM3\ARM_GCC_541\Debug\7Seg_Display.a(Dis_G.o)
 .comment       0x0000006e       0x6f .\CortexM3\ARM_GCC_541\Debug\7Seg_Display.a(Dis_DP.o)
 .comment       0x0000006e       0x6f .\CortexM3\ARM_GCC_541\Debug\7Seg_Display.a(Dis_D1.o)
 .comment       0x0000006e       0x6f .\CortexM3\ARM_GCC_541\Debug\7Seg_Display.a(Dis_D2.o)
 .comment       0x0000006e       0x6f .\CortexM3\ARM_GCC_541\Debug\7Seg_Display.a(Dis_D3.o)
 .comment       0x0000006e       0x6f .\CortexM3\ARM_GCC_541\Debug\7Seg_Display.a(Dis_D4.o)
 .comment       0x0000006e       0x6f .\CortexM3\ARM_GCC_541\Debug\7Seg_Display.a(CyLib.o)
 .comment       0x0000006e       0x6f .\CortexM3\ARM_GCC_541\Debug\7Seg_Display.a(cyPm.o)
 .comment       0x0000006e       0x6f .\CortexM3\ARM_GCC_541\Debug\7Seg_Display.a(isr_7Seg.o)
 .comment       0x0000006e       0x6f .\CortexM3\ARM_GCC_541\Debug\7Seg_Display.a(LED3_Green.o)
 .comment       0x0000006e       0x6f .\CortexM3\ARM_GCC_541\Debug\7Seg_Display.a(LED2_Yellow.o)
 .comment       0x0000006e       0x6f .\CortexM3\ARM_GCC_541\Debug\7Seg_Display.a(PGA_1.o)
 .comment       0x0000006e       0x6f .\CortexM3\ARM_GCC_541\Debug\7Seg_Display.a(Opamp_1.o)
 .comment       0x0000006e       0x6f .\CortexM3\ARM_GCC_541\Debug\7Seg_Display.a(Comp_1.o)
 .comment       0x0000006e       0x6f .\CortexM3\ARM_GCC_541\Debug\7Seg_Display.a(VDAC8_1.o)
 .comment       0x0000006e       0x6f .\CortexM3\ARM_GCC_541\Debug\7Seg_Display.a(Timer_1.o)
 .comment       0x0000006e       0x6f .\CortexM3\ARM_GCC_541\Debug\7Seg_Display.a(Count7_1.o)
 .comment       0x0000006e       0x6f .\CortexM3\ARM_GCC_541\Debug\7Seg_Display.a(Control_Reg_1.o)
 .comment       0x0000006e       0x6f .\CortexM3\ARM_GCC_541\Debug\7Seg_Display.a(UART_1.o)
 .comment       0x0000006e       0x6f .\CortexM3\ARM_GCC_541\Debug\7Seg_Display.a(UART_1_IntClock.o)
 .comment       0x0000006e       0x6f .\CortexM3\ARM_GCC_541\Debug\7Seg_Display.a(Timer_2.o)
 .comment       0x0000006e       0x6f .\CortexM3\ARM_GCC_541\Debug\7Seg_Display.a(Buzzer.o)
 .comment       0x0000006e       0x6f .\CortexM3\ARM_GCC_541\Debug\7Seg_Display.a(EEPROM.o)
 .comment       0x0000006e       0x6f .\CortexM3\ARM_GCC_541\Debug\7Seg_Display.a(isr_6.o)
 .comment       0x0000006e       0x6f .\CortexM3\ARM_GCC_541\Debug\7Seg_Display.a(Button_S1_Bottom_State.o)
 .comment       0x0000006e       0x6f .\CortexM3\ARM_GCC_541\Debug\7Seg_Display.a(Button_S2_Left_State.o)
 .comment       0x0000006e       0x6f .\CortexM3\ARM_GCC_541\Debug\7Seg_Display.a(Button_S3_Top_State.o)
 .comment       0x0000006e       0x6f .\CortexM3\ARM_GCC_541\Debug\7Seg_Display.a(Button_S4_Right_State.o)
 .comment       0x0000006e       0x6f .\CortexM3\ARM_GCC_541\Debug\7Seg_Display.a(Button_S5_Select_State.o)
 .comment       0x0000006e       0x6f .\CortexM3\ARM_GCC_541\Debug\7Seg_Display.a(CyFlash.o)
 .comment       0x0000006e       0x6f .\CortexM3\ARM_GCC_541\Debug\7Seg_Display.a(CySpc.o)

.debug_weaknames
 *(.debug_weaknames)

.debug_funcnames
 *(.debug_funcnames)

.debug_typenames
 *(.debug_typenames)

.debug_varnames
 *(.debug_varnames)

.note.gnu.arm.ident
 *(.note.gnu.arm.ident)

.ARM.attributes
                0x00000000       0x29
 *(.ARM.attributes)
 .ARM.attributes
                0x00000000       0x1d d:/monash_apps/psoc creator/4.4/psoc creator/import/gnu/arm/5.4.1/bin/../lib/gcc/arm-none-eabi/5.4.1/armv7-m/crti.o
 .ARM.attributes
                0x0000001d       0x2d d:/monash_apps/psoc creator/4.4/psoc creator/import/gnu/arm/5.4.1/bin/../lib/gcc/arm-none-eabi/5.4.1/armv7-m/crtbegin.o
 .ARM.attributes
                0x0000004a       0x1b d:/monash_apps/psoc creator/4.4/psoc creator/import/gnu/arm/5.4.1/bin/../lib/gcc/arm-none-eabi/5.4.1/../../../../arm-none-eabi/lib/armv7-m/crt0.o
 .ARM.attributes
                0x00000065       0x33 .\CortexM3\ARM_GCC_541\Debug\main.o
 .ARM.attributes
                0x00000098       0x33 .\CortexM3\ARM_GCC_541\Debug\cyfitter_cfg.o
 .ARM.attributes
                0x000000cb       0x33 .\CortexM3\ARM_GCC_541\Debug\cymetadata.o
 .ARM.attributes
                0x000000fe       0x33 .\CortexM3\ARM_GCC_541\Debug\Cm3Start.o
 .ARM.attributes
                0x00000131       0x33 .\CortexM3\ARM_GCC_541\Debug\7Seg_Display.a(Dis_A.o)
 .ARM.attributes
                0x00000164       0x33 .\CortexM3\ARM_GCC_541\Debug\7Seg_Display.a(Dis_B.o)
 .ARM.attributes
                0x00000197       0x33 .\CortexM3\ARM_GCC_541\Debug\7Seg_Display.a(Dis_C.o)
 .ARM.attributes
                0x000001ca       0x33 .\CortexM3\ARM_GCC_541\Debug\7Seg_Display.a(Dis_D.o)
 .ARM.attributes
                0x000001fd       0x33 .\CortexM3\ARM_GCC_541\Debug\7Seg_Display.a(Dis_E.o)
 .ARM.attributes
                0x00000230       0x33 .\CortexM3\ARM_GCC_541\Debug\7Seg_Display.a(Dis_F.o)
 .ARM.attributes
                0x00000263       0x33 .\CortexM3\ARM_GCC_541\Debug\7Seg_Display.a(Dis_G.o)
 .ARM.attributes
                0x00000296       0x33 .\CortexM3\ARM_GCC_541\Debug\7Seg_Display.a(Dis_DP.o)
 .ARM.attributes
                0x000002c9       0x33 .\CortexM3\ARM_GCC_541\Debug\7Seg_Display.a(Dis_D1.o)
 .ARM.attributes
                0x000002fc       0x33 .\CortexM3\ARM_GCC_541\Debug\7Seg_Display.a(Dis_D2.o)
 .ARM.attributes
                0x0000032f       0x33 .\CortexM3\ARM_GCC_541\Debug\7Seg_Display.a(Dis_D3.o)
 .ARM.attributes
                0x00000362       0x33 .\CortexM3\ARM_GCC_541\Debug\7Seg_Display.a(Dis_D4.o)
 .ARM.attributes
                0x00000395       0x33 .\CortexM3\ARM_GCC_541\Debug\7Seg_Display.a(CyLib.o)
 .ARM.attributes
                0x000003c8       0x33 .\CortexM3\ARM_GCC_541\Debug\7Seg_Display.a(cyPm.o)
 .ARM.attributes
                0x000003fb       0x33 .\CortexM3\ARM_GCC_541\Debug\7Seg_Display.a(isr_7Seg.o)
 .ARM.attributes
                0x0000042e       0x33 .\CortexM3\ARM_GCC_541\Debug\7Seg_Display.a(LED3_Green.o)
 .ARM.attributes
                0x00000461       0x33 .\CortexM3\ARM_GCC_541\Debug\7Seg_Display.a(LED2_Yellow.o)
 .ARM.attributes
                0x00000494       0x33 .\CortexM3\ARM_GCC_541\Debug\7Seg_Display.a(PGA_1.o)
 .ARM.attributes
                0x000004c7       0x33 .\CortexM3\ARM_GCC_541\Debug\7Seg_Display.a(Opamp_1.o)
 .ARM.attributes
                0x000004fa       0x33 .\CortexM3\ARM_GCC_541\Debug\7Seg_Display.a(Comp_1.o)
 .ARM.attributes
                0x0000052d       0x33 .\CortexM3\ARM_GCC_541\Debug\7Seg_Display.a(VDAC8_1.o)
 .ARM.attributes
                0x00000560       0x33 .\CortexM3\ARM_GCC_541\Debug\7Seg_Display.a(Timer_1.o)
 .ARM.attributes
                0x00000593       0x33 .\CortexM3\ARM_GCC_541\Debug\7Seg_Display.a(Count7_1.o)
 .ARM.attributes
                0x000005c6       0x33 .\CortexM3\ARM_GCC_541\Debug\7Seg_Display.a(Control_Reg_1.o)
 .ARM.attributes
                0x000005f9       0x33 .\CortexM3\ARM_GCC_541\Debug\7Seg_Display.a(UART_1.o)
 .ARM.attributes
                0x0000062c       0x33 .\CortexM3\ARM_GCC_541\Debug\7Seg_Display.a(UART_1_IntClock.o)
 .ARM.attributes
                0x0000065f       0x33 .\CortexM3\ARM_GCC_541\Debug\7Seg_Display.a(Timer_2.o)
 .ARM.attributes
                0x00000692       0x33 .\CortexM3\ARM_GCC_541\Debug\7Seg_Display.a(Buzzer.o)
 .ARM.attributes
                0x000006c5       0x33 .\CortexM3\ARM_GCC_541\Debug\7Seg_Display.a(EEPROM.o)
 .ARM.attributes
                0x000006f8       0x33 .\CortexM3\ARM_GCC_541\Debug\7Seg_Display.a(isr_6.o)
 .ARM.attributes
                0x0000072b       0x33 .\CortexM3\ARM_GCC_541\Debug\7Seg_Display.a(Button_S1_Bottom_State.o)
 .ARM.attributes
                0x0000075e       0x33 .\CortexM3\ARM_GCC_541\Debug\7Seg_Display.a(Button_S2_Left_State.o)
 .ARM.attributes
                0x00000791       0x33 .\CortexM3\ARM_GCC_541\Debug\7Seg_Display.a(Button_S3_Top_State.o)
 .ARM.attributes
                0x000007c4       0x33 .\CortexM3\ARM_GCC_541\Debug\7Seg_Display.a(Button_S4_Right_State.o)
 .ARM.attributes
                0x000007f7       0x33 .\CortexM3\ARM_GCC_541\Debug\7Seg_Display.a(Button_S5_Select_State.o)
 .ARM.attributes
                0x0000082a       0x21 .\CortexM3\ARM_GCC_541\Debug\7Seg_Display.a(CyBootAsmGnu.o)
 .ARM.attributes
                0x0000084b       0x33 .\CortexM3\ARM_GCC_541\Debug\7Seg_Display.a(CyFlash.o)
 .ARM.attributes
                0x0000087e       0x33 .\CortexM3\ARM_GCC_541\Debug\7Seg_Display.a(CySpc.o)
 .ARM.attributes
                0x000008b1       0x1d d:/monash_apps/psoc creator/4.4/psoc creator/import/gnu/arm/5.4.1/bin/../lib/gcc/arm-none-eabi/5.4.1/armv7-m\libgcc.a(_arm_addsubdf3.o)
 .ARM.attributes