Archive member included to satisfy reference by file (symbol)

.\CortexM3\ARM_GCC_541\Debug\7Seg_Display.a(Dis_A.o)
                              .\CortexM3\ARM_GCC_541\Debug\main.o (Dis_A_Write)
.\CortexM3\ARM_GCC_541\Debug\7Seg_Display.a(Dis_B.o)
                              .\CortexM3\ARM_GCC_541\Debug\main.o (Dis_B_Write)
.\CortexM3\ARM_GCC_541\Debug\7Seg_Display.a(Dis_C.o)
                              .\CortexM3\ARM_GCC_541\Debug\main.o (Dis_C_Write)
.\CortexM3\ARM_GCC_541\Debug\7Seg_Display.a(Dis_D.o)
                              .\CortexM3\ARM_GCC_541\Debug\main.o (Dis_D_Write)
.\CortexM3\ARM_GCC_541\Debug\7Seg_Display.a(Dis_E.o)
                              .\CortexM3\ARM_GCC_541\Debug\main.o (Dis_E_Write)
.\CortexM3\ARM_GCC_541\Debug\7Seg_Display.a(Dis_F.o)
                              .\CortexM3\ARM_GCC_541\Debug\main.o (Dis_F_Write)
.\CortexM3\ARM_GCC_541\Debug\7Seg_Display.a(Dis_G.o)
                              .\CortexM3\ARM_GCC_541\Debug\main.o (Dis_G_Write)
.\CortexM3\ARM_GCC_541\Debug\7Seg_Display.a(Dis_DP.o)
                              .\CortexM3\ARM_GCC_541\Debug\main.o (Dis_DP_Write)
.\CortexM3\ARM_GCC_541\Debug\7Seg_Display.a(Dis_D1.o)
                              .\CortexM3\ARM_GCC_541\Debug\main.o (Dis_D1_Write)
.\CortexM3\ARM_GCC_541\Debug\7Seg_Display.a(Dis_D2.o)
                              .\CortexM3\ARM_GCC_541\Debug\main.o (Dis_D2_Write)
.\CortexM3\ARM_GCC_541\Debug\7Seg_Display.a(Dis_D3.o)
                              .\CortexM3\ARM_GCC_541\Debug\main.o (Dis_D3_Write)
.\CortexM3\ARM_GCC_541\Debug\7Seg_Display.a(Dis_D4.o)
                              .\CortexM3\ARM_GCC_541\Debug\main.o (Dis_D4_Write)
.\CortexM3\ARM_GCC_541\Debug\7Seg_Display.a(CyLib.o)
                              .\CortexM3\ARM_GCC_541\Debug\Cm3Start.o (CyHalt)
.\CortexM3\ARM_GCC_541\Debug\7Seg_Display.a(cyPm.o)
                              .\CortexM3\ARM_GCC_541\Debug\7Seg_Display.a(CyLib.o) (CyPmReadStatus)
.\CortexM3\ARM_GCC_541\Debug\7Seg_Display.a(isr_2.o)
                              .\CortexM3\ARM_GCC_541\Debug\main.o (isr_2_StartEx)
.\CortexM3\ARM_GCC_541\Debug\7Seg_Display.a(isr_7Seg.o)
                              .\CortexM3\ARM_GCC_541\Debug\main.o (isr_7Seg_StartEx)
.\CortexM3\ARM_GCC_541\Debug\7Seg_Display.a(CyBootAsmGnu.o)
                              .\CortexM3\ARM_GCC_541\Debug\cyfitter_cfg.o (CyDelayCycles)
.\CortexM3\ARM_GCC_541\Debug\7Seg_Display.a(CyFlash.o)
                              .\CortexM3\ARM_GCC_541\Debug\7Seg_Display.a(cyPm.o) (CyFlash_SetWaitCycles)
.\CortexM3\ARM_GCC_541\Debug\7Seg_Display.a(CySpc.o)
                              .\CortexM3\ARM_GCC_541\Debug\7Seg_Display.a(CyFlash.o) (CySpcStart)
d:/monash_apps/psoc creator/4.4/psoc creator/import/gnu/arm/5.4.1/bin/../lib/gcc/arm-none-eabi/5.4.1/armv7-m\libgcc.a(_arm_addsubdf3.o)
                              .\CortexM3\ARM_GCC_541\Debug\main.o (__aeabi_dadd)
d:/monash_apps/psoc creator/4.4/psoc creator/import/gnu/arm/5.4.1/bin/../lib/gcc/arm-none-eabi/5.4.1/armv7-m\libgcc.a(_arm_muldivdf3.o)
                              .\CortexM3\ARM_GCC_541\Debug\main.o (__aeabi_dmul)
d:/monash_apps/psoc creator/4.4/psoc creator/import/gnu/arm/5.4.1/bin/../lib/gcc/arm-none-eabi/5.4.1/armv7-m\libgcc.a(_arm_cmpdf2.o)
                              .\CortexM3\ARM_GCC_541\Debug\main.o (__aeabi_dcmpeq)
d:/monash_apps/psoc creator/4.4/psoc creator/import/gnu/arm/5.4.1/bin/../lib/gcc/arm-none-eabi/5.4.1/armv7-m\libgcc.a(_arm_fixdfsi.o)
                              .\CortexM3\ARM_GCC_541\Debug\main.o (__aeabi_d2iz)
d:/monash_apps/psoc creator/4.4/psoc creator/import/gnu/arm/5.4.1/bin/../lib/gcc/arm-none-eabi/5.4.1/../../../../arm-none-eabi/lib/armv7-m\libg_nano.a(lib_a-errno.o)
                              .\CortexM3\ARM_GCC_541\Debug\Cm3Start.o (__errno)
d:/monash_apps/psoc creator/4.4/psoc creator/import/gnu/arm/5.4.1/bin/../lib/gcc/arm-none-eabi/5.4.1/../../../../arm-none-eabi/lib/armv7-m\libg_nano.a(lib_a-exit.o)
                              d:/monash_apps/psoc creator/4.4/psoc creator/import/gnu/arm/5.4.1/bin/../lib/gcc/arm-none-eabi/5.4.1/../../../../arm-none-eabi/lib/armv7-m/crt0.o (exit)
d:/monash_apps/psoc creator/4.4/psoc creator/import/gnu/arm/5.4.1/bin/../lib/gcc/arm-none-eabi/5.4.1/../../../../arm-none-eabi/lib/armv7-m\libg_nano.a(lib_a-impure.o)
                              d:/monash_apps/psoc creator/4.4/psoc creator/import/gnu/arm/5.4.1/bin/../lib/gcc/arm-none-eabi/5.4.1/../../../../arm-none-eabi/lib/armv7-m\libg_nano.a(lib_a-exit.o) (_global_impure_ptr)
d:/monash_apps/psoc creator/4.4/psoc creator/import/gnu/arm/5.4.1/bin/../lib/gcc/arm-none-eabi/5.4.1/../../../../arm-none-eabi/lib/armv7-m\libg_nano.a(lib_a-init.o)
                              d:/monash_apps/psoc creator/4.4/psoc creator/import/gnu/arm/5.4.1/bin/../lib/gcc/arm-none-eabi/5.4.1/../../../../arm-none-eabi/lib/armv7-m/crt0.o (__libc_init_array)
d:/monash_apps/psoc creator/4.4/psoc creator/import/gnu/arm/5.4.1/bin/../lib/gcc/arm-none-eabi/5.4.1/../../../../arm-none-eabi/lib/armv7-m\libg_nano.a(lib_a-memcpy-stub.o)
                              .\CortexM3\ARM_GCC_541\Debug\cyfitter_cfg.o (memcpy)
d:/monash_apps/psoc creator/4.4/psoc creator/import/gnu/arm/5.4.1/bin/../lib/gcc/arm-none-eabi/5.4.1/../../../../arm-none-eabi/lib/armv7-m\libg_nano.a(lib_a-memset.o)
                              d:/monash_apps/psoc creator/4.4/psoc creator/import/gnu/arm/5.4.1/bin/../lib/gcc/arm-none-eabi/5.4.1/../../../../arm-none-eabi/lib/armv7-m/crt0.o (memset)

Allocating common symbols
Common symbol       size              file

segmentPattern_array
                    0x1c              .\CortexM3\ARM_GCC_541\Debug\main.o
dieTemperature      0x2               .\CortexM3\ARM_GCC_541\Debug\7Seg_Display.a(CyFlash.o)

Discarded input sections

 .text          0x00000000        0x0 d:/monash_apps/psoc creator/4.4/psoc creator/import/gnu/arm/5.4.1/bin/../lib/gcc/arm-none-eabi/5.4.1/armv7-m/crti.o
 .data          0x00000000        0x0 d:/monash_apps/psoc creator/4.4/psoc creator/import/gnu/arm/5.4.1/bin/../lib/gcc/arm-none-eabi/5.4.1/armv7-m/crti.o
 .bss           0x00000000        0x0 d:/monash_apps/psoc creator/4.4/psoc creator/import/gnu/arm/5.4.1/bin/../lib/gcc/arm-none-eabi/5.4.1/armv7-m/crti.o
 .data          0x00000000        0x4 d:/monash_apps/psoc creator/4.4/psoc creator/import/gnu/arm/5.4.1/bin/../lib/gcc/arm-none-eabi/5.4.1/armv7-m/crtbegin.o
 .text          0x00000000       0x74 d:/monash_apps/psoc creator/4.4/psoc creator/import/gnu/arm/5.4.1/bin/../lib/gcc/arm-none-eabi/5.4.1/../../../../arm-none-eabi/lib/armv7-m/crt0.o
 .data          0x00000000        0x0 d:/monash_apps/psoc creator/4.4/psoc creator/import/gnu/arm/5.4.1/bin/../lib/gcc/arm-none-eabi/5.4.1/../../../../arm-none-eabi/lib/armv7-m/crt0.o
 .bss           0x00000000        0x0 d:/monash_apps/psoc creator/4.4/psoc creator/import/gnu/arm/5.4.1/bin/../lib/gcc/arm-none-eabi/5.4.1/../../../../arm-none-eabi/lib/armv7-m/crt0.o
 .ARM.extab     0x00000000        0x0 d:/monash_apps/psoc creator/4.4/psoc creator/import/gnu/arm/5.4.1/bin/../lib/gcc/arm-none-eabi/5.4.1/../../../../arm-none-eabi/lib/armv7-m/crt0.o
 .ARM.exidx     0x00000000        0x8 d:/monash_apps/psoc creator/4.4/psoc creator/import/gnu/arm/5.4.1/bin/../lib/gcc/arm-none-eabi/5.4.1/../../../../arm-none-eabi/lib/armv7-m/crt0.o
 .text          0x00000000        0x0 .\CortexM3\ARM_GCC_541\Debug\main.o
 .data          0x00000000        0x4 .\CortexM3\ARM_GCC_541\Debug\main.o
 .text          0x00000000        0x0 .\CortexM3\ARM_GCC_541\Debug\cyfitter_cfg.o
 .data          0x00000000        0x0 .\CortexM3\ARM_GCC_541\Debug\cyfitter_cfg.o
 .bss           0x00000000        0x0 .\CortexM3\ARM_GCC_541\Debug\cyfitter_cfg.o
 .text.SetAnalogRoutingPumps
                0x00000000       0x10 .\CortexM3\ARM_GCC_541\Debug\cyfitter_cfg.o
 .text          0x00000000        0x0 .\CortexM3\ARM_GCC_541\Debug\cymetadata.o
 .data          0x00000000        0x0 .\CortexM3\ARM_GCC_541\Debug\cymetadata.o
 .bss           0x00000000        0x0 .\CortexM3\ARM_GCC_541\Debug\cymetadata.o
 .text          0x00000000        0x0 .\CortexM3\ARM_GCC_541\Debug\Cm3Start.o
 .data          0x00000000        0x4 .\CortexM3\ARM_GCC_541\Debug\Cm3Start.o
 .bss           0x00000000        0x0 .\CortexM3\ARM_GCC_541\Debug\Cm3Start.o
 .text._exit    0x00000000        0xc .\CortexM3\ARM_GCC_541\Debug\Cm3Start.o
 .text._sbrk    0x00000000       0x30 .\CortexM3\ARM_GCC_541\Debug\Cm3Start.o
 .text          0x00000000        0x0 .\CortexM3\ARM_GCC_541\Debug\7Seg_Display.a(Dis_A.o)
 .data          0x00000000        0x0 .\CortexM3\ARM_GCC_541\Debug\7Seg_Display.a(Dis_A.o)
 .bss           0x00000000        0x0 .\CortexM3\ARM_GCC_541\Debug\7Seg_Display.a(Dis_A.o)
 .text.Dis_A_SetDriveMode
                0x00000000       0x18 .\CortexM3\ARM_GCC_541\Debug\7Seg_Display.a(Dis_A.o)
 .text.Dis_A_Read
                0x00000000       0x10 .\CortexM3\ARM_GCC_541\Debug\7Seg_Display.a(Dis_A.o)
 .text.Dis_A_ReadDataReg
                0x00000000       0x10 .\CortexM3\ARM_GCC_541\Debug\7Seg_Display.a(Dis_A.o)
 .text          0x00000000        0x0 .\CortexM3\ARM_GCC_541\Debug\7Seg_Display.a(Dis_B.o)
 .data          0x00000000        0x0 .\CortexM3\ARM_GCC_541\Debug\7Seg_Display.a(Dis_B.o)
 .bss           0x00000000        0x0 .\CortexM3\ARM_GCC_541\Debug\7Seg_Display.a(Dis_B.o)
 .text.Dis_B_SetDriveMode
                0x00000000       0x18 .\CortexM3\ARM_GCC_541\Debug\7Seg_Display.a(Dis_B.o)
 .text.Dis_B_Read
                0x00000000       0x10 .\CortexM3\ARM_GCC_541\Debug\7Seg_Display.a(Dis_B.o)
 .text.Dis_B_ReadDataReg
                0x00000000       0x10 .\CortexM3\ARM_GCC_541\Debug\7Seg_Display.a(Dis_B.o)
 .text          0x00000000        0x0 .\CortexM3\ARM_GCC_541\Debug\7Seg_Display.a(Dis_C.o)
 .data          0x00000000        0x0 .\CortexM3\ARM_GCC_541\Debug\7Seg_Display.a(Dis_C.o)
 .bss           0x00000000        0x0 .\CortexM3\ARM_GCC_541\Debug\7Seg_Display.a(Dis_C.o)
 .text.Dis_C_SetDriveMode
                0x00000000       0x18 .\CortexM3\ARM_GCC_541\Debug\7Seg_Display.a(Dis_C.o)
 .text.Dis_C_Read
                0x00000000       0x10 .\CortexM3\ARM_GCC_541\Debug\7Seg_Display.a(Dis_C.o)
 .text.Dis_C_ReadDataReg
                0x00000000       0x10 .\CortexM3\ARM_GCC_541\Debug\7Seg_Display.a(Dis_C.o)
 .text          0x00000000        0x0 .\CortexM3\ARM_GCC_541\Debug\7Seg_Display.a(Dis_D.o)
 .data          0x00000000        0x0 .\CortexM3\ARM_GCC_541\Debug\7Seg_Display.a(Dis_D.o)
 .bss           0x00000000        0x0 .\CortexM3\ARM_GCC_541\Debug\7Seg_Display.a(Dis_D.o)
 .text.Dis_D_SetDriveMode
                0x00000000       0x18 .\CortexM3\ARM_GCC_541\Debug\7Seg_Display.a(Dis_D.o)
 .text.Dis_D_Read
                0x00000000       0x10 .\CortexM3\ARM_GCC_541\Debug\7Seg_Display.a(Dis_D.o)
 .text.Dis_D_ReadDataReg
                0x00000000       0x10 .\CortexM3\ARM_GCC_541\Debug\7Seg_Display.a(Dis_D.o)
 .text          0x00000000        0x0 .\CortexM3\ARM_GCC_541\Debug\7Seg_Display.a(Dis_E.o)
 .data          0x00000000        0x0 .\CortexM3\ARM_GCC_541\Debug\7Seg_Display.a(Dis_E.o)
 .bss           0x00000000        0x0 .\CortexM3\ARM_GCC_541\Debug\7Seg_Display.a(Dis_E.o)
 .text.Dis_E_SetDriveMode
                0x00000000       0x18 .\CortexM3\ARM_GCC_541\Debug\7Seg_Display.a(Dis_E.o)
 .text.Dis_E_Read
                0x00000000        0xc .\CortexM3\ARM_GCC_541\Debug\7Seg_Display.a(Dis_E.o)
 .text.Dis_E_ReadDataReg
                0x00000000        0xc .\CortexM3\ARM_GCC_541\Debug\7Seg_Display.a(Dis_E.o)
 .text          0x00000000        0x0 .\CortexM3\ARM_GCC_541\Debug\7Seg_Display.a(Dis_F.o)
 .data          0x00000000        0x0 .\CortexM3\ARM_GCC_541\Debug\7Seg_Display.a(Dis_F.o)
 .bss           0x00000000        0x0 .\CortexM3\ARM_GCC_541\Debug\7Seg_Display.a(Dis_F.o)
 .text.Dis_F_SetDriveMode
                0x00000000       0x18 .\CortexM3\ARM_GCC_541\Debug\7Seg_Display.a(Dis_F.o)
 .text.Dis_F_Read
                0x00000000       0x10 .\CortexM3\ARM_GCC_541\Debug\7Seg_Display.a(Dis_F.o)
 .text.Dis_F_ReadDataReg
                0x00000000       0x10 .\CortexM3\ARM_GCC_541\Debug\7Seg_Display.a(Dis_F.o)
 .text          0x00000000        0x0 .\CortexM3\ARM_GCC_541\Debug\7Seg_Display.a(Dis_G.o)
 .data          0x00000000        0x0 .\CortexM3\ARM_GCC_541\Debug\7Seg_Display.a(Dis_G.o)
 .bss           0x00000000        0x0 .\CortexM3\ARM_GCC_541\Debug\7Seg_Display.a(Dis_G.o)
 .text.Dis_G_SetDriveMode
                0x00000000       0x18 .\CortexM3\ARM_GCC_541\Debug\7Seg_Display.a(Dis_G.o)
 .text.Dis_G_Read
                0x00000000       0x10 .\CortexM3\ARM_GCC_541\Debug\7Seg_Display.a(Dis_G.o)
 .text.Dis_G_ReadDataReg
                0x00000000       0x10 .\CortexM3\ARM_GCC_541\Debug\7Seg_Display.a(Dis_G.o)
 .text          0x00000000        0x0 .\CortexM3\ARM_GCC_541\Debug\7Seg_Display.a(Dis_DP.o)
 .data          0x00000000        0x0 .\CortexM3\ARM_GCC_541\Debug\7Seg_Display.a(Dis_DP.o)
 .bss           0x00000000        0x0 .\CortexM3\ARM_GCC_541\Debug\7Seg_Display.a(Dis_DP.o)
 .text.Dis_DP_SetDriveMode
                0x00000000       0x18 .\CortexM3\ARM_GCC_541\Debug\7Seg_Display.a(Dis_DP.o)
 .text.Dis_DP_Read
                0x00000000       0x10 .\CortexM3\ARM_GCC_541\Debug\7Seg_Display.a(Dis_DP.o)
 .text.Dis_DP_ReadDataReg
                0x00000000       0x10 .\CortexM3\ARM_GCC_541\Debug\7Seg_Display.a(Dis_DP.o)
 .text          0x00000000        0x0 .\CortexM3\ARM_GCC_541\Debug\7Seg_Display.a(Dis_D1.o)
 .data          0x00000000        0x0 .\CortexM3\ARM_GCC_541\Debug\7Seg_Display.a(Dis_D1.o)
 .bss           0x00000000        0x0 .\CortexM3\ARM_GCC_541\Debug\7Seg_Display.a(Dis_D1.o)
 .text.Dis_D1_SetDriveMode
                0x00000000       0x18 .\CortexM3\ARM_GCC_541\Debug\7Seg_Display.a(Dis_D1.o)
 .text.Dis_D1_Read
                0x00000000        0xc .\CortexM3\ARM_GCC_541\Debug\7Seg_Display.a(Dis_D1.o)
 .text.Dis_D1_ReadDataReg
                0x00000000        0xc .\CortexM3\ARM_GCC_541\Debug\7Seg_Display.a(Dis_D1.o)
 .text          0x00000000        0x0 .\CortexM3\ARM_GCC_541\Debug\7Seg_Display.a(Dis_D2.o)
 .data          0x00000000        0x0 .\CortexM3\ARM_GCC_541\Debug\7Seg_Display.a(Dis_D2.o)
 .bss           0x00000000        0x0 .\CortexM3\ARM_GCC_541\Debug\7Seg_Display.a(Dis_D2.o)
 .text.Dis_D2_SetDriveMode
                0x00000000       0x18 .\CortexM3\ARM_GCC_541\Debug\7Seg_Display.a(Dis_D2.o)
 .text.Dis_D2_Read
                0x00000000       0x10 .\CortexM3\ARM_GCC_541\Debug\7Seg_Display.a(Dis_D2.o)
 .text.Dis_D2_ReadDataReg
                0x00000000       0x10 .\CortexM3\ARM_GCC_541\Debug\7Seg_Display.a(Dis_D2.o)
 .text          0x00000000        0x0 .\CortexM3\ARM_GCC_541\Debug\7Seg_Display.a(Dis_D3.o)
 .data          0x00000000        0x0 .\CortexM3\ARM_GCC_541\Debug\7Seg_Display.a(Dis_D3.o)
 .bss           0x00000000        0x0 .\CortexM3\ARM_GCC_541\Debug\7Seg_Display.a(Dis_D3.o)
 .text.Dis_D3_SetDriveMode
                0x00000000       0x18 .\CortexM3\ARM_GCC_541\Debug\7Seg_Display.a(Dis_D3.o)
 .text.Dis_D3_Read
                0x00000000       0x10 .\CortexM3\ARM_GCC_541\Debug\7Seg_Display.a(Dis_D3.o)
 .text.Dis_D3_ReadDataReg
                0x00000000       0x10 .\CortexM3\ARM_GCC_541\Debug\7Seg_Display.a(Dis_D3.o)
 .text          0x00000000        0x0 .\CortexM3\ARM_GCC_541\Debug\7Seg_Display.a(Dis_D4.o)
 .data          0x00000000        0x0 .\CortexM3\ARM_GCC_541\Debug\7Seg_Display.a(Dis_D4.o)
 .bss           0x00000000        0x0 .\CortexM3\ARM_GCC_541\Debug\7Seg_Display.a(Dis_D4.o)
 .text.Dis_D4_SetDriveMode
                0x00000000       0x18 .\CortexM3\ARM_GCC_541\Debug\7Seg_Display.a(Dis_D4.o)
 .text.Dis_D4_Read
                0x00000000       0x10 .\CortexM3\ARM_GCC_541\Debug\7Seg_Display.a(Dis_D4.o)
 .text.Dis_D4_ReadDataReg
                0x00000000       0x10 .\CortexM3\ARM_GCC_541\Debug\7Seg_Display.a(Dis_D4.o)
 .text          0x00000000        0x0 .\CortexM3\ARM_GCC_541\Debug\7Seg_Display.a(CyLib.o)
 .data          0x00000000       0x10 .\CortexM3\ARM_GCC_541\Debug\7Seg_Display.a(CyLib.o)
 .bss           0x00000000       0x1c .\CortexM3\ARM_GCC_541\Debug\7Seg_Display.a(CyLib.o)
 .text.CyUSB_PowerOnCheck
                0x00000000       0x48 .\CortexM3\ARM_GCC_541\Debug\7Seg_Display.a(CyLib.o)
 .text.CyBusClk_Internal_SetDivider
                0x00000000       0x48 .\CortexM3\ARM_GCC_541\Debug\7Seg_Display.a(CyLib.o)
 .text.CyPLL_OUT_Stop
                0x00000000       0x10 .\CortexM3\ARM_GCC_541\Debug\7Seg_Display.a(CyLib.o)
 .text.CyIMO_Stop
                0x00000000       0x1c .\CortexM3\ARM_GCC_541\Debug\7Seg_Display.a(CyLib.o)
 .text.CyIMO_EnableDoubler
                0x00000000       0x10 .\CortexM3\ARM_GCC_541\Debug\7Seg_Display.a(CyLib.o)
 .text.CyIMO_DisableDoubler
                0x00000000       0x10 .\CortexM3\ARM_GCC_541\Debug\7Seg_Display.a(CyLib.o)
 .text.CyMasterClk_SetSource
                0x00000000       0x18 .\CortexM3\ARM_GCC_541\Debug\7Seg_Display.a(CyLib.o)
 .text.CyMasterClk_SetDivider
                0x00000000        0xc .\CortexM3\ARM_GCC_541\Debug\7Seg_Display.a(CyLib.o)
 .text.CyBusClk_SetDivider
                0x00000000       0x70 .\CortexM3\ARM_GCC_541\Debug\7Seg_Display.a(CyLib.o)
 .text.CyUsbClk_SetSource
                0x00000000       0x18 .\CortexM3\ARM_GCC_541\Debug\7Seg_Display.a(CyLib.o)
 .text.CyILO_Start1K
                0x00000000       0x10 .\CortexM3\ARM_GCC_541\Debug\7Seg_Display.a(CyLib.o)
 .text.CyILO_Stop1K
                0x00000000       0x10 .\CortexM3\ARM_GCC_541\Debug\7Seg_Display.a(CyLib.o)
 .text.CyILO_Start100K
                0x00000000       0x10 .\CortexM3\ARM_GCC_541\Debug\7Seg_Display.a(CyLib.o)
 .text.CyILO_Stop100K
                0x00000000       0x10 .\CortexM3\ARM_GCC_541\Debug\7Seg_Display.a(CyLib.o)
 .text.CyPLL_OUT_Start
                0x00000000       0x78 .\CortexM3\ARM_GCC_541\Debug\7Seg_Display.a(CyLib.o)
 .text.CyIMO_Start
                0x00000000       0x60 .\CortexM3\ARM_GCC_541\Debug\7Seg_Display.a(CyLib.o)
 .text.CyILO_Enable33K
                0x00000000       0x10 .\CortexM3\ARM_GCC_541\Debug\7Seg_Display.a(CyLib.o)
 .text.CyILO_Disable33K
                0x00000000       0x10 .\CortexM3\ARM_GCC_541\Debug\7Seg_Display.a(CyLib.o)
 .text.CyILO_SetSource
                0x00000000       0x18 .\CortexM3\ARM_GCC_541\Debug\7Seg_Display.a(CyLib.o)
 .text.CyILO_SetPowerMode
                0x00000000       0x24 .\CortexM3\ARM_GCC_541\Debug\7Seg_Display.a(CyLib.o)
 .text.CyXTAL_32KHZ_Stop
                0x00000000       0x30 .\CortexM3\ARM_GCC_541\Debug\7Seg_Display.a(CyLib.o)
 .text.CyXTAL_32KHZ_ReadStatus
                0x00000000       0x10 .\CortexM3\ARM_GCC_541\Debug\7Seg_Display.a(CyLib.o)
 .text.CyXTAL_Start
                0x00000000       0xac .\CortexM3\ARM_GCC_541\Debug\7Seg_Display.a(CyLib.o)
 .text.CyXTAL_Stop
                0x00000000       0x10 .\CortexM3\ARM_GCC_541\Debug\7Seg_Display.a(CyLib.o)
 .text.CyXTAL_EnableErrStatus
                0x00000000       0x10 .\CortexM3\ARM_GCC_541\Debug\7Seg_Display.a(CyLib.o)
 .text.CyXTAL_DisableErrStatus
                0x00000000       0x10 .\CortexM3\ARM_GCC_541\Debug\7Seg_Display.a(CyLib.o)
 .text.CyXTAL_ReadStatus
                0x00000000       0x18 .\CortexM3\ARM_GCC_541\Debug\7Seg_Display.a(CyLib.o)
 .text.CyXTAL_EnableFaultRecovery
                0x00000000       0x10 .\CortexM3\ARM_GCC_541\Debug\7Seg_Display.a(CyLib.o)
 .text.CyXTAL_DisableFaultRecovery
                0x00000000       0x10 .\CortexM3\ARM_GCC_541\Debug\7Seg_Display.a(CyLib.o)
 .text.CyXTAL_SetStartup
                0x00000000       0x18 .\CortexM3\ARM_GCC_541\Debug\7Seg_Display.a(CyLib.o)
 .text.CyXTAL_SetFbVoltage
                0x00000000       0x18 .\CortexM3\ARM_GCC_541\Debug\7Seg_Display.a(CyLib.o)
 .text.CyXTAL_SetWdVoltage
                0x00000000       0x18 .\CortexM3\ARM_GCC_541\Debug\7Seg_Display.a(CyLib.o)
 .text.CyHalt   0x00000000        0x4 .\CortexM3\ARM_GCC_541\Debug\7Seg_Display.a(CyLib.o)
 .text.CyPLL_OUT_SetPQ
                0x00000000       0x60 .\CortexM3\ARM_GCC_541\Debug\7Seg_Display.a(CyLib.o)
 .text.CyPLL_OUT_SetSource
                0x00000000       0x34 .\CortexM3\ARM_GCC_541\Debug\7Seg_Display.a(CyLib.o)
 .text.CyIMO_SetTrimValue
                0x00000000       0xcc .\CortexM3\ARM_GCC_541\Debug\7Seg_Display.a(CyLib.o)
 .text.CyIMO_SetFreq
                0x00000000       0xf4 .\CortexM3\ARM_GCC_541\Debug\7Seg_Display.a(CyLib.o)
 .text.CyIMO_SetSource
                0x00000000       0x58 .\CortexM3\ARM_GCC_541\Debug\7Seg_Display.a(CyLib.o)
 .text.CySoftwareReset
                0x00000000       0x10 .\CortexM3\ARM_GCC_541\Debug\7Seg_Display.a(CyLib.o)
 .text.CyDelay  0x00000000       0x2c .\CortexM3\ARM_GCC_541\Debug\7Seg_Display.a(CyLib.o)
 .text.CyDelayUs
                0x00000000       0x14 .\CortexM3\ARM_GCC_541\Debug\7Seg_Display.a(CyLib.o)
 .text.CyXTAL_32KHZ_SetPowerMode
                0x00000000       0x84 .\CortexM3\ARM_GCC_541\Debug\7Seg_Display.a(CyLib.o)
 .text.CyXTAL_32KHZ_Start
                0x00000000       0x74 .\CortexM3\ARM_GCC_541\Debug\7Seg_Display.a(CyLib.o)
 .text.CyDelayFreq
                0x00000000       0x4c .\CortexM3\ARM_GCC_541\Debug\7Seg_Display.a(CyLib.o)
 .text.CyWdtStart
                0x00000000       0x40 .\CortexM3\ARM_GCC_541\Debug\7Seg_Display.a(CyLib.o)
 .text.CyWdtClear
                0x00000000        0xc .\CortexM3\ARM_GCC_541\Debug\7Seg_Display.a(CyLib.o)
 .text.CyVdStickyStatus
                0x00000000       0x2c .\CortexM3\ARM_GCC_541\Debug\7Seg_Display.a(CyLib.o)
 .text.CyVdLvDigitEnable
                0x00000000       0x84 .\CortexM3\ARM_GCC_541\Debug\7Seg_Display.a(CyLib.o)
 .text.CyVdLvAnalogEnable
                0x00000000       0x80 .\CortexM3\ARM_GCC_541\Debug\7Seg_Display.a(CyLib.o)
 .text.CyVdLvDigitDisable
                0x00000000       0x30 .\CortexM3\ARM_GCC_541\Debug\7Seg_Display.a(CyLib.o)
 .text.CyVdLvAnalogDisable
                0x00000000       0x28 .\CortexM3\ARM_GCC_541\Debug\7Seg_Display.a(CyLib.o)
 .text.CyVdHvAnalogEnable
                0x00000000       0x54 .\CortexM3\ARM_GCC_541\Debug\7Seg_Display.a(CyLib.o)
 .text.CyVdHvAnalogDisable
                0x00000000       0x20 .\CortexM3\ARM_GCC_541\Debug\7Seg_Display.a(CyLib.o)
 .text.CyVdRealTimeStatus
                0x00000000       0x1c .\CortexM3\ARM_GCC_541\Debug\7Seg_Display.a(CyLib.o)
 .text.CyDisableInts
                0x00000000       0x1c .\CortexM3\ARM_GCC_541\Debug\7Seg_Display.a(CyLib.o)
 .text.CyEnableInts
                0x00000000       0x18 .\CortexM3\ARM_GCC_541\Debug\7Seg_Display.a(CyLib.o)
 .text.CyFlushCache
                0x00000000       0x44 .\CortexM3\ARM_GCC_541\Debug\7Seg_Display.a(CyLib.o)
 .text.CyIntSetSysVector
                0x00000000       0x28 .\CortexM3\ARM_GCC_541\Debug\7Seg_Display.a(CyLib.o)
 .text.CyIntGetSysVector
                0x00000000       0x20 .\CortexM3\ARM_GCC_541\Debug\7Seg_Display.a(CyLib.o)
 .text.CyIntSetVector
                0x00000000       0x28 .\CortexM3\ARM_GCC_541\Debug\7Seg_Display.a(CyLib.o)
 .text.CyIntGetVector
                0x00000000       0x24 .\CortexM3\ARM_GCC_541\Debug\7Seg_Display.a(CyLib.o)
 .text.CyIntSetPriority
                0x00000000       0x30 .\CortexM3\ARM_GCC_541\Debug\7Seg_Display.a(CyLib.o)
 .text.CyIntGetPriority
                0x00000000       0x20 .\CortexM3\ARM_GCC_541\Debug\7Seg_Display.a(CyLib.o)
 .text.CyIntGetState
                0x00000000       0x24 .\CortexM3\ARM_GCC_541\Debug\7Seg_Display.a(CyLib.o)
 .text.CySysTickStop
                0x00000000       0x10 .\CortexM3\ARM_GCC_541\Debug\7Seg_Display.a(CyLib.o)
 .text.CySysTickEnableInterrupt
                0x00000000       0x10 .\CortexM3\ARM_GCC_541\Debug\7Seg_Display.a(CyLib.o)
 .text.CySysTickEnable
                0x00000000       0x18 .\CortexM3\ARM_GCC_541\Debug\7Seg_Display.a(CyLib.o)
 .text.CySysTickDisableInterrupt
                0x00000000       0x10 .\CortexM3\ARM_GCC_541\Debug\7Seg_Display.a(CyLib.o)
 .text.CySysTickSetReload
                0x00000000       0x10 .\CortexM3\ARM_GCC_541\Debug\7Seg_Display.a(CyLib.o)
 .text.CySysTickGetReload
                0x00000000       0x10 .\CortexM3\ARM_GCC_541\Debug\7Seg_Display.a(CyLib.o)
 .text.CySysTickGetValue
                0x00000000       0x10 .\CortexM3\ARM_GCC_541\Debug\7Seg_Display.a(CyLib.o)
 .text.CySysTickSetClockSource
                0x00000000       0x20 .\CortexM3\ARM_GCC_541\Debug\7Seg_Display.a(CyLib.o)
 .text.CySysTickGetClockSource
                0x00000000       0x10 .\CortexM3\ARM_GCC_541\Debug\7Seg_Display.a(CyLib.o)
 .text.CySysTickGetCountFlag
                0x00000000       0x10 .\CortexM3\ARM_GCC_541\Debug\7Seg_Display.a(CyLib.o)
 .text.CySysTickServiceCallbacks
                0x00000000       0x28 .\CortexM3\ARM_GCC_541\Debug\7Seg_Display.a(CyLib.o)
 .text.CySysTickClear
                0x00000000        0xc .\CortexM3\ARM_GCC_541\Debug\7Seg_Display.a(CyLib.o)
 .text.CySysTickInit
                0x00000000       0x58 .\CortexM3\ARM_GCC_541\Debug\7Seg_Display.a(CyLib.o)
 .text.CySysTickStart
                0x00000000       0x1c .\CortexM3\ARM_GCC_541\Debug\7Seg_Display.a(CyLib.o)
 .text.CySysTickSetCallback
                0x00000000       0x10 .\CortexM3\ARM_GCC_541\Debug\7Seg_Display.a(CyLib.o)
 .text.CySysTickGetCallback
                0x00000000       0x10 .\CortexM3\ARM_GCC_541\Debug\7Seg_Display.a(CyLib.o)
 .text.CyGetUniqueId
                0x00000000       0x70 .\CortexM3\ARM_GCC_541\Debug\7Seg_Display.a(CyLib.o)
 .text          0x00000000        0x0 .\CortexM3\ARM_GCC_541\Debug\7Seg_Display.a(cyPm.o)
 .data          0x00000000        0x0 .\CortexM3\ARM_GCC_541\Debug\7Seg_Display.a(cyPm.o)
 .bss           0x00000000       0x43 .\CortexM3\ARM_GCC_541\Debug\7Seg_Display.a(cyPm.o)
 .text.CyPmHibSlpSaveSet
                0x00000000      0x1dc .\CortexM3\ARM_GCC_541\Debug\7Seg_Display.a(cyPm.o)
 .text.CyPmHibSlpRestore
                0x00000000       0xd8 .\CortexM3\ARM_GCC_541\Debug\7Seg_Display.a(cyPm.o)
 .text.CyPmHviLviSaveDisable
                0x00000000       0xa0 .\CortexM3\ARM_GCC_541\Debug\7Seg_Display.a(cyPm.o)
 .text.CyPmHibSaveSet
                0x00000000       0x98 .\CortexM3\ARM_GCC_541\Debug\7Seg_Display.a(cyPm.o)
 .text.CyPmHviLviRestore
                0x00000000       0x48 .\CortexM3\ARM_GCC_541\Debug\7Seg_Display.a(cyPm.o)
 .text.CyPmHibRestore
                0x00000000       0x60 .\CortexM3\ARM_GCC_541\Debug\7Seg_Display.a(cyPm.o)
 .text.CyPmSaveClocks
                0x00000000      0x218 .\CortexM3\ARM_GCC_541\Debug\7Seg_Display.a(cyPm.o)
 .text.CyPmRestoreClocks
                0x00000000      0x24c .\CortexM3\ARM_GCC_541\Debug\7Seg_Display.a(cyPm.o)
 .text.CyPmAltAct
                0x00000000       0x6c .\CortexM3\ARM_GCC_541\Debug\7Seg_Display.a(cyPm.o)
 .text.CyPmSleep
                0x00000000       0xf4 .\CortexM3\ARM_GCC_541\Debug\7Seg_Display.a(cyPm.o)
 .text.CyPmHibernateEx
                0x00000000       0xf4 .\CortexM3\ARM_GCC_541\Debug\7Seg_Display.a(cyPm.o)
 .text.CyPmHibernate
                0x00000000        0xc .\CortexM3\ARM_GCC_541\Debug\7Seg_Display.a(cyPm.o)
 .text.CyPmReadStatus
                0x00000000       0x30 .\CortexM3\ARM_GCC_541\Debug\7Seg_Display.a(cyPm.o)
 .text.CyPmCtwSetInterval
                0x00000000       0x5c .\CortexM3\ARM_GCC_541\Debug\7Seg_Display.a(cyPm.o)
 .text.CyPmOppsSet
                0x00000000       0x2c .\CortexM3\ARM_GCC_541\Debug\7Seg_Display.a(cyPm.o)
 .text.CyPmFtwSetInterval
                0x00000000       0x5c .\CortexM3\ARM_GCC_541\Debug\7Seg_Display.a(cyPm.o)
 .rodata        0x00000000        0xf .\CortexM3\ARM_GCC_541\Debug\7Seg_Display.a(cyPm.o)
 .text          0x00000000        0x0 .\CortexM3\ARM_GCC_541\Debug\7Seg_Display.a(isr_2.o)
 .data          0x00000000        0x0 .\CortexM3\ARM_GCC_541\Debug\7Seg_Display.a(isr_2.o)
 .bss           0x00000000        0x0 .\CortexM3\ARM_GCC_541\Debug\7Seg_Display.a(isr_2.o)
 .text.isr_2_Interrupt
                0x00000000        0x4 .\CortexM3\ARM_GCC_541\Debug\7Seg_Display.a(isr_2.o)
 .text.isr_2_GetVector
                0x00000000        0xc .\CortexM3\ARM_GCC_541\Debug\7Seg_Display.a(isr_2.o)
 .text.isr_2_GetPriority
                0x00000000        0xc .\CortexM3\ARM_GCC_541\Debug\7Seg_Display.a(isr_2.o)
 .text.isr_2_GetState
                0x00000000       0x10 .\CortexM3\ARM_GCC_541\Debug\7Seg_Display.a(isr_2.o)
 .text.isr_2_Start
                0x00000000       0x1c .\CortexM3\ARM_GCC_541\Debug\7Seg_Display.a(isr_2.o)
 .text.isr_2_Stop
                0x00000000       0x14 .\CortexM3\ARM_GCC_541\Debug\7Seg_Display.a(isr_2.o)
 .text.isr_2_SetPending
                0x00000000        0xc .\CortexM3\ARM_GCC_541\Debug\7Seg_Display.a(isr_2.o)
 .text          0x00000000        0x0 .\CortexM3\ARM_GCC_541\Debug\7Seg_Display.a(isr_7Seg.o)
 .data          0x00000000        0x0 .\CortexM3\ARM_GCC_541\Debug\7Seg_Display.a(isr_7Seg.o)
 .bss           0x00000000        0x0 .\CortexM3\ARM_GCC_541\Debug\7Seg_Display.a(isr_7Seg.o)
 .text.isr_7Seg_Interrupt
                0x00000000        0x4 .\CortexM3\ARM_GCC_541\Debug\7Seg_Display.a(isr_7Seg.o)
 .text.isr_7Seg_GetVector
                0x00000000        0xc .\CortexM3\ARM_GCC_541\Debug\7Seg_Display.a(isr_7Seg.o)
 .text.isr_7Seg_GetPriority
                0x00000000        0xc .\CortexM3\ARM_GCC_541\Debug\7Seg_Display.a(isr_7Seg.o)
 .text.isr_7Seg_GetState
                0x00000000       0x18 .\CortexM3\ARM_GCC_541\Debug\7Seg_Display.a(isr_7Seg.o)
 .text.isr_7Seg_Start
                0x00000000       0x1c .\CortexM3\ARM_GCC_541\Debug\7Seg_Display.a(isr_7Seg.o)
 .text.isr_7Seg_Stop
                0x00000000       0x14 .\CortexM3\ARM_GCC_541\Debug\7Seg_Display.a(isr_7Seg.o)
 .text.isr_7Seg_SetPending
                0x00000000        0xc .\CortexM3\ARM_GCC_541\Debug\7Seg_Display.a(isr_7Seg.o)
 .data          0x00000000        0x0 .\CortexM3\ARM_GCC_541\Debug\7Seg_Display.a(CyBootAsmGnu.o)
 .bss           0x00000000        0x0 .\CortexM3\ARM_GCC_541\Debug\7Seg_Display.a(CyBootAsmGnu.o)
 .text          0x00000000        0x0 .\CortexM3\ARM_GCC_541\Debug\7Seg_Display.a(CyFlash.o)
 .data          0x00000000        0x0 .\CortexM3\ARM_GCC_541\Debug\7Seg_Display.a(CyFlash.o)
 .bss           0x00000000        0x0 .\CortexM3\ARM_GCC_541\Debug\7Seg_Display.a(CyFlash.o)
 .text.CySetTempInt
                0x00000000       0x60 .\CortexM3\ARM_GCC_541\Debug\7Seg_Display.a(CyFlash.o)
 .text.CyFlash_Start
                0x00000000       0x54 .\CortexM3\ARM_GCC_541\Debug\7Seg_Display.a(CyFlash.o)
 .text.CyFlash_Stop
                0x00000000       0x24 .\CortexM3\ARM_GCC_541\Debug\7Seg_Display.a(CyFlash.o)
 .text.CyFlash_EraseRow
                0x00000000       0x78 .\CortexM3\ARM_GCC_541\Debug\7Seg_Display.a(CyFlash.o)
 .text.CyFlashGetSpcAlgorithm
                0x00000000       0x4c .\CortexM3\ARM_GCC_541\Debug\7Seg_Display.a(CyFlash.o)
 .text.CySetTemp
                0x00000000       0x14 .\CortexM3\ARM_GCC_541\Debug\7Seg_Display.a(CyFlash.o)
 .text.CySetFlashEEBuffer
                0x00000000       0x20 .\CortexM3\ARM_GCC_541\Debug\7Seg_Display.a(CyFlash.o)
 .text.CyWriteRowFull
                0x00000000       0xf8 .\CortexM3\ARM_GCC_541\Debug\7Seg_Display.a(CyFlash.o)
 .text.CyWriteRowData
                0x00000000       0x14 .\CortexM3\ARM_GCC_541\Debug\7Seg_Display.a(CyFlash.o)
 .text.CyFlash_SetWaitCycles
                0x00000000       0x7c .\CortexM3\ARM_GCC_541\Debug\7Seg_Display.a(CyFlash.o)
 .text.CyEEPROM_Start
                0x00000000       0x54 .\CortexM3\ARM_GCC_541\Debug\7Seg_Display.a(CyFlash.o)
 .text.CyEEPROM_Stop
                0x00000000       0x24 .\CortexM3\ARM_GCC_541\Debug\7Seg_Display.a(CyFlash.o)
 .text.CyEEPROM_ReadReserve
                0x00000000       0x1c .\CortexM3\ARM_GCC_541\Debug\7Seg_Display.a(CyFlash.o)
 .text.CyEEPROM_ReadRelease
                0x00000000       0x10 .\CortexM3\ARM_GCC_541\Debug\7Seg_Display.a(CyFlash.o)
 COMMON         0x00000000        0x2 .\CortexM3\ARM_GCC_541\Debug\7Seg_Display.a(CyFlash.o)
 .text          0x00000000        0x0 .\CortexM3\ARM_GCC_541\Debug\7Seg_Display.a(CySpc.o)
 .data          0x00000000        0x0 .\CortexM3\ARM_GCC_541\Debug\7Seg_Display.a(CySpc.o)
 .bss           0x00000000        0x8 .\CortexM3\ARM_GCC_541\Debug\7Seg_Display.a(CySpc.o)
 .text.CySpcStart
                0x00000000       0x24 .\CortexM3\ARM_GCC_541\Debug\7Seg_Display.a(CySpc.o)
 .text.CySpcStop
                0x00000000       0x24 .\CortexM3\ARM_GCC_541\Debug\7Seg_Display.a(CySpc.o)
 .text.CySpcReadData
                0x00000000       0x34 .\CortexM3\ARM_GCC_541\Debug\7Seg_Display.a(CySpc.o)
 .text.CySpcLoadMultiByte
                0x00000000       0x78 .\CortexM3\ARM_GCC_541\Debug\7Seg_Display.a(CySpc.o)
 .text.CySpcLoadRow
                0x00000000       0x50 .\CortexM3\ARM_GCC_541\Debug\7Seg_Display.a(CySpc.o)
 .text.CySpcLoadRowFull
                0x00000000       0x80 .\CortexM3\ARM_GCC_541\Debug\7Seg_Display.a(CySpc.o)
 .text.CySpcWriteRow
                0x00000000       0x4c .\CortexM3\ARM_GCC_541\Debug\7Seg_Display.a(CySpc.o)
 .text.CySpcEraseSector
                0x00000000       0x3c .\CortexM3\ARM_GCC_541\Debug\7Seg_Display.a(CySpc.o)
 .text.CySpcEraseRow
                0x00000000       0x4c .\CortexM3\ARM_GCC_541\Debug\7Seg_Display.a(CySpc.o)
 .text.CySpcGetTemp
                0x00000000       0x3c .\CortexM3\ARM_GCC_541\Debug\7Seg_Display.a(CySpc.o)
 .text.CySpcLock
                0x00000000       0x4c .\CortexM3\ARM_GCC_541\Debug\7Seg_Display.a(CySpc.o)
 .text.CySpcUnlock
                0x00000000       0x38 .\CortexM3\ARM_GCC_541\Debug\7Seg_Display.a(CySpc.o)
 .text.CySpcGetAlgorithm
                0x00000000       0x28 .\CortexM3\ARM_GCC_541\Debug\7Seg_Display.a(CySpc.o)
 .data          0x00000000        0x0 d:/monash_apps/psoc creator/4.4/psoc creator/import/gnu/arm/5.4.1/bin/../lib/gcc/arm-none-eabi/5.4.1/armv7-m\libgcc.a(_arm_addsubdf3.o)
 .bss           0x00000000        0x0 d:/monash_apps/psoc creator/4.4/psoc creator/import/gnu/arm/5.4.1/bin/../lib/gcc/arm-none-eabi/5.4.1/armv7-m\libgcc.a(_arm_addsubdf3.o)
 .data          0x00000000        0x0 d:/monash_apps/psoc creator/4.4/psoc creator/import/gnu/arm/5.4.1/bin/../lib/gcc/arm-none-eabi/5.4.1/armv7-m\libgcc.a(_arm_muldivdf3.o)
 .bss           0x00000000        0x0 d:/monash_apps/psoc creator/4.4/psoc creator/import/gnu/arm/5.4.1/bin/../lib/gcc/arm-none-eabi/5.4.1/armv7-m\libgcc.a(_arm_muldivdf3.o)
 .data          0x00000000        0x0 d:/monash_apps/psoc creator/4.4/psoc creator/import/gnu/arm/5.4.1/bin/../lib/gcc/arm-none-eabi/5.4.1/armv7-m\libgcc.a(_arm_cmpdf2.o)
 .bss           0x00000000        0x0 d:/monash_apps/psoc creator/4.4/psoc creator/import/gnu/arm/5.4.1/bin/../lib/gcc/arm-none-eabi/5.4.1/armv7-m\libgcc.a(_arm_cmpdf2.o)
 .data          0x00000000        0x0 d:/monash_apps/psoc creator/4.4/psoc creator/import/gnu/arm/5.4.1/bin/../lib/gcc/arm-none-eabi/5.4.1/armv7-m\libgcc.a(_arm_fixdfsi.o)
 .bss           0x00000000        0x0 d:/monash_apps/psoc creator/4.4/psoc creator/import/gnu/arm/5.4.1/bin/../lib/gcc/arm-none-eabi/5.4.1/armv7-m\libgcc.a(_arm_fixdfsi.o)
 .text          0x00000000        0x0 d:/monash_apps/psoc creator/4.4/psoc creator/import/gnu/arm/5.4.1/bin/../lib/gcc/arm-none-eabi/5.4.1/../../../../arm-none-eabi/lib/armv7-m\libg_nano.a(lib_a-errno.o)
 .data          0x00000000        0x0 d:/monash_apps/psoc creator/4.4/psoc creator/import/gnu/arm/5.4.1/bin/../lib/gcc/arm-none-eabi/5.4.1/../../../../arm-none-eabi/lib/armv7-m\libg_nano.a(lib_a-errno.o)
 .bss           0x00000000        0x0 d:/monash_apps/psoc creator/4.4/psoc creator/import/gnu/arm/5.4.1/bin/../lib/gcc/arm-none-eabi/5.4.1/../../../../arm-none-eabi/lib/armv7-m\libg_nano.a(lib_a-errno.o)
 .text          0x00000000        0x0 d:/monash_apps/psoc creator/4.4/psoc creator/import/gnu/arm/5.4.1/bin/../lib/gcc/arm-none-eabi/5.4.1/../../../../arm-none-eabi/lib/armv7-m\libg_nano.a(lib_a-exit.o)
 .data          0x00000000        0x0 d:/monash_apps/psoc creator/4.4/psoc creator/import/gnu/arm/5.4.1/bin/../lib/gcc/arm-none-eabi/5.4.1/../../../../arm-none-eabi/lib/armv7-m\libg_nano.a(lib_a-exit.o)
 .bss           0x00000000        0x0 d:/monash_apps/psoc creator/4.4/psoc creator/import/gnu/arm/5.4.1/bin/../lib/gcc/arm-none-eabi/5.4.1/../../../../arm-none-eabi/lib/armv7-m\libg_nano.a(lib_a-exit.o)
 .text.exit     0x00000000       0x28 d:/monash_apps/psoc creator/4.4/psoc creator/import/gnu/arm/5.4.1/bin/../lib/gcc/arm-none-eabi/5.4.1/../../../../arm-none-eabi/lib/armv7-m\libg_nano.a(lib_a-exit.o)
 .text          0x00000000        0x0 d:/monash_apps/psoc creator/4.4/psoc creator/import/gnu/arm/5.4.1/bin/../lib/gcc/arm-none-eabi/5.4.1/../../../../arm-none-eabi/lib/armv7-m\libg_nano.a(lib_a-impure.o)
 .data          0x00000000        0x0 d:/monash_apps/psoc creator/4.4/psoc creator/import/gnu/arm/5.4.1/bin/../lib/gcc/arm-none-eabi/5.4.1/../../../../arm-none-eabi/lib/armv7-m\libg_nano.a(lib_a-impure.o)
 .bss           0x00000000        0x0 d:/monash_apps/psoc creator/4.4/psoc creator/import/gnu/arm/5.4.1/bin/../lib/gcc/arm-none-eabi/5.4.1/../../../../arm-none-eabi/lib/armv7-m\libg_nano.a(lib_a-impure.o)
 .rodata._global_impure_ptr
                0x00000000        0x4 d:/monash_apps/psoc creator/4.4/psoc creator/import/gnu/arm/5.4.1/bin/../lib/gcc/arm-none-eabi/5.4.1/../../../../arm-none-eabi/lib/armv7-m\libg_nano.a(lib_a-impure.o)
 .text          0x00000000        0x0 d:/monash_apps/psoc creator/4.4/psoc creator/import/gnu/arm/5.4.1/bin/../lib/gcc/arm-none-eabi/5.4.1/../../../../arm-none-eabi/lib/armv7-m\libg_nano.a(lib_a-init.o)
 .data          0x00000000        0x0 d:/monash_apps/psoc creator/4.4/psoc creator/import/gnu/arm/5.4.1/bin/../lib/gcc/arm-none-eabi/5.4.1/../../../../arm-none-eabi/lib/armv7-m\libg_nano.a(lib_a-init.o)
 .bss           0x00000000        0x0 d:/monash_apps/psoc creator/4.4/psoc creator/import/gnu/arm/5.4.1/bin/../lib/gcc/arm-none-eabi/5.4.1/../../../../arm-none-eabi/lib/armv7-m\libg_nano.a(lib_a-init.o)
 .text          0x00000000        0x0 d:/monash_apps/psoc creator/4.4/psoc creator/import/gnu/arm/5.4.1/bin/../lib/gcc/arm-none-eabi/5.4.1/../../../../arm-none-eabi/lib/armv7-m\libg_nano.a(lib_a-memcpy-stub.o)
 .data          0x00000000        0x0 d:/monash_apps/psoc creator/4.4/psoc creator/import/gnu/arm/5.4.1/bin/../lib/gcc/arm-none-eabi/5.4.1/../../../../arm-none-eabi/lib/armv7-m\libg_nano.a(lib_a-memcpy-stub.o)
 .bss           0x00000000        0x0 d:/monash_apps/psoc creator/4.4/psoc creator/import/gnu/arm/5.4.1/bin/../lib/gcc/arm-none-eabi/5.4.1/../../../../arm-none-eabi/lib/armv7-m\libg_nano.a(lib_a-memcpy-stub.o)
 .text          0x00000000        0x0 d:/monash_apps/psoc creator/4.4/psoc creator/import/gnu/arm/5.4.1/bin/../lib/gcc/arm-none-eabi/5.4.1/../../../../arm-none-eabi/lib/armv7-m\libg_nano.a(lib_a-memset.o)
 .data          0x00000000        0x0 d:/monash_apps/psoc creator/4.4/psoc creator/import/gnu/arm/5.4.1/bin/../lib/gcc/arm-none-eabi/5.4.1/../../../../arm-none-eabi/lib/armv7-m\libg_nano.a(lib_a-memset.o)
 .bss           0x00000000        0x0 d:/monash_apps/psoc creator/4.4/psoc creator/import/gnu/arm/5.4.1/bin/../lib/gcc/arm-none-eabi/5.4.1/../../../../arm-none-eabi/lib/armv7-m\libg_nano.a(lib_a-memset.o)
 .text          0x00000000        0x0 d:/monash_apps/psoc creator/4.4/psoc creator/import/gnu/arm/5.4.1/bin/../lib/gcc/arm-none-eabi/5.4.1/armv7-m/crtend.o
 .data          0x00000000        0x0 d:/monash_apps/psoc creator/4.4/psoc creator/import/gnu/arm/5.4.1/bin/../lib/gcc/arm-none-eabi/5.4.1/armv7-m/crtend.o
 .bss           0x00000000        0x0 d:/monash_apps/psoc creator/4.4/psoc creator/import/gnu/arm/5.4.1/bin/../lib/gcc/arm-none-eabi/5.4.1/armv7-m/crtend.o
 .text          0x00000000        0x0 d:/monash_apps/psoc creator/4.4/psoc creator/import/gnu/arm/5.4.1/bin/../lib/gcc/arm-none-eabi/5.4.1/armv7-m/crtn.o
 .data          0x00000000        0x0 d:/monash_apps/psoc creator/4.4/psoc creator/import/gnu/arm/5.4.1/bin/../lib/gcc/arm-none-eabi/5.4.1/armv7-m/crtn.o
 .bss           0x00000000        0x0 d:/monash_apps/psoc creator/4.4/psoc creator/import/gnu/arm/5.4.1/bin/../lib/gcc/arm-none-eabi/5.4.1/armv7-m/crtn.o

Memory Configuration

Name             Origin             Length             Attributes
rom              0x00000000         0x00040000         xr
ram              0x1fff8000         0x00010000         xrw
*default*        0x00000000         0xffffffff

Linker script and memory map

LOAD d:/monash_apps/psoc creator/4.4/psoc creator/import/gnu/arm/5.4.1/bin/../lib/gcc/arm-none-eabi/5.4.1/armv7-m/crti.o
LOAD d:/monash_apps/psoc creator/4.4/psoc creator/import/gnu/arm/5.4.1/bin/../lib/gcc/arm-none-eabi/5.4.1/armv7-m/crtbegin.o
LOAD d:/monash_apps/psoc creator/4.4/psoc creator/import/gnu/arm/5.4.1/bin/../lib/gcc/arm-none-eabi/5.4.1/../../../../arm-none-eabi/lib/armv7-m/crt0.o
START GROUP
LOAD .\CortexM3\ARM_GCC_541\Debug\main.o
LOAD .\CortexM3\ARM_GCC_541\Debug\cyfitter_cfg.o
LOAD .\CortexM3\ARM_GCC_541\Debug\cymetadata.o
LOAD .\CortexM3\ARM_GCC_541\Debug\Cm3Start.o
LOAD .\CortexM3\ARM_GCC_541\Debug\7Seg_Display.a
LOAD D:\Monash_Apps\PSoC Creator\4.4\PSoC Creator\psoc\content\cycomponentlibrary\CyComponentLibrary.cylib\CortexM3\ARM_GCC_541\Debug\CyComponentLibrary.a
END GROUP
START GROUP
LOAD d:/monash_apps/psoc creator/4.4/psoc creator/import/gnu/arm/5.4.1/bin/../lib/gcc/arm-none-eabi/5.4.1/armv7-m\libgcc.a
LOAD d:/monash_apps/psoc creator/4.4/psoc creator/import/gnu/arm/5.4.1/bin/../lib/gcc/arm-none-eabi/5.4.1/../../../../arm-none-eabi/lib/armv7-m\libg_nano.a
LOAD d:/monash_apps/psoc creator/4.4/psoc creator/import/gnu/arm/5.4.1/bin/../lib/gcc/arm-none-eabi/5.4.1/../../../../arm-none-eabi/lib/armv7-m\libc_nano.a
END GROUP
START GROUP
LOAD d:/monash_apps/psoc creator/4.4/psoc creator/import/gnu/arm/5.4.1/bin/../lib/gcc/arm-none-eabi/5.4.1/armv7-m\libgcc.a
LOAD d:/monash_apps/psoc creator/4.4/psoc creator/import/gnu/arm/5.4.1/bin/../lib/gcc/arm-none-eabi/5.4.1/../../../../arm-none-eabi/lib/armv7-m\libc_nano.a
END GROUP
LOAD d:/monash_apps/psoc creator/4.4/psoc creator/import/gnu/arm/5.4.1/bin/../lib/gcc/arm-none-eabi/5.4.1/armv7-m/crtend.o
LOAD d:/monash_apps/psoc creator/4.4/psoc creator/import/gnu/arm/5.4.1/bin/../lib/gcc/arm-none-eabi/5.4.1/armv7-m/crtn.o
START GROUP
LOAD d:/monash_apps/psoc creator/4.4/psoc creator/import/gnu/arm/5.4.1/bin/../lib/gcc/arm-none-eabi/5.4.1/armv7-m\libgcc.a
LOAD d:/monash_apps/psoc creator/4.4/psoc creator/import/gnu/arm/5.4.1/bin/../lib/gcc/arm-none-eabi/5.4.1/../../../../arm-none-eabi/lib/armv7-m\libc.a
LOAD d:/monash_apps/psoc creator/4.4/psoc creator/import/gnu/arm/5.4.1/bin/../lib/gcc/arm-none-eabi/5.4.1/../../../../arm-none-eabi/lib/armv7-m\libnosys.a
END GROUP
                0x00000000                CY_APPL_ORIGIN = 0x0
                0x00000100                CY_FLASH_ROW_SIZE = 0x100
                0x00000020                CY_ECC_ROW_SIZE = 0x20
                0x00000000                CY_EE_IN_BTLDR = 0x0
                0x00000000                CY_APPL_LOADABLE = 0x0
                0x00000800                CY_EE_SIZE = 0x800
                0x00000001                CY_APPL_NUM = 0x1
                0x00000001                CY_APPL_MAX = 0x1
                0x00000040                CY_METADATA_SIZE = 0x40
                0x00000000                CY_APPL_LOADABLE = 0x0
                0x00000000                CY_CHECKSUM_EXCLUDE_SIZE = ALIGN (0x0, CY_FLASH_ROW_SIZE)
                [!provide]                PROVIDE (__cy_heap_start, _end)
                0x00000001                PROVIDE (__cy_region_num, ((__cy_regions_end - __cy_regions) / 0x10))
                0x20008000                PROVIDE (__cy_stack, (ORIGIN (ram) + LENGTH (ram)))
                [!provide]                PROVIDE (__cy_heap_end, (__cy_stack - 0x800))

.cybootloader   0x00000000        0x0
 *(.cybootloader)
                0x00000000                appl1_start = CY_APPL_ORIGIN?CY_APPL_ORIGIN:ALIGN (CY_FLASH_ROW_SIZE)
                0x0001ff00                appl2_start = (appl1_start + ALIGN ((((LENGTH (rom) - appl1_start) - (0x2 * CY_FLASH_ROW_SIZE)) / 0x2), CY_FLASH_ROW_SIZE))
                0x00000000                appl_start = (CY_APPL_NUM == 0x1)?appl1_start:appl2_start
                0x00000000                ecc_offset = ((appl_start / CY_FLASH_ROW_SIZE) * CY_ECC_ROW_SIZE)
                0x00000000                ee_offset = (CY_APPL_LOADABLE && ! (CY_EE_IN_BTLDR))?((CY_EE_SIZE / CY_APPL_MAX) * (CY_APPL_NUM - 0x1)):0x0
                0x00000800                ee_size = (CY_APPL_LOADABLE && ! (CY_EE_IN_BTLDR))?(CY_EE_SIZE / CY_APPL_MAX):CY_EE_SIZE
                [!provide]                PROVIDE (CY_ECC_OFFSET, ecc_offset)

.text           0x00000000     0x118a
 CREATE_OBJECT_SYMBOLS
                0x00000000                PROVIDE (__cy_interrupt_vector, RomVectors)
 *(.romvectors)
 .romvectors    0x00000000       0x10 .\CortexM3\ARM_GCC_541\Debug\Cm3Start.o
                0x00000000                RomVectors
                0x00000001                ASSERT ((. != __cy_interrupt_vector), No interrupt vector)
                0x00000001                ASSERT (CY_APPL_ORIGIN?(SIZEOF (.cybootloader) <= CY_APPL_ORIGIN):0x1, Wrong image location)
                0x00000010                PROVIDE (__cy_reset, Reset)
 *(.text.Reset)
 .text.Reset    0x00000010       0x18 .\CortexM3\ARM_GCC_541\Debug\Cm3Start.o
                0x00000010                Reset
                0x00000001                ASSERT ((. != __cy_reset), No reset code)
 *(.dma_init)
                0x00000001                ASSERT ((((appl_start + .) <= 0x10000) || 0x1), DMA Init must be within the first 64k of flash)
 *(.text .text.* .gnu.linkonce.t.*)
 .text          0x00000028       0x5c d:/monash_apps/psoc creator/4.4/psoc creator/import/gnu/arm/5.4.1/bin/../lib/gcc/arm-none-eabi/5.4.1/armv7-m/crtbegin.o
 .text.ISR      0x00000084        0xc .\CortexM3\ARM_GCC_541\Debug\main.o
                0x00000084                ISR
 .text.MyCustomISR2
                0x00000090       0x24 .\CortexM3\ARM_GCC_541\Debug\main.o
                0x00000090                MyCustomISR2
 .text.draw_7Seg
                0x000000b4       0x80 .\CortexM3\ARM_GCC_541\Debug\main.o
                0x000000b4                draw_7Seg
 .text.display_num
                0x00000134      0x1fc .\CortexM3\ARM_GCC_541\Debug\main.o
                0x00000134                display_num
 .text.main     0x00000330       0x30 .\CortexM3\ARM_GCC_541\Debug\main.o
                0x00000330                main
 .text.CyClockStartupError
                0x00000360        0x4 .\CortexM3\ARM_GCC_541\Debug\cyfitter_cfg.o
 .text.cfg_write_bytes32
                0x00000364       0x34 .\CortexM3\ARM_GCC_541\Debug\cyfitter_cfg.o
 .text.AnalogSetDefault
                0x00000398       0x28 .\CortexM3\ARM_GCC_541\Debug\cyfitter_cfg.o
 .text.CYMEMZERO
                0x000003c0        0xc .\CortexM3\ARM_GCC_541\Debug\cyfitter_cfg.o
 .text.ClockSetup
                0x000003cc       0xc4 .\CortexM3\ARM_GCC_541\Debug\cyfitter_cfg.o
 .text.CYCONFIGCPY
                0x00000490        0x8 .\CortexM3\ARM_GCC_541\Debug\cyfitter_cfg.o
 .text.cyfitter_cfg
                0x00000498       0xc4 .\CortexM3\ARM_GCC_541\Debug\cyfitter_cfg.o
                0x00000498                cyfitter_cfg
 .text.IntDefaultHandler
                0x0000055c       0x10 .\CortexM3\ARM_GCC_541\Debug\Cm3Start.o
                0x0000055c                IntDefaultHandler
 .text.Start_c  0x0000056c       0x4c .\CortexM3\ARM_GCC_541\Debug\Cm3Start.o
                0x0000056c                Start_c
 .text.initialize_psoc
                0x000005b8       0x68 .\CortexM3\ARM_GCC_541\Debug\Cm3Start.o
                0x000005b8                initialize_psoc
 .text.Dis_A_Write
                0x00000620       0x18 .\CortexM3\ARM_GCC_541\Debug\7Seg_Display.a(Dis_A.o)
                0x00000620                Dis_A_Write
 .text.Dis_B_Write
                0x00000638       0x18 .\CortexM3\ARM_GCC_541\Debug\7Seg_Display.a(Dis_B.o)
                0x00000638                Dis_B_Write
 .text.Dis_C_Write
                0x00000650       0x18 .\CortexM3\ARM_GCC_541\Debug\7Seg_Display.a(Dis_C.o)
                0x00000650                Dis_C_Write
 .text.Dis_D_Write
                0x00000668       0x18 .\CortexM3\ARM_GCC_541\Debug\7Seg_Display.a(Dis_D.o)
                0x00000668                Dis_D_Write
 .text.Dis_E_Write
                0x00000680       0x18 .\CortexM3\ARM_GCC_541\Debug\7Seg_Display.a(Dis_E.o)
                0x00000680                Dis_E_Write
 .text.Dis_F_Write
                0x00000698       0x18 .\CortexM3\ARM_GCC_541\Debug\7Seg_Display.a(Dis_F.o)
                0x00000698                Dis_F_Write
 .text.Dis_G_Write
                0x000006b0       0x18 .\CortexM3\ARM_GCC_541\Debug\7Seg_Display.a(Dis_G.o)
                0x000006b0                Dis_G_Write
 .text.Dis_DP_Write
                0x000006c8       0x18 .\CortexM3\ARM_GCC_541\Debug\7Seg_Display.a(Dis_DP.o)
                0x000006c8                Dis_DP_Write
 .text.Dis_D1_Write
                0x000006e0       0x18 .\CortexM3\ARM_GCC_541\Debug\7Seg_Display.a(Dis_D1.o)
                0x000006e0                Dis_D1_Write
 .text.Dis_D2_Write
                0x000006f8       0x18 .\CortexM3\ARM_GCC_541\Debug\7Seg_Display.a(Dis_D2.o)
                0x000006f8                Dis_D2_Write
 .text.Dis_D3_Write
                0x00000710       0x18 .\CortexM3\ARM_GCC_541\Debug\7Seg_Display.a(Dis_D3.o)
                0x00000710                Dis_D3_Write
 .text.Dis_D4_Write
                0x00000728       0x18 .\CortexM3\ARM_GCC_541\Debug\7Seg_Display.a(Dis_D4.o)
                0x00000728                Dis_D4_Write
 .text.isr_2_SetVector
                0x00000740        0xc .\CortexM3\ARM_GCC_541\Debug\7Seg_Display.a(isr_2.o)
                0x00000740                isr_2_SetVector
 .text.isr_2_SetPriority
                0x0000074c       0x10 .\CortexM3\ARM_GCC_541\Debug\7Seg_Display.a(isr_2.o)
                0x0000074c                isr_2_SetPriority
 .text.isr_2_Enable
                0x0000075c        0xc .\CortexM3\ARM_GCC_541\Debug\7Seg_Display.a(isr_2.o)
                0x0000075c                isr_2_Enable
 .text.isr_2_Disable
                0x00000768        0xc .\CortexM3\ARM_GCC_541\Debug\7Seg_Display.a(isr_2.o)
                0x00000768                isr_2_Disable
 .text.isr_2_StartEx
                0x00000774       0x1c .\CortexM3\ARM_GCC_541\Debug\7Seg_Display.a(isr_2.o)
                0x00000774                isr_2_StartEx
 .text.isr_2_ClearPending
                0x00000790        0xc .\CortexM3\ARM_GCC_541\Debug\7Seg_Display.a(isr_2.o)
                0x00000790                isr_2_ClearPending
 .text.isr_7Seg_SetVector
                0x0000079c        0xc .\CortexM3\ARM_GCC_541\Debug\7Seg_Display.a(isr_7Seg.o)
                0x0000079c                isr_7Seg_SetVector
 .text.isr_7Seg_SetPriority
                0x000007a8       0x10 .\CortexM3\ARM_GCC_541\Debug\7Seg_Display.a(isr_7Seg.o)
                0x000007a8                isr_7Seg_SetPriority
 .text.isr_7Seg_Enable
                0x000007b8        0xc .\CortexM3\ARM_GCC_541\Debug\7Seg_Display.a(isr_7Seg.o)
                0x000007b8                isr_7Seg_Enable
 .text.isr_7Seg_Disable
                0x000007c4        0xc .\CortexM3\ARM_GCC_541\Debug\7Seg_Display.a(isr_7Seg.o)
                0x000007c4                isr_7Seg_Disable
 .text.isr_7Seg_StartEx
                0x000007d0       0x1c .\CortexM3\ARM_GCC_541\Debug\7Seg_Display.a(isr_7Seg.o)
                0x000007d0                isr_7Seg_StartEx
 .text.isr_7Seg_ClearPending
                0x000007ec        0xc .\CortexM3\ARM_GCC_541\Debug\7Seg_Display.a(isr_7Seg.o)
                0x000007ec                isr_7Seg_ClearPending
 .text          0x000007f8       0x20 .\CortexM3\ARM_GCC_541\Debug\7Seg_Display.a(CyBootAsmGnu.o)
                0x000007f8                CyDelayCycles
                0x00000808                CyEnterCriticalSection
                0x00000810                CyExitCriticalSection
 .text          0x00000818      0x370 d:/monash_apps/psoc creator/4.4/psoc creator/import/gnu/arm/5.4.1/bin/../lib/gcc/arm-none-eabi/5.4.1/armv7-m\libgcc.a(_arm_addsubdf3.o)
                0x00000818                __aeabi_drsub
                0x00000820                __aeabi_dsub
                0x00000820                __subdf3
                0x00000824                __aeabi_dadd
                0x00000824                __adddf3
                0x00000a9c                __floatunsidf
                0x00000a9c                __aeabi_ui2d
                0x00000abc                __floatsidf
                0x00000abc                __aeabi_i2d
                0x00000ae0                __aeabi_f2d
                0x00000ae0                __extendsfdf2
                0x00000b1c                __floatundidf
                0x00000b1c                __aeabi_ul2d
                0x00000b2c                __floatdidf
                0x00000b2c                __aeabi_l2d
 .text          0x00000b88      0x424 d:/monash_apps/psoc creator/4.4/psoc creator/import/gnu/arm/5.4.1/bin/../lib/gcc/arm-none-eabi/5.4.1/armv7-m\libgcc.a(_arm_muldivdf3.o)
                0x00000b88                __aeabi_dmul
                0x00000b88                __muldf3
                0x00000ddc                __divdf3
                0x00000ddc                __aeabi_ddiv
 .text          0x00000fac      0x110 d:/monash_apps/psoc creator/4.4/psoc creator/import/gnu/arm/5.4.1/bin/../lib/gcc/arm-none-eabi/5.4.1/armv7-m\libgcc.a(_arm_cmpdf2.o)
                0x00000fac                __gtdf2
                0x00000fac                __gedf2
                0x00000fb4                __ltdf2
                0x00000fb4                __ledf2
                0x00000fbc                __nedf2
                0x00000fbc                __eqdf2
                0x00000fbc                __cmpdf2
                0x00001038                __aeabi_cdrcmple
                0x00001048                __aeabi_cdcmpeq
                0x00001048                __aeabi_cdcmple
                0x00001058                __aeabi_dcmpeq
                0x0000106c                __aeabi_dcmplt
                0x00001080                __aeabi_dcmple
                0x00001094                __aeabi_dcmpge
                0x000010a8                __aeabi_dcmpgt
 .text          0x000010bc       0x50 d:/monash_apps/psoc creator/4.4/psoc creator/import/gnu/arm/5.4.1/bin/../lib/gcc/arm-none-eabi/5.4.1/armv7-m\libgcc.a(_arm_fixdfsi.o)
                0x000010bc                __aeabi_d2iz
                0x000010bc                __fixdfsi
 .text.__errno  0x0000110c        0xc d:/monash_apps/psoc creator/4.4/psoc creator/import/gnu/arm/5.4.1/bin/../lib/gcc/arm-none-eabi/5.4.1/../../../../arm-none-eabi/lib/armv7-m\libg_nano.a(lib_a-errno.o)
                0x0000110c                __errno
 .text.__libc_init_array
                0x00001118       0x4c d:/monash_apps/psoc creator/4.4/psoc creator/import/gnu/arm/5.4.1/bin/../lib/gcc/arm-none-eabi/5.4.1/../../../../arm-none-eabi/lib/armv7-m\libg_nano.a(lib_a-init.o)
                0x00001118                __libc_init_array
 .text.memcpy   0x00001164       0x16 d:/monash_apps/psoc creator/4.4/psoc creator/import/gnu/arm/5.4.1/bin/../lib/gcc/arm-none-eabi/5.4.1/../../../../arm-none-eabi/lib/armv7-m\libg_nano.a(lib_a-memcpy-stub.o)
                0x00001164                memcpy
 .text.memset   0x0000117a       0x10 d:/monash_apps/psoc creator/4.4/psoc creator/import/gnu/arm/5.4.1/bin/../lib/gcc/arm-none-eabi/5.4.1/../../../../arm-none-eabi/lib/armv7-m\libg_nano.a(lib_a-memset.o)
                0x0000117a                memset
 *(.plt)
 *(.gnu.warning)
 *(.glue_7t)
 .glue_7t       0x0000118a        0x0 linker stubs
 *(.glue_7)
 .glue_7        0x0000118a        0x0 linker stubs
 *(.vfp11_veneer)
 .vfp11_veneer  0x0000118a        0x0 linker stubs
 *(.bootloader)
 *(.ARM.extab* .gnu.linkonce.armextab.*)
 *(.gcc_except_table)

.v4_bx          0x0000118c        0x0
 .v4_bx         0x0000118c        0x0 linker stubs

.iplt           0x0000118c        0x0
 .iplt          0x0000118c        0x0 d:/monash_apps/psoc creator/4.4/psoc creator/import/gnu/arm/5.4.1/bin/../lib/gcc/arm-none-eabi/5.4.1/armv7-m/crtbegin.o

.eh_frame_hdr
 *(.eh_frame_hdr)

.eh_frame       0x0000118c        0x4
 *(.eh_frame)
 .eh_frame      0x0000118c        0x0 d:/monash_apps/psoc creator/4.4/psoc creator/import/gnu/arm/5.4.1/bin/../lib/gcc/arm-none-eabi/5.4.1/armv7-m/crtbegin.o
 .eh_frame      0x0000118c        0x4 d:/monash_apps/psoc creator/4.4/psoc creator/import/gnu/arm/5.4.1/bin/../lib/gcc/arm-none-eabi/5.4.1/armv7-m/crtend.o
                [!provide]                PROVIDE (__exidx_start, .)

.ARM.exidx
 *(.ARM.exidx* .gnu.linkonce.armexidx.*)
                0x00001190                __exidx_end = .

.rodata         0x00001190       0xc8
 *(.rodata .rodata.* .gnu.linkonce.r.*)
 .rodata        0x00001190       0x58 .\CortexM3\ARM_GCC_541\Debug\main.o
                0x00001190                charLookup
 .rodata        0x000011e8       0x36 .\CortexM3\ARM_GCC_541\Debug\cyfitter_cfg.o
 .rodata.str1.1
                0x0000121e        0x2 d:/monash_apps/psoc creator/4.4/psoc creator/import/gnu/arm/5.4.1/bin/../lib/gcc/arm-none-eabi/5.4.1/../../../../arm-none-eabi/lib/armv7-m\libg_nano.a(lib_a-impure.o)
                0x00001220                . = ALIGN (0x4)
 *(.init)
 .init          0x00001220        0x4 d:/monash_apps/psoc creator/4.4/psoc creator/import/gnu/arm/5.4.1/bin/../lib/gcc/arm-none-eabi/5.4.1/armv7-m/crti.o
                0x00001220                _init
 .init          0x00001224        0x8 d:/monash_apps/psoc creator/4.4/psoc creator/import/gnu/arm/5.4.1/bin/../lib/gcc/arm-none-eabi/5.4.1/armv7-m/crtn.o
                0x0000122c                . = ALIGN (0x4)
                0x0000122c                __preinit_array_start = .
 *(.preinit_array)
                0x0000122c                __preinit_array_end = .
                0x0000122c                . = ALIGN (0x4)
                0x0000122c                __init_array_start = .
 *(SORT(.init_array.*))
 *(.init_array)
 .init_array    0x0000122c        0x4 d:/monash_apps/psoc creator/4.4/psoc creator/import/gnu/arm/5.4.1/bin/../lib/gcc/arm-none-eabi/5.4.1/armv7-m/crtbegin.o
 .init_array    0x00001230        0x4 .\CortexM3\ARM_GCC_541\Debug\Cm3Start.o
                0x00001234                __init_array_end = .
                0x00001234                . = ALIGN (0x4)
 *(.fini)
 .fini          0x00001234        0x4 d:/monash_apps/psoc creator/4.4/psoc creator/import/gnu/arm/5.4.1/bin/../lib/gcc/arm-none-eabi/5.4.1/armv7-m/crti.o
                0x00001234                _fini
 .fini          0x00001238        0x8 d:/monash_apps/psoc creator/4.4/psoc creator/import/gnu/arm/5.4.1/bin/../lib/gcc/arm-none-eabi/5.4.1/armv7-m/crtn.o
                0x00001240                . = ALIGN (0x4)
                0x00001240                __fini_array_start = .
 *(.fini_array)
 .fini_array    0x00001240        0x4 d:/monash_apps/psoc creator/4.4/psoc creator/import/gnu/arm/5.4.1/bin/../lib/gcc/arm-none-eabi/5.4.1/armv7-m/crtbegin.o
 *(SORT(.fini_array.*))
                0x00001244                __fini_array_end = .
                0x00001244                . = ALIGN (0x4)
 *crtbegin.o(.ctors)
 *(EXCLUDE_FILE(*crtend.o) .ctors)
 *(SORT(.ctors.*))
 *crtend.o(.ctors)
                0x00001244                . = ALIGN (0x4)
 *crtbegin.o(.dtors)
 *(EXCLUDE_FILE(*crtend.o) .dtors)
 *(SORT(.dtors.*))
 *crtend.o(.dtors)
                0x00001244                . = ALIGN (0x4)
                0x00001244                __cy_regions = .
                0x00001244        0x4 LONG 0x1258 __cy_region_init_ram
                0x00001248        0x4 LONG 0x1fff80c8 __cy_region_start_data
                0x0000124c        0x4 LONG 0x68 __cy_region_init_size_ram
                0x00001250        0x4 LONG 0x80 __cy_region_zero_size_ram
                0x00001254                __cy_regions_end = .
                0x00001258                . = ALIGN (0x8)
 *fill*         0x00001254        0x4 
                0x00001258                _etext = .

.cy_checksum_exclude
                0x00001258        0x0
 *(.cy_checksum_exclude)

.ramvectors     0x1fff8000       0xc0
                0x1fff8000                __cy_region_start_ram = .
 *(.ramvectors)
 .ramvectors    0x1fff8000       0xc0 .\CortexM3\ARM_GCC_541\Debug\Cm3Start.o
                0x1fff8000                CyRamVectors

.noinit         0x1fff80c0        0x1
 *(.noinit)
 .noinit        0x1fff80c0        0x1 .\CortexM3\ARM_GCC_541\Debug\7Seg_Display.a(CyLib.o)
                0x1fff80c0                CyResetStatus

.data           0x1fff80c8       0x68 load address 0x00001258
                0x1fff80c8                __cy_region_start_data = .
 *(.jcr)
 .jcr           0x1fff80c8        0x0 d:/monash_apps/psoc creator/4.4/psoc creator/import/gnu/arm/5.4.1/bin/../lib/gcc/arm-none-eabi/5.4.1/armv7-m/crtbegin.o
 .jcr           0x1fff80c8        0x4 d:/monash_apps/psoc creator/4.4/psoc creator/import/gnu/arm/5.4.1/bin/../lib/gcc/arm-none-eabi/5.4.1/armv7-m/crtend.o
 *(.got.plt)
 *(.got)
 *(.shdata)
 *(.data .data.* .gnu.linkonce.d.*)
 .data.impure_data
                0x1fff80cc       0x60 d:/monash_apps/psoc creator/4.4/psoc creator/import/gnu/arm/5.4.1/bin/../lib/gcc/arm-none-eabi/5.4.1/../../../../arm-none-eabi/lib/armv7-m\libg_nano.a(lib_a-impure.o)
 .data._impure_ptr
                0x1fff812c        0x4 d:/monash_apps/psoc creator/4.4/psoc creator/import/gnu/arm/5.4.1/bin/../lib/gcc/arm-none-eabi/5.4.1/../../../../arm-none-eabi/lib/armv7-m\libg_nano.a(lib_a-impure.o)
                0x1fff812c                _impure_ptr
                0x1fff8130                . = ALIGN (0x8)
 *(.ram)
                0x1fff8130                _edata = .

.igot.plt       0x1fff8130        0x0 load address 0x000012c0
 .igot.plt      0x1fff8130        0x0 d:/monash_apps/psoc creator/4.4/psoc creator/import/gnu/arm/5.4.1/bin/../lib/gcc/arm-none-eabi/5.4.1/armv7-m/crtbegin.o

.bss            0x1fff8130       0x80 load address 0x000012c0
                0x1fff8130                PROVIDE (__bss_start__, .)
 *(.shbss)
 *(.bss .bss.* .gnu.linkonce.b.*)
 .bss           0x1fff8130       0x1c d:/monash_apps/psoc creator/4.4/psoc creator/import/gnu/arm/5.4.1/bin/../lib/gcc/arm-none-eabi/5.4.1/armv7-m/crtbegin.o
 *fill*         0x1fff814c        0x4 
 .bss           0x1fff8150       0x40 .\CortexM3\ARM_GCC_541\Debug\main.o
                0x1fff8150                run_7_Seg
                0x1fff8158                counter
                0x1fff8160                old_dis_val
                0x1fff8168                digits
                0x1fff816c                D
                0x1fff817c                dp
                0x1fff818c                count
 *(COMMON)
 COMMON         0x1fff8190       0x1c .\CortexM3\ARM_GCC_541\Debug\main.o
                0x1fff8190                segmentPattern_array
                0x1fff81b0                . = ALIGN (0x8)
 *fill*         0x1fff81ac        0x4 
 *(.ram.b)
                0x1fff81b0                _end = .
                0x1fff81b0                __end = .
                0x1fff81b0                PROVIDE (end, .)
                0x1fff81b0                PROVIDE (__bss_end__, .)
                0x00001258                __cy_region_init_ram = LOADADDR (.data)
                0x00000068                __cy_region_init_size_ram = (_edata - ADDR (.data))
                0x00000080                __cy_region_zero_size_ram = (_end - _edata)

.heap           0x1fff81b0       0x80 load address 0x000012c0
                0x1fff81b0                . = _end
                0x1fff8230                . = (. + 0x80)
 *fill*         0x1fff81b0       0x80 
                0x1fff8230                __cy_heap_limit = .

.stack          0x20007800      0x800
                0x20007800                __cy_stack_limit = .
                0x20008000                . = (. + 0x800)
 *fill*         0x20007800      0x800 
                0x00000001                ASSERT ((__cy_stack_limit >= __cy_heap_limit), region RAM overflowed with stack)
                0x00000000                cy_checksum_exclude_size = (CY_APPL_LOADABLE == 0x1)?SIZEOF (.cy_checksum_exclude):0x0
                0x00000001                ASSERT ((cy_checksum_exclude_size <= CY_CHECKSUM_EXCLUDE_SIZE), CY_BOOT: Section .cy_checksum_exclude size exceedes specified limit.)

.cyloadermeta
 *(.cyloadermeta)

.cyloadablemeta
 *(.cyloadablemeta)

.cyconfigecc    0x80000000       0x4c
 *(.cyconfigecc)
 .cyconfigecc   0x80000000       0x4c .\CortexM3\ARM_GCC_541\Debug\cymetadata.o
                0x80000000                cy_meta_configecc

.cycustnvl      0x90000000        0x4
 *(.cycustnvl)
 .cycustnvl     0x90000000        0x4 .\CortexM3\ARM_GCC_541\Debug\cymetadata.o
                0x90000000                cy_meta_custnvl

.cywolatch      0x90100000        0x4
 *(.cywolatch)
 .cywolatch     0x90100000        0x4 .\CortexM3\ARM_GCC_541\Debug\cymetadata.o
                0x90100000                cy_meta_wonvl

.cyeeprom       0x90200000        0x0
 *(.cyeeprom)
                0x00000001                ASSERT ((. <= ((0x90200000 + ee_offset) + ee_size)), .cyeeprom data will not fit in EEPROM)

.cyflashprotect
                0x90400000      0x100
 *(.cyflashprotect)
 .cyflashprotect
                0x90400000      0x100 .\CortexM3\ARM_GCC_541\Debug\cymetadata.o
                0x90400000                cy_meta_flashprotect

.cymeta         0x90500000        0xc
 *(.cymeta)
 .cymeta        0x90500000        0xc .\CortexM3\ARM_GCC_541\Debug\cymetadata.o
                0x90500000                cy_metadata

.rel.dyn        0x000012c0        0x0 load address 0x9050000c
 .rel.iplt      0x000012c0        0x0 d:/monash_apps/psoc creator/4.4/psoc creator/import/gnu/arm/5.4.1/bin/../lib/gcc/arm-none-eabi/5.4.1/armv7-m/crtbegin.o

.stab
 *(.stab)

.stabstr
 *(.stabstr)

.debug
 *(.debug)

.line
 *(.line)

.debug_srcinfo
 *(.debug_srcinfo)

.debug_sfnames
 *(.debug_sfnames)

.debug_aranges  0x00000000      0x8f8
 *(.debug_aranges)
 .debug_aranges
                0x00000000       0x40 .\CortexM3\ARM_GCC_541\Debug\main.o
 .debug_aranges
                0x00000040       0x58 .\CortexM3\ARM_GCC_541\Debug\cyfitter_cfg.o
 .debug_aranges
                0x00000098       0x18 .\CortexM3\ARM_GCC_541\Debug\cymetadata.o
 .debug_aranges
                0x000000b0       0x48 .\CortexM3\ARM_GCC_541\Debug\Cm3Start.o
 .debug_aranges
                0x000000f8       0x38 .\CortexM3\ARM_GCC_541\Debug\7Seg_Display.a(Dis_A.o)
 .debug_aranges
                0x00000130       0x38 .\CortexM3\ARM_GCC_541\Debug\7Seg_Display.a(Dis_B.o)
 .debug_aranges
                0x00000168       0x38 .\CortexM3\ARM_GCC_541\Debug\7Seg_Display.a(Dis_C.o)
 .debug_aranges
                0x000001a0       0x38 .\CortexM3\ARM_GCC_541\Debug\7Seg_Display.a(Dis_D.o)
 .debug_aranges
                0x000001d8       0x38 .\CortexM3\ARM_GCC_541\Debug\7Seg_Display.a(Dis_E.o)
 .debug_aranges
                0x00000210       0x38 .\CortexM3\ARM_GCC_541\Debug\7Seg_Display.a(Dis_F.o)
 .debug_aranges
                0x00000248       0x38 .\CortexM3\ARM_GCC_541\Debug\7Seg_Display.a(Dis_G.o)
 .debug_aranges
                0x00000280       0x38 .\CortexM3\ARM_GCC_541\Debug\7Seg_Display.a(Dis_DP.o)
 .debug_aranges
                0x000002b8       0x38 .\CortexM3\ARM_GCC_541\Debug\7Seg_Display.a(Dis_D1.o)
 .debug_aranges
                0x000002f0       0x38 .\CortexM3\ARM_GCC_541\Debug\7Seg_Display.a(Dis_D2.o)
 .debug_aranges
                0x00000328       0x38 .\CortexM3\ARM_GCC_541\Debug\7Seg_Display.a(Dis_D3.o)
 .debug_aranges
                0x00000360       0x38 .\CortexM3\ARM_GCC_541\Debug\7Seg_Display.a(Dis_D4.o)
 .debug_aranges
                0x00000398      0x2a0 .\CortexM3\ARM_GCC_541\Debug\7Seg_Display.a(CyLib.o)
 .debug_aranges
                0x00000638       0x98 .\CortexM3\ARM_GCC_541\Debug\7Seg_Display.a(cyPm.o)
 .debug_aranges
                0x000006d0       0x80 .\CortexM3\ARM_GCC_541\Debug\7Seg_Display.a(isr_2.o)
 .debug_aranges
                0x00000750       0x80 .\CortexM3\ARM_GCC_541\Debug\7Seg_Display.a(isr_7Seg.o)
 .debug_aranges
                0x000007d0       0x20 .\CortexM3\ARM_GCC_541\Debug\7Seg_Display.a(CyBootAsmGnu.o)
 .debug_aranges
                0x000007f0       0x88 .\CortexM3\ARM_GCC_541\Debug\7Seg_Display.a(CyFlash.o)
 .debug_aranges
                0x00000878       0x80 .\CortexM3\ARM_GCC_541\Debug\7Seg_Display.a(CySpc.o)

.debug_pubnames
 *(.debug_pubnames)

.debug_info     0x00000000     0x4b04
 *(.debug_info .gnu.linkonce.wi.*)
 .debug_info    0x00000000      0x456 .\CortexM3\ARM_GCC_541\Debug\main.o
 .debug_info    0x00000456      0x4a7 .\CortexM3\ARM_GCC_541\Debug\cyfitter_cfg.o
 .debug_info    0x000008fd      0x134 .\CortexM3\ARM_GCC_541\Debug\cymetadata.o
 .debug_info    0x00000a31      0x3bb .\CortexM3\ARM_GCC_541\Debug\Cm3Start.o
 .debug_info    0x00000dec      0x11f .\CortexM3\ARM_GCC_541\Debug\7Seg_Display.a(Dis_A.o)
 .debug_info    0x00000f0b      0x11f .\CortexM3\ARM_GCC_541\Debug\7Seg_Display.a(Dis_B.o)
 .debug_info    0x0000102a      0x11f .\CortexM3\ARM_GCC_541\Debug\7Seg_Display.a(Dis_C.o)
 .debug_info    0x00001149      0x11f .\CortexM3\ARM_GCC_541\Debug\7Seg_Display.a(Dis_D.o)
 .debug_info    0x00001268      0x11f .\CortexM3\ARM_GCC_541\Debug\7Seg_Display.a(Dis_E.o)
 .debug_info    0x00001387      0x11f .\CortexM3\ARM_GCC_541\Debug\7Seg_Display.a(Dis_F.o)
 .debug_info    0x000014a6      0x11f .\CortexM3\ARM_GCC_541\Debug\7Seg_Display.a(Dis_G.o)
 .debug_info    0x000015c5      0x11f .\CortexM3\ARM_GCC_541\Debug\7Seg_Display.a(Dis_DP.o)
 .debug_info    0x000016e4      0x11f .\CortexM3\ARM_GCC_541\Debug\7Seg_Display.a(Dis_D1.o)
 .debug_info    0x00001803      0x11f .\CortexM3\ARM_GCC_541\Debug\7Seg_Display.a(Dis_D2.o)
 .debug_info    0x00001922      0x11f .\CortexM3\ARM_GCC_541\Debug\7Seg_Display.a(Dis_D3.o)
 .debug_info    0x00001a41      0x11f .\CortexM3\ARM_GCC_541\Debug\7Seg_Display.a(Dis_D4.o)
 .debug_info    0x00001b60     0x1374 .\CortexM3\ARM_GCC_541\Debug\7Seg_Display.a(CyLib.o)
 .debug_info    0x00002ed4      0xa2a .\CortexM3\ARM_GCC_541\Debug\7Seg_Display.a(cyPm.o)
 .debug_info    0x000038fe      0x2d2 .\CortexM3\ARM_GCC_541\Debug\7Seg_Display.a(isr_2.o)
 .debug_info    0x00003bd0      0x2d2 .\CortexM3\ARM_GCC_541\Debug\7Seg_Display.a(isr_7Seg.o)
 .debug_info    0x00003ea2       0xc5 .\CortexM3\ARM_GCC_541\Debug\7Seg_Display.a(CyBootAsmGnu.o)
 .debug_info    0x00003f67      0x64d .\CortexM3\ARM_GCC_541\Debug\7Seg_Display.a(CyFlash.o)
 .debug_info    0x000045b4      0x550 .\CortexM3\ARM_GCC_541\Debug\7Seg_Display.a(CySpc.o)

.debug_abbrev   0x00000000     0x16d4
 *(.debug_abbrev)
 .debug_abbrev  0x00000000      0x19d .\CortexM3\ARM_GCC_541\Debug\main.o
 .debug_abbrev  0x0000019d      0x1fe .\CortexM3\ARM_GCC_541\Debug\cyfitter_cfg.o
 .debug_abbrev  0x0000039b       0x5d .\CortexM3\ARM_GCC_541\Debug\cymetadata.o
 .debug_abbrev  0x000003f8      0x1e8 .\CortexM3\ARM_GCC_541\Debug\Cm3Start.o
 .debug_abbrev  0x000005e0       0x90 .\CortexM3\ARM_GCC_541\Debug\7Seg_Display.a(Dis_A.o)
 .debug_abbrev  0x00000670       0x90 .\CortexM3\ARM_GCC_541\Debug\7Seg_Display.a(Dis_B.o)
 .debug_abbrev  0x00000700       0x90 .\CortexM3\ARM_GCC_541\Debug\7Seg_Display.a(Dis_C.o)
 .debug_abbrev  0x00000790       0x90 .\CortexM3\ARM_GCC_541\Debug\7Seg_Display.a(Dis_D.o)
 .debug_abbrev  0x00000820       0x90 .\CortexM3\ARM_GCC_541\Debug\7Seg_Display.a(Dis_E.o)
 .debug_abbrev  0x000008b0       0x90 .\CortexM3\ARM_GCC_541\Debug\7Seg_Display.a(Dis_F.o)
 .debug_abbrev  0x00000940       0x90 .\CortexM3\ARM_GCC_541\Debug\7Seg_Display.a(Dis_G.o)
 .debug_abbrev  0x000009d0       0x90 .\CortexM3\ARM_GCC_541\Debug\7Seg_Display.a(Dis_DP.o)
 .debug_abbrev  0x00000a60       0x90 .\CortexM3\ARM_GCC_541\Debug\7Seg_Display.a(Dis_D1.o)
 .debug_abbrev  0x00000af0       0x90 .\CortexM3\ARM_GCC_541\Debug\7Seg_Display.a(Dis_D2.o)
 .debug_abbrev  0x00000b80       0x90 .\CortexM3\ARM_GCC_541\Debug\7Seg_Display.a(Dis_D3.o)
 .debug_abbrev  0x00000c10       0x90 .\CortexM3\ARM_GCC_541\Debug\7Seg_Display.a(Dis_D4.o)
 .debug_abbrev  0x00000ca0      0x254 .\CortexM3\ARM_GCC_541\Debug\7Seg_Display.a(CyLib.o)
 .debug_abbrev  0x00000ef4      0x1ab .\CortexM3\ARM_GCC_541\Debug\7Seg_Display.a(cyPm.o)
 .debug_abbrev  0x0000109f      0x173 .\CortexM3\ARM_GCC_541\Debug\7Seg_Display.a(isr_2.o)
 .debug_abbrev  0x00001212      0x173 .\CortexM3\ARM_GCC_541\Debug\7Seg_Display.a(isr_7Seg.o)
 .debug_abbrev  0x00001385       0x14 .\CortexM3\ARM_GCC_541\Debug\7Seg_Display.a(CyBootAsmGnu.o)
 .debug_abbrev  0x00001399      0x1a7 .\CortexM3\ARM_GCC_541\Debug\7Seg_Display.a(CyFlash.o)
 .debug_abbrev  0x00001540      0x194 .\CortexM3\ARM_GCC_541\Debug\7Seg_Display.a(CySpc.o)

.debug_line     0x00000000     0x211e
 *(.debug_line)
 .debug_line    0x00000000      0x282 .\CortexM3\ARM_GCC_541\Debug\main.o
 .debug_line    0x00000282      0x1c6 .\CortexM3\ARM_GCC_541\Debug\cyfitter_cfg.o
 .debug_line    0x00000448      0x121 .\CortexM3\ARM_GCC_541\Debug\cymetadata.o
 .debug_line    0x00000569      0x214 .\CortexM3\ARM_GCC_541\Debug\Cm3Start.o
 .debug_line    0x0000077d       0x92 .\CortexM3\ARM_GCC_541\Debug\7Seg_Display.a(Dis_A.o)
 .debug_line    0x0000080f       0x92 .\CortexM3\ARM_GCC_541\Debug\7Seg_Display.a(Dis_B.o)
 .debug_line    0x000008a1       0x92 .\CortexM3\ARM_GCC_541\Debug\7Seg_Display.a(Dis_C.o)
 .debug_line    0x00000933       0x92 .\CortexM3\ARM_GCC_541\Debug\7Seg_Display.a(Dis_D.o)
 .debug_line    0x000009c5       0x92 .\CortexM3\ARM_GCC_541\Debug\7Seg_Display.a(Dis_E.o)
 .debug_line    0x00000a57       0x92 .\CortexM3\ARM_GCC_541\Debug\7Seg_Display.a(Dis_F.o)
 .debug_line    0x00000ae9       0x92 .\CortexM3\ARM_GCC_541\Debug\7Seg_Display.a(Dis_G.o)
 .debug_line    0x00000b7b       0x93 .\CortexM3\ARM_GCC_541\Debug\7Seg_Display.a(Dis_DP.o)
 .debug_line    0x00000c0e       0x93 .\CortexM3\ARM_GCC_541\Debug\7Seg_Display.a(Dis_D1.o)
 .debug_line    0x00000ca1       0x93 .\CortexM3\ARM_GCC_541\Debug\7Seg_Display.a(Dis_D2.o)
 .debug_line    0x00000d34       0x93 .\CortexM3\ARM_GCC_541\Debug\7Seg_Display.a(Dis_D3.o)
 .debug_line    0x00000dc7       0x93 .\CortexM3\ARM_GCC_541\Debug\7Seg_Display.a(Dis_D4.o)
 .debug_line    0x00000e5a      0x816 .\CortexM3\ARM_GCC_541\Debug\7Seg_Display.a(CyLib.o)
 .debug_line    0x00001670      0x367 .\CortexM3\ARM_GCC_541\Debug\7Seg_Display.a(cyPm.o)
 .debug_line    0x000019d7      0x132 .\CortexM3\ARM_GCC_541\Debug\7Seg_Display.a(isr_2.o)
 .debug_line    0x00001b09      0x135 .\CortexM3\ARM_GCC_541\Debug\7Seg_Display.a(isr_7Seg.o)
 .debug_line    0x00001c3e       0x66 .\CortexM3\ARM_GCC_541\Debug\7Seg_Display.a(CyBootAsmGnu.o)
 .debug_line    0x00001ca4      0x21a .\CortexM3\ARM_GCC_541\Debug\7Seg_Display.a(CyFlash.o)
 .debug_line    0x00001ebe      0x260 .\CortexM3\ARM_GCC_541\Debug\7Seg_Display.a(CySpc.o)

.debug_frame    0x00000000     0x1504
 *(.debug_frame)
 .debug_frame   0x00000000       0xa0 .\CortexM3\ARM_GCC_541\Debug\main.o
 .debug_frame   0x000000a0       0xe4 .\CortexM3\ARM_GCC_541\Debug\cyfitter_cfg.o
 .debug_frame   0x00000184       0xb8 .\CortexM3\ARM_GCC_541\Debug\Cm3Start.o
 .debug_frame   0x0000023c       0x50 .\CortexM3\ARM_GCC_541\Debug\7Seg_Display.a(Dis_A.o)
 .debug_frame   0x0000028c       0x50 .\CortexM3\ARM_GCC_541\Debug\7Seg_Display.a(Dis_B.o)
 .debug_frame   0x000002dc       0x50 .\CortexM3\ARM_GCC_541\Debug\7Seg_Display.a(Dis_C.o)
 .debug_frame   0x0000032c       0x50 .\CortexM3\ARM_GCC_541\Debug\7Seg_Display.a(Dis_D.o)
 .debug_frame   0x0000037c       0x50 .\CortexM3\ARM_GCC_541\Debug\7Seg_Display.a(Dis_E.o)
 .debug_frame   0x000003cc       0x50 .\CortexM3\ARM_GCC_541\Debug\7Seg_Display.a(Dis_F.o)
 .debug_frame   0x0000041c       0x50 .\CortexM3\ARM_GCC_541\Debug\7Seg_Display.a(Dis_G.o)
 .debug_frame   0x0000046c       0x50 .\CortexM3\ARM_GCC_541\Debug\7Seg_Display.a(Dis_DP.o)
 .debug_frame   0x000004bc       0x50 .\CortexM3\ARM_GCC_541\Debug\7Seg_Display.a(Dis_D1.o)
 .debug_frame   0x0000050c       0x50 .\CortexM3\ARM_GCC_541\Debug\7Seg_Display.a(Dis_D2.o)
 .debug_frame   0x0000055c       0x50 .\CortexM3\ARM_GCC_541\Debug\7Seg_Display.a(Dis_D3.o)
 .debug_frame   0x000005ac       0x50 .\CortexM3\ARM_GCC_541\Debug\7Seg_Display.a(Dis_D4.o)
 .debug_frame   0x000005fc      0x738 .\CortexM3\ARM_GCC_541\Debug\7Seg_Display.a(CyLib.o)
 .debug_frame   0x00000d34      0x1f8 .\CortexM3\ARM_GCC_541\Debug\7Seg_Display.a(cyPm.o)
 .debug_frame   0x00000f2c      0x104 .\CortexM3\ARM_GCC_541\Debug\7Seg_Display.a(isr_2.o)
 .debug_frame   0x00001030      0x104 .\CortexM3\ARM_GCC_541\Debug\7Seg_Display.a(isr_7Seg.o)
 .debug_frame   0x00001134      0x194 .\CortexM3\ARM_GCC_541\Debug\7Seg_Display.a(CyFlash.o)
 .debug_frame   0x000012c8      0x180 .\CortexM3\ARM_GCC_541\Debug\7Seg_Display.a(CySpc.o)
 .debug_frame   0x00001448       0x20 d:/monash_apps/psoc creator/4.4/psoc creator/import/gnu/arm/5.4.1/bin/../lib/gcc/arm-none-eabi/5.4.1/../../../../arm-none-eabi/lib/armv7-m\libg_nano.a(lib_a-errno.o)
 .debug_frame   0x00001468       0x28 d:/monash_apps/psoc creator/4.4/psoc creator/import/gnu/arm/5.4.1/bin/../lib/gcc/arm-none-eabi/5.4.1/../../../../arm-none-eabi/lib/armv7-m\libg_nano.a(lib_a-exit.o)
 .debug_frame   0x00001490       0x2c d:/monash_apps/psoc creator/4.4/psoc creator/import/gnu/arm/5.4.1/bin/../lib/gcc/arm-none-eabi/5.4.1/../../../../arm-none-eabi/lib/armv7-m\libg_nano.a(lib_a-init.o)
 .debug_frame   0x000014bc       0x28 d:/monash_apps/psoc creator/4.4/psoc creator/import/gnu/arm/5.4.1/bin/../lib/gcc/arm-none-eabi/5.4.1/../../../../arm-none-eabi/lib/armv7-m\libg_nano.a(lib_a-memcpy-stub.o)
 .debug_frame   0x000014e4       0x20 d:/monash_apps/psoc creator/4.4/psoc creator/import/gnu/arm/5.4.1/bin/../lib/gcc/arm-none-eabi/5.4.1/../../../../arm-none-eabi/lib/armv7-m\libg_nano.a(lib_a-memset.o)

.debug_str      0x00000000     0x19e3
 *(.debug_str)
 .debug_str     0x00000000      0x304 .\CortexM3\ARM_GCC_541\Debug\main.o
                                0x34c (size before relaxing)
 .debug_str     0x00000304      0x17b .\CortexM3\ARM_GCC_541\Debug\cyfitter_cfg.o
                                0x344 (size before relaxing)
 .debug_str     0x0000047f       0x7f .\CortexM3\ARM_GCC_541\Debug\cymetadata.o
                                0x219 (size before relaxing)
 .debug_str     0x000004fe      0x144 .\CortexM3\ARM_GCC_541\Debug\Cm3Start.o
                                0x33f (size before relaxing)
 .debug_str     0x00000642       0x5f .\CortexM3\ARM_GCC_541\Debug\7Seg_Display.a(Dis_A.o)
                                0x217 (size before relaxing)
 .debug_str     0x000006a1       0x4f .\CortexM3\ARM_GCC_541\Debug\7Seg_Display.a(Dis_B.o)
                                0x217 (size before relaxing)
 .debug_str     0x000006f0       0x4f .\CortexM3\ARM_GCC_541\Debug\7Seg_Display.a(Dis_C.o)
                                0x217 (size before relaxing)
 .debug_str     0x0000073f       0x4f .\CortexM3\ARM_GCC_541\Debug\7Seg_Display.a(Dis_D.o)
                                0x217 (size before relaxing)
 .debug_str     0x0000078e       0x4f .\CortexM3\ARM_GCC_541\Debug\7Seg_Display.a(Dis_E.o)
                                0x217 (size before relaxing)
 .debug_str     0x000007dd       0x4f .\CortexM3\ARM_GCC_541\Debug\7Seg_Display.a(Dis_F.o)
                                0x217 (size before relaxing)
 .debug_str     0x0000082c       0x4f .\CortexM3\ARM_GCC_541\Debug\7Seg_Display.a(Dis_G.o)
                                0x217 (size before relaxing)
 .debug_str     0x0000087b       0x53 .\CortexM3\ARM_GCC_541\Debug\7Seg_Display.a(Dis_DP.o)
                                0x21c (size before relaxing)
 .debug_str     0x000008ce       0x53 .\CortexM3\ARM_GCC_541\Debug\7Seg_Display.a(Dis_D1.o)
                                0x21c (size before relaxing)
 .debug_str     0x00000921       0x53 .\CortexM3\ARM_GCC_541\Debug\7Seg_Display.a(Dis_D2.o)
                                0x21c (size before relaxing)
 .debug_str     0x00000974       0x53 .\CortexM3\ARM_GCC_541\Debug\7Seg_Display.a(Dis_D3.o)
                                0x21c (size before relaxing)
 .debug_str     0x000009c7       0x53 .\CortexM3\ARM_GCC_541\Debug\7Seg_Display.a(Dis_D4.o)
                                0x21c (size before relaxing)
 .debug_str     0x00000a1a      0x84f .\CortexM3\ARM_GCC_541\Debug\7Seg_Display.a(CyLib.o)
                                0xa7c (size before relaxing)
 .debug_str     0x00001269      0x365 .\CortexM3\ARM_GCC_541\Debug\7Seg_Display.a(cyPm.o)
                                0x768 (size before relaxing)
 .debug_str     0x000015ce       0xc5 .\CortexM3\ARM_GCC_541\Debug\7Seg_Display.a(isr_2.o)
                                0x2db (size before relaxing)
 .debug_str     0x00001693       0xe9 .\CortexM3\ARM_GCC_541\Debug\7Seg_Display.a(isr_7Seg.o)
                                0x305 (size before relaxing)
 .debug_str     0x0000177c      0x1bb .\CortexM3\ARM_GCC_541\Debug\7Seg_Display.a(CyFlash.o)
                                0x3f5 (size before relaxing)
 .debug_str     0x00001937       0xac .\CortexM3\ARM_GCC_541\Debug\7Seg_Display.a(CySpc.o)
                                0x36d (size before relaxing)

.debug_loc      0x00000000     0x1ecc
 *(.debug_loc)
 .debug_loc     0x00000000      0x141 .\CortexM3\ARM_GCC_541\Debug\main.o
 .debug_loc     0x00000141      0x1d7 .\CortexM3\ARM_GCC_541\Debug\cyfitter_cfg.o
 .debug_loc     0x00000318      0x144 .\CortexM3\ARM_GCC_541\Debug\Cm3Start.o
 .debug_loc     0x0000045c       0x42 .\CortexM3\ARM_GCC_541\Debug\7Seg_Display.a(Dis_A.o)
 .debug_loc     0x0000049e       0x42 .\CortexM3\ARM_GCC_541\Debug\7Seg_Display.a(Dis_B.o)
 .debug_loc     0x000004e0       0x42 .\CortexM3\ARM_GCC_541\Debug\7Seg_Display.a(Dis_C.o)
 .debug_loc     0x00000522       0x42 .\CortexM3\ARM_GCC_541\Debug\7Seg_Display.a(Dis_D.o)
 .debug_loc     0x00000564       0x42 .\CortexM3\ARM_GCC_541\Debug\7Seg_Display.a(Dis_E.o)
 .debug_loc     0x000005a6       0x42 .\CortexM3\ARM_GCC_541\Debug\7Seg_Display.a(Dis_F.o)
 .debug_loc     0x000005e8       0x42 .\CortexM3\ARM_GCC_541\Debug\7Seg_Display.a(Dis_G.o)
 .debug_loc     0x0000062a       0x42 .\CortexM3\ARM_GCC_541\Debug\7Seg_Display.a(Dis_DP.o)
 .debug_loc     0x0000066c       0x42 .\CortexM3\ARM_GCC_541\Debug\7Seg_Display.a(Dis_D1.o)
 .debug_loc     0x000006ae       0x42 .\CortexM3\ARM_GCC_541\Debug\7Seg_Display.a(Dis_D2.o)
 .debug_loc     0x000006f0       0x42 .\CortexM3\ARM_GCC_541\Debug\7Seg_Display.a(Dis_D3.o)
 .debug_loc     0x00000732       0x42 .\CortexM3\ARM_GCC_541\Debug\7Seg_Display.a(Dis_D4.o)
 .debug_loc     0x00000774      0xa11 .\CortexM3\ARM_GCC_541\Debug\7Seg_Display.a(CyLib.o)
 .debug_loc     0x00001185      0x1e4 .\CortexM3\ARM_GCC_541\Debug\7Seg_Display.a(cyPm.o)
 .debug_loc     0x00001369       0x56 .\CortexM3\ARM_GCC_541\Debug\7Seg_Display.a(isr_2.o)
 .debug_loc     0x000013bf       0x56 .\CortexM3\ARM_GCC_541\Debug\7Seg_Display.a(isr_7Seg.o)
 .debug_loc     0x00001415      0x3b2 .\CortexM3\ARM_GCC_541\Debug\7Seg_Display.a(CyFlash.o)
 .debug_loc     0x000017c7      0x705 .\CortexM3\ARM_GCC_541\Debug\7Seg_Display.a(CySpc.o)

.debug_macinfo
 *(.debug_macinfo)

.debug_ranges   0x00000000      0x770
 *(.debug_ranges)
 .debug_ranges  0x00000000       0x30 .\CortexM3\ARM_GCC_541\Debug\main.o
 .debug_ranges  0x00000030       0x48 .\CortexM3\ARM_GCC_541\Debug\cyfitter_cfg.o
 .debug_ranges  0x00000078       0x38 .\CortexM3\ARM_GCC_541\Debug\Cm3Start.o
 .debug_ranges  0x000000b0       0x28 .\CortexM3\ARM_GCC_541\Debug\7Seg_Display.a(Dis_A.o)
 .debug_ranges  0x000000d8       0x28 .\CortexM3\ARM_GCC_541\Debug\7Seg_Display.a(Dis_B.o)
 .debug_ranges  0x00000100       0x28 .\CortexM3\ARM_GCC_541\Debug\7Seg_Display.a(Dis_C.o)
 .debug_ranges  0x00000128       0x28 .\CortexM3\ARM_GCC_541\Debug\7Seg_Display.a(Dis_D.o)
 .debug_ranges  0x00000150       0x28 .\CortexM3\ARM_GCC_541\Debug\7Seg_Display.a(Dis_E.o)
 .debug_ranges  0x00000178       0x28 .\CortexM3\ARM_GCC_541\Debug\7Seg_Display.a(Dis_F.o)
 .debug_ranges  0x000001a0       0x28 .\CortexM3\ARM_GCC_541\Debug\7Seg_Display.a(Dis_G.o)
 .debug_ranges  0x000001c8       0x28 .\CortexM3\ARM_GCC_541\Debug\7Seg_Display.a(Dis_DP.o)
 .debug_ranges  0x000001f0       0x28 .\CortexM3\ARM_GCC_541\Debug\7Seg_Display.a(Dis_D1.o)
 .debug_ranges  0x00000218       0x28 .\CortexM3\ARM_GCC_541\Debug\7Seg_Display.a(Dis_D2.o)
 .debug_ranges  0x00000240       0x28 .\CortexM3\ARM_GCC_541\Debug\7Seg_Display.a(Dis_D3.o)
 .debug_ranges  0x00000268       0x28 .\CortexM3\ARM_GCC_541\Debug\7Seg_Display.a(Dis_D4.o)
 .debug_ranges  0x00000290      0x290 .\CortexM3\ARM_GCC_541\Debug\7Seg_Display.a(CyLib.o)
 .debug_ranges  0x00000520       0x88 .\CortexM3\ARM_GCC_541\Debug\7Seg_Display.a(cyPm.o)
 .debug_ranges  0x000005a8       0x70 .\CortexM3\ARM_GCC_541\Debug\7Seg_Display.a(isr_2.o)
 .debug_ranges  0x00000618       0x70 .\CortexM3\ARM_GCC_541\Debug\7Seg_Display.a(isr_7Seg.o)
 .debug_ranges  0x00000688       0x78 .\CortexM3\ARM_GCC_541\Debug\7Seg_Display.a(CyFlash.o)
 .debug_ranges  0x00000700       0x70 .\CortexM3\ARM_GCC_541\Debug\7Seg_Display.a(CySpc.o)

.comment        0x00000000       0x6e
 .comment       0x00000000       0x6e .\CortexM3\ARM_GCC_541\Debug\main.o
                                 0x6f (size before relaxing)
 .comment       0x0000006e       0x6f .\CortexM3\ARM_GCC_541\Debug\cyfitter_cfg.o
 .comment       0x0000006e       0x6f .\CortexM3\ARM_GCC_541\Debug\cymetadata.o
 .comment       0x0000006e       0x6f .\CortexM3\ARM_GCC_541\Debug\Cm3Start.o
 .comment       0x0000006e       0x6f .\CortexM3\ARM_GCC_541\Debug\7Seg_Display.a(Dis_A.o)
 .comment       0x0000006e       0x6f .\CortexM3\ARM_GCC_541\Debug\7Seg_Display.a(Dis_B.o)
 .comment       0x0000006e       0x6f .\CortexM3\ARM_GCC_541\Debug\7Seg_Display.a(Dis_C.o)
 .comment       0x0000006e       0x6f .\CortexM3\ARM_GCC_541\Debug\7Seg_Display.a(Dis_D.o)
 .comment       0x0000006e       0x6f .\CortexM3\ARM_GCC_541\Debug\7Seg_Display.a(Dis_E.o)
 .comment       0x0000006e       0x6f .\CortexM3\ARM_GCC_541\Debug\7Seg_Display.a(Dis_F.o)
 .comment       0x0000006e       0x6f .\CortexM3\ARM_GCC_541\Debug\7Seg_Display.a(Dis_G.o)
 .comment       0x0000006e       0x6f .\CortexM3\ARM_GCC_541\Debug\7Seg_Display.a(Dis_DP.o)
 .comment       0x0000006e       0x6f .\CortexM3\ARM_GCC_541\Debug\7Seg_Display.a(Dis_D1.o)
 .comment       0x0000006e       0x6f .\CortexM3\ARM_GCC_541\Debug\7Seg_Display.a(Dis_D2.o)
 .comment       0x0000006e       0x6f .\CortexM3\ARM_GCC_541\Debug\7Seg_Display.a(Dis_D3.o)
 .comment       0x0000006e       0x6f .\CortexM3\ARM_GCC_541\Debug\7Seg_Display.a(Dis_D4.o)
 .comment       0x0000006e       0x6f .\CortexM3\ARM_GCC_541\Debug\7Seg_Display.a(CyLib.o)
 .comment       0x0000006e       0x6f .\CortexM3\ARM_GCC_541\Debug\7Seg_Display.a(cyPm.o)
 .comment       0x0000006e       0x6f .\CortexM3\ARM_GCC_541\Debug\7Seg_Display.a(isr_2.o)
 .comment       0x0000006e       0x6f .\CortexM3\ARM_GCC_541\Debug\7Seg_Display.a(isr_7Seg.o)
 .comment       0x0000006e       0x6f .\CortexM3\ARM_GCC_541\Debug\7Seg_Display.a(CyFlash.o)
 .comment       0x0000006e       0x6f .\CortexM3\ARM_GCC_541\Debug\7Seg_Display.a(CySpc.o)

.debug_weaknames
 *(.debug_weaknames)

.debug_funcnames
 *(.debug_funcnames)

.debug_typenames
 *(.debug_typenames)

.debug_varnames
 *(.debug_varnames)

.note.gnu.arm.ident
 *(.note.gnu.arm.ident)

.ARM.attributes
                0x00000000       0x29
 *(.ARM.attributes)
 .ARM.attributes
                0x00000000       0x1d d:/monash_apps/psoc creator/4.4/psoc creator/import/gnu/arm/5.4.1/bin/../lib/gcc/arm-none-eabi/5.4.1/armv7-m/crti.o
 .ARM.attributes
                0x0000001d       0x2d d:/monash_apps/psoc creator/4.4/psoc creator/import/gnu/arm/5.4.1/bin/../lib/gcc/arm-none-eabi/5.4.1/armv7-m/crtbegin.o
 .ARM.attributes
                0x0000004a       0x1b d:/monash_apps/psoc creator/4.4/psoc creator/import/gnu/arm/5.4.1/bin/../lib/gcc/arm-none-eabi/5.4.1/../../../../arm-none-eabi/lib/armv7-m/crt0.o
 .ARM.attributes
                0x00000065       0x33 .\CortexM3\ARM_GCC_541\Debug\main.o
 .ARM.attributes
                0x00000098       0x33 .\CortexM3\ARM_GCC_541\Debug\cyfitter_cfg.o
 .ARM.attributes
                0x000000cb       0x33 .\CortexM3\ARM_GCC_541\Debug\cymetadata.o
 .ARM.attributes
                0x000000fe       0x33 .\CortexM3\ARM_GCC_541\Debug\Cm3Start.o
 .ARM.attributes
                0x00000131       0x33 .\CortexM3\ARM_GCC_541\Debug\7Seg_Display.a(Dis_A.o)
 .ARM.attributes
                0x00000164       0x33 .\CortexM3\ARM_GCC_541\Debug\7Seg_Display.a(Dis_B.o)
 .ARM.attributes
                0x00000197       0x33 .\CortexM3\ARM_GCC_541\Debug\7Seg_Display.a(Dis_C.o)
 .ARM.attributes
                0x000001ca       0x33 .\CortexM3\ARM_GCC_541\Debug\7Seg_Display.a(Dis_D.o)
 .ARM.attributes
                0x000001fd       0x33 .\CortexM3\ARM_GCC_541\Debug\7Seg_Display.a(Dis_E.o)
 .ARM.attributes
                0x00000230       0x33 .\CortexM3\ARM_GCC_541\Debug\7Seg_Display.a(Dis_F.o)
 .ARM.attributes
                0x00000263       0x33 .\CortexM3\ARM_GCC_541\Debug\7Seg_Display.a(Dis_G.o)
 .ARM.attributes
                0x00000296       0x33 .\CortexM3\ARM_GCC_541\Debug\7Seg_Display.a(Dis_DP.o)
 .ARM.attributes
                0x000002c9       0x33 .\CortexM3\ARM_GCC_541\Debug\7Seg_Display.a(Dis_D1.o)
 .ARM.attributes
                0x000002fc       0x33 .\CortexM3\ARM_GCC_541\Debug\7Seg_Display.a(Dis_D2.o)
 .ARM.attributes
                0x0000032f       0x33 .\CortexM3\ARM_GCC_541\Debug\7Seg_Display.a(Dis_D3.o)
 .ARM.attributes
                0x00000362       0x33 .\CortexM3\ARM_GCC_541\Debug\7Seg_Display.a(Dis_D4.o)
 .ARM.attributes
                0x00000395       0x33 .\CortexM3\ARM_GCC_541\Debug\7Seg_Display.a(CyLib.o)
 .ARM.attributes
                0x000003c8       0x33 .\CortexM3\ARM_GCC_541\Debug\7Seg_Display.a(cyPm.o)
 .ARM.attributes
                0x000003fb       0x33 .\CortexM3\ARM_GCC_541\Debug\7Seg_Display.a(isr_2.o)
 .ARM.attributes
                0x0000042e       0x33 .\CortexM3\ARM_GCC_541\Debug\7Seg_Display.a(isr_7Seg.o)
 .ARM.attributes
                0x00000461       0x21 .\CortexM3\ARM_GCC_541\Debug\7Seg_Display.a(CyBootAsmGnu.o)
 .ARM.attributes
                0x00000482       0x33 .\CortexM3\ARM_GCC_541\Debug\7Seg_Display.a(CyFlash.o)
 .ARM.attributes
                0x000004b5       0x33 .\CortexM3\ARM_GCC_541\Debug\7Seg_Display.a(CySpc.o)
 .ARM.attributes
                0x000004e8       0x1d d:/monash_apps/psoc creator/4.4/psoc creator/import/gnu/arm/5.4.1/bin/../lib/gcc/arm-none-eabi/5.4.1/armv7-m\libgcc.a(_arm_addsubdf3.o)
 .ARM.attributes
                0x00000505       0x1d d:/monash_apps/psoc creator/4.4/psoc creator/import/gnu/arm/5.4.1/bin/../lib/gcc/arm-none-eabi/5.4.1/armv7-m\libgcc.a(_arm_muldivdf3.o)
 .ARM.attributes
                0x00000522       0x1d d:/monash_apps/psoc creator/4.4/psoc creator/import/gnu/arm/5.4.1/bin/../lib/gcc/arm-none-eabi/5.4.1/armv7-m\libgcc.a(_arm_cmpdf2.o)
 .ARM.attributes
                0x0000053f       0x1d d:/monash_apps/psoc creator/4.4/psoc creator/import/gnu/arm/5.4.1/bin/../lib/gcc/arm-none-eabi/5.4.1/armv7-m\libgcc.a(_arm_fixdfsi.o)
 .ARM.attributes
                0x0000055c       0x2d d:/monash_apps/psoc creator/4.4/psoc creator/import/gnu/arm/5.4.1/bin/../lib/gcc/arm-none-eabi/5.4.1/../../../../arm-none-eabi/lib/armv7-m\libg_nano.a(lib_a-errno.o)
 .ARM.attributes
                0x00000589       0x2d d:/monash_apps/psoc creator/4.4/psoc creator/import/gnu/arm/5.4.1/bin/../lib/gcc/arm-none-eabi/5.4.1/../../../../arm-none-eabi/lib/armv7-m\libg_nano.a(lib_a-exit.o)
 .ARM.attributes
                0x000005b6       0x2d d:/monash_apps/psoc creator/4.4/psoc creator/import/gnu/arm/5.4.1/bin/../lib/gcc/arm-none-eabi/5.4.1/../../../../arm-none-eabi/lib/armv7-m\libg_nano.a(lib_a-impure.o)
 .ARM.attributes
                0x000005e3       0x2d d:/monash_apps/psoc creator/4.4/psoc creator/import/gnu/arm/5.4.1/bin/../lib/gcc/arm-none-eabi/5.4.1/../../../../arm-none-eabi/lib/armv7-m\libg_nano.a(lib_a-init.o)
 .ARM.attributes
                0x00000610       0x2d d:/monash_apps/psoc creator/4.4/psoc creator/import/gnu/arm/5.4.1/bin/../lib/gcc/arm-none-eabi/5.4.1/../../../../arm-none-eabi/lib/armv7-m\libg_nano.a(lib_a-memcpy-stub.o)
 .ARM.attributes
                0x0000063d       0x2d d:/monash_apps/psoc creator/4.4/psoc creator/import/gnu/arm/5.4.1/bin/../lib/gcc/arm-none-eabi/5.4.1/../../../../arm-none-eabi/lib/armv7-m\libg_nano.a(lib_a-memset.o)
 .ARM.attributes
                0x0000066a       0x2d d:/monash_apps/psoc creator/4.4/psoc creator/import/gnu/arm/5.4.1/bin/../lib/gcc/arm-none-eabi/5.4.1/armv7-m/crtend.o
 .ARM.attributes
                0x00000697       0x1d d:/monash_apps/psoc creator/4.4/psoc creator/import/gnu/arm/5.4.1/bin/../lib/gcc/arm-none-eabi/5.4.1/armv7-m/crtn.o

/DISCARD/
 *(.note.GNU-stack)
OUTPUT(D:\Monash\Y3S2\TRC3500\TRC3500-Lab\Project 3 Ultrasonic Distance Meter-20240427\Project3_Ultrasonic\7Seg_Display.cydsn\CortexM3\ARM_GCC_541\Debug\7Seg_Display.elf elf32-littlearm)
