Archive member included to satisfy reference by file (symbol)

.\CortexM3\ARM_GCC_541\Debug\7Seg_Display.a(Dis_A.o)
                              .\CortexM3\ARM_GCC_541\Debug\main.o (Dis_A_Write)
.\CortexM3\ARM_GCC_541\Debug\7Seg_Display.a(Dis_B.o)
                              .\CortexM3\ARM_GCC_541\Debug\main.o (Dis_B_Write)
.\CortexM3\ARM_GCC_541\Debug\7Seg_Display.a(Dis_C.o)
                              .\CortexM3\ARM_GCC_541\Debug\main.o (Dis_C_Write)
.\CortexM3\ARM_GCC_541\Debug\7Seg_Display.a(Dis_D.o)
                              .\CortexM3\ARM_GCC_541\Debug\main.o (Dis_D_Write)
.\CortexM3\ARM_GCC_541\Debug\7Seg_Display.a(Dis_E.o)
                              .\CortexM3\ARM_GCC_541\Debug\main.o (Dis_E_Write)
.\CortexM3\ARM_GCC_541\Debug\7Seg_Display.a(Dis_F.o)
                              .\CortexM3\ARM_GCC_541\Debug\main.o (Dis_F_Write)
.\CortexM3\ARM_GCC_541\Debug\7Seg_Display.a(Dis_G.o)
                              .\CortexM3\ARM_GCC_541\Debug\main.o (Dis_G_Write)
.\CortexM3\ARM_GCC_541\Debug\7Seg_Display.a(Dis_DP.o)
                              .\CortexM3\ARM_GCC_541\Debug\main.o (Dis_DP_Write)
.\CortexM3\ARM_GCC_541\Debug\7Seg_Display.a(Dis_D1.o)
                              .\CortexM3\ARM_GCC_541\Debug\main.o (Dis_D1_Write)
.\CortexM3\ARM_GCC_541\Debug\7Seg_Display.a(Dis_D2.o)
                              .\CortexM3\ARM_GCC_541\Debug\main.o (Dis_D2_Write)
.\CortexM3\ARM_GCC_541\Debug\7Seg_Display.a(Dis_D3.o)
                              .\CortexM3\ARM_GCC_541\Debug\main.o (Dis_D3_Write)
.\CortexM3\ARM_GCC_541\Debug\7Seg_Display.a(Dis_D4.o)
                              .\CortexM3\ARM_GCC_541\Debug\main.o (Dis_D4_Write)
.\CortexM3\ARM_GCC_541\Debug\7Seg_Display.a(CyLib.o)
                              .\CortexM3\ARM_GCC_541\Debug\Cm3Start.o (CyHalt)
.\CortexM3\ARM_GCC_541\Debug\7Seg_Display.a(cyPm.o)
                              .\CortexM3\ARM_GCC_541\Debug\7Seg_Display.a(CyLib.o) (CyPmReadStatus)
.\CortexM3\ARM_GCC_541\Debug\7Seg_Display.a(isr_1.o)
                              .\CortexM3\ARM_GCC_541\Debug\main.o (isr_1_StartEx)
.\CortexM3\ARM_GCC_541\Debug\7Seg_Display.a(isr_2.o)
                              .\CortexM3\ARM_GCC_541\Debug\main.o (isr_2_StartEx)
.\CortexM3\ARM_GCC_541\Debug\7Seg_Display.a(isr_7Seg.o)
                              .\CortexM3\ARM_GCC_541\Debug\main.o (isr_7Seg_StartEx)
.\CortexM3\ARM_GCC_541\Debug\7Seg_Display.a(PGA_1.o)
                              .\CortexM3\ARM_GCC_541\Debug\main.o (PGA_1_Start)
.\CortexM3\ARM_GCC_541\Debug\7Seg_Display.a(Opamp_1.o)
                              .\CortexM3\ARM_GCC_541\Debug\main.o (Opamp_1_Start)
.\CortexM3\ARM_GCC_541\Debug\7Seg_Display.a(EEPROM_1.o)
                              .\CortexM3\ARM_GCC_541\Debug\main.o (EEPROM_1_Start)
.\CortexM3\ARM_GCC_541\Debug\7Seg_Display.a(Comp_1.o)
                              .\CortexM3\ARM_GCC_541\Debug\main.o (Comp_1_Start)
.\CortexM3\ARM_GCC_541\Debug\7Seg_Display.a(VDAC8_1.o)
                              .\CortexM3\ARM_GCC_541\Debug\main.o (VDAC8_1_Start)
.\CortexM3\ARM_GCC_541\Debug\7Seg_Display.a(Timer_1.o)
                              .\CortexM3\ARM_GCC_541\Debug\main.o (Timer_1_Stop)
.\CortexM3\ARM_GCC_541\Debug\7Seg_Display.a(Count7_1.o)
                              .\CortexM3\ARM_GCC_541\Debug\main.o (Count7_1_Start)
.\CortexM3\ARM_GCC_541\Debug\7Seg_Display.a(Control_Reg_1.o)
                              .\CortexM3\ARM_GCC_541\Debug\main.o (Control_Reg_1_Write)
.\CortexM3\ARM_GCC_541\Debug\7Seg_Display.a(isr_3.o)
                              .\CortexM3\ARM_GCC_541\Debug\main.o (isr_3_StartEx)
.\CortexM3\ARM_GCC_541\Debug\7Seg_Display.a(UART_1.o)
                              .\CortexM3\ARM_GCC_541\Debug\main.o (UART_1_Start)
.\CortexM3\ARM_GCC_541\Debug\7Seg_Display.a(UART_1_IntClock.o)
                              .\CortexM3\ARM_GCC_541\Debug\7Seg_Display.a(UART_1.o) (UART_1_IntClock_Start)
.\CortexM3\ARM_GCC_541\Debug\7Seg_Display.a(CyBootAsmGnu.o)
                              .\CortexM3\ARM_GCC_541\Debug\cyfitter_cfg.o (CyDelayCycles)
.\CortexM3\ARM_GCC_541\Debug\7Seg_Display.a(CyFlash.o)
                              .\CortexM3\ARM_GCC_541\Debug\7Seg_Display.a(EEPROM_1.o) (dieTemperature)
.\CortexM3\ARM_GCC_541\Debug\7Seg_Display.a(CySpc.o)
                              .\CortexM3\ARM_GCC_541\Debug\7Seg_Display.a(EEPROM_1.o) (CySpcStart)
d:/monash_apps/psoc creator/4.4/psoc creator/import/gnu/arm/5.4.1/bin/../lib/gcc/arm-none-eabi/5.4.1/armv7-m\libgcc.a(_arm_addsubdf3.o)
                              .\CortexM3\ARM_GCC_541\Debug\main.o (__aeabi_dsub)
d:/monash_apps/psoc creator/4.4/psoc creator/import/gnu/arm/5.4.1/bin/../lib/gcc/arm-none-eabi/5.4.1/armv7-m\libgcc.a(_arm_muldivdf3.o)
                              .\CortexM3\ARM_GCC_541\Debug\main.o (__aeabi_dmul)
d:/monash_apps/psoc creator/4.4/psoc creator/import/gnu/arm/5.4.1/bin/../lib/gcc/arm-none-eabi/5.4.1/armv7-m\libgcc.a(_arm_cmpdf2.o)
[...]
Memory Configuration

Name             Origin             Length             Attributes
rom              0x00000000         0x00040000         xr
ram              0x1fff8000         0x00010000         xrw
*default*        0x00000000         0xffffffff

Linker script and memory map

LOAD d:/monash_apps/psoc creator/4.4/psoc creator/import/gnu/arm/5.4.1/bin/../lib/gcc/arm-none-eabi/5.4.1/armv7-m/crti.o
LOAD d:/monash_apps/psoc creator/4.4/psoc creator/import/gnu/arm/5.4.1/bin/../lib/gcc/arm-none-eabi/5.4.1/armv7-m/crtbegin.o
LOAD d:/monash_apps/psoc creator/4.4/psoc creator/import/gnu/arm/5.4.1/bin/../lib/gcc/arm-none-eabi/5.4.1/../../../../arm-none-eabi/lib/armv7-m/crt0.o
START GROUP
LOAD .\CortexM3\ARM_GCC_541\Debug\main.o
LOAD .\CortexM3\ARM_GCC_541\Debug\cyfitter_cfg.o
LOAD .\CortexM3\ARM_GCC_541\Debug\cymetadata.o
LOAD .\CortexM3\ARM_GCC_541\Debug\Cm3Start.o
LOAD .\CortexM3\ARM_GCC_541\Debug\7Seg_Display.a
LOAD D:\Monash_Apps\PSoC Creator\4.4\PSoC Creator\psoc\content\cycomponentlibrary\CyComponentLibrary.cylib\CortexM3\ARM_GCC_541\Debug\CyComponentLibrary.a
END GROUP
START GROUP
LOAD d:/monash_apps/psoc creator/4.4/psoc creator/import/gnu/arm/5.4.1/bin/../lib/gcc/arm-none-eabi/5.4.1/armv7-m\libgcc.a
LOAD d:/monash_apps/psoc creator/4.4/psoc creator/import/gnu/arm/5.4.1/bin/../lib/gcc/arm-none-eabi/5.4.1/../../../../arm-none-eabi/lib/armv7-m\libg_nano.a
LOAD d:/monash_apps/psoc creator/4.4/psoc creator/import/gnu/arm/5.4.1/bin/../lib/gcc/arm-none-eabi/5.4.1/../../../../arm-none-eabi/lib/armv7-m\libc_nano.a
END GROUP
START GROUP
LOAD d:/monash_apps/psoc creator/4.4/psoc creator/import/gnu/arm/5.4.1/bin/../lib/gcc/arm-none-eabi/5.4.1/armv7-m\libgcc.a
LOAD d:/monash_apps/psoc creator/4.4/psoc creator/import/gnu/arm/5.4.1/bin/../lib/gcc/arm-none-eabi/5.4.1/../../../../arm-none-eabi/lib/armv7-m\libc_nano.a
END GROUP
LOAD d:/monash_apps/psoc creator/4.4/psoc creator/import/gnu/arm/5.4.1/bin/../lib/gcc/arm-none-eabi/5.4.1/armv7-m/crtend.o
LOAD d:/monash_apps/psoc creator/4.4/psoc creator/import/gnu/arm/5.4.1/bin/../lib/gcc/arm-none-eabi/5.4.1/armv7-m/crtn.o
START GROUP
LOAD d:/monash_apps/psoc creator/4.4/psoc creator/import/gnu/arm/5.4.1/bin/../lib/gcc/arm-none-eabi/5.4.1/armv7-m\libgcc.a
LOAD d:/monash_apps/psoc creator/4.4/psoc creator/import/gnu/arm/5.4.1/bin/../lib/gcc/arm-none-eabi/5.4.1/../../../../arm-none-eabi/lib/armv7-m\libc.a
LOAD d:/monash_apps/psoc creator/4.4/psoc creator/import/gnu/arm/5.4.1/bin/../lib/gcc/arm-none-eabi/5.4.1/../../../../arm-none-eabi/lib/armv7-m\libnosys.a
END GROUP
                0x00000000                CY_APPL_ORIGIN = 0x0
                0x00000100                CY_FLASH_ROW_SIZE = 0x100
                0x00000020                CY_ECC_ROW_SIZE = 0x20
                0x00000000                CY_EE_IN_BTLDR = 0x0
                0x00000000                CY_APPL_LOADABLE = 0x0
                0x00000800                CY_EE_SIZE = 0x800
                0x00000001                CY_APPL_NUM = 0x1
                0x00000001                CY_APPL_MAX = 0x1
                0x00000040                CY_METADATA_SIZE = 0x40
                0x00000000                CY_APPL_LOADABLE = 0x0
                0x00000000                CY_CHECKSUM_EXCLUDE_SIZE = ALIGN (0x0, CY_FLASH_ROW_SIZE)
                [!provide]                PROVIDE (__cy_heap_start, _end)
                0x00000001                PROVIDE (__cy_region_num, ((__cy_regions_end - __cy_regions) / 0x10))
                0x20008000                PROVIDE (__cy_stack, (ORIGIN (ram) + LENGTH (ram)))
                [!provide]                PROVIDE (__cy_heap_end, (__cy_stack - 0x800))

.cybootloader   0x00000000        0x0
 *(.cybootloader)
                0x00000000                appl1_start = CY_APPL_ORIGIN?CY_APPL_ORIGIN:ALIGN (CY_FLASH_ROW_SIZE)
                0x0001ff00                appl2_start = (appl1_start + ALIGN ((((LENGTH (rom) - appl1_start) - (0x2 * CY_FLASH_ROW_SIZE)) / 0x2), CY_FLASH_ROW_SIZE))
                0x00000000                appl_start = (CY_APPL_NUM == 0x1)?appl1_start:appl2_start
                0x00000000                ecc_offset = ((appl_start / CY_FLASH_ROW_SIZE) * CY_ECC_ROW_SIZE)
                0x00000000                ee_offset = (CY_APPL_LOADABLE && ! (CY_EE_IN_BTLDR))?((CY_EE_SIZE / CY_APPL_MAX) * (CY_APPL_NUM - 0x1)):0x0
                0x00000800                ee_size = (CY_APPL_LOADABLE && ! (CY_EE_IN_BTLDR))?(CY_EE_SIZE / CY_APPL_MAX):CY_EE_SIZE
                [!provide]                PROVIDE (CY_ECC_OFFSET, ecc_offset)

.text           0x00000000     0x1bf6
 CREATE_OBJECT_SYMBOLS
                0x00000000                PROVIDE (__cy_interrupt_vector, RomVectors)
 *(.romvectors)
 .romvectors    0x00000000       0x10 .\CortexM3\ARM_GCC_541\Debug\Cm3Start.o
                0x00000000                RomVectors
                0x00000001                ASSERT ((. != __cy_interrupt_vector), No interrupt vector)
                0x00000001                ASSERT (CY_APPL_ORIGIN?(SIZEOF (.cybootloader) <= CY_APPL_ORIGIN):0x1, Wrong image location)
                0x00000010                PROVIDE (__cy_reset, Reset)
 *(.text.Reset)
 .text.Reset    0x00000010       0x18 .\CortexM3\ARM_GCC_541\Debug\Cm3Start.o
                0x00000010                Reset
                0x00000001                ASSERT ((. != __cy_reset), No reset code)
 *(.dma_init)
                0x00000001                ASSERT ((((appl_start + .) <= 0x10000) || 0x1), DMA Init must be within the first 64k of flash)
 *(.text .text.* .gnu.linkonce.t.*)
 .text          0x00000028       0x5c d:/monash_apps/psoc creator/4.4/psoc creator/import/gnu/arm/5.4.1/bin/../lib/gcc/arm-none-eabi/5.4.1/armv7-m/crtbegin.o
 .text.ISR      0x00000084        0xc .\CortexM3\ARM_GCC_541\Debug\main.o
                0x00000084                ISR
 .text.MyCustomISR2
                0x00000090       0x1c .\CortexM3\ARM_GCC_541\Debug\main.o
                0x00000090                MyCustomISR2
 .text.MyCustomISR1
                0x000000ac       0x14 .\CortexM3\ARM_GCC_541\Debug\main.o
                0x000000ac                MyCustomISR1
 .text.MyCustomISR3
                0x000000c0       0x28 .\CortexM3\ARM_GCC_541\Debug\main.o
                0x000000c0                MyCustomISR3
 .text.draw_7Seg
                0x000000e8       0x88 .\CortexM3\ARM_GCC_541\Debug\main.o
                0x000000e8                draw_7Seg
 .text.display_num
                0x00000170      0x1f8 .\CortexM3\ARM_GCC_541\Debug\main.o
                0x00000170                display_num
 .text.main     0x00000368       0xbc .\CortexM3\ARM_GCC_541\Debug\main.o
                0x00000368                main
 .text.CyClockStartupError
                0x00000424        0x4 .\CortexM3\ARM_GCC_541\Debug\cyfitter_cfg.o
 .text.cfg_write_bytes32
                0x00000428       0x34 .\CortexM3\ARM_GCC_541\Debug\cyfitter_cfg.o
 .text.AnalogSetDefault
                0x0000045c       0x98 .\CortexM3\ARM_GCC_541\Debug\cyfitter_cfg.o
 .text.CYMEMZERO
                0x000004f4        0xc .\CortexM3\ARM_GCC_541\Debug\cyfitter_cfg.o
 .text.ClockSetup
                0x00000500      0x100 .\CortexM3\ARM_GCC_541\Debug\cyfitter_cfg.o
 .text.CYCONFIGCPY
                0x00000600        0x8 .\CortexM3\ARM_GCC_541\Debug\cyfitter_cfg.o
 .text.cyfitter_cfg
                0x00000608      0x158 .\CortexM3\ARM_GCC_541\Debug\cyfitter_cfg.o
                0x00000608                cyfitter_cfg
 .text.IntDefaultHandler
                0x00000760       0x10 .\CortexM3\ARM_GCC_541\Debug\Cm3Start.o
                0x00000760                IntDefaultHandler
 .text.Start_c  0x00000770       0x4c .\CortexM3\ARM_GCC_541\Debug\Cm3Start.o
                0x00000770                Start_c
 .text.initialize_psoc
                0x000007bc       0x68 .\CortexM3\ARM_GCC_541\Debug\Cm3Start.o
                0x000007bc                initialize_psoc
 .text.Dis_A_Write
                0x00000824       0x18 .\CortexM3\ARM_GCC_541\Debug\7Seg_Display.a(Dis_A.o)
                0x00000824                Dis_A_Write
 .text.Dis_B_Write
                0x0000083c       0x18 .\CortexM3\ARM_GCC_541\Debug\7Seg_Display.a(Dis_B.o)
                0x0000083c                Dis_B_Write
 .text.Dis_C_Write
                0x00000854       0x18 .\CortexM3\ARM_GCC_541\Debug\7Seg_Display.a(Dis_C.o)
                0x00000854                Dis_C_Write
 .text.Dis_D_Write
                0x0000086c       0x18 .\CortexM3\ARM_GCC_541\Debug\7Seg_Display.a(Dis_D.o)
                0x0000086c                Dis_D_Write
 .text.Dis_E_Write
                0x00000884       0x18 .\CortexM3\ARM_GCC_541\Debug\7Seg_Display.a(Dis_E.o)
                0x00000884                Dis_E_Write
 .text.Dis_F_Write
                0x0000089c       0x18 .\CortexM3\ARM_GCC_541\Debug\7Seg_Display.a(Dis_F.o)
                0x0000089c                Dis_F_Write
 .text.Dis_G_Write
                0x000008b4       0x18 .\CortexM3\ARM_GCC_541\Debug\7Seg_Display.a(Dis_G.o)
                0x000008b4                Dis_G_Write
 .text.Dis_DP_Write
                0x000008cc       0x18 .\CortexM3\ARM_GCC_541\Debug\7Seg_Display.a(Dis_DP.o)
                0x000008cc                Dis_DP_Write
 .text.Dis_D1_Write
                0x000008e4       0x18 .\CortexM3\ARM_GCC_541\Debug\7Seg_Display.a(Dis_D1.o)
                0x000008e4                Dis_D1_Write
 .text.Dis_D2_Write
                0x000008fc       0x18 .\CortexM3\ARM_GCC_541\Debug\7Seg_Display.a(Dis_D2.o)
                0x000008fc                Dis_D2_Write
 .text.Dis_D3_Write
                0x00000914       0x18 .\CortexM3\ARM_GCC_541\Debug\7Seg_Display.a(Dis_D3.o)
                0x00000914                Dis_D3_Write
 .text.Dis_D4_Write
                0x0000092c       0x18 .\CortexM3\ARM_GCC_541\Debug\7Seg_Display.a(Dis_D4.o)
                0x0000092c                Dis_D4_Write
 .text.CyDelayUs
                0x00000944       0x14 .\CortexM3\ARM_GCC_541\Debug\7Seg_Display.a(CyLib.o)
                0x00000944                CyDelayUs
 .text.isr_1_SetVector
                0x00000958        0xc .\CortexM3\ARM_GCC_541\Debug\7Seg_Display.a(isr_1.o)
                0x00000958                isr_1_SetVector
 .text.isr_1_SetPriority
                0x00000964       0x10 .\CortexM3\ARM_GCC_541\Debug\7Seg_Display.a(isr_1.o)
                0x00000964                isr_1_SetPriority
 .text.isr_1_Enable
                0x00000974        0xc .\CortexM3\ARM_GCC_541\Debug\7Seg_Display.a(isr_1.o)
                0x00000974                isr_1_Enable
 .text.isr_1_Disable
                0x00000980        0xc .\CortexM3\ARM_GCC_541\Debug\7Seg_Display.a(isr_1.o)
                0x00000980                isr_1_Disable
 .text.isr_1_StartEx
                0x0000098c       0x1c .\CortexM3\ARM_GCC_541\Debug\7Seg_Display.a(isr_1.o)
                0x0000098c                isr_1_StartEx
 .text.isr_1_ClearPending
                0x000009a8        0xc .\CortexM3\ARM_GCC_541\Debug\7Seg_Display.a(isr_1.o)
                0x000009a8                isr_1_ClearPending
 .text.isr_2_SetVector
                0x000009b4        0xc .\CortexM3\ARM_GCC_541\Debug\7Seg_Display.a(isr_2.o)
                0x000009b4                isr_2_SetVector
 .text.isr_2_SetPriority
                0x000009c0       0x10 .\CortexM3\ARM_GCC_541\Debug\7Seg_Display.a(isr_2.o)
                0x000009c0                isr_2_SetPriority
 .text.isr_2_Enable
                0x000009d0        0xc .\CortexM3\ARM_GCC_541\Debug\7Seg_Display.a(isr_2.o)
                0x000009d0                isr_2_Enable
 .text.isr_2_Disable
                0x000009dc        0xc .\CortexM3\ARM_GCC_541\Debug\7Seg_Display.a(isr_2.o)
                0x000009dc                isr_2_Disable
 .text.isr_2_StartEx
                0x000009e8       0x1c .\CortexM3\ARM_GCC_541\Debug\7Seg_Display.a(isr_2.o)
                0x000009e8                isr_2_StartEx
 .text.isr_2_ClearPending
                0x00000a04        0xc .\CortexM3\ARM_GCC_541\Debug\7Seg_Display.a(isr_2.o)
                0x00000a04                isr_2_ClearPending
 .text.isr_7Seg_SetVector
                0x00000a10        0xc .\CortexM3\ARM_GCC_541\Debug\7Seg_Display.a(isr_7Seg.o)
                0x00000a10                isr_7Seg_SetVector
 .text.isr_7Seg_SetPriority
                0x00000a1c       0x10 .\CortexM3\ARM_GCC_541\Debug\7Seg_Display.a(isr_7Seg.o)
                0x00000a1c                isr_7Seg_SetPriority
 .text.isr_7Seg_Enable
                0x00000a2c        0xc .\CortexM3\ARM_GCC_541\Debug\7Seg_Display.a(isr_7Seg.o)
                0x00000a2c                isr_7Seg_Enable
 .text.isr_7Seg_Disable
                0x00000a38        0xc .\CortexM3\ARM_GCC_541\Debug\7Seg_Display.a(isr_7Seg.o)
                0x00000a38                isr_7Seg_Disable
 .text.isr_7Seg_StartEx
                0x00000a44       0x1c .\CortexM3\ARM_GCC_541\Debug\7Seg_Display.a(isr_7Seg.o)
                0x00000a44                isr_7Seg_StartEx
 .text.isr_7Seg_ClearPending
                0x00000a60        0xc .\CortexM3\ARM_GCC_541\Debug\7Seg_Display.a(isr_7Seg.o)
                0x00000a60                isr_7Seg_ClearPending
 .text.PGA_1_Enable
                0x00000a6c       0x28 .\CortexM3\ARM_GCC_541\Debug\7Seg_Display.a(PGA_1.o)
                0x00000a6c                PGA_1_Enable
 .text.PGA_1_SetPower
                0x00000a94       0x18 .\CortexM3\ARM_GCC_541\Debug\7Seg_Display.a(PGA_1.o)
                0x00000a94                PGA_1_SetPower
 .text.PGA_1_SetGain
                0x00000aac       0x78 .\CortexM3\ARM_GCC_541\Debug\7Seg_Display.a(PGA_1.o)
                0x00000aac                PGA_1_SetGain
 .text.PGA_1_Init
                0x00000b24       0x34 .\CortexM3\ARM_GCC_541\Debug\7Seg_Display.a(PGA_1.o)
                0x00000b24                PGA_1_Init
 .text.PGA_1_Start
                0x00000b58       0x1c .\CortexM3\ARM_GCC_541\Debug\7Seg_Display.a(PGA_1.o)
                0x00000b58                PGA_1_Start
 .text.Opamp_1_Enable
                0x00000b74       0x28 .\CortexM3\ARM_GCC_541\Debug\7Seg_Display.a(Opamp_1.o)
                0x00000b74                Opamp_1_Enable
 .text.Opamp_1_SetPower
                0x00000b9c       0x1c .\CortexM3\ARM_GCC_541\Debug\7Seg_Display.a(Opamp_1.o)
                0x00000b9c                Opamp_1_SetPower
 .text.Opamp_1_Init
                0x00000bb8        0xc .\CortexM3\ARM_GCC_541\Debug\7Seg_Display.a(Opamp_1.o)
                0x00000bb8                Opamp_1_Init
 .text.Opamp_1_Start
                0x00000bc4       0x1c .\CortexM3\ARM_GCC_541\Debug\7Seg_Display.a(Opamp_1.o)
                0x00000bc4                Opamp_1_Start
 .text.EEPROM_1_Enable
                0x00000be0        0xc .\CortexM3\ARM_GCC_541\Debug\7Seg_Display.a(EEPROM_1.o)
                0x00000be0                EEPROM_1_Enable
 .text.EEPROM_1_Start
                0x00000bec        0x8 .\CortexM3\ARM_GCC_541\Debug\7Seg_Display.a(EEPROM_1.o)
                0x00000bec                EEPROM_1_Start
 .text.Comp_1_Enable
                0x00000bf4       0x1c .\CortexM3\ARM_GCC_541\Debug\7Seg_Display.a(Comp_1.o)
                0x00000bf4                Comp_1_Enable
 .text.Comp_1_SetSpeed
                0x00000c10       0x58 .\CortexM3\ARM_GCC_541\Debug\7Seg_Display.a(Comp_1.o)
                0x00000c10                Comp_1_SetSpeed
 .text.Comp_1_Init
                0x00000c68       0x3c .\CortexM3\ARM_GCC_541\Debug\7Seg_Display.a(Comp_1.o)
                0x00000c68                Comp_1_Init
 .text.Comp_1_Start
                0x00000ca4       0x1c .\CortexM3\ARM_GCC_541\Debug\7Seg_Display.a(Comp_1.o)
                0x00000ca4                Comp_1_Start
 .text.VDAC8_1_Enable
                0x00000cc0       0x1c .\CortexM3\ARM_GCC_541\Debug\7Seg_Display.a(VDAC8_1.o)
                0x00000cc0                VDAC8_1_Enable
 .text.VDAC8_1_SetSpeed
                0x00000cdc       0x1c .\CortexM3\ARM_GCC_541\Debug\7Seg_Display.a(VDAC8_1.o)
                0x00000cdc                VDAC8_1_SetSpeed
 .text.VDAC8_1_SetValue
                0x00000cf8        0xc .\CortexM3\ARM_GCC_541\Debug\7Seg_Display.a(VDAC8_1.o)
                0x00000cf8                VDAC8_1_SetValue
 .text.VDAC8_1_DacTrim
                0x00000d04       0x24 .\CortexM3\ARM_GCC_541\Debug\7Seg_Display.a(VDAC8_1.o)
                0x00000d04                VDAC8_1_DacTrim
 .text.VDAC8_1_SetRange
                0x00000d28       0x20 .\CortexM3\ARM_GCC_541\Debug\7Seg_Display.a(VDAC8_1.o)
                0x00000d28                VDAC8_1_SetRange
 .text.VDAC8_1_Init
                0x00000d48       0x20 .\CortexM3\ARM_GCC_541\Debug\7Seg_Display.a(VDAC8_1.o)
                0x00000d48                VDAC8_1_Init
 .text.VDAC8_1_Start
                0x00000d68       0x24 .\CortexM3\ARM_GCC_541\Debug\7Seg_Display.a(VDAC8_1.o)
                0x00000d68                VDAC8_1_Start
 .text.Timer_1_Enable
                0x00000d8c       0x10 .\CortexM3\ARM_GCC_541\Debug\7Seg_Display.a(Timer_1.o)
                0x00000d8c                Timer_1_Enable
 .text.Timer_1_Stop
                0x00000d9c       0x10 .\CortexM3\ARM_GCC_541\Debug\7Seg_Display.a(Timer_1.o)
                0x00000d9c                Timer_1_Stop
 .text.Timer_1_SetInterruptMode
                0x00000dac        0xc .\CortexM3\ARM_GCC_541\Debug\7Seg_Display.a(Timer_1.o)
                0x00000dac                Timer_1_SetInterruptMode
 .text.Timer_1_ReadStatusRegister
                0x00000db8        0xc .\CortexM3\ARM_GCC_541\Debug\7Seg_Display.a(Timer_1.o)
                0x00000db8                Timer_1_ReadStatusRegister
 .text.Timer_1_ReadPeriod
                0x00000dc4        0xc .\CortexM3\ARM_GCC_541\Debug\7Seg_Display.a(Timer_1.o)
                0x00000dc4                Timer_1_ReadPeriod
 .text.Timer_1_WritePeriod
                0x00000dd0        0xc .\CortexM3\ARM_GCC_541\Debug\7Seg_Display.a(Timer_1.o)
                0x00000dd0                Timer_1_WritePeriod
 .text.Timer_1_ReadCapture
                0x00000ddc        0xc .\CortexM3\ARM_GCC_541\Debug\7Seg_Display.a(Timer_1.o)
                0x00000ddc                Timer_1_ReadCapture
 .text.Timer_1_WriteCounter
                0x00000de8        0xc .\CortexM3\ARM_GCC_541\Debug\7Seg_Display.a(Timer_1.o)
                0x00000de8                Timer_1_WriteCounter
 .text.Timer_1_ReadCounter
                0x00000df4       0x14 .\CortexM3\ARM_GCC_541\Debug\7Seg_Display.a(Timer_1.o)
                0x00000df4                Timer_1_ReadCounter
 .text.Timer_1_SetInterruptCount
                0x00000e08       0x1c .\CortexM3\ARM_GCC_541\Debug\7Seg_Display.a(Timer_1.o)
                0x00000e08                Timer_1_SetInterruptCount
 .text.Timer_1_ClearFIFO
                0x00000e24       0x14 .\CortexM3\ARM_GCC_541\Debug\7Seg_Display.a(Timer_1.o)
                0x00000e24                Timer_1_ClearFIFO
 .text.Timer_1_Init
                0x00000e38       0x3c .\CortexM3\ARM_GCC_541\Debug\7Seg_Display.a(Timer_1.o)
                0x00000e38                Timer_1_Init
 .text.Timer_1_Start
                0x00000e74       0x1c .\CortexM3\ARM_GCC_541\Debug\7Seg_Display.a(Timer_1.o)
                0x00000e74                Timer_1_Start
 .text.Count7_1_Init
                0x00000e90        0xc .\CortexM3\ARM_GCC_541\Debug\7Seg_Display.a(Count7_1.o)
                0x00000e90                Count7_1_Init
 .text.Count7_1_Enable
                0x00000e9c       0x1c .\CortexM3\ARM_GCC_541\Debug\7Seg_Display.a(Count7_1.o)
                0x00000e9c                Count7_1_Enable
 .text.Count7_1_Start
                0x00000eb8       0x1c .\CortexM3\ARM_GCC_541\Debug\7Seg_Display.a(Count7_1.o)
                0x00000eb8                Count7_1_Start
 .text.Control_Reg_1_Write
                0x00000ed4        0xc .\CortexM3\ARM_GCC_541\Debug\7Seg_Display.a(Control_Reg_1.o)
                0x00000ed4                Control_Reg_1_Write
 .text.isr_3_SetVector
                0x00000ee0        0xc .\CortexM3\ARM_GCC_541\Debug\7Seg_Display.a(isr_3.o)
                0x00000ee0                isr_3_SetVector
 .text.isr_3_SetPriority
                0x00000eec       0x10 .\CortexM3\ARM_GCC_541\Debug\7Seg_Display.a(isr_3.o)
                0x00000eec                isr_3_SetPriority
 .text.isr_3_Enable
                0x00000efc        0xc .\CortexM3\ARM_GCC_541\Debug\7Seg_Display.a(isr_3.o)
                0x00000efc                isr_3_Enable
 .text.isr_3_Disable
                0x00000f08        0xc .\CortexM3\ARM_GCC_541\Debug\7Seg_Display.a(isr_3.o)
                0x00000f08                isr_3_Disable
 .text.isr_3_StartEx
                0x00000f14       0x1c .\CortexM3\ARM_GCC_541\Debug\7Seg_Display.a(isr_3.o)
                0x00000f14                isr_3_StartEx
 .text.isr_3_ClearPending
                0x00000f30        0xc .\CortexM3\ARM_GCC_541\Debug\7Seg_Display.a(isr_3.o)
                0x00000f30                isr_3_ClearPending
 .text.UART_1_Init
                0x00000f3c       0x28 .\CortexM3\ARM_GCC_541\Debug\7Seg_Display.a(UART_1.o)
                0x00000f3c                UART_1_Init
 .text.UART_1_Enable
                0x00000f64       0x38 .\CortexM3\ARM_GCC_541\Debug\7Seg_Display.a(UART_1.o)
                0x00000f64                UART_1_Enable
 .text.UART_1_Start
                0x00000f9c       0x1c .\CortexM3\ARM_GCC_541\Debug\7Seg_Display.a(UART_1.o)
                0x00000f9c                UART_1_Start
 .text.UART_1_PutChar
                0x00000fb8       0x18 .\CortexM3\ARM_GCC_541\Debug\7Seg_Display.a(UART_1.o)
                0x00000fb8                UART_1_PutChar
 .text.UART_1_PutString
                0x00000fd0       0x24 .\CortexM3\ARM_GCC_541\Debug\7Seg_Display.a(UART_1.o)
                0x00000fd0                UART_1_PutString
 .text.UART_1_IntClock_Start
                0x00000ff4       0x1c .\CortexM3\ARM_GCC_541\Debug\7Seg_Display.a(UART_1_IntClock.o)
                0x00000ff4                UART_1_IntClock_Start
 .text          0x00001010       0x20 .\CortexM3\ARM_GCC_541\Debug\7Seg_Display.a(CyBootAsmGnu.o)
                0x00001010                CyDelayCycles
                0x00001020                CyEnterCriticalSection
                0x00001028                CyExitCriticalSection
 .text.CySetTempInt
                0x00001030       0x60 .\CortexM3\ARM_GCC_541\Debug\7Seg_Display.a(CyFlash.o)
 .text.CyFlashGetSpcAlgorithm
                0x00001090       0x4c .\CortexM3\ARM_GCC_541\Debug\7Seg_Display.a(CyFlash.o)
                0x00001090                CyFlashGetSpcAlgorithm
 .text.CySetTemp
                0x000010dc       0x14 .\CortexM3\ARM_GCC_541\Debug\7Seg_Display.a(CyFlash.o)
                0x000010dc                CySetTemp
 .text.CyEEPROM_Start
                0x000010f0       0x54 .\CortexM3\ARM_GCC_541\Debug\7Seg_Display.a(CyFlash.o)
                0x000010f0                CyEEPROM_Start
 .text.CySpcStart
                0x00001144       0x24 .\CortexM3\ARM_GCC_541\Debug\7Seg_Display.a(CySpc.o)
                0x00001144                CySpcStart
 .text.CySpcReadData
                0x00001168       0x34 .\CortexM3\ARM_GCC_541\Debug\7Seg_Display.a(CySpc.o)
                0x00001168                CySpcReadData
 .text.CySpcGetTemp
                0x0000119c       0x3c .\CortexM3\ARM_GCC_541\Debug\7Seg_Display.a(CySpc.o)
                0x0000119c                CySpcGetTemp
 .text.CySpcLock
                0x000011d8       0x4c .\CortexM3\ARM_GCC_541\Debug\7Seg_Display.a(CySpc.o)
                0x000011d8                CySpcLock
 .text.CySpcUnlock
                0x00001224       0x38 .\CortexM3\ARM_GCC_541\Debug\7Seg_Display.a(CySpc.o)
                0x00001224                CySpcUnlock
 .text.CySpcGetAlgorithm
                0x0000125c       0x28 .\CortexM3\ARM_GCC_541\Debug\7Seg_Display.a(CySpc.o)
                0x0000125c                CySpcGetAlgorithm
 .text          0x00001284      0x370 d:/monash_apps/psoc creator/4.4/psoc creator/import/gnu/arm/5.4.1/bin/../lib/gcc/arm-none-eabi/5.4.1/armv7-m\libgcc.a(_arm_addsubdf3.o)
                0x00001284                __aeabi_drsub
                0x0000128c                __aeabi_dsub
                0x0000128c                __subdf3
                0x00001290                __aeabi_dadd
                0x00001290                __adddf3
                0x00001508                __floatunsidf
                0x00001508                __aeabi_ui2d
                0x00001528                __floatsidf
                0x00001528                __aeabi_i2d
                0x0000154c                __aeabi_f2d
                0x0000154c                __extendsfdf2
                0x00001588                __floatundidf
                0x00001588                __aeabi_ul2d
                0x00001598                __floatdidf
                0x00001598                __aeabi_l2d
 .text          0x000015f4      0x424 d:/monash_apps/psoc creator/4.4/psoc creator/import/gnu/arm/5.4.1/bin/../lib/gcc/arm-none-eabi/5.4.1/armv7-m\libgcc.a(_arm_muldivdf3.o)
                0x000015f4                __aeabi_dmul
                0x000015f4                __muldf3
                0x00001848                __divdf3
                0x00001848                __aeabi_ddiv
 .text          0x00001a18      0x110 d:/monash_apps/psoc creator/4.4/psoc creator/import/gnu/arm/5.4.1/bin/../lib/gcc/arm-none-eabi/5.4.1/armv7-m\libgcc.a(_arm_cmpdf2.o)
                0x00001a18                __gtdf2
                0x00001a18                __gedf2
                0x00001a20                __ltdf2
                0x00001a20                __ledf2
                0x00001a28                __nedf2
                0x00001a28                __eqdf2
                0x00001a28                __cmpdf2
                0x00001aa4                __aeabi_cdrcmple
                0x00001ab4                __aeabi_cdcmpeq
                0x00001ab4                __aeabi_cdcmple
                0x00001ac4                __aeabi_dcmpeq
                0x00001ad8                __aeabi_dcmplt
                0x00001aec                __aeabi_dcmple
                0x00001b00                __aeabi_dcmpge
                0x00001b14                __aeabi_dcmpgt
 .text          0x00001b28       0x50 d:/monash_apps/psoc creator/4.4/psoc creator/import/gnu/arm/5.4.1/bin/../lib/gcc/arm-none-eabi/5.4.1/armv7-m\libgcc.a(_arm_fixdfsi.o)
                0x00001b28                __aeabi_d2iz
                0x00001b28                __fixdfsi
 .text.__errno  0x00001b78        0xc d:/monash_apps/psoc creator/4.4/psoc creator/import/gnu/arm/5.4.1/bin/../lib/gcc/arm-none-eabi/5.4.1/../../../../arm-none-eabi/lib/armv7-m\libg_nano.a(lib_a-errno.o)
                0x00001b78                __errno
 .text.__libc_init_array
                0x00001b84       0x4c d:/monash_apps/psoc creator/4.4/psoc creator/import/gnu/arm/5.4.1/bin/../lib/gcc/arm-none-eabi/5.4.1/../../../../arm-none-eabi/lib/armv7-m\libg_nano.a(lib_a-init.o)
                0x00001b84                __libc_init_array
 .text.memcpy   0x00001bd0       0x16 d:/monash_apps/psoc creator/4.4/psoc creator/import/gnu/arm/5.4.1/bin/../lib/gcc/arm-none-eabi/5.4.1/../../../../arm-none-eabi/lib/armv7-m\libg_nano.a(lib_a-memcpy-stub.o)
                0x00001bd0                memcpy
 .text.memset   0x00001be6       0x10 d:/monash_apps/psoc creator/4.4/psoc creator/import/gnu/arm/5.4.1/bin/../lib/gcc/arm-none-eabi/5.4.1/../../../../arm-none-eabi/lib/armv7-m\libg_nano.a(lib_a-memset.o)
                0x00001be6                memset
 *(.plt)
 *(.gnu.warning)
 *(.glue_7t)
 .glue_7t       0x00001bf6        0x0 linker stubs
 *(.glue_7)
 .glue_7        0x00001bf6        0x0 linker stubs
 *(.vfp11_veneer)
 .vfp11_veneer  0x00001bf6        0x0 linker stubs
 *(.bootloader)
 *(.ARM.extab* .gnu.linkonce.armextab.*)
 *(.gcc_except_table)

.v4_bx          0x00001bf8        0x0
 .v4_bx         0x00001bf8        0x0 linker stubs

.iplt           0x00001bf8        0x0
 .iplt          0x00001bf8        0x0 d:/monash_apps/psoc creator/4.4/psoc creator/import/gnu/arm/5.4.1/bin/../lib/gcc/arm-none-eabi/5.4.1/armv7-m/crtbegin.o

.eh_frame_hdr
 *(.eh_frame_hdr)

.eh_frame       0x00001bf8        0x4
 *(.eh_frame)
 .eh_frame      0x00001bf8        0x0 d:/monash_apps/psoc creator/4.4/psoc creator/import/gnu/arm/5.4.1/bin/../lib/gcc/arm-none-eabi/5.4.1/armv7-m/crtbegin.o
 .eh_frame      0x00001bf8        0x4 d:/monash_apps/psoc creator/4.4/psoc creator/import/gnu/arm/5.4.1/bin/../lib/gcc/arm-none-eabi/5.4.1/armv7-m/crtend.o
                [!provide]                PROVIDE (__exidx_start, .)

.ARM.exidx
 *(.ARM.exidx* .gnu.linkonce.armexidx.*)
                0x00001bfc                __exidx_end = .

.rodata         0x00001bfc       0xec
 *(.rodata .rodata.* .gnu.linkonce.r.*)
 .rodata        0x00001bfc       0x58 .\CortexM3\ARM_GCC_541\Debug\main.o
                0x00001bfc                charLookup
 .rodata.str1.4
                0x00001c54        0x8 .\CortexM3\ARM_GCC_541\Debug\main.o
                                  0x6 (size before relaxing)
 .rodata        0x00001c5c       0x40 .\CortexM3\ARM_GCC_541\Debug\cyfitter_cfg.o
 .rodata        0x00001c9c       0x15 .\CortexM3\ARM_GCC_541\Debug\7Seg_Display.a(PGA_1.o)
 .rodata.str1.1
                0x00001cb1        0x2 d:/monash_apps/psoc creator/4.4/psoc creator/import/gnu/arm/5.4.1/bin/../lib/gcc/arm-none-eabi/5.4.1/../../../../arm-none-eabi/lib/armv7-m\libg_nano.a(lib_a-impure.o)
                0x00001cb4                . = ALIGN (0x4)
 *fill*         0x00001cb3        0x1 
 *(.init)
 .init          0x00001cb4        0x4 d:/monash_apps/psoc creator/4.4/psoc creator/import/gnu/arm/5.4.1/bin/../lib/gcc/arm-none-eabi/5.4.1/armv7-m/crti.o
                0x00001cb4                _init
 .init          0x00001cb8        0x8 d:/monash_apps/psoc creator/4.4/psoc creator/import/gnu/arm/5.4.1/bin/../lib/gcc/arm-none-eabi/5.4.1/armv7-m/crtn.o
                0x00001cc0                . = ALIGN (0x4)
                0x00001cc0                __preinit_array_start = .
 *(.preinit_array)
                0x00001cc0                __preinit_array_end = .
                0x00001cc0                . = ALIGN (0x4)
                0x00001cc0                __init_array_start = .
 *(SORT(.init_array.*))
 *(.init_array)
 .init_array    0x00001cc0        0x4 d:/monash_apps/psoc creator/4.4/psoc creator/import/gnu/arm/5.4.1/bin/../lib/gcc/arm-none-eabi/5.4.1/armv7-m/crtbegin.o
 .init_array    0x00001cc4        0x4 .\CortexM3\ARM_GCC_541\Debug\Cm3Start.o
                0x00001cc8                __init_array_end = .
                0x00001cc8                . = ALIGN (0x4)
 *(.fini)
 .fini          0x00001cc8        0x4 d:/monash_apps/psoc creator/4.4/psoc creator/import/gnu/arm/5.4.1/bin/../lib/gcc/arm-none-eabi/5.4.1/armv7-m/crti.o
                0x00001cc8                _fini
 .fini          0x00001ccc        0x8 d:/monash_apps/psoc creator/4.4/psoc creator/import/gnu/arm/5.4.1/bin/../lib/gcc/arm-none-eabi/5.4.1/armv7-m/crtn.o
                0x00001cd4                . = ALIGN (0x4)
                0x00001cd4                __fini_array_start = .
 *(.fini_array)
 .fini_array    0x00001cd4        0x4 d:/monash_apps/psoc creator/4.4/psoc creator/import/gnu/arm/5.4.1/bin/../lib/gcc/arm-none-eabi/5.4.1/armv7-m/crtbegin.o
 *(SORT(.fini_array.*))
                0x00001cd8                __fini_array_end = .
                0x00001cd8                . = ALIGN (0x4)
 *crtbegin.o(.ctors)
 *(EXCLUDE_FILE(*crtend.o) .ctors)
 *(SORT(.ctors.*))
 *crtend.o(.ctors)
                0x00001cd8                . = ALIGN (0x4)
 *crtbegin.o(.dtors)
 *(EXCLUDE_FILE(*crtend.o) .dtors)
 *(SORT(.dtors.*))
 *crtend.o(.dtors)
                0x00001cd8                . = ALIGN (0x4)
                0x00001cd8                __cy_regions = .
                0x00001cd8        0x4 LONG 0x1ce8 __cy_region_init_ram
                0x00001cdc        0x4 LONG 0x1fff80c8 __cy_region_start_data
                0x00001ce0        0x4 LONG 0x78 __cy_region_init_size_ram
                0x00001ce4        0x4 LONG 0xb8 __cy_region_zero_size_ram
                0x00001ce8                __cy_regions_end = .
                0x00001ce8                . = ALIGN (0x8)
                0x00001ce8                _etext = .

.cy_checksum_exclude
                0x00001ce8        0x0
 *(.cy_checksum_exclude)

.ramvectors     0x1fff8000       0xc0
                0x1fff8000                __cy_region_start_ram = .
 *(.ramvectors)
 .ramvectors    0x1fff8000       0xc0 .\CortexM3\ARM_GCC_541\Debug\Cm3Start.o
                0x1fff8000                CyRamVectors

.noinit         0x1fff80c0        0x1
 *(.noinit)
 .noinit        0x1fff80c0        0x1 .\CortexM3\ARM_GCC_541\Debug\7Seg_Display.a(CyLib.o)
                0x1fff80c0                CyResetStatus

.data           0x1fff80c8       0x78 load address 0x00001ce8
                0x1fff80c8                __cy_region_start_data = .
 *(.jcr)
 .jcr           0x1fff80c8        0x0 d:/monash_apps/psoc creator/4.4/psoc creator/import/gnu/arm/5.4.1/bin/../lib/gcc/arm-none-eabi/5.4.1/armv7-m/crtbegin.o
 .jcr           0x1fff80c8        0x4 d:/monash_apps/psoc creator/4.4/psoc creator/import/gnu/arm/5.4.1/bin/../lib/gcc/arm-none-eabi/5.4.1/armv7-m/crtend.o
 *(.got.plt)
 *(.got)
 *(.shdata)
 *(.data .data.* .gnu.linkonce.d.*)
 .data          0x1fff80cc       0x10 .\CortexM3\ARM_GCC_541\Debug\7Seg_Display.a(CyLib.o)
                0x1fff80cc                cydelay_32k_ms
                0x1fff80d0                cydelay_freq_khz
                0x1fff80d4                cydelay_freq_mhz
                0x1fff80d8                cydelay_freq_hz
 .data.impure_data
                0x1fff80dc       0x60 d:/monash_apps/psoc creator/4.4/psoc creator/import/gnu/arm/5.4.1/bin/../lib/gcc/arm-none-eabi/5.4.1/../../../../arm-none-eabi/lib/armv7-m\libg_nano.a(lib_a-impure.o)
 .data._impure_ptr
                0x1fff813c        0x4 d:/monash_apps/psoc creator/4.4/psoc creator/import/gnu/arm/5.4.1/bin/../lib/gcc/arm-none-eabi/5.4.1/../../../../arm-none-eabi/lib/armv7-m\libg_nano.a(lib_a-impure.o)
                0x1fff813c                _impure_ptr
                0x1fff8140                . = ALIGN (0x8)
 *(.ram)
                0x1fff8140                _edata = .

.igot.plt       0x1fff8140        0x0 load address 0x00001d60
 .igot.plt      0x1fff8140        0x0 d:/monash_apps/psoc creator/4.4/psoc creator/import/gnu/arm/5.4.1/bin/../lib/gcc/arm-none-eabi/5.4.1/armv7-m/crtbegin.o

.bss            0x1fff8140       0xb8 load address 0x00001d60
                0x1fff8140                PROVIDE (__bss_start__, .)
 *(.shbss)
 *(.bss .bss.* .gnu.linkonce.b.*)
 .bss           0x1fff8140       0x1c d:/monash_apps/psoc creator/4.4/psoc creator/import/gnu/arm/5.4.1/bin/../lib/gcc/arm-none-eabi/5.4.1/armv7-m/crtbegin.o
 *fill*         0x1fff815c        0x4 
 .bss           0x1fff8160       0x50 .\CortexM3\ARM_GCC_541\Debug\main.o
                0x1fff8160                run_7_Seg
                0x1fff8164                time_passed_step
                0x1fff8168                old_dis_val
                0x1fff8170                D
                0x1fff8180                dp
                0x1fff8190                count
                0x1fff8198                value
                0x1fff81a0                distance
                0x1fff81a8                counter
 .bss           0x1fff81b0        0x1 .\CortexM3\ARM_GCC_541\Debug\7Seg_Display.a(PGA_1.o)
                0x1fff81b0                PGA_1_initVar
 .bss           0x1fff81b1        0x1 .\CortexM3\ARM_GCC_541\Debug\7Seg_Display.a(Opamp_1.o)
                0x1fff81b1                Opamp_1_initVar
 .bss           0x1fff81b2        0x1 .\CortexM3\ARM_GCC_541\Debug\7Seg_Display.a(Comp_1.o)
                0x1fff81b2                Comp_1_initVar
 .bss           0x1fff81b3        0x1 .\CortexM3\ARM_GCC_541\Debug\7Seg_Display.a(VDAC8_1.o)
                0x1fff81b3                VDAC8_1_initVar
 .bss           0x1fff81b4        0x1 .\CortexM3\ARM_GCC_541\Debug\7Seg_Display.a(Timer_1.o)
                0x1fff81b4                Timer_1_initVar
 .bss           0x1fff81b5        0x1 .\CortexM3\ARM_GCC_541\Debug\7Seg_Display.a(Count7_1.o)
                0x1fff81b5                Count7_1_initVar
 .bss           0x1fff81b6        0x2 .\CortexM3\ARM_GCC_541\Debug\7Seg_Display.a(UART_1.o)
                0x1fff81b6                UART_1_initVar
 .bss           0x1fff81b8        0x8 .\CortexM3\ARM_GCC_541\Debug\7Seg_Display.a(CySpc.o)
                0x1fff81b8                SpcLockState
 *(COMMON)
 COMMON         0x1fff81c0       0x30 .\CortexM3\ARM_GCC_541\Debug\main.o
                0x1fff81c0                InterruptCnt
                0x1fff81c4                value_text
                0x1fff81d4                segmentPattern_array
 COMMON         0x1fff81f0        0x2 .\CortexM3\ARM_GCC_541\Debug\7Seg_Display.a(CyFlash.o)
                0x1fff81f0                dieTemperature
                0x1fff81f8                . = ALIGN (0x8)
 *fill*         0x1fff81f2        0x6 
 *(.ram.b)
                0x1fff81f8                _end = .
                0x1fff81f8                __end = .
                0x1fff81f8                PROVIDE (end, .)
                0x1fff81f8                PROVIDE (__bss_end__, .)
                0x00001ce8                __cy_region_init_ram = LOADADDR (.data)
                0x00000078                __cy_region_init_size_ram = (_edata - ADDR (.data))
                0x000000b8                __cy_region_zero_size_ram = (_end - _edata)

.heap           0x1fff81f8       0x80 load address 0x00001d60
                0x1fff81f8                . = _end
                0x1fff8278                . = (. + 0x80)
 *fill*         0x1fff81f8       0x80 
                0x1fff8278                __cy_heap_limit = .

.stack          0x20007800      0x800
                0x20007800                __cy_stack_limit = .
                0x20008000                . = (. + 0x800)
 *fill*         0x20007800      0x800 
                0x00000001                ASSERT ((__cy_stack_limit >= __cy_heap_limit), region RAM overflowed with stack)
                0x00000000                cy_checksum_exclude_size = (CY_APPL_LOADABLE == 0x1)?SIZEOF (.cy_checksum_exclude):0x0
                0x00000001                ASSERT ((cy_checksum_exclude_size <= CY_CHECKSUM_EXCLUDE_SIZE), CY_BOOT: Section .cy_checksum_exclude size exceedes specified limit.)

.cyloadermeta
 *(.cyloadermeta)

.cyloadablemeta
 *(.cyloadablemeta)

.cyconfigecc    0x80000000      0x670
 *(.cyconfigecc)
 .cyconfigecc   0x80000000      0x670 .\CortexM3\ARM_GCC_541\Debug\cymetadata.o
                0x80000000                cy_meta_configecc

.cycustnvl      0x90000000        0x4
 *(.cycustnvl)
 .cycustnvl     0x90000000        0x4 .\CortexM3\ARM_GCC_541\Debug\cymetadata.o
                0x90000000                cy_meta_custnvl

.cywolatch      0x90100000        0x4
 *(.cywolatch)
 .cywolatch     0x90100000        0x4 .\CortexM3\ARM_GCC_541\Debug\cymetadata.o
                0x90100000                cy_meta_wonvl

.cyeeprom       0x90200000        0x0
 *(.cyeeprom)
                0x00000001                ASSERT ((. <= ((0x90200000 + ee_offset) + ee_size)), .cyeeprom data will not fit in EEPROM)

.cyflashprotect
                0x90400000      0x100
 *(.cyflashprotect)
 .cyflashprotect
                0x90400000      0x100 .\CortexM3\ARM_GCC_541\Debug\cymetadata.o
                0x90400000                cy_meta_flashprotect

.cymeta         0x90500000        0xc
 *(.cymeta)
 .cymeta        0x90500000        0xc .\CortexM3\ARM_GCC_541\Debug\cymetadata.o
                0x90500000                cy_metadata

.rel.dyn        0x00001d60        0x0 load address 0x9050000c
 .rel.iplt      0x00001d60        0x0 d:/monash_apps/psoc creator/4.4/psoc creator/import/gnu/arm/5.4.1/bin/../lib/gcc/arm-none-eabi/5.4.1/armv7-m/crtbegin.o

.stab
 *(.stab)

.stabstr
 *(.stabstr)

.debug
 *(.debug)

.line
 *(.line)

.debug_srcinfo
 *(.debug_srcinfo)

.debug_sfnames
 *(.debug_sfnames)

.debug_aranges  0x00000000      0xe50
 *(.debug_aranges)
 .debug_aranges
                0x00000000       0x58 .\CortexM3\ARM_GCC_541\Debug\main.o
 .debug_aranges
                0x00000058       0x58 .\CortexM3\ARM_GCC_541\Debug\cyfitter_cfg.o
 .debug_aranges
                0x000000b0       0x18 .\CortexM3\ARM_GCC_541\Debug\cymetadata.o
 .debug_aranges
                0x000000c8       0x48 .\CortexM3\ARM_GCC_541\Debug\Cm3Start.o
 .debug_aranges
                0x00000110       0x38 .\CortexM3\ARM_GCC_541\Debug\7Seg_Display.a(Dis_A.o)
 .debug_aranges
                0x00000148       0x38 .\CortexM3\ARM_GCC_541\Debug\7Seg_Display.a(Dis_B.o)
 .debug_aranges
                0x00000180       0x38 .\CortexM3\ARM_GCC_541\Debug\7Seg_Display.a(Dis_C.o)
 .debug_aranges
                0x000001b8       0x38 .\CortexM3\ARM_GCC_541\Debug\7Seg_Display.a(Dis_D.o)
 .debug_aranges
                0x000001f0       0x38 .\CortexM3\ARM_GCC_541\Debug\7Seg_Display.a(Dis_E.o)
 .debug_aranges
                0x00000228       0x38 .\CortexM3\ARM_GCC_541\Debug\7Seg_Display.a(Dis_F.o)
 .debug_aranges
                0x00000260       0x38 .\CortexM3\ARM_GCC_541\Debug\7Seg_Display.a(Dis_G.o)
 .debug_aranges
                0x00000298       0x38 .\CortexM3\ARM_GCC_541\Debug\7Seg_Display.a(Dis_DP.o)
 .debug_aranges
                0x000002d0       0x38 .\CortexM3\ARM_GCC_541\Debug\7Seg_Display.a(Dis_D1.o)
 .debug_aranges
                0x00000308       0x38 .\CortexM3\ARM_GCC_541\Debug\7Seg_Display.a(Dis_D2.o)
 .debug_aranges
                0x00000340       0x38 .\CortexM3\ARM_GCC_541\Debug\7Seg_Display.a(Dis_D3.o)
 .debug_aranges
                0x00000378       0x38 .\CortexM3\ARM_GCC_541\Debug\7Seg_Display.a(Dis_D4.o)
 .debug_aranges
                0x000003b0      0x2a0 .\CortexM3\ARM_GCC_541\Debug\7Seg_Display.a(CyLib.o)
 .debug_aranges
                0x00000650       0x98 .\CortexM3\ARM_GCC_541\Debug\7Seg_Display.a(cyPm.o)
 .debug_aranges
                0x000006e8       0x80 .\CortexM3\ARM_GCC_541\Debug\7Seg_Display.a(isr_1.o)
 .debug_aranges
                0x00000768       0x80 .\CortexM3\ARM_GCC_541\Debug\7Seg_Display.a(isr_2.o)
 .debug_aranges
                0x000007e8       0x80 .\CortexM3\ARM_GCC_541\Debug\7Seg_Display.a(isr_7Seg.o)
 .debug_aranges
                0x00000868       0x48 .\CortexM3\ARM_GCC_541\Debug\7Seg_Display.a(PGA_1.o)
 .debug_aranges
                0x000008b0       0x40 .\CortexM3\ARM_GCC_541\Debug\7Seg_Display.a(Opamp_1.o)
 .debug_aranges
                0x000008f0       0x78 .\CortexM3\ARM_GCC_541\Debug\7Seg_Display.a(EEPROM_1.o)
 .debug_aranges
                0x00000968       0x70 .\CortexM3\ARM_GCC_541\Debug\7Seg_Display.a(Comp_1.o)
 .debug_aranges
                0x000009d8       0x58 .\CortexM3\ARM_GCC_541\Debug\7Seg_Display.a(VDAC8_1.o)
 .debug_aranges
                0x00000a30       0x98 .\CortexM3\ARM_GCC_541\Debug\7Seg_Display.a(Timer_1.o)
 .debug_aranges
                0x00000ac8       0x58 .\CortexM3\ARM_GCC_541\Debug\7Seg_Display.a(Count7_1.o)
 .debug_aranges
                0x00000b20       0x28 .\CortexM3\ARM_GCC_541\Debug\7Seg_Display.a(Control_Reg_1.o)
 .debug_aranges
                0x00000b48       0x80 .\CortexM3\ARM_GCC_541\Debug\7Seg_Display.a(isr_3.o)
 .debug_aranges
                0x00000bc8       0xf0 .\CortexM3\ARM_GCC_541\Debug\7Seg_Display.a(UART_1.o)
 .debug_aranges
                0x00000cb8       0x70 .\CortexM3\ARM_GCC_541\Debug\7Seg_Display.a(UART_1_IntClock.o)
 .debug_aranges
                0x00000d28       0x20 .\CortexM3\ARM_GCC_541\Debug\7Seg_Display.a(CyBootAsmGnu.o)
 .debug_aranges
                0x00000d48       0x88 .\CortexM3\ARM_GCC_541\Debug\7Seg_Display.a(CyFlash.o)
 .debug_aranges
                0x00000dd0       0x80 .\CortexM3\ARM_GCC_541\Debug\7Seg_Display.a(CySpc.o)

.debug_pubnames
 *(.debug_pubnames)

.debug_info     0x00000000     0x71ff
 *(.debug_info .gnu.linkonce.wi.*)
 .debug_info    0x00000000      0x7d7 .\CortexM3\ARM_GCC_541\Debug\main.o
 .debug_info    0x000007d7      0x603 .\CortexM3\ARM_GCC_541\Debug\cyfitter_cfg.o
 .debug_info    0x00000dda      0x138 .\CortexM3\ARM_GCC_541\Debug\cymetadata.o
 .debug_info    0x00000f12      0x3bb .\CortexM3\ARM_GCC_541\Debug\Cm3Start.o
 .debug_info    0x000012cd      0x11f .\CortexM3\ARM_GCC_541\Debug\7Seg_Display.a(Dis_A.o)
 .debug_info    0x000013ec      0x11f .\CortexM3\ARM_GCC_541\Debug\7Seg_Display.a(Dis_B.o)
 .debug_info    0x0000150b      0x11f .\CortexM3\ARM_GCC_541\Debug\7Seg_Display.a(Dis_C.o)
 .debug_info    0x0000162a      0x11f .\CortexM3\ARM_GCC_541\Debug\7Seg_Display.a(Dis_D.o)
 .debug_info    0x00001749      0x11f .\CortexM3\ARM_GCC_541\Debug\7Seg_Display.a(Dis_E.o)
 .debug_info    0x00001868      0x11f .\CortexM3\ARM_GCC_541\Debug\7Seg_Display.a(Dis_F.o)
 .debug_info    0x00001987      0x11f .\CortexM3\ARM_GCC_541\Debug\7Seg_Display.a(Dis_G.o)
 .debug_info    0x00001aa6      0x11f .\CortexM3\ARM_GCC_541\Debug\7Seg_Display.a(Dis_DP.o)
 .debug_info    0x00001bc5      0x11f .\CortexM3\ARM_GCC_541\Debug\7Seg_Display.a(Dis_D1.o)
 .debug_info    0x00001ce4      0x11f .\CortexM3\ARM_GCC_541\Debug\7Seg_Display.a(Dis_D2.o)
 .debug_info    0x00001e03      0x11f .\CortexM3\ARM_GCC_541\Debug\7Seg_Display.a(Dis_D3.o)
 .debug_info    0x00001f22      0x11f .\CortexM3\ARM_GCC_541\Debug\7Seg_Display.a(Dis_D4.o)
 .debug_info    0x00002041     0x1374 .\CortexM3\ARM_GCC_541\Debug\7Seg_Display.a(CyLib.o)
 .debug_info    0x000033b5      0xa2a .\CortexM3\ARM_GCC_541\Debug\7Seg_Display.a(cyPm.o)
 .debug_info    0x00003ddf      0x2d2 .\CortexM3\ARM_GCC_541\Debug\7Seg_Display.a(isr_1.o)
 .debug_info    0x000040b1      0x2d2 .\CortexM3\ARM_GCC_541\Debug\7Seg_Display.a(isr_2.o)
 .debug_info    0x00004383      0x2d2 .\CortexM3\ARM_GCC_541\Debug\7Seg_Display.a(isr_7Seg.o)
 .debug_info    0x00004655      0x1d3 .\CortexM3\ARM_GCC_541\Debug\7Seg_Display.a(PGA_1.o)
 .debug_info    0x00004828      0x151 .\CortexM3\ARM_GCC_541\Debug\7Seg_Display.a(Opamp_1.o)
 .debug_info    0x00004979      0x630 .\CortexM3\ARM_GCC_541\Debug\7Seg_Display.a(EEPROM_1.o)
 .debug_info    0x00004fa9      0x2c8 .\CortexM3\ARM_GCC_541\Debug\7Seg_Display.a(Comp_1.o)
 .debug_info    0x00005271      0x1df .\CortexM3\ARM_GCC_541\Debug\7Seg_Display.a(VDAC8_1.o)
 .debug_info    0x00005450      0x32a .\CortexM3\ARM_GCC_541\Debug\7Seg_Display.a(Timer_1.o)
 .debug_info    0x0000577a      0x1ec .\CortexM3\ARM_GCC_541\Debug\7Seg_Display.a(Count7_1.o)
 .debug_info    0x00005966       0xd6 .\CortexM3\ARM_GCC_541\Debug\7Seg_Display.a(Control_Reg_1.o)
 .debug_info    0x00005a3c      0x2d2 .\CortexM3\ARM_GCC_541\Debug\7Seg_Display.a(isr_3.o)
 .debug_info    0x00005d0e      0x60c .\CortexM3\ARM_GCC_541\Debug\7Seg_Display.a(UART_1.o)
 .debug_info    0x0000631a      0x283 .\CortexM3\ARM_GCC_541\Debug\7Seg_Display.a(UART_1_IntClock.o)
 .debug_info    0x0000659d       0xc5 .\CortexM3\ARM_GCC_541\Debug\7Seg_Display.a(CyBootAsmGnu.o)
 .debug_info    0x00006662      0x64d .\CortexM3\ARM_GCC_541\Debug\7Seg_Display.a(CyFlash.o)
 .debug_info    0x00006caf      0x550 .\CortexM3\ARM_GCC_541\Debug\7Seg_Display.a(CySpc.o)

.debug_abbrev   0x00000000     0x24f9
 *(.debug_abbrev)
 .debug_abbrev  0x00000000      0x20b .\CortexM3\ARM_GCC_541\Debug\main.o
 .debug_abbrev  0x0000020b      0x20d .\CortexM3\ARM_GCC_541\Debug\cyfitter_cfg.o
 .debug_abbrev  0x00000418       0x77 .\CortexM3\ARM_GCC_541\Debug\cymetadata.o
 .debug_abbrev  0x0000048f      0x1e8 .\CortexM3\ARM_GCC_541\Debug\Cm3Start.o
 .debug_abbrev  0x00000677       0x90 .\CortexM3\ARM_GCC_541\Debug\7Seg_Display.a(Dis_A.o)
 .debug_abbrev  0x00000707       0x90 .\CortexM3\ARM_GCC_541\Debug\7Seg_Display.a(Dis_B.o)
 .debug_abbrev  0x00000797       0x90 .\CortexM3\ARM_GCC_541\Debug\7Seg_Display.a(Dis_C.o)
 .debug_abbrev  0x00000827       0x90 .\CortexM3\ARM_GCC_541\Debug\7Seg_Display.a(Dis_D.o)
 .debug_abbrev  0x000008b7       0x90 .\CortexM3\ARM_GCC_541\Debug\7Seg_Display.a(Dis_E.o)
 .debug_abbrev  0x00000947       0x90 .\CortexM3\ARM_GCC_541\Debug\7Seg_Display.a(Dis_F.o)
 .debug_abbrev  0x000009d7       0x90 .\CortexM3\ARM_GCC_541\Debug\7Seg_Display.a(Dis_G.o)
 .debug_abbrev  0x00000a67       0x90 .\CortexM3\ARM_GCC_541\Debug\7Seg_Display.a(Dis_DP.o)
 .debug_abbrev  0x00000af7       0x90 .\CortexM3\ARM_GCC_541\Debug\7Seg_Display.a(Dis_D1.o)
 .debug_abbrev  0x00000b87       0x90 .\CortexM3\ARM_GCC_541\Debug\7Seg_Display.a(Dis_D2.o)
 .debug_abbrev  0x00000c17       0x90 .\CortexM3\ARM_GCC_541\Debug\7Seg_Display.a(Dis_D3.o)
 .debug_abbrev  0x00000ca7       0x90 .\CortexM3\ARM_GCC_541\Debug\7Seg_Display.a(Dis_D4.o)
 .debug_abbrev  0x00000d37      0x254 .\CortexM3\ARM_GCC_541\Debug\7Seg_Display.a(CyLib.o)
 .debug_abbrev  0x00000f8b      0x1ab .\CortexM3\ARM_GCC_541\Debug\7Seg_Display.a(cyPm.o)
 .debug_abbrev  0x00001136      0x173 .\CortexM3\ARM_GCC_541\Debug\7Seg_Display.a(isr_1.o)
 .debug_abbrev  0x000012a9      0x173 .\CortexM3\ARM_GCC_541\Debug\7Seg_Display.a(isr_2.o)
 .debug_abbrev  0x0000141c      0x173 .\CortexM3\ARM_GCC_541\Debug\7Seg_Display.a(isr_7Seg.o)
 .debug_abbrev  0x0000158f       0xf6 .\CortexM3\ARM_GCC_541\Debug\7Seg_Display.a(PGA_1.o)
 .debug_abbrev  0x00001685       0xb2 .\CortexM3\ARM_GCC_541\Debug\7Seg_Display.a(Opamp_1.o)
 .debug_abbrev  0x00001737      0x14e .\CortexM3\ARM_GCC_541\Debug\7Seg_Display.a(EEPROM_1.o)
 .debug_abbrev  0x00001885      0x16e .\CortexM3\ARM_GCC_541\Debug\7Seg_Display.a(Comp_1.o)
 .debug_abbrev  0x000019f3       0xf7 .\CortexM3\ARM_GCC_541\Debug\7Seg_Display.a(VDAC8_1.o)
 .debug_abbrev  0x00001aea      0x13a .\CortexM3\ARM_GCC_541\Debug\7Seg_Display.a(Timer_1.o)
 .debug_abbrev  0x00001c24       0xe4 .\CortexM3\ARM_GCC_541\Debug\7Seg_Display.a(Count7_1.o)
 .debug_abbrev  0x00001d08       0x81 .\CortexM3\ARM_GCC_541\Debug\7Seg_Display.a(Control_Reg_1.o)
 .debug_abbrev  0x00001d89      0x173 .\CortexM3\ARM_GCC_541\Debug\7Seg_Display.a(isr_3.o)
 .debug_abbrev  0x00001efc      0x175 .\CortexM3\ARM_GCC_541\Debug\7Seg_Display.a(UART_1.o)
 .debug_abbrev  0x00002071      0x139 .\CortexM3\ARM_GCC_541\Debug\7Seg_Display.a(UART_1_IntClock.o)
 .debug_abbrev  0x000021aa       0x14 .\CortexM3\ARM_GCC_541\Debug\7Seg_Display.a(CyBootAsmGnu.o)
 .debug_abbrev  0x000021be      0x1a7 .\CortexM3\ARM_GCC_541\Debug\7Seg_Display.a(CyFlash.o)
 .debug_abbrev  0x00002365      0x194 .\CortexM3\ARM_GCC_541\Debug\7Seg_Display.a(CySpc.o)

.debug_line     0x00000000     0x323c
 *(.debug_line)
 .debug_line    0x00000000      0x3b9 .\CortexM3\ARM_GCC_541\Debug\main.o
 .debug_line    0x000003b9      0x203 .\CortexM3\ARM_GCC_541\Debug\cyfitter_cfg.o
 .debug_line    0x000005bc      0x121 .\CortexM3\ARM_GCC_541\Debug\cymetadata.o
 .debug_line    0x000006dd      0x214 .\CortexM3\ARM_GCC_541\Debug\Cm3Start.o
 .debug_line    0x000008f1       0x92 .\CortexM3\ARM_GCC_541\Debug\7Seg_Display.a(Dis_A.o)
 .debug_line    0x00000983       0x92 .\CortexM3\ARM_GCC_541\Debug\7Seg_Display.a(Dis_B.o)
 .debug_line    0x00000a15       0x92 .\CortexM3\ARM_GCC_541\Debug\7Seg_Display.a(Dis_C.o)
 .debug_line    0x00000aa7       0x92 .\CortexM3\ARM_GCC_541\Debug\7Seg_Display.a(Dis_D.o)
 .debug_line    0x00000b39       0x92 .\CortexM3\ARM_GCC_541\Debug\7Seg_Display.a(Dis_E.o)
 .debug_line    0x00000bcb       0x92 .\CortexM3\ARM_GCC_541\Debug\7Seg_Display.a(Dis_F.o)
 .debug_line    0x00000c5d       0x92 .\CortexM3\ARM_GCC_541\Debug\7Seg_Display.a(Dis_G.o)
 .debug_line    0x00000cef       0x93 .\CortexM3\ARM_GCC_541\Debug\7Seg_Display.a(Dis_DP.o)
 .debug_line    0x00000d82       0x93 .\CortexM3\ARM_GCC_541\Debug\7Seg_Display.a(Dis_D1.o)
 .debug_line    0x00000e15       0x93 .\CortexM3\ARM_GCC_541\Debug\7Seg_Display.a(Dis_D2.o)
 .debug_line    0x00000ea8       0x93 .\CortexM3\ARM_GCC_541\Debug\7Seg_Display.a(Dis_D3.o)
 .debug_line    0x00000f3b       0x93 .\CortexM3\ARM_GCC_541\Debug\7Seg_Display.a(Dis_D4.o)
 .debug_line    0x00000fce      0x816 .\CortexM3\ARM_GCC_541\Debug\7Seg_Display.a(CyLib.o)
 .debug_line    0x000017e4      0x367 .\CortexM3\ARM_GCC_541\Debug\7Seg_Display.a(cyPm.o)
 .debug_line    0x00001b4b      0x132 .\CortexM3\ARM_GCC_541\Debug\7Seg_Display.a(isr_1.o)
 .debug_line    0x00001c7d      0x132 .\CortexM3\ARM_GCC_541\Debug\7Seg_Display.a(isr_2.o)
 .debug_line    0x00001daf      0x135 .\CortexM3\ARM_GCC_541\Debug\7Seg_Display.a(isr_7Seg.o)
 .debug_line    0x00001ee4       0xcc .\CortexM3\ARM_GCC_541\Debug\7Seg_Display.a(PGA_1.o)
 .debug_line    0x00001fb0       0xaa .\CortexM3\ARM_GCC_541\Debug\7Seg_Display.a(Opamp_1.o)
 .debug_line    0x0000205a      0x266 .\CortexM3\ARM_GCC_541\Debug\7Seg_Display.a(EEPROM_1.o)
 .debug_line    0x000022c0      0x165 .\CortexM3\ARM_GCC_541\Debug\7Seg_Display.a(Comp_1.o)
 .debug_line    0x00002425       0xe4 .\CortexM3\ARM_GCC_541\Debug\7Seg_Display.a(VDAC8_1.o)
 .debug_line    0x00002509      0x184 .\CortexM3\ARM_GCC_541\Debug\7Seg_Display.a(Timer_1.o)
 .debug_line    0x0000268d       0xea .\CortexM3\ARM_GCC_541\Debug\7Seg_Display.a(Count7_1.o)
 .debug_line    0x00002777       0x75 .\CortexM3\ARM_GCC_541\Debug\7Seg_Display.a(Control_Reg_1.o)
 .debug_line    0x000027ec      0x132 .\CortexM3\ARM_GCC_541\Debug\7Seg_Display.a(isr_3.o)
 .debug_line    0x0000291e      0x2c0 .\CortexM3\ARM_GCC_541\Debug\7Seg_Display.a(UART_1.o)
 .debug_line    0x00002bde      0x17e .\CortexM3\ARM_GCC_541\Debug\7Seg_Display.a(UART_1_IntClock.o)
 .debug_line    0x00002d5c       0x66 .\CortexM3\ARM_GCC_541\Debug\7Seg_Display.a(CyBootAsmGnu.o)
 .debug_line    0x00002dc2      0x21a .\CortexM3\ARM_GCC_541\Debug\7Seg_Display.a(CyFlash.o)
 .debug_line    0x00002fdc      0x260 .\CortexM3\ARM_GCC_541\Debug\7Seg_Display.a(CySpc.o)

.debug_frame    0x00000000     0x2104
 *(.debug_frame)
 .debug_frame   0x00000000       0xf8 .\CortexM3\ARM_GCC_541\Debug\main.o
 .debug_frame   0x000000f8       0xf0 .\CortexM3\ARM_GCC_541\Debug\cyfitter_cfg.o
 .debug_frame   0x000001e8       0xb8 .\CortexM3\ARM_GCC_541\Debug\Cm3Start.o
 .debug_frame   0x000002a0       0x50 .\CortexM3\ARM_GCC_541\Debug\7Seg_Display.a(Dis_A.o)
 .debug_frame   0x000002f0       0x50 .\CortexM3\ARM_GCC_541\Debug\7Seg_Display.a(Dis_B.o)
 .debug_frame   0x00000340       0x50 .\CortexM3\ARM_GCC_541\Debug\7Seg_Display.a(Dis_C.o)
 .debug_frame   0x00000390       0x50 .\CortexM3\ARM_GCC_541\Debug\7Seg_Display.a(Dis_D.o)
 .debug_frame   0x000003e0       0x50 .\CortexM3\ARM_GCC_541\Debug\7Seg_Display.a(Dis_E.o)
 .debug_frame   0x00000430       0x50 .\CortexM3\ARM_GCC_541\Debug\7Seg_Display.a(Dis_F.o)
 .debug_frame   0x00000480       0x50 .\CortexM3\ARM_GCC_541\Debug\7Seg_Display.a(Dis_G.o)
 .debug_frame   0x000004d0       0x50 .\CortexM3\ARM_GCC_541\Debug\7Seg_Display.a(Dis_DP.o)
 .debug_frame   0x00000520       0x50 .\CortexM3\ARM_GCC_541\Debug\7Seg_Display.a(Dis_D1.o)
 .debug_frame   0x00000570       0x50 .\CortexM3\ARM_GCC_541\Debug\7Seg_Display.a(Dis_D2.o)
 .debug_frame   0x000005c0       0x50 .\CortexM3\ARM_GCC_541\Debug\7Seg_Display.a(Dis_D3.o)
 .debug_frame   0x00000610       0x50 .\CortexM3\ARM_GCC_541\Debug\7Seg_Display.a(Dis_D4.o)
 .debug_frame   0x00000660      0x738 .\CortexM3\ARM_GCC_541\Debug\7Seg_Display.a(CyLib.o)
 .debug_frame   0x00000d98      0x1f8 .\CortexM3\ARM_GCC_541\Debug\7Seg_Display.a(cyPm.o)
 .debug_frame   0x00000f90      0x104 .\CortexM3\ARM_GCC_541\Debug\7Seg_Display.a(isr_1.o)
 .debug_frame   0x00001094      0x104 .\CortexM3\ARM_GCC_541\Debug\7Seg_Display.a(isr_2.o)
 .debug_frame   0x00001198      0x104 .\CortexM3\ARM_GCC_541\Debug\7Seg_Display.a(isr_7Seg.o)
 .debug_frame   0x0000129c       0x9c .\CortexM3\ARM_GCC_541\Debug\7Seg_Display.a(PGA_1.o)
 .debug_frame   0x00001338       0x78 .\CortexM3\ARM_GCC_541\Debug\7Seg_Display.a(Opamp_1.o)
 .debug_frame   0x000013b0      0x17c .\CortexM3\ARM_GCC_541\Debug\7Seg_Display.a(EEPROM_1.o)
 .debug_frame   0x0000152c      0x108 .\CortexM3\ARM_GCC_541\Debug\7Seg_Display.a(Comp_1.o)
 .debug_frame   0x00001634       0xb4 .\CortexM3\ARM_GCC_541\Debug\7Seg_Display.a(VDAC8_1.o)
 .debug_frame   0x000016e8      0x134 .\CortexM3\ARM_GCC_541\Debug\7Seg_Display.a(Timer_1.o)
 .debug_frame   0x0000181c       0xb4 .\CortexM3\ARM_GCC_541\Debug\7Seg_Display.a(Count7_1.o)
 .debug_frame   0x000018d0       0x30 .\CortexM3\ARM_GCC_541\Debug\7Seg_Display.a(Control_Reg_1.o)
 .debug_frame   0x00001900      0x104 .\CortexM3\ARM_GCC_541\Debug\7Seg_Display.a(isr_3.o)
 .debug_frame   0x00001a04      0x250 .\CortexM3\ARM_GCC_541\Debug\7Seg_Display.a(UART_1.o)
 .debug_frame   0x00001c54       0xe0 .\CortexM3\ARM_GCC_541\Debug\7Seg_Display.a(UART_1_IntClock.o)
 .debug_frame   0x00001d34      0x194 .\CortexM3\ARM_GCC_541\Debug\7Seg_Display.a(CyFlash.o)
 .debug_frame   0x00001ec8      0x180 .\CortexM3\ARM_GCC_541\Debug\7Seg_Display.a(CySpc.o)
 .debug_frame   0x00002048       0x20 d:/monash_apps/psoc creator/4.4/psoc creator/import/gnu/arm/5.4.1/bin/../lib/gcc/arm-none-eabi/5.4.1/../../../../arm-none-eabi/lib/armv7-m\libg_nano.a(lib_a-errno.o)
 .debug_frame   0x00002068       0x28 d:/monash_apps/psoc creator/4.4/psoc creator/import/gnu/arm/5.4.1/bin/../lib/gcc/arm-none-eabi/5.4.1/../../../../arm-none-eabi/lib/armv7-m\libg_nano.a(lib_a-exit.o)
 .debug_frame   0x00002090       0x2c d:/monash_apps/psoc creator/4.4/psoc creator/import/gnu/arm/5.4.1/bin/../lib/gcc/arm-none-eabi/5.4.1/../../../../arm-none-eabi/lib/armv7-m\libg_nano.a(lib_a-init.o)
 .debug_frame   0x000020bc       0x28 d:/monash_apps/psoc creator/4.4/psoc creator/import/gnu/arm/5.4.1/bin/../lib/gcc/arm-none-eabi/5.4.1/../../../../arm-none-eabi/lib/armv7-m\libg_nano.a(lib_a-memcpy-stub.o)
 .debug_frame   0x000020e4       0x20 d:/monash_apps/psoc creator/4.4/psoc creator/import/gnu/arm/5.4.1/bin/../lib/gcc/arm-none-eabi/5.4.1/../../../../arm-none-eabi/lib/armv7-m\libg_nano.a(lib_a-memset.o)

.debug_str      0x00000000     0x2792
 *(.debug_str)
 .debug_str     0x00000000      0x4a4 .\CortexM3\ARM_GCC_541\Debug\main.o
                                0x4f3 (size before relaxing)
 .debug_str     0x000004a4      0x1b0 .\CortexM3\ARM_GCC_541\Debug\cyfitter_cfg.o
                                0x37f (size before relaxing)
 .debug_str     0x00000654       0x7f .\CortexM3\ARM_GCC_541\Debug\cymetadata.o
                                0x219 (size before relaxing)
 .debug_str     0x000006d3      0x13e .\CortexM3\ARM_GCC_541\Debug\Cm3Start.o
                                0x33f (size before relaxing)
 .debug_str     0x00000811       0x5f .\CortexM3\ARM_GCC_541\Debug\7Seg_Display.a(Dis_A.o)
                                0x217 (size before relaxing)
 .debug_str     0x00000870       0x4f .\CortexM3\ARM_GCC_541\Debug\7Seg_Display.a(Dis_B.o)
                                0x217 (size before relaxing)
 .debug_str     0x000008bf       0x4f .\CortexM3\ARM_GCC_541\Debug\7Seg_Display.a(Dis_C.o)
                                0x217 (size before relaxing)
 .debug_str     0x0000090e       0x4f .\CortexM3\ARM_GCC_541\Debug\7Seg_Display.a(Dis_D.o)
                                0x217 (size before relaxing)
 .debug_str     0x0000095d       0x4f .\CortexM3\ARM_GCC_541\Debug\7Seg_Display.a(Dis_E.o)
                                0x217 (size before relaxing)
 .debug_str     0x000009ac       0x4f .\CortexM3\ARM_GCC_541\Debug\7Seg_Display.a(Dis_F.o)
                                0x217 (size before relaxing)
 .debug_str     0x000009fb       0x4f .\CortexM3\ARM_GCC_541\Debug\7Seg_Display.a(Dis_G.o)
                                0x217 (size before relaxing)
 .debug_str     0x00000a4a       0x53 .\CortexM3\ARM_GCC_541\Debug\7Seg_Display.a(Dis_DP.o)
                                0x21c (size before relaxing)
 .debug_str     0x00000a9d       0x53 .\CortexM3\ARM_GCC_541\Debug\7Seg_Display.a(Dis_D1.o)
                                0x21c (size before relaxing)
 .debug_str     0x00000af0       0x53 .\CortexM3\ARM_GCC_541\Debug\7Seg_Display.a(Dis_D2.o)
                                0x21c (size before relaxing)
 .debug_str     0x00000b43       0x53 .\CortexM3\ARM_GCC_541\Debug\7Seg_Display.a(Dis_D3.o)
                                0x21c (size before relaxing)
 .debug_str     0x00000b96       0x53 .\CortexM3\ARM_GCC_541\Debug\7Seg_Display.a(Dis_D4.o)
                                0x21c (size before relaxing)
 .debug_str     0x00000be9      0x831 .\CortexM3\ARM_GCC_541\Debug\7Seg_Display.a(CyLib.o)
                                0xa7c (size before relaxing)
 .debug_str     0x0000141a      0x365 .\CortexM3\ARM_GCC_541\Debug\7Seg_Display.a(cyPm.o)
                                0x768 (size before relaxing)
 .debug_str     0x0000177f       0xc5 .\CortexM3\ARM_GCC_541\Debug\7Seg_Display.a(isr_1.o)
                                0x2db (size before relaxing)
 .debug_str     0x00001844       0xc5 .\CortexM3\ARM_GCC_541\Debug\7Seg_Display.a(isr_2.o)
                                0x2db (size before relaxing)
 .debug_str     0x00001909       0xe9 .\CortexM3\ARM_GCC_541\Debug\7Seg_Display.a(isr_7Seg.o)
                                0x305 (size before relaxing)
 .debug_str     0x000019f2       0x9d .\CortexM3\ARM_GCC_541\Debug\7Seg_Display.a(PGA_1.o)
                                0x264 (size before relaxing)
 .debug_str     0x00001a8f       0x6b .\CortexM3\ARM_GCC_541\Debug\7Seg_Display.a(Opamp_1.o)
                                0x23a (size before relaxing)
 .debug_str     0x00001afa      0x1ec .\CortexM3\ARM_GCC_541\Debug\7Seg_Display.a(EEPROM_1.o)
                                0x411 (size before relaxing)
 .debug_str     0x00001ce6      0x127 .\CortexM3\ARM_GCC_541\Debug\7Seg_Display.a(Comp_1.o)
                                0x30d (size before relaxing)
 .debug_str     0x00001e0d       0xa3 .\CortexM3\ARM_GCC_541\Debug\7Seg_Display.a(VDAC8_1.o)
                                0x268 (size before relaxing)
 .debug_str     0x00001eb0      0x165 .\CortexM3\ARM_GCC_541\Debug\7Seg_Display.a(Timer_1.o)
                                0x3bd (size before relaxing)
 .debug_str     0x00002015       0xb3 .\CortexM3\ARM_GCC_541\Debug\7Seg_Display.a(Count7_1.o)
                                0x2c6 (size before relaxing)
 .debug_str     0x000020c8       0x3a .\CortexM3\ARM_GCC_541\Debug\7Seg_Display.a(Control_Reg_1.o)
                                0x1fc (size before relaxing)
 .debug_str     0x00002102       0xc5 .\CortexM3\ARM_GCC_541\Debug\7Seg_Display.a(isr_3.o)
                                0x2db (size before relaxing)
 .debug_str     0x000021c7      0x2ac .\CortexM3\ARM_GCC_541\Debug\7Seg_Display.a(UART_1.o)
                                0x4e8 (size before relaxing)
 .debug_str     0x00002473      0x197 .\CortexM3\ARM_GCC_541\Debug\7Seg_Display.a(UART_1_IntClock.o)
                                0x383 (size before relaxing)
 .debug_str     0x0000260a      0x11a .\CortexM3\ARM_GCC_541\Debug\7Seg_Display.a(CyFlash.o)
                                0x3f5 (size before relaxing)
 .debug_str     0x00002724       0x6e .\CortexM3\ARM_GCC_541\Debug\7Seg_Display.a(CySpc.o)
                                0x36d (size before relaxing)

.debug_loc      0x00000000     0x2ba1
 *(.debug_loc)
 .debug_loc     0x00000000      0x23b .\CortexM3\ARM_GCC_541\Debug\main.o
 .debug_loc     0x0000023b      0x288 .\CortexM3\ARM_GCC_541\Debug\cyfitter_cfg.o
 .debug_loc     0x000004c3      0x144 .\CortexM3\ARM_GCC_541\Debug\Cm3Start.o
 .debug_loc     0x00000607       0x42 .\CortexM3\ARM_GCC_541\Debug\7Seg_Display.a(Dis_A.o)
 .debug_loc     0x00000649       0x42 .\CortexM3\ARM_GCC_541\Debug\7Seg_Display.a(Dis_B.o)
 .debug_loc     0x0000068b       0x42 .\CortexM3\ARM_GCC_541\Debug\7Seg_Display.a(Dis_C.o)
 .debug_loc     0x000006cd       0x42 .\CortexM3\ARM_GCC_541\Debug\7Seg_Display.a(Dis_D.o)
 .debug_loc     0x0000070f       0x42 .\CortexM3\ARM_GCC_541\Debug\7Seg_Display.a(Dis_E.o)
 .debug_loc     0x00000751       0x42 .\CortexM3\ARM_GCC_541\Debug\7Seg_Display.a(Dis_F.o)
 .debug_loc     0x00000793       0x42 .\CortexM3\ARM_GCC_541\Debug\7Seg_Display.a(Dis_G.o)
 .debug_loc     0x000007d5       0x42 .\CortexM3\ARM_GCC_541\Debug\7Seg_Display.a(Dis_DP.o)
 .debug_loc     0x00000817       0x42 .\CortexM3\ARM_GCC_541\Debug\7Seg_Display.a(Dis_D1.o)
 .debug_loc     0x00000859       0x42 .\CortexM3\ARM_GCC_541\Debug\7Seg_Display.a(Dis_D2.o)
 .debug_loc     0x0000089b       0x42 .\CortexM3\ARM_GCC_541\Debug\7Seg_Display.a(Dis_D3.o)
 .debug_loc     0x000008dd       0x42 .\CortexM3\ARM_GCC_541\Debug\7Seg_Display.a(Dis_D4.o)
 .debug_loc     0x0000091f      0xa11 .\CortexM3\ARM_GCC_541\Debug\7Seg_Display.a(CyLib.o)
 .debug_loc     0x00001330      0x1e4 .\CortexM3\ARM_GCC_541\Debug\7Seg_Display.a(cyPm.o)
 .debug_loc     0x00001514       0x56 .\CortexM3\ARM_GCC_541\Debug\7Seg_Display.a(isr_1.o)
 .debug_loc     0x0000156a       0x56 .\CortexM3\ARM_GCC_541\Debug\7Seg_Display.a(isr_2.o)
 .debug_loc     0x000015c0       0x56 .\CortexM3\ARM_GCC_541\Debug\7Seg_Display.a(isr_7Seg.o)
 .debug_loc     0x00001616       0x60 .\CortexM3\ARM_GCC_541\Debug\7Seg_Display.a(PGA_1.o)
 .debug_loc     0x00001676       0x21 .\CortexM3\ARM_GCC_541\Debug\7Seg_Display.a(Opamp_1.o)
 .debug_loc     0x00001697      0x49f .\CortexM3\ARM_GCC_541\Debug\7Seg_Display.a(EEPROM_1.o)
 .debug_loc     0x00001b36       0xed .\CortexM3\ARM_GCC_541\Debug\7Seg_Display.a(Comp_1.o)
 .debug_loc     0x00001c23       0x79 .\CortexM3\ARM_GCC_541\Debug\7Seg_Display.a(VDAC8_1.o)
 .debug_loc     0x00001c9c       0x31 .\CortexM3\ARM_GCC_541\Debug\7Seg_Display.a(Timer_1.o)
 .debug_loc     0x00001ccd       0x47 .\CortexM3\ARM_GCC_541\Debug\7Seg_Display.a(Count7_1.o)
 .debug_loc     0x00001d14       0x56 .\CortexM3\ARM_GCC_541\Debug\7Seg_Display.a(isr_3.o)
 .debug_loc     0x00001d6a      0x258 .\CortexM3\ARM_GCC_541\Debug\7Seg_Display.a(UART_1.o)
 .debug_loc     0x00001fc2      0x128 .\CortexM3\ARM_GCC_541\Debug\7Seg_Display.a(UART_1_IntClock.o)
 .debug_loc     0x000020ea      0x3b2 .\CortexM3\ARM_GCC_541\Debug\7Seg_Display.a(CyFlash.o)
 .debug_loc     0x0000249c      0x705 .\CortexM3\ARM_GCC_541\Debug\7Seg_Display.a(CySpc.o)

.debug_macinfo
 *(.debug_macinfo)

.debug_ranges   0x00000000      0xc20
 *(.debug_ranges)
 .debug_ranges  0x00000000       0x60 .\CortexM3\ARM_GCC_541\Debug\main.o
 .debug_ranges  0x00000060       0x48 .\CortexM3\ARM_GCC_541\Debug\cyfitter_cfg.o
 .debug_ranges  0x000000a8       0x38 .\CortexM3\ARM_GCC_541\Debug\Cm3Start.o
 .debug_ranges  0x000000e0       0x28 .\CortexM3\ARM_GCC_541\Debug\7Seg_Display.a(Dis_A.o)
 .debug_ranges  0x00000108       0x28 .\CortexM3\ARM_GCC_541\Debug\7Seg_Display.a(Dis_B.o)
 .debug_ranges  0x00000130       0x28 .\CortexM3\ARM_GCC_541\Debug\7Seg_Display.a(Dis_C.o)
 .debug_ranges  0x00000158       0x28 .\CortexM3\ARM_GCC_541\Debug\7Seg_Display.a(Dis_D.o)
 .debug_ranges  0x00000180       0x28 .\CortexM3\ARM_GCC_541\Debug\7Seg_Display.a(Dis_E.o)
 .debug_ranges  0x000001a8       0x28 .\CortexM3\ARM_GCC_541\Debug\7Seg_Display.a(Dis_F.o)
 .debug_ranges  0x000001d0       0x28 .\CortexM3\ARM_GCC_541\Debug\7Seg_Display.a(Dis_G.o)
 .debug_ranges  0x000001f8       0x28 .\CortexM3\ARM_GCC_541\Debug\7Seg_Display.a(Dis_DP.o)
 .debug_ranges  0x00000220       0x28 .\CortexM3\ARM_GCC_541\Debug\7Seg_Display.a(Dis_D1.o)
 .debug_ranges  0x00000248       0x28 .\CortexM3\ARM_GCC_541\Debug\7Seg_Display.a(Dis_D2.o)
 .debug_ranges  0x00000270       0x28 .\CortexM3\ARM_GCC_541\Debug\7Seg_Display.a(Dis_D3.o)
 .debug_ranges  0x00000298       0x28 .\CortexM3\ARM_GCC_541\Debug\7Seg_Display.a(Dis_D4.o)
 .debug_ranges  0x000002c0      0x290 .\CortexM3\ARM_GCC_541\Debug\7Seg_Display.a(CyLib.o)
 .debug_ranges  0x00000550       0x88 .\CortexM3\ARM_GCC_541\Debug\7Seg_Display.a(cyPm.o)
 .debug_ranges  0x000005d8       0x70 .\CortexM3\ARM_GCC_541\Debug\7Seg_Display.a(isr_1.o)
 .debug_ranges  0x00000648       0x70 .\CortexM3\ARM_GCC_541\Debug\7Seg_Display.a(isr_2.o)
 .debug_ranges  0x000006b8       0x70 .\CortexM3\ARM_GCC_541\Debug\7Seg_Display.a(isr_7Seg.o)
 .debug_ranges  0x00000728       0x38 .\CortexM3\ARM_GCC_541\Debug\7Seg_Display.a(PGA_1.o)
 .debug_ranges  0x00000760       0x30 .\CortexM3\ARM_GCC_541\Debug\7Seg_Display.a(Opamp_1.o)
 .debug_ranges  0x00000790       0x68 .\CortexM3\ARM_GCC_541\Debug\7Seg_Display.a(EEPROM_1.o)
 .debug_ranges  0x000007f8       0x60 .\CortexM3\ARM_GCC_541\Debug\7Seg_Display.a(Comp_1.o)
 .debug_ranges  0x00000858       0x48 .\CortexM3\ARM_GCC_541\Debug\7Seg_Display.a(VDAC8_1.o)
 .debug_ranges  0x000008a0       0x88 .\CortexM3\ARM_GCC_541\Debug\7Seg_Display.a(Timer_1.o)
 .debug_ranges  0x00000928       0x48 .\CortexM3\ARM_GCC_541\Debug\7Seg_Display.a(Count7_1.o)
 .debug_ranges  0x00000970       0x18 .\CortexM3\ARM_GCC_541\Debug\7Seg_Display.a(Control_Reg_1.o)
 .debug_ranges  0x00000988       0x70 .\CortexM3\ARM_GCC_541\Debug\7Seg_Display.a(isr_3.o)
 .debug_ranges  0x000009f8       0xe0 .\CortexM3\ARM_GCC_541\Debug\7Seg_Display.a(UART_1.o)
 .debug_ranges  0x00000ad8       0x60 .\CortexM3\ARM_GCC_541\Debug\7Seg_Display.a(UART_1_IntClock.o)
 .debug_ranges  0x00000b38       0x78 .\CortexM3\ARM_GCC_541\Debug\7Seg_Display.a(CyFlash.o)
 .debug_ranges  0x00000bb0       0x70 .\CortexM3\ARM_GCC_541\Debug\7Seg_Display.a(CySpc.o)

.comment        0x00000000       0x6e
 .comment       0x00000000       0x6e .\CortexM3\ARM_GCC_541\Debug\main.o
                                 0x6f (size before relaxing)
 .comment       0x0000006e       0x6f .\CortexM3\ARM_GCC_541\Debug\cyfitter_cfg.o
 .comment       0x0000006e       0x6f .\CortexM3\ARM_GCC_541\Debug\cymetadata.o
 .comment       0x0000006e       0x6f .\CortexM3\ARM_GCC_541\Debug\Cm3Start.o
 .comment       0x0000006e       0x6f .\CortexM3\ARM_GCC_541\Debug\7Seg_Display.a(Dis_A.o)
 .comment       0x0000006e       0x6f .\CortexM3\ARM_GCC_541\Debug\7Seg_Display.a(Dis_B.o)
 .comment       0x0000006e       0x6f .\CortexM3\ARM_GCC_541\Debug\7Seg_Display.a(Dis_C.o)
 .comment       0x0000006e       0x6f .\CortexM3\ARM_GCC_541\Debug\7Seg_Display.a(Dis_D.o)
 .comment       0x0000006e       0x6f .\CortexM3\ARM_GCC_541\Debug\7Seg_Display.a(Dis_E.o)
 .comment       0x0000006e       0x6f .\CortexM3\ARM_GCC_541\Debug\7Seg_Display.a(Dis_F.o)
 .comment       0x0000006e       0x6f .\CortexM3\ARM_GCC_541\Debug\7Seg_Display.a(Dis_G.o)
 .comment       0x0000006e       0x6f .\CortexM3\ARM_GCC_541\Debug\7Seg_Display.a(Dis_DP.o)
 .comment       0x0000006e       0x6f .\CortexM3\ARM_GCC_541\Debug\7Seg_Display.a(Dis_D1.o)
 .comment       0x0000006e       0x6f .\CortexM3\ARM_GCC_541\Debug\7Seg_Display.a(Dis_D2.o)
 .comment       0x0000006e       0x6f .\CortexM3\ARM_GCC_541\Debug\7Seg_Display.a(Dis_D3.o)
 .comment       0x0000006e       0x6f .\CortexM3\ARM_GCC_541\Debug\7Seg_Display.a(Dis_D4.o)
 .comment       0x0000006e       0x6f .\CortexM3\ARM_GCC_541\Debug\7Seg_Display.a(CyLib.o)
 .comment       0x0000006e       0x6f .\CortexM3\ARM_GCC_541\Debug\7Seg_Display.a(cyPm.o)
 .comment       0x0000006e       0x6f .\CortexM3\ARM_GCC_541\Debug\7Seg_Display.a(isr_1.o)
 .comment       0x0000006e       0x6f .\CortexM3\ARM_GCC_541\Debug\7Seg_Display.a(isr_2.o)
 .comment       0x0000006e       0x6f .\CortexM3\ARM_GCC_541\Debug\7Seg_Display.a(isr_7Seg.o)
 .comment       0x0000006e       0x6f .\CortexM3\ARM_GCC_541\Debug\7Seg_Display.a(PGA_1.o)
 .comment       0x0000006e       0x6f .\CortexM3\ARM_GCC_541\Debug\7Seg_Display.a(Opamp_1.o)
 .comment       0x0000006e       0x6f .\CortexM3\ARM_GCC_541\Debug\7Seg_Display.a(EEPROM_1.o)
 .comment       0x0000006e       0x6f .\CortexM3\ARM_GCC_541\Debug\7Seg_Display.a(Comp_1.o)
 .comment       0x0000006e       0x6f .\CortexM3\ARM_GCC_541\Debug\7Seg_Display.a(VDAC8_1.o)
 .comment       0x0000006e       0x6f .\CortexM3\ARM_GCC_541\Debug\7Seg_Display.a(Timer_1.o)
 .comment       0x0000006e       0x6f .\CortexM3\ARM_GCC_541\Debug\7Seg_Display.a(Count7_1.o)
 .comment       0x0000006e       0x6f .\CortexM3\ARM_GCC_541\Debug\7Seg_Display.a(Control_Reg_1.o)
 .comment       0x0000006e       0x6f .\CortexM3\ARM_GCC_541\Debug\7Seg_Display.a(isr_3.o)
 .comment       0x0000006e       0x6f .\CortexM3\ARM_GCC_541\Debug\7Seg_Display.a(UART_1.o)
 .comment       0x0000006e       0x6f .\CortexM3\ARM_GCC_541\Debug\7Seg_Display.a(UART_1_IntClock.o)
 .comment       0x0000006e       0x6f .\CortexM3\ARM_GCC_541\Debug\7Seg_Display.a(CyFlash.o)
 .comment       0x0000006e       0x6f .\CortexM3\ARM_GCC_541\Debug\7Seg_Display.a(CySpc.o)

.debug_weaknames
 *(.debug_weaknames)

.debug_funcnames
 *(.debug_funcnames)

.debug_typenames
 *(.debug_typenames)

.debug_varnames
 *(.debug_varnames)

.note.gnu.arm.ident
 *(.note.gnu.arm.ident)

.ARM.attributes
                0x00000000       0x29
 *(.ARM.attributes)
 .ARM.attributes
                0x00000000       0x1d d:/monash_apps/psoc creator/4.4/psoc creator/import/gnu/arm/5.4.1/bin/../lib/gcc/arm-none-eabi/5.4.1/armv7-m/crti.o
 .ARM.attributes
                0x0000001d       0x2d d:/monash_apps/psoc creator/4.4/psoc creator/import/gnu/arm/5.4.1/bin/../lib/gcc/arm-none-eabi/5.4.1/armv7-m/crtbegin.o
 .ARM.attributes
                0x0000004a       0x1b d:/monash_apps/psoc creator/4.4/psoc creator/import/gnu/arm/5.4.1/bin/../lib/gcc/arm-none-eabi/5.4.1/../../../../arm-none-eabi/lib/armv7-m/crt0.o
 .ARM.attributes
                0x00000065       0x33 .\CortexM3\ARM_GCC_541\Debug\main.o
 .ARM.attributes
                0x00000098       0x33 .\CortexM3\ARM_GCC_541\Debug\cyfitter_cfg.o
 .ARM.attributes
                0x000000cb       0x33 .\CortexM3\ARM_GCC_541\Debug\cymetadata.o
 .ARM.attributes
                0x000000fe       0x33 .\CortexM3\ARM_GCC_541\Debug\Cm3Start.o
 .ARM.attributes
                0x00000131       0x33 .\CortexM3\ARM_GCC_541\Debug\7Seg_Display.a(Dis_A.o)
 .ARM.attributes
                0x00000164       0x33 .\CortexM3\ARM_GCC_541\Debug\7Seg_Display.a(Dis_B.o)
 .ARM.attributes
                0x00000197       0x33 .\CortexM3\ARM_GCC_541\Debug\7Seg_Display.a(Dis_C.o)
 .ARM.attributes
                0x000001ca       0x33 .\CortexM3\ARM_GCC_541\Debug\7Seg_Display.a(Dis_D.o)
 .ARM.attributes
                0x000001fd       0x33 .\CortexM3\ARM_GCC_541\Debug\7Seg_Display.a(Dis_E.o)
 .ARM.attributes
                0x00000230       0x33 .\CortexM3\ARM_GCC_541\Debug\7Seg_Display.a(Dis_F.o)
 .ARM.attributes
                0x00000263       0x33 .\CortexM3\ARM_GCC_541\Debug\7Seg_Display.a(Dis_G.o)
 .ARM.attributes
                0x00000296       0x33 .\CortexM3\ARM_GCC_541\Debug\7Seg_Display.a(Dis_DP.o)
 .ARM.attributes
                0x000002c9       0x33 .\CortexM3\ARM_GCC_541\Debug\7Seg_Display.a(Dis_D1.o)
 .ARM.attributes
                0x000002fc       0x33 .\CortexM3\ARM_GCC_541\Debug\7Seg_Display.a(Dis_D2.o)
 .ARM.attributes
                0x0000032f       0x33 .\CortexM3\ARM_GCC_541\Debug\7Seg_Display.a(Dis_D3.o)
 .ARM.attributes
                0x00000362       0x33 .\CortexM3\ARM_GCC_541\Debug\7Seg_Display.a(Dis_D4.o)
 .ARM.attributes
                0x00000395       0x33 .\CortexM3\ARM_GCC_541\Debug\7Seg_Display.a(CyLib.o)
 .ARM.attributes
                0x000003c8       0x33 .\CortexM3\ARM_GCC_541\Debug\7Seg_Display.a(cyPm.o)
 .ARM.attributes
                0x000003fb       0x33 .\CortexM3\ARM_GCC_541\Debug\7Seg_Display.a(isr_1.o)
 .ARM.attributes
                0x0000042e       0x33 .\CortexM3\ARM_GCC_541\Debug\7Seg_Display.a(isr_2.o)
 .ARM.attributes
                0x00000461       0x33 .\CortexM3\ARM_GCC_541\Debug\7Seg_Display.a(isr_7Seg.o)
 .ARM.attributes
                0x00000494       0x33 .\CortexM3\ARM_GCC_541\Debug\7Seg_Display.a(PGA_1.o)
 .ARM.attributes
                0x000004c7       0x33 .\CortexM3\ARM_GCC_541\Debug\7Seg_Display.a(Opamp_1.o)
 .ARM.attributes
                0x000004fa       0x33 .\CortexM3\ARM_GCC_541\Debug\7Seg_Display.a(EEPROM_1.o)
 .ARM.attributes
                0x0000052d       0x33 .\CortexM3\ARM_GCC_541\Debug\7Seg_Display.a(Comp_1.o)
 .ARM.attributes
                0x00000560       0x33 .\CortexM3\ARM_GCC_541\Debug\7Seg_Display.a(VDAC8_1.o)
 .ARM.attributes
                0x00000593       0x33 .\CortexM3\ARM_GCC_541\Debug\7Seg_Display.a(Timer_1.o)
 .ARM.attributes
                0x000005c6       0x33 .\CortexM3\ARM_GCC_541\Debug\7Seg_Display.a(Count7_1.o)
 .ARM.attributes
                0x000005f9       0x33 .\CortexM3\ARM_GCC_541\Debug\7Seg_Display.a(Control_Reg_1.o)
 .ARM.attributes
                0x0000062c       0x33 .\CortexM3\ARM_GCC_541\Debug\7Seg_Display.a(isr_3.o)
 .ARM.attributes
                0x0000065f       0x33 .\CortexM3\ARM_GCC_541\Debug\7Seg_Display.a(UART_1.o)
 .ARM.attributes
                0x00000692       0x33 .\CortexM3\ARM_GCC_541\Debug\7Seg_Display.a(UART_1_IntClock.o)
 .ARM.attributes
                0x000006c5       0x21 .\CortexM3\ARM_GCC_541\Debug\7Seg_Display.a(CyBootAsmGnu.o)
 .ARM.attributes
                0x000006e6       0x33 .\CortexM3\ARM_GCC_541\Debug\7Seg_Display.a(CyFlash.o)
 .ARM.attributes
                0x00000719       0x33 .\CortexM3\ARM_GCC_541\Debug\7Seg_Display.a(CySpc.o)
 .ARM.attributes
                0x0000074c       0x1d d:/monash_apps/psoc creator/4.4/psoc creator/import/gnu/arm/5.4.1/bin/../lib/gcc/arm-none-eabi/5.4.1/armv7-m\libgcc.a(_arm_addsubdf3.o)
 .ARM.attributes
                0x00000769       0x1d d:/monash_apps/psoc creator/4.4/psoc creator/import/gnu/arm/5.4.1/bin/../lib/gcc/arm-none-eabi/5.4.1/armv7-m\libgcc.a(_arm_muldivdf3.o)
 .ARM.attributes
                0x00000786       0x1d d:/monash_apps/psoc creator/4.4/psoc creator/import/gnu/arm/5.4.1/bin/../lib/gcc/arm-none-eabi/5.4.1/armv7-m\libgcc.a(_arm_cmpdf2.o)
 .ARM.attributes
                0x000007a3       0x1d d:/monash_apps/psoc creator/4.4/psoc creator/import/gnu/arm/5.4.1/bin/../lib/gcc/arm-none-eabi/5.4.1/armv7-m\libgcc.a(_arm_fixdfsi.o)
 .ARM.attributes
                0x000007c0       0x2d d:/monash_apps/psoc creator/4.4/psoc creator/import/gnu/arm/5.4.1/bin/../lib/gcc/arm-none-eabi/5.4.1/../../../../arm-none-eabi/lib/armv7-m\libg_nano.a(lib_a-errno.o)
 .ARM.attributes
                0x000007ed       0x2d d:/monash_apps/psoc creator/4.4/psoc creator/import/gnu/arm/5.4.1/bin/../lib/gcc/arm-none-eabi/5.4.1/../../../../arm-none-eabi/lib/armv7-m\libg_nano.a(lib_a-exit.o)
 .ARM.attributes
                0x0000081a       0x2d d:/monash_apps/psoc creator/4.4/psoc creator/import/gnu/arm/5.4.1/bin/../lib/gcc/arm-none-eabi/5.4.1/../../../../arm-none-eabi/lib/armv7-m\libg_nano.a(lib_a-impure.o)
 .ARM.attributes
                0x00000847       0x2d d:/monash_apps/psoc creator/4.4/psoc creator/import/gnu/arm/5.4.1/bin/../lib/gcc/arm-none-eabi/5.4.1/../../../../arm-none-eabi/lib/armv7-m\libg_nano.a(lib_a-init.o)
 .ARM.attributes
                0x00000874       0x2d d:/monash_apps/psoc creator/4.4/psoc creator/import/gnu/arm/5.4.1/bin/../lib/gcc/arm-none-eabi/5.4.1/../../../../arm-none-eabi/lib/armv7-m\libg_nano.a(lib_a-memcpy-stub.o)
 .ARM.attributes
                0x000008a1       0x2d d:/monash_apps/psoc creator/4.4/psoc creator/import/gnu/arm/5.4.1/bin/../lib/gcc/arm-none-eabi/5.4.1/../../../../arm-none-eabi/lib/armv7-m\libg_nano.a(lib_a-memset.o)
 .ARM.attributes
                0x000008ce       0x2d d:/monash_apps/psoc creator/4.4/psoc creator/import/gnu/arm/5.4.1/bin/../lib/gcc/arm-none-eabi/5.4.1/armv7-m/crtend.o
 .ARM.attributes
                0x000008fb       0x1d d:/monash_apps/psoc creator/4.4/psoc creator/import/gnu/arm/5.4.1/bin/../lib/gcc/arm-none-eabi/5.4.1/armv7-m/crtn.o

/DISCARD/
 *(.note.GNU-stack)
OUTPUT(D:\Monash\Y3S2\TRC3500\TRC3500-Lab\Project 3 Ultrasonic Distance Meter-20240427\Project3_Ultrasonic\7Seg_Display.cydsn\CortexM3\ARM_GCC_541\Debug\7Seg_Display.elf elf32-littlearm)
